<?xml version="1.0" encoding="utf-8"?>
<CoverageSession xmlns:xsd="http://www.w3.org/2001/XMLSchema" xmlns:xsi="http://www.w3.org/2001/XMLSchema-instance">
  <Summary numSequencePoints="1924" visitedSequencePoints="764" numBranchPoints="699" visitedBranchPoints="223" sequenceCoverage="39.71" branchCoverage="31.90" maxCyclomaticComplexity="42" minCyclomaticComplexity="0" visitedClasses="61" numClasses="103" visitedMethods="130" numMethods="338" />
  <Modules>
    <Module skippedDueTo="Filter" hash="C8-DC-B1-A0-92-04-D8-3B-74-8D-D6-AE-BA-6D-E4-33-08-A5-8F-3F">
      <ModulePath>C:\Program Files\dotnet\shared\Microsoft.NETCore.App\2.1.0-preview1-26216-03\System.Private.CoreLib.dll</ModulePath>
      <ModuleTime>2018-02-16T07:04:04Z</ModuleTime>
      <ModuleName>System.Private.CoreLib</ModuleName>
      <Classes />
    </Module>
    <Module skippedDueTo="MissingPdb" hash="8A-AD-6D-22-74-D2-DB-6B-F5-52-E9-7E-3F-D0-54-62-19-F6-FE-11">
      <ModulePath>C:\Program Files\dotnet\sdk\2.1.300-preview1-008174\dotnet.dll</ModulePath>
      <ModuleTime>2018-02-21T09:49:18Z</ModuleTime>
      <ModuleName>dotnet</ModuleName>
      <Classes />
    </Module>
    <Module skippedDueTo="Filter" hash="0B-F9-3C-3F-7D-F1-DA-E0-7E-47-D8-ED-02-38-E5-1D-5B-24-1F-F7">
      <ModulePath>C:\Program Files\dotnet\shared\Microsoft.NETCore.App\2.1.0-preview1-26216-03\System.Runtime.dll</ModulePath>
      <ModuleTime>2018-02-16T07:04:02Z</ModuleTime>
      <ModuleName>System.Runtime</ModuleName>
      <Classes />
    </Module>
    <Module skippedDueTo="MissingPdb" hash="2B-11-4F-35-FC-C0-FC-AB-C2-3D-9A-50-76-24-61-41-2D-AB-0E-B3">
      <ModulePath>C:\Program Files\dotnet\sdk\2.1.300-preview1-008174\Microsoft.DotNet.Cli.Utils.dll</ModulePath>
      <ModuleTime>2018-02-21T09:48:50Z</ModuleTime>
      <ModuleName>Microsoft.DotNet.Cli.Utils</ModuleName>
      <Classes />
    </Module>
    <Module skippedDueTo="Filter" hash="AF-83-FE-00-37-5B-C1-9C-E4-DE-54-E4-75-7E-6B-E2-C1-8C-C0-5D">
      <ModulePath>C:\Program Files\dotnet\shared\Microsoft.NETCore.App\2.1.0-preview1-26216-03\System.Runtime.Extensions.dll</ModulePath>
      <ModuleTime>2018-02-16T07:04:02Z</ModuleTime>
      <ModuleName>System.Runtime.Extensions</ModuleName>
      <Classes />
    </Module>
    <Module skippedDueTo="Filter" hash="B7-DC-13-9B-A9-C5-25-66-DF-8B-C9-65-7F-84-B6-9E-AF-6D-C0-04">
      <ModulePath>C:\Program Files\dotnet\shared\Microsoft.NETCore.App\2.1.0-preview1-26216-03\System.Runtime.Loader.dll</ModulePath>
      <ModuleTime>2018-02-16T07:04:02Z</ModuleTime>
      <ModuleName>System.Runtime.Loader</ModuleName>
      <Classes />
    </Module>
    <Module skippedDueTo="MissingPdb" hash="36-DC-EA-DC-98-86-CD-5A-43-89-FE-53-1B-E7-15-B8-0A-1A-14-A9">
      <ModulePath>C:\Program Files\dotnet\sdk\2.1.300-preview1-008174\Microsoft.DotNet.PlatformAbstractions.dll</ModulePath>
      <ModuleTime>2018-02-21T09:48:50Z</ModuleTime>
      <ModuleName>Microsoft.DotNet.PlatformAbstractions</ModuleName>
      <Classes />
    </Module>
    <Module skippedDueTo="Filter" hash="07-77-FA-E7-08-8E-3A-50-58-E2-B5-55-66-78-6F-58-48-ED-3A-79">
      <ModulePath>C:\Program Files\dotnet\shared\Microsoft.NETCore.App\2.1.0-preview1-26216-03\System.Runtime.InteropServices.RuntimeInformation.dll</ModulePath>
      <ModuleTime>2018-02-16T07:04:02Z</ModuleTime>
      <ModuleName>System.Runtime.InteropServices.RuntimeInformation</ModuleName>
      <Classes />
    </Module>
    <Module skippedDueTo="Filter" hash="4C-57-5A-E7-3E-69-4F-F9-51-AB-E6-10-83-CD-27-9B-FD-5F-44-9B">
      <ModulePath>C:\Program Files\dotnet\shared\Microsoft.NETCore.App\2.1.0-preview1-26216-03\System.Reflection.dll</ModulePath>
      <ModuleTime>2018-02-16T07:04:02Z</ModuleTime>
      <ModuleName>System.Reflection</ModuleName>
      <Classes />
    </Module>
    <Module skippedDueTo="Filter" hash="A2-20-B4-C7-A0-15-8A-B3-E7-A4-C0-36-09-F0-EE-4F-20-CB-CF-5D">
      <ModulePath>C:\Program Files\dotnet\shared\Microsoft.NETCore.App\2.1.0-preview1-26216-03\System.Reflection.Extensions.dll</ModulePath>
      <ModuleTime>2018-02-16T07:04:02Z</ModuleTime>
      <ModuleName>System.Reflection.Extensions</ModuleName>
      <Classes />
    </Module>
    <Module skippedDueTo="Filter" hash="B4-01-7E-47-58-26-1F-31-86-EC-27-0A-A4-04-01-4A-CA-DB-16-11">
      <ModulePath>C:\Program Files\dotnet\shared\Microsoft.NETCore.App\2.1.0-preview1-26216-03\System.Runtime.InteropServices.dll</ModulePath>
      <ModuleTime>2018-02-16T07:04:02Z</ModuleTime>
      <ModuleName>System.Runtime.InteropServices</ModuleName>
      <Classes />
    </Module>
    <Module skippedDueTo="Filter" hash="2A-A3-39-86-D9-A0-DE-E7-5E-DE-F6-DD-9C-B1-C0-A7-78-98-94-B8">
      <ModulePath>C:\Program Files\dotnet\shared\Microsoft.NETCore.App\2.1.0-preview1-26216-03\System.IO.FileSystem.dll</ModulePath>
      <ModuleTime>2018-02-16T07:03:58Z</ModuleTime>
      <ModuleName>System.IO.FileSystem</ModuleName>
      <Classes />
    </Module>
    <Module skippedDueTo="Filter" hash="04-27-84-D1-08-F6-4E-09-B5-75-F2-57-7E-D7-9F-36-C6-5F-D9-41">
      <ModulePath>C:\Program Files\dotnet\sdk\2.1.300-preview1-008174\runtimes\win\lib\netstandard1.3\System.Text.Encoding.CodePages.dll</ModulePath>
      <ModuleTime>2018-02-21T09:48:16Z</ModuleTime>
      <ModuleName>System.Text.Encoding.CodePages</ModuleName>
      <Classes />
    </Module>
    <Module skippedDueTo="Filter" hash="A3-0C-4F-93-3E-88-EB-F3-CE-E1-26-74-10-CF-0E-7E-96-A2-A1-A2">
      <ModulePath>C:\Program Files\dotnet\shared\Microsoft.NETCore.App\2.1.0-preview1-26216-03\System.Text.Encoding.dll</ModulePath>
      <ModuleTime>2018-02-16T07:04:02Z</ModuleTime>
      <ModuleName>System.Text.Encoding</ModuleName>
      <Classes />
    </Module>
    <Module skippedDueTo="Filter" hash="9A-11-CD-51-7F-11-04-82-F8-F3-B1-CE-9A-8C-9F-2A-DC-F7-B0-83">
      <ModulePath>C:\Program Files\dotnet\shared\Microsoft.NETCore.App\2.1.0-preview1-26216-03\System.Collections.dll</ModulePath>
      <ModuleTime>2018-02-16T07:03:58Z</ModuleTime>
      <ModuleName>System.Collections</ModuleName>
      <Classes />
    </Module>
    <Module skippedDueTo="Filter" hash="8C-07-7F-1A-41-C2-39-9E-58-D1-83-24-87-97-0B-5B-CA-C1-78-66">
      <ModulePath>C:\Program Files\dotnet\shared\Microsoft.NETCore.App\2.1.0-preview1-26216-03\System.Threading.dll</ModulePath>
      <ModuleTime>2018-02-16T07:04:04Z</ModuleTime>
      <ModuleName>System.Threading</ModuleName>
      <Classes />
    </Module>
    <Module skippedDueTo="Filter" hash="CC-BB-92-46-11-07-9C-0C-82-87-8F-53-84-D5-44-35-DC-10-D6-6B">
      <ModulePath>C:\Program Files\dotnet\shared\Microsoft.NETCore.App\2.1.0-preview1-26216-03\System.Collections.Concurrent.dll</ModulePath>
      <ModuleTime>2018-02-16T07:03:56Z</ModuleTime>
      <ModuleName>System.Collections.Concurrent</ModuleName>
      <Classes />
    </Module>
    <Module skippedDueTo="Filter" hash="69-DE-4A-DB-50-F3-D4-B0-37-C2-43-59-D2-00-7F-51-CF-F1-AC-4C">
      <ModulePath>C:\Program Files\dotnet\shared\Microsoft.NETCore.App\2.1.0-preview1-26216-03\System.Threading.Thread.dll</ModulePath>
      <ModuleTime>2018-02-16T07:04:04Z</ModuleTime>
      <ModuleName>System.Threading.Thread</ModuleName>
      <Classes />
    </Module>
    <Module skippedDueTo="MissingPdb" hash="88-55-6F-AA-6F-DD-01-5F-84-0D-56-30-19-3A-54-0E-EA-A5-BE-54">
      <ModulePath>C:\Program Files\dotnet\sdk\2.1.300-preview1-008174\Microsoft.DotNet.Configurer.dll</ModulePath>
      <ModuleTime>2018-02-21T09:48:50Z</ModuleTime>
      <ModuleName>Microsoft.DotNet.Configurer</ModuleName>
      <Classes />
    </Module>
    <Module skippedDueTo="MissingPdb" hash="D5-BB-F7-EB-96-88-4E-E2-D0-89-44-A8-56-AF-B1-8D-3A-EF-82-D4">
      <ModulePath>C:\Program Files\dotnet\sdk\2.1.300-preview1-008174\Microsoft.DotNet.Cli.CommandLine.dll</ModulePath>
      <ModuleTime>2018-02-21T09:48:50Z</ModuleTime>
      <ModuleName>Microsoft.DotNet.Cli.CommandLine</ModuleName>
      <Classes />
    </Module>
    <Module skippedDueTo="Filter" hash="2B-44-C4-B7-B3-75-39-F8-62-A3-F8-C0-42-72-2C-6C-27-31-4B-70">
      <ModulePath>C:\Program Files\dotnet\shared\Microsoft.NETCore.App\2.1.0-preview1-26216-03\System.Diagnostics.Process.dll</ModulePath>
      <ModuleTime>2018-02-16T07:03:58Z</ModuleTime>
      <ModuleName>System.Diagnostics.Process</ModuleName>
      <Classes />
    </Module>
    <Module skippedDueTo="Filter" hash="A5-BA-A2-62-B6-23-A8-5B-6B-A0-2B-C0-15-4B-65-59-AF-FF-A9-12">
      <ModulePath>C:\Program Files\dotnet\shared\Microsoft.NETCore.App\2.1.0-preview1-26216-03\System.Linq.dll</ModulePath>
      <ModuleTime>2018-02-16T07:04:00Z</ModuleTime>
      <ModuleName>System.Linq</ModuleName>
      <Classes />
    </Module>
    <Module skippedDueTo="MissingPdb" hash="DF-4D-A6-DC-9E-01-AF-EB-33-42-B4-82-B5-26-DA-71-F4-48-DD-43">
      <ModulePath>C:\Program Files\dotnet\sdk\2.1.300-preview1-008174\NuGet.Frameworks.dll</ModulePath>
      <ModuleTime>2018-02-21T09:48:40Z</ModuleTime>
      <ModuleName>NuGet.Frameworks</ModuleName>
      <Classes />
    </Module>
    <Module skippedDueTo="Filter" hash="FB-62-64-9B-AC-1E-07-FB-FD-22-8B-8F-2F-A5-56-77-C7-C6-7E-27">
      <ModulePath>C:\Program Files\dotnet\shared\Microsoft.NETCore.App\2.1.0-preview1-26216-03\System.Console.dll</ModulePath>
      <ModuleTime>2018-02-16T07:03:58Z</ModuleTime>
      <ModuleName>System.Console</ModuleName>
      <Classes />
    </Module>
    <Module skippedDueTo="MissingPdb" hash="0A-3E-77-20-D7-24-F6-A3-6D-76-16-46-CE-DD-00-D7-BF-AA-31-65">
      <ModulePath>C:\Program Files\dotnet\sdk\2.1.300-preview1-008174\Microsoft.DotNet.InternalAbstractions.dll</ModulePath>
      <ModuleTime>2018-02-21T09:48:50Z</ModuleTime>
      <ModuleName>Microsoft.DotNet.InternalAbstractions</ModuleName>
      <Classes />
    </Module>
    <Module skippedDueTo="Filter" hash="9B-C1-04-D3-DE-74-13-80-FA-8D-38-26-62-F9-DE-11-CF-1E-44-E4">
      <ModulePath>C:\Program Files\dotnet\shared\Microsoft.NETCore.App\2.1.0-preview1-26216-03\System.IO.FileSystem.Primitives.dll</ModulePath>
      <ModuleTime>2018-02-16T07:03:58Z</ModuleTime>
      <ModuleName>System.IO.FileSystem.Primitives</ModuleName>
      <Classes />
    </Module>
    <Module skippedDueTo="Filter" hash="29-19-17-01-2E-BD-26-F7-B8-C1-A0-33-1B-C5-9C-5A-35-19-A6-52">
      <ModulePath>C:\Program Files\dotnet\shared\Microsoft.NETCore.App\2.1.0-preview1-26216-03\System.AppContext.dll</ModulePath>
      <ModuleTime>2018-02-16T07:03:56Z</ModuleTime>
      <ModuleName>System.AppContext</ModuleName>
      <Classes />
    </Module>
    <Module skippedDueTo="Filter" hash="FB-D6-44-57-30-E3-72-BB-F9-E5-87-D1-48-FF-D4-27-2C-1C-C2-01">
      <ModulePath>C:\Program Files\dotnet\shared\Microsoft.NETCore.App\2.1.0-preview1-26216-03\System.IO.dll</ModulePath>
      <ModuleTime>2018-02-16T07:03:58Z</ModuleTime>
      <ModuleName>System.IO</ModuleName>
      <Classes />
    </Module>
    <Module skippedDueTo="Filter" hash="C6-A9-1A-DD-90-FC-1A-55-97-2A-C9-37-22-4C-7F-51-51-DE-CE-6F">
      <ModulePath>C:\Program Files\dotnet\shared\Microsoft.NETCore.App\2.1.0-preview1-26216-03\System.Text.Encoding.Extensions.dll</ModulePath>
      <ModuleTime>2018-02-16T07:04:02Z</ModuleTime>
      <ModuleName>System.Text.Encoding.Extensions</ModuleName>
      <Classes />
    </Module>
    <Module skippedDueTo="Filter" hash="44-47-54-D8-8C-B8-6D-3B-E1-16-4F-D1-F4-7F-08-4C-F5-9B-D2-C3">
      <ModulePath>C:\Program Files\dotnet\shared\Microsoft.NETCore.App\2.1.0-preview1-26216-03\System.Runtime.Handles.dll</ModulePath>
      <ModuleTime>2018-02-16T07:04:02Z</ModuleTime>
      <ModuleName>System.Runtime.Handles</ModuleName>
      <Classes />
    </Module>
    <Module skippedDueTo="MissingPdb" hash="07-EF-BC-1B-CD-FD-48-29-C6-01-92-C3-70-A5-33-F8-6F-EF-E6-75">
      <ModulePath>C:\Program Files\dotnet\sdk\2.1.300-preview1-008174\Microsoft.ApplicationInsights.dll</ModulePath>
      <ModuleTime>2018-02-21T09:48:50Z</ModuleTime>
      <ModuleName>Microsoft.ApplicationInsights</ModuleName>
      <Classes />
    </Module>
    <Module skippedDueTo="Filter" hash="56-2A-7E-86-50-61-7D-BE-5F-6A-FD-F8-13-FB-C8-B7-94-24-A4-A0">
      <ModulePath>C:\Program Files\dotnet\shared\Microsoft.NETCore.App\2.1.0-preview1-26216-03\System.Xml.XDocument.dll</ModulePath>
      <ModuleTime>2018-02-16T07:04:04Z</ModuleTime>
      <ModuleName>System.Xml.XDocument</ModuleName>
      <Classes />
    </Module>
    <Module skippedDueTo="Filter" hash="F1-1F-6C-03-E6-3E-4C-8D-31-7C-F8-4D-89-8B-38-65-65-56-04-86">
      <ModulePath>C:\Program Files\dotnet\shared\Microsoft.NETCore.App\2.1.0-preview1-26216-03\System.Private.Xml.Linq.dll</ModulePath>
      <ModuleTime>2018-02-16T07:04:00Z</ModuleTime>
      <ModuleName>System.Private.Xml.Linq</ModuleName>
      <Classes />
    </Module>
    <Module skippedDueTo="Filter" hash="8E-BD-D2-AF-99-3A-6C-51-E5-B6-A6-4B-31-7E-05-FC-65-4F-DF-D2">
      <ModulePath>C:\Program Files\dotnet\shared\Microsoft.NETCore.App\2.1.0-preview1-26216-03\System.Security.Cryptography.Algorithms.dll</ModulePath>
      <ModuleTime>2018-02-16T07:04:02Z</ModuleTime>
      <ModuleName>System.Security.Cryptography.Algorithms</ModuleName>
      <Classes />
    </Module>
    <Module skippedDueTo="Filter" hash="C4-17-2D-DA-73-7F-5B-81-94-4B-D2-7B-91-CF-EC-38-32-C4-68-BF">
      <ModulePath>C:\Program Files\dotnet\shared\Microsoft.NETCore.App\2.1.0-preview1-26216-03\System.Security.Cryptography.Primitives.dll</ModulePath>
      <ModuleTime>2018-02-16T07:04:02Z</ModuleTime>
      <ModuleName>System.Security.Cryptography.Primitives</ModuleName>
      <Classes />
    </Module>
    <Module skippedDueTo="Filter" hash="46-EF-DF-4A-AD-DF-CA-1C-94-26-30-ED-D2-A2-96-18-1B-DA-77-F9">
      <ModulePath>C:\Program Files\dotnet\shared\Microsoft.NETCore.App\2.1.0-preview1-26216-03\System.Memory.dll</ModulePath>
      <ModuleTime>2018-02-16T07:04:00Z</ModuleTime>
      <ModuleName>System.Memory</ModuleName>
      <Classes />
    </Module>
    <Module skippedDueTo="Filter" hash="05-1F-A9-29-D1-EB-C9-98-6C-A9-CE-9B-DF-FF-E9-5F-50-FC-22-30">
      <ModulePath>C:\Program Files\dotnet\shared\Microsoft.NETCore.App\2.1.0-preview1-26216-03\System.Private.Xml.dll</ModulePath>
      <ModuleTime>2018-02-16T07:04:00Z</ModuleTime>
      <ModuleName>System.Private.Xml</ModuleName>
      <Classes />
    </Module>
    <Module skippedDueTo="Filter" hash="EC-63-D4-1B-FB-8B-B2-F9-23-E8-02-FD-7D-45-6C-5B-AA-3B-C7-E6">
      <ModulePath>C:\Program Files\dotnet\shared\Microsoft.NETCore.App\2.1.0-preview1-26216-03\System.Text.RegularExpressions.dll</ModulePath>
      <ModuleTime>2018-02-16T07:04:02Z</ModuleTime>
      <ModuleName>System.Text.RegularExpressions</ModuleName>
      <Classes />
    </Module>
    <Module skippedDueTo="Filter" hash="3A-97-71-DF-D3-27-02-A4-E9-96-64-67-28-54-23-7A-B8-A2-C3-61">
      <ModulePath>C:\Program Files\dotnet\shared\Microsoft.NETCore.App\2.1.0-preview1-26216-03\System.Xml.ReaderWriter.dll</ModulePath>
      <ModuleTime>2018-02-16T07:04:04Z</ModuleTime>
      <ModuleName>System.Xml.ReaderWriter</ModuleName>
      <Classes />
    </Module>
    <Module skippedDueTo="Filter" hash="D7-FC-98-CD-20-C1-AC-68-B6-E5-B4-99-0F-55-51-32-57-B6-1B-6C">
      <ModulePath>C:\Program Files\dotnet\shared\Microsoft.NETCore.App\2.1.0-preview1-26216-03\System.Diagnostics.Tracing.dll</ModulePath>
      <ModuleTime>2018-02-16T07:03:58Z</ModuleTime>
      <ModuleName>System.Diagnostics.Tracing</ModuleName>
      <Classes />
    </Module>
    <Module skippedDueTo="Filter" hash="B1-A5-51-B2-4A-29-C7-E2-52-4B-82-59-04-7B-A8-0F-C8-71-5E-C8">
      <ModulePath>C:\Program Files\dotnet\shared\Microsoft.NETCore.App\2.1.0-preview1-26216-03\System.Private.Uri.dll</ModulePath>
      <ModuleTime>2018-02-16T07:04:00Z</ModuleTime>
      <ModuleName>System.Private.Uri</ModuleName>
      <Classes />
    </Module>
    <Module skippedDueTo="Filter" hash="56-9F-C9-60-68-87-CE-48-E3-E5-D5-0B-DD-FD-14-8B-89-FE-8C-3D">
      <ModulePath>C:\Program Files\dotnet\shared\Microsoft.NETCore.App\2.1.0-preview1-26216-03\System.Threading.Tasks.dll</ModulePath>
      <ModuleTime>2018-02-16T07:04:04Z</ModuleTime>
      <ModuleName>System.Threading.Tasks</ModuleName>
      <Classes />
    </Module>
    <Module skippedDueTo="Filter" hash="10-BE-46-98-31-8C-4A-2C-33-5E-82-62-C5-E8-14-54-BA-2F-95-3A">
      <ModulePath>C:\Program Files\dotnet\shared\Microsoft.NETCore.App\2.1.0-preview1-26216-03\System.Globalization.dll</ModulePath>
      <ModuleTime>2018-02-16T07:03:58Z</ModuleTime>
      <ModuleName>System.Globalization</ModuleName>
      <Classes />
    </Module>
    <Module skippedDueTo="Filter" hash="9B-F0-A2-C9-B7-5D-D0-38-6A-EA-6D-4D-55-C4-35-29-35-7D-B4-4D">
      <ModulePath>C:\Program Files\dotnet\shared\Microsoft.NETCore.App\2.1.0-preview1-26216-03\System.Reflection.Emit.ILGeneration.dll</ModulePath>
      <ModuleTime>2018-02-16T07:04:02Z</ModuleTime>
      <ModuleName>System.Reflection.Emit.ILGeneration</ModuleName>
      <Classes />
    </Module>
    <Module skippedDueTo="Filter" hash="2B-0A-1F-E2-1C-81-52-0F-F9-AE-3C-08-CD-82-B7-6A-D2-2C-97-33">
      <ModulePath>C:\Program Files\dotnet\shared\Microsoft.NETCore.App\2.1.0-preview1-26216-03\System.Reflection.Emit.Lightweight.dll</ModulePath>
      <ModuleTime>2018-02-16T07:04:02Z</ModuleTime>
      <ModuleName>System.Reflection.Emit.Lightweight</ModuleName>
      <Classes />
    </Module>
    <Module skippedDueTo="Filter" hash="C0-7F-B6-7F-55-8B-FB-29-27-57-45-E9-2F-66-69-0B-9C-E7-E6-88">
      <ModulePath>C:\Program Files\dotnet\shared\Microsoft.NETCore.App\2.1.0-preview1-26216-03\System.Reflection.Primitives.dll</ModulePath>
      <ModuleTime>2018-02-16T07:04:02Z</ModuleTime>
      <ModuleName>System.Reflection.Primitives</ModuleName>
      <Classes />
    </Module>
    <Module skippedDueTo="Filter" hash="DE-06-C6-E0-58-FD-76-62-4E-48-00-FD-B8-C4-BB-9A-8E-0F-9A-04">
      <ModulePath>C:\Program Files\dotnet\shared\Microsoft.NETCore.App\2.1.0-preview1-26216-03\System.Resources.ResourceManager.dll</ModulePath>
      <ModuleTime>2018-02-16T07:04:02Z</ModuleTime>
      <ModuleName>System.Resources.ResourceManager</ModuleName>
      <Classes />
    </Module>
    <Module skippedDueTo="Filter" hash="FA-AE-8E-6E-BD-09-42-10-E4-07-32-3D-31-40-28-0F-27-32-75-B2">
      <ModulePath>C:\Program Files\dotnet\shared\Microsoft.NETCore.App\2.1.0-preview1-26216-03\System.Diagnostics.Tools.dll</ModulePath>
      <ModuleTime>2018-02-16T07:03:58Z</ModuleTime>
      <ModuleName>System.Diagnostics.Tools</ModuleName>
      <Classes />
    </Module>
    <Module skippedDueTo="Filter" hash="0F-D1-9F-CE-6A-BF-08-90-31-C8-87-45-5D-F6-90-29-6E-16-50-64">
      <ModulePath>C:\Program Files\dotnet\shared\Microsoft.NETCore.App\2.1.0-preview1-26216-03\System.Diagnostics.Debug.dll</ModulePath>
      <ModuleTime>2018-02-16T07:03:58Z</ModuleTime>
      <ModuleName>System.Diagnostics.Debug</ModuleName>
      <Classes />
    </Module>
    <Module skippedDueTo="Filter" hash="06-40-19-12-14-9E-91-E0-17-F3-97-94-09-B7-67-82-95-C9-39-94">
      <ModulePath>C:\Program Files\dotnet\shared\Microsoft.NETCore.App\2.1.0-preview1-26216-03\System.IO.Compression.dll</ModulePath>
      <ModuleTime>2018-02-16T07:03:58Z</ModuleTime>
      <ModuleName>System.IO.Compression</ModuleName>
      <Classes />
    </Module>
    <Module skippedDueTo="Filter" hash="66-CC-AC-8D-C8-1E-4B-F5-5C-6E-F7-0D-6A-A5-04-10-9B-54-8F-E3">
      <ModulePath>C:\Program Files\dotnet\shared\Microsoft.NETCore.App\2.1.0-preview1-26216-03\System.Buffers.dll</ModulePath>
      <ModuleTime>2018-02-16T07:03:56Z</ModuleTime>
      <ModuleName>System.Buffers</ModuleName>
      <Classes />
    </Module>
    <Module skippedDueTo="Filter" hash="34-47-55-9B-65-CB-8B-A1-46-BF-A2-3D-A9-60-32-AE-1A-CB-78-62">
      <ModulePath>C:\Program Files\dotnet\shared\Microsoft.NETCore.App\2.1.0-preview1-26216-03\System.Net.Http.dll</ModulePath>
      <ModuleTime>2018-02-16T07:04:00Z</ModuleTime>
      <ModuleName>System.Net.Http</ModuleName>
      <Classes />
    </Module>
    <Module skippedDueTo="Filter" hash="92-25-D4-6D-6D-ED-8E-4E-23-22-87-94-EC-E0-D6-88-4C-E9-81-F3">
      <ModulePath>C:\Program Files\dotnet\shared\Microsoft.NETCore.App\2.1.0-preview1-26216-03\System.Net.Primitives.dll</ModulePath>
      <ModuleTime>2018-02-16T07:04:00Z</ModuleTime>
      <ModuleName>System.Net.Primitives</ModuleName>
      <Classes />
    </Module>
    <Module skippedDueTo="Filter" hash="E7-69-6B-EA-7B-E8-DD-E4-3B-92-7A-36-B3-B7-D2-22-96-38-E3-65">
      <ModulePath>C:\Program Files\dotnet\shared\Microsoft.NETCore.App\2.1.0-preview1-26216-03\System.Security.Cryptography.X509Certificates.dll</ModulePath>
      <ModuleTime>2018-02-16T07:04:02Z</ModuleTime>
      <ModuleName>System.Security.Cryptography.X509Certificates</ModuleName>
      <Classes />
    </Module>
    <Module skippedDueTo="MissingPdb" hash="33-96-49-68-9E-21-24-B4-FE-42-B7-95-7E-BD-93-A8-A4-1A-79-9C">
      <ModulePath>C:\Program Files\dotnet\shared\Microsoft.NETCore.App\2.1.0-preview1-26216-03\Microsoft.Win32.Primitives.dll</ModulePath>
      <ModuleTime>2018-02-16T07:03:56Z</ModuleTime>
      <ModuleName>Microsoft.Win32.Primitives</ModuleName>
      <Classes />
    </Module>
    <Module skippedDueTo="MissingPdb" hash="7F-20-5B-F4-E9-B4-D5-99-87-18-F2-3C-24-2A-7E-10-80-15-D4-83">
      <ModulePath>C:\Program Files\dotnet\sdk\2.1.300-preview1-008174\Microsoft.Build.Framework.dll</ModulePath>
      <ModuleTime>2018-02-21T09:48:50Z</ModuleTime>
      <ModuleName>Microsoft.Build.Framework</ModuleName>
      <Classes />
    </Module>
    <Module skippedDueTo="Filter" hash="C4-FE-49-4C-E7-42-30-A8-D8-C2-13-E2-D2-94-8E-8B-B4-B1-A3-07">
      <ModulePath>C:\Program Files\dotnet\shared\Microsoft.NETCore.App\2.1.0-preview1-26216-03\System.Reflection.TypeExtensions.dll</ModulePath>
      <ModuleTime>2018-02-16T07:04:02Z</ModuleTime>
      <ModuleName>System.Reflection.TypeExtensions</ModuleName>
      <Classes />
    </Module>
    <Module skippedDueTo="Filter" hash="34-34-FE-50-3E-8B-8C-6E-B5-F5-05-39-8D-2B-95-5A-83-0C-A1-87">
      <ModulePath>C:\Program Files\dotnet\shared\Microsoft.NETCore.App\2.1.0-preview1-26216-03\System.ComponentModel.Primitives.dll</ModulePath>
      <ModuleTime>2018-02-16T07:03:58Z</ModuleTime>
      <ModuleName>System.ComponentModel.Primitives</ModuleName>
      <Classes />
    </Module>
    <Module skippedDueTo="Filter" hash="2D-82-E9-61-13-AC-8D-8E-4E-4A-07-3E-08-59-B2-D6-1D-F1-E1-82">
      <ModulePath>C:\Program Files\dotnet\shared\Microsoft.NETCore.App\2.1.0-preview1-26216-03\System.Diagnostics.DiagnosticSource.dll</ModulePath>
      <ModuleTime>2018-02-16T07:03:58Z</ModuleTime>
      <ModuleName>System.Diagnostics.DiagnosticSource</ModuleName>
      <Classes />
    </Module>
    <Module skippedDueTo="Filter" hash="96-8D-3C-8F-59-B3-4F-DC-E6-A5-CE-B6-E4-5C-37-E5-6C-DC-32-74">
      <ModulePath>C:\Program Files\dotnet\shared\Microsoft.NETCore.App\2.1.0-preview1-26216-03\System.Collections.NonGeneric.dll</ModulePath>
      <ModuleTime>2018-02-16T07:03:56Z</ModuleTime>
      <ModuleName>System.Collections.NonGeneric</ModuleName>
      <Classes />
    </Module>
    <Module skippedDueTo="MissingPdb" hash="95-03-AA-30-C7-4B-76-4F-17-C4-65-A3-C4-0D-BD-16-07-A8-0E-DE">
      <ModulePath>C:\Program Files\dotnet\sdk\2.1.300-preview1-008174\MSBuild.dll</ModulePath>
      <ModuleTime>2018-02-21T09:48:22Z</ModuleTime>
      <ModuleName>MSBuild</ModuleName>
      <Classes />
    </Module>
    <Module skippedDueTo="MissingPdb" hash="3E-6F-08-84-D6-9E-B2-F6-77-E3-BC-43-72-85-8A-1A-B0-DA-B7-13">
      <ModulePath>C:\Program Files\dotnet\sdk\2.1.300-preview1-008174\Microsoft.Build.dll</ModulePath>
      <ModuleTime>2018-02-21T09:48:50Z</ModuleTime>
      <ModuleName>Microsoft.Build</ModuleName>
      <Classes />
    </Module>
    <Module skippedDueTo="MissingPdb" hash="2F-C1-07-7E-18-17-56-AB-58-EA-A0-41-03-EE-A0-D6-0B-1A-C6-05">
      <ModulePath>C:\Program Files\dotnet\sdk\2.1.300-preview1-008174\Microsoft.DotNet.Tools.MigrateCommand.dll</ModulePath>
      <ModuleTime>2018-02-21T09:48:50Z</ModuleTime>
      <ModuleName>Microsoft.DotNet.Tools.MigrateCommand</ModuleName>
      <Classes />
    </Module>
    <Module skippedDueTo="Filter" hash="A9-21-9D-9F-22-09-35-B0-1C-7C-BC-2B-09-1D-A9-4D-B8-56-93-5C">
      <ModulePath>C:\Program Files\dotnet\shared\Microsoft.NETCore.App\2.1.0-preview1-26216-03\System.Threading.Tasks.Dataflow.dll</ModulePath>
      <ModuleTime>2018-02-16T07:04:02Z</ModuleTime>
      <ModuleName>System.Threading.Tasks.Dataflow</ModuleName>
      <Classes />
    </Module>
    <Module skippedDueTo="MissingPdb" hash="16-B2-D6-64-F0-D8-8E-31-A0-EF-D6-D9-FB-5F-9D-B4-A7-54-75-6B">
      <ModulePath>C:\Program Files\dotnet\shared\Microsoft.NETCore.App\2.1.0-preview1-26216-03\netstandard.dll</ModulePath>
      <ModuleTime>2018-02-16T07:04:04Z</ModuleTime>
      <ModuleName>netstandard</ModuleName>
      <Classes />
    </Module>
    <Module skippedDueTo="Filter" hash="B5-50-37-00-F4-86-8A-B5-0D-FD-4E-B1-D1-5E-1F-F4-15-25-D8-7F">
      <ModulePath>C:\Program Files\dotnet\shared\Microsoft.NETCore.App\2.1.0-preview1-26216-03\System.ObjectModel.dll</ModulePath>
      <ModuleTime>2018-02-16T07:04:00Z</ModuleTime>
      <ModuleName>System.ObjectModel</ModuleName>
      <Classes />
    </Module>
    <Module skippedDueTo="Filter" hash="A4-12-4C-EF-73-06-3E-6C-D4-E7-E1-7C-EA-6E-4A-3E-DC-FD-62-44">
      <ModulePath>C:\Program Files\dotnet\shared\Microsoft.NETCore.App\2.1.0-preview1-26216-03\System.Xml.XmlDocument.dll</ModulePath>
      <ModuleTime>2018-02-16T07:04:04Z</ModuleTime>
      <ModuleName>System.Xml.XmlDocument</ModuleName>
      <Classes />
    </Module>
    <Module skippedDueTo="Filter" hash="58-DE-E8-39-4E-8F-A2-5D-17-0E-89-05-A7-75-7D-99-EB-19-88-C8">
      <ModulePath>C:\Program Files\dotnet\shared\Microsoft.NETCore.App\2.1.0-preview1-26216-03\System.Diagnostics.TraceSource.dll</ModulePath>
      <ModuleTime>2018-02-16T07:03:58Z</ModuleTime>
      <ModuleName>System.Diagnostics.TraceSource</ModuleName>
      <Classes />
    </Module>
    <Module skippedDueTo="MissingPdb" hash="A5-76-19-6D-8F-16-16-0E-50-34-F0-85-E9-17-48-A7-65-EB-D1-0B">
      <ModulePath>C:\Program Files\dotnet\sdk\2.1.300-preview1-008174\SdkResolvers\NuGet.MSBuildSdkResolver\NuGet.MSBuildSdkResolver.dll</ModulePath>
      <ModuleTime>2018-02-21T09:48:40Z</ModuleTime>
      <ModuleName>NuGet.MSBuildSdkResolver</ModuleName>
      <Classes />
    </Module>
    <Module skippedDueTo="Filter" hash="F4-A8-20-E4-5A-70-F9-E6-CD-E0-8A-AF-A2-77-61-0F-BF-68-D8-8F">
      <ModulePath>C:\Program Files\dotnet\shared\Microsoft.NETCore.App\2.1.0-preview1-26216-03\System.Diagnostics.FileVersionInfo.dll</ModulePath>
      <ModuleTime>2018-02-16T07:03:58Z</ModuleTime>
      <ModuleName>System.Diagnostics.FileVersionInfo</ModuleName>
      <Classes />
    </Module>
    <Module skippedDueTo="Filter" hash="3F-72-37-69-3D-18-73-1B-8A-BF-E3-53-F5-CE-EF-1C-C4-62-3C-D7">
      <ModulePath>C:\Program Files\dotnet\shared\Microsoft.NETCore.App\2.1.0-preview1-26216-03\System.Collections.Immutable.dll</ModulePath>
      <ModuleTime>2018-02-16T07:03:56Z</ModuleTime>
      <ModuleName>System.Collections.Immutable</ModuleName>
      <Classes />
    </Module>
    <Module skippedDueTo="Filter" hash="42-B7-05-08-90-83-FE-B7-77-04-35-FF-39-30-0B-B5-54-32-B6-CF">
      <ModulePath>C:\Program Files\dotnet\shared\Microsoft.NETCore.App\2.1.0-preview1-26216-03\System.Threading.Tasks.Parallel.dll</ModulePath>
      <ModuleTime>2018-02-16T07:04:02Z</ModuleTime>
      <ModuleName>System.Threading.Tasks.Parallel</ModuleName>
      <Classes />
    </Module>
    <Module skippedDueTo="MissingPdb" hash="69-41-0D-86-B8-51-BC-37-FD-63-29-EA-91-2F-D4-A7-66-F7-40-9E">
      <ModulePath>C:\Program Files\dotnet\sdk\2.1.300-preview1-008174\Microsoft.Build.Utilities.Core.dll</ModulePath>
      <ModuleTime>2018-02-21T09:48:50Z</ModuleTime>
      <ModuleName>Microsoft.Build.Utilities.Core</ModuleName>
      <Classes />
    </Module>
    <Module skippedDueTo="MissingPdb" hash="47-35-E3-22-18-58-EB-B6-B5-D0-89-37-B2-5C-D2-25-3F-16-1E-77">
      <ModulePath>C:\Program Files\dotnet\sdk\2.1.300-preview1-008174\Microsoft.Build.Tasks.Core.dll</ModulePath>
      <ModuleTime>2018-02-21T09:48:50Z</ModuleTime>
      <ModuleName>Microsoft.Build.Tasks.Core</ModuleName>
      <Classes />
    </Module>
    <Module skippedDueTo="Filter" hash="C9-BB-55-E5-5D-20-B1-46-1C-4D-36-A7-F4-6B-C6-CC-24-E5-AA-7F">
      <ModulePath>C:\Program Files\dotnet\shared\Microsoft.NETCore.App\2.1.0-preview1-26216-03\System.Threading.ThreadPool.dll</ModulePath>
      <ModuleTime>2018-02-16T07:04:04Z</ModuleTime>
      <ModuleName>System.Threading.ThreadPool</ModuleName>
      <Classes />
    </Module>
    <Module skippedDueTo="MissingPdb" hash="2D-8D-5D-FF-19-51-CC-3D-F1-D8-4D-29-46-BE-1E-34-60-D7-58-41">
      <ModulePath>C:\Program Files\dotnet\sdk\2.1.300-preview1-008174\NuGet.Build.Tasks.dll</ModulePath>
      <ModuleTime>2018-02-21T09:48:40Z</ModuleTime>
      <ModuleName>NuGet.Build.Tasks</ModuleName>
      <Classes />
    </Module>
    <Module skippedDueTo="MissingPdb" hash="C1-3C-A1-44-3C-82-24-07-58-DC-F2-6D-25-63-AA-66-35-8D-0E-68">
      <ModulePath>C:\Program Files\dotnet\sdk\2.1.300-preview1-008174\NuGet.Commands.dll</ModulePath>
      <ModuleTime>2018-02-21T09:48:40Z</ModuleTime>
      <ModuleName>NuGet.Commands</ModuleName>
      <Classes />
    </Module>
    <Module skippedDueTo="MissingPdb" hash="66-FC-3C-3A-2E-09-3F-FD-00-E4-63-0B-65-80-03-99-B2-8B-86-5A">
      <ModulePath>C:\Program Files\dotnet\sdk\2.1.300-preview1-008174\NuGet.Common.dll</ModulePath>
      <ModuleTime>2018-02-21T09:48:40Z</ModuleTime>
      <ModuleName>NuGet.Common</ModuleName>
      <Classes />
    </Module>
    <Module skippedDueTo="MissingPdb" hash="25-95-60-71-10-DD-C7-01-AE-56-23-CC-D4-32-17-62-B0-46-0B-60">
      <ModulePath>C:\Program Files\dotnet\sdk\2.1.300-preview1-008174\Sdks\Microsoft.NET.Sdk\build\..\tools\netcoreapp2.0/Microsoft.NET.Build.Tasks.dll</ModulePath>
      <ModuleTime>2018-02-21T09:48:42Z</ModuleTime>
      <ModuleName>Microsoft.NET.Build.Tasks</ModuleName>
      <Classes />
    </Module>
    <Module skippedDueTo="MissingPdb" hash="46-FB-D4-A8-04-7D-2C-8F-27-9D-26-C0-FC-72-A2-C7-13-8C-49-6D">
      <ModulePath>C:\Program Files\dotnet\sdk\2.1.300-preview1-008174\NuGet.Configuration.dll</ModulePath>
      <ModuleTime>2018-02-21T09:48:40Z</ModuleTime>
      <ModuleName>NuGet.Configuration</ModuleName>
      <Classes />
    </Module>
    <Module skippedDueTo="MissingPdb" hash="53-16-69-EF-0C-5F-82-F6-36-C8-F7-F9-ED-E0-90-42-34-5D-88-3A">
      <ModulePath>C:\Program Files\dotnet\sdk\2.1.300-preview1-008174\NuGet.ProjectModel.dll</ModulePath>
      <ModuleTime>2018-02-21T09:48:40Z</ModuleTime>
      <ModuleName>NuGet.ProjectModel</ModuleName>
      <Classes />
    </Module>
    <Module skippedDueTo="MissingPdb" hash="A0-9F-FF-F7-B7-C7-E0-AE-8F-62-56-83-65-0D-9D-2D-23-A1-31-C9">
      <ModulePath>C:\Program Files\dotnet\sdk\2.1.300-preview1-008174\NuGet.Versioning.dll</ModulePath>
      <ModuleTime>2018-02-21T09:48:40Z</ModuleTime>
      <ModuleName>NuGet.Versioning</ModuleName>
      <Classes />
    </Module>
    <Module skippedDueTo="MissingPdb" hash="0B-8A-A0-34-3E-29-DC-F8-74-C4-F7-06-36-B9-07-51-35-B4-CD-CD">
      <ModulePath>C:\Program Files\dotnet\sdk\2.1.300-preview1-008174\NuGet.Protocol.dll</ModulePath>
      <ModuleTime>2018-02-21T09:48:40Z</ModuleTime>
      <ModuleName>NuGet.Protocol</ModuleName>
      <Classes />
    </Module>
    <Module skippedDueTo="MissingPdb" hash="6C-3D-44-42-98-2C-B0-FD-51-DC-8B-E3-EE-C2-A8-A0-D4-59-0B-1A">
      <ModulePath>C:\Program Files\dotnet\sdk\2.1.300-preview1-008174\NuGet.Packaging.dll</ModulePath>
      <ModuleTime>2018-02-21T09:48:40Z</ModuleTime>
      <ModuleName>NuGet.Packaging</ModuleName>
      <Classes />
    </Module>
    <Module skippedDueTo="MissingPdb" hash="36-14-8E-FA-CF-F3-95-52-B9-55-3E-18-31-55-9D-B5-19-BF-4F-E5">
      <ModulePath>C:\Program Files\dotnet\sdk\2.1.300-preview1-008174\NuGet.DependencyResolver.Core.dll</ModulePath>
      <ModuleTime>2018-02-21T09:48:40Z</ModuleTime>
      <ModuleName>NuGet.DependencyResolver.Core</ModuleName>
      <Classes />
    </Module>
    <Module skippedDueTo="MissingPdb" hash="CF-97-C8-04-14-F3-56-06-10-CF-40-3A-75-94-24-D0-20-FB-B6-58">
      <ModulePath>C:\Program Files\dotnet\sdk\2.1.300-preview1-008174\NuGet.Packaging.Core.dll</ModulePath>
      <ModuleTime>2018-02-21T09:48:40Z</ModuleTime>
      <ModuleName>NuGet.Packaging.Core</ModuleName>
      <Classes />
    </Module>
    <Module skippedDueTo="MissingPdb" hash="4D-AF-55-49-44-BA-55-E4-F9-40-9C-93-47-18-5D-29-92-16-08-AE">
      <ModulePath>C:\Program Files\dotnet\sdk\2.1.300-preview1-008174\Newtonsoft.Json.dll</ModulePath>
      <ModuleTime>2018-02-21T09:49:18Z</ModuleTime>
      <ModuleName>Newtonsoft.Json</ModuleName>
      <Classes />
    </Module>
    <Module skippedDueTo="Filter" hash="AA-EF-F2-23-2A-52-7A-70-2C-10-BE-F4-87-BC-C5-E2-25-90-30-D6">
      <ModulePath>C:\Program Files\dotnet\shared\Microsoft.NETCore.App\2.1.0-preview1-26216-03\System.Dynamic.Runtime.dll</ModulePath>
      <ModuleTime>2018-02-16T07:03:58Z</ModuleTime>
      <ModuleName>System.Dynamic.Runtime</ModuleName>
      <Classes />
    </Module>
    <Module skippedDueTo="Filter" hash="7C-29-00-E7-A6-CF-28-28-89-B2-B9-67-0F-0D-3D-64-60-45-BC-15">
      <ModulePath>C:\Program Files\dotnet\shared\Microsoft.NETCore.App\2.1.0-preview1-26216-03\System.Linq.Expressions.dll</ModulePath>
      <ModuleTime>2018-02-16T07:03:58Z</ModuleTime>
      <ModuleName>System.Linq.Expressions</ModuleName>
      <Classes />
    </Module>
    <Module skippedDueTo="MissingPdb" hash="EB-8E-D9-D9-8B-1C-17-34-1B-A8-43-FA-D5-D0-F0-8E-93-58-6F-3F">
      <ModulePath>C:\Program Files\dotnet\sdk\2.1.300-preview1-008174\NuGet.LibraryModel.dll</ModulePath>
      <ModuleTime>2018-02-21T09:48:40Z</ModuleTime>
      <ModuleName>NuGet.LibraryModel</ModuleName>
      <Classes />
    </Module>
    <Module skippedDueTo="Filter" hash="7C-2A-E9-7A-47-23-CC-A4-FF-B7-30-14-D0-6D-D2-0E-69-59-35-8D">
      <ModulePath>C:\Program Files\dotnet\shared\Microsoft.NETCore.App\2.1.0-preview1-26216-03\System.Runtime.Serialization.Primitives.dll</ModulePath>
      <ModuleTime>2018-02-16T07:04:02Z</ModuleTime>
      <ModuleName>System.Runtime.Serialization.Primitives</ModuleName>
      <Classes />
    </Module>
    <Module skippedDueTo="MissingPdb" hash="D1-E1-AD-70-F3-3E-50-30-98-A3-56-55-CB-47-D1-E4-C0-19-84-B8">
      <ModulePath>C:\Program Files\dotnet\sdk\2.1.300-preview1-008174\Microsoft.TestPlatform.Build.dll</ModulePath>
      <ModuleTime>2018-02-21T09:48:50Z</ModuleTime>
      <ModuleName>Microsoft.TestPlatform.Build</ModuleName>
      <Classes />
    </Module>
    <Module skippedDueTo="Filter" hash="F0-D3-20-13-83-2C-D2-A0-E4-41-B7-0B-38-94-9B-A8-C1-BA-B2-D5">
      <ModulePath>C:\Program Files\dotnet\shared\Microsoft.NETCore.App\2.1.0-preview1-26216-03\System.Reflection.Metadata.dll</ModulePath>
      <ModuleTime>2018-02-16T07:04:02Z</ModuleTime>
      <ModuleName>System.Reflection.Metadata</ModuleName>
      <Classes />
    </Module>
    <Module skippedDueTo="Filter" hash="0F-F4-57-08-E1-FF-61-3B-4E-45-9C-F9-23-3B-A2-28-62-C4-13-01">
      <ModulePath>C:\Program Files\dotnet\shared\Microsoft.NETCore.App\2.1.0-preview1-26216-03\System.IO.MemoryMappedFiles.dll</ModulePath>
      <ModuleTime>2018-02-16T07:03:58Z</ModuleTime>
      <ModuleName>System.IO.MemoryMappedFiles</ModuleName>
      <Classes />
    </Module>
    <Module skippedDueTo="MissingPdb" hash="C3-CA-11-6B-1F-CA-99-A8-E4-88-79-89-75-23-9B-80-C8-96-16-13">
      <ModulePath>C:\Program Files\dotnet\sdk\2.1.300-preview1-008174\Roslyn\Microsoft.Build.Tasks.CodeAnalysis.dll</ModulePath>
      <ModuleTime>2018-02-21T09:53:22Z</ModuleTime>
      <ModuleName>Microsoft.Build.Tasks.CodeAnalysis</ModuleName>
      <Classes />
    </Module>
    <Module skippedDueTo="Filter" hash="71-B2-AC-34-E9-1B-4E-39-EE-65-C6-74-DF-82-79-75-B6-43-03-01">
      <ModulePath>C:\Program Files\dotnet\shared\Microsoft.NETCore.App\2.1.0-preview1-26216-03\System.Security.Principal.Windows.dll</ModulePath>
      <ModuleTime>2018-02-16T07:04:02Z</ModuleTime>
      <ModuleName>System.Security.Principal.Windows</ModuleName>
      <Classes />
    </Module>
    <Module skippedDueTo="Filter" hash="82-0C-A8-CA-07-40-A7-04-F7-7B-35-54-93-44-F9-51-01-7F-5C-22">
      <ModulePath>C:\Program Files\dotnet\shared\Microsoft.NETCore.App\2.1.0-preview1-26216-03\System.Security.Claims.dll</ModulePath>
      <ModuleTime>2018-02-16T07:04:02Z</ModuleTime>
      <ModuleName>System.Security.Claims</ModuleName>
      <Classes />
    </Module>
    <Module skippedDueTo="Filter" hash="F4-09-68-51-75-6D-C4-D7-5F-12-53-D4-E9-FC-05-74-A2-7B-95-EC">
      <ModulePath>C:\Program Files\dotnet\shared\Microsoft.NETCore.App\2.1.0-preview1-26216-03\System.Security.Principal.dll</ModulePath>
      <ModuleTime>2018-02-16T07:04:02Z</ModuleTime>
      <ModuleName>System.Security.Principal</ModuleName>
      <Classes />
    </Module>
    <Module skippedDueTo="Filter" hash="D2-D0-D9-34-CE-C9-99-8C-32-B4-E8-44-4E-EC-75-F4-99-57-29-14">
      <ModulePath>C:\Program Files\dotnet\shared\Microsoft.NETCore.App\2.1.0-preview1-26216-03\System.IO.Pipes.dll</ModulePath>
      <ModuleTime>2018-02-16T07:03:58Z</ModuleTime>
      <ModuleName>System.IO.Pipes</ModuleName>
      <Classes />
    </Module>
    <Module skippedDueTo="MissingPdb" hash="BA-86-46-C2-9F-50-04-AE-D4-15-AC-5F-DB-26-1F-ED-11-DE-AA-24">
      <ModulePath>C:\Program Files\dotnet\sdk\2.1.300-preview1-008174\Roslyn\bincore\VBCSCompiler.dll</ModulePath>
      <ModuleTime>2018-02-21T09:49:18Z</ModuleTime>
      <ModuleName>VBCSCompiler</ModuleName>
      <Classes />
    </Module>
    <Module skippedDueTo="Filter" hash="18-2D-63-3E-53-D2-62-05-86-34-99-61-F7-2E-5E-14-FB-FE-6F-0D">
      <ModulePath>C:\Program Files\dotnet\shared\Microsoft.NETCore.App\2.1.0-preview1-26216-03\System.Collections.Specialized.dll</ModulePath>
      <ModuleTime>2018-02-16T07:03:58Z</ModuleTime>
      <ModuleName>System.Collections.Specialized</ModuleName>
      <Classes />
    </Module>
    <Module skippedDueTo="MissingPdb" hash="9D-A5-B2-1F-44-D5-5C-24-BC-4F-76-43-7F-2E-4C-6B-AF-2D-9F-E3">
      <ModulePath>C:\Program Files\dotnet\sdk\2.1.300-preview1-008174\Roslyn\bincore\Microsoft.CodeAnalysis.dll</ModulePath>
      <ModuleTime>2018-02-21T09:53:22Z</ModuleTime>
      <ModuleName>Microsoft.CodeAnalysis</ModuleName>
      <Classes />
    </Module>
    <Module skippedDueTo="Filter" hash="D8-A8-70-E6-F9-B9-18-CF-79-AE-62-16-85-A9-E0-B0-19-44-C4-B5">
      <ModulePath>C:\Program Files\dotnet\shared\Microsoft.NETCore.App\2.1.0-preview1-26216-03\System.Threading.Overlapped.dll</ModulePath>
      <ModuleTime>2018-02-16T07:04:02Z</ModuleTime>
      <ModuleName>System.Threading.Overlapped</ModuleName>
      <Classes />
    </Module>
    <Module skippedDueTo="Filter" hash="1D-A3-14-15-B4-D0-E8-7C-DD-E6-90-4D-E2-1B-0A-B4-6B-7A-F2-06">
      <ModulePath>C:\Program Files\dotnet\shared\Microsoft.NETCore.App\2.1.0-preview1-26216-03\System.Security.AccessControl.dll</ModulePath>
      <ModuleTime>2018-02-16T07:04:02Z</ModuleTime>
      <ModuleName>System.Security.AccessControl</ModuleName>
      <Classes />
    </Module>
    <Module skippedDueTo="Filter" hash="E5-E1-E8-4E-B6-67-62-8F-EA-C5-89-43-01-2E-23-94-65-A6-AE-02">
      <ModulePath>C:\Program Files\dotnet\sdk\2.1.300-preview1-008174\Roslyn\runtimes\win\lib\netstandard1.3\System.IO.Pipes.AccessControl.dll</ModulePath>
      <ModuleTime>2018-02-21T09:48:14Z</ModuleTime>
      <ModuleName>System.IO.Pipes.AccessControl</ModuleName>
      <Classes />
    </Module>
    <Module skippedDueTo="MissingPdb" hash="2F-32-7A-06-27-99-E9-E8-43-28-09-91-E7-8E-86-62-14-E8-51-5B">
      <ModulePath>C:\Program Files\dotnet\sdk\2.1.300-preview1-008174\Roslyn\bincore\Microsoft.CodeAnalysis.CSharp.dll</ModulePath>
      <ModuleTime>2018-02-21T09:53:24Z</ModuleTime>
      <ModuleName>Microsoft.CodeAnalysis.CSharp</ModuleName>
      <Classes />
    </Module>
    <Module skippedDueTo="MissingPdb" hash="80-7C-75-59-63-2B-59-6A-43-43-19-93-78-D6-3A-2F-E0-3E-78-C7">
      <ModulePath>C:\Program Files\dotnet\sdk\2.1.300-preview1-008174\Roslyn\bincore\Microsoft.CodeAnalysis.VisualBasic.dll</ModulePath>
      <ModuleTime>2018-02-21T09:53:24Z</ModuleTime>
      <ModuleName>Microsoft.CodeAnalysis.VisualBasic</ModuleName>
      <Classes />
    </Module>
    <Module skippedDueTo="MissingPdb" hash="75-2D-BA-9C-C0-5B-7B-F5-85-48-B7-3F-33-18-41-50-49-80-1F-35">
      <ModulePath>C:\Users\courio\AppData\Local\Temp\VBCSCompiler\AnalyzerAssemblyLoader\a496990d2a8d4d35a13775c31261d663\0\Microsoft.CodeAnalysis.Analyzers.dll</ModulePath>
      <ModuleTime>2018-03-03T21:28:10Z</ModuleTime>
      <ModuleName>Microsoft.CodeAnalysis.Analyzers</ModuleName>
      <Classes />
    </Module>
    <Module skippedDueTo="MissingPdb" hash="F8-13-77-B6-9D-92-C4-91-70-80-E2-B5-03-D2-EA-53-8A-A3-0E-EB">
      <ModulePath>C:\Users\courio\AppData\Local\Temp\VBCSCompiler\AnalyzerAssemblyLoader\a496990d2a8d4d35a13775c31261d663\1\Microsoft.CodeAnalysis.CSharp.Analyzers.dll</ModulePath>
      <ModuleTime>2018-03-03T21:28:10Z</ModuleTime>
      <ModuleName>Microsoft.CodeAnalysis.CSharp.Analyzers</ModuleName>
      <Classes />
    </Module>
    <Module skippedDueTo="Filter" hash="83-20-07-BB-1D-AE-19-C6-BC-D9-5D-B5-98-BC-FB-97-40-39-55-C5">
      <ModulePath>C:\Program Files\dotnet\shared\Microsoft.NETCore.App\2.1.0-preview1-26216-03\System.ValueTuple.dll</ModulePath>
      <ModuleTime>2018-02-16T07:04:04Z</ModuleTime>
      <ModuleName>System.ValueTuple</ModuleName>
      <Classes />
    </Module>
    <Module skippedDueTo="Filter" hash="87-89-80-3B-93-6F-12-1E-22-97-58-62-CB-16-66-03-84-52-0C-8F">
      <ModulePath>C:\Program Files\dotnet\shared\Microsoft.NETCore.App\2.1.0-preview1-26216-03\System.Runtime.Numerics.dll</ModulePath>
      <ModuleTime>2018-02-16T07:04:02Z</ModuleTime>
      <ModuleName>System.Runtime.Numerics</ModuleName>
      <Classes />
    </Module>
    <Module skippedDueTo="Filter" hash="F9-75-BB-33-84-EC-62-87-FD-6F-16-D5-11-27-51-C7-42-DA-F0-E8">
      <ModulePath>C:\Users\courio\AppData\Local\Temp\VBCSCompiler\AnalyzerAssemblyLoader\a496990d2a8d4d35a13775c31261d663\2\xunit.analyzers.dll</ModulePath>
      <ModuleTime>2017-11-19T14:37:02Z</ModuleTime>
      <ModuleName>xunit.analyzers</ModuleName>
      <Classes />
    </Module>
    <Module skippedDueTo="MissingPdb" hash="CA-EE-00-D2-AE-04-21-FD-66-62-94-61-4F-C1-62-90-00-A6-99-28">
      <ModulePath>C:\Program Files\dotnet\sdk\2.1.300-preview1-008174\vstest.console.dll</ModulePath>
      <ModuleTime>2018-02-21T09:48:22Z</ModuleTime>
      <ModuleName>vstest.console</ModuleName>
      <Classes />
    </Module>
    <Module skippedDueTo="MissingPdb" hash="6D-1D-62-19-4D-C8-CB-D0-D6-8E-DF-EA-EF-43-A2-77-03-05-73-C6">
      <ModulePath>C:\Program Files\dotnet\sdk\2.1.300-preview1-008174\Microsoft.TestPlatform.CoreUtilities.dll</ModulePath>
      <ModuleTime>2018-02-21T09:48:50Z</ModuleTime>
      <ModuleName>Microsoft.TestPlatform.CoreUtilities</ModuleName>
      <Classes />
    </Module>
    <Module skippedDueTo="MissingPdb" hash="54-26-FF-29-B4-9A-06-3F-B8-2D-FE-B2-7A-FD-94-85-93-6E-69-32">
      <ModulePath>C:\Program Files\dotnet\sdk\2.1.300-preview1-008174\Microsoft.VisualStudio.TestPlatform.ObjectModel.dll</ModulePath>
      <ModuleTime>2018-02-21T09:48:50Z</ModuleTime>
      <ModuleName>Microsoft.VisualStudio.TestPlatform.ObjectModel</ModuleName>
      <Classes />
    </Module>
    <Module skippedDueTo="MissingPdb" hash="61-DB-95-61-D9-C0-BA-BC-4E-53-56-63-FD-10-E6-1B-1B-EE-0F-8F">
      <ModulePath>C:\Program Files\dotnet\sdk\2.1.300-preview1-008174\Microsoft.VisualStudio.TestPlatform.Client.dll</ModulePath>
      <ModuleTime>2018-02-21T09:48:50Z</ModuleTime>
      <ModuleName>Microsoft.VisualStudio.TestPlatform.Client</ModuleName>
      <Classes />
    </Module>
    <Module skippedDueTo="MissingPdb" hash="25-A2-D6-98-BE-AF-28-C5-2A-0F-8D-53-43-DE-11-1B-5C-11-52-A6">
      <ModulePath>C:\Program Files\dotnet\sdk\2.1.300-preview1-008174\Microsoft.VisualStudio.TestPlatform.Common.dll</ModulePath>
      <ModuleTime>2018-02-21T09:48:50Z</ModuleTime>
      <ModuleName>Microsoft.VisualStudio.TestPlatform.Common</ModuleName>
      <Classes />
    </Module>
    <Module skippedDueTo="MissingPdb" hash="62-CB-06-CB-C4-69-7E-85-C9-54-1D-BF-56-8A-5E-84-A7-AA-98-51">
      <ModulePath>C:\Program Files\dotnet\sdk\2.1.300-preview1-008174\Microsoft.TestPlatform.PlatformAbstractions.dll</ModulePath>
      <ModuleTime>2018-02-21T09:48:50Z</ModuleTime>
      <ModuleName>Microsoft.TestPlatform.PlatformAbstractions</ModuleName>
      <Classes />
    </Module>
    <Module skippedDueTo="MissingPdb" hash="AB-75-0D-55-68-43-61-27-72-73-4F-81-27-BC-83-8F-DE-47-4F-93">
      <ModulePath>C:\Program Files\dotnet\sdk\2.1.300-preview1-008174\Microsoft.TestPlatform.Utilities.dll</ModulePath>
      <ModuleTime>2018-02-21T09:48:50Z</ModuleTime>
      <ModuleName>Microsoft.TestPlatform.Utilities</ModuleName>
      <Classes />
    </Module>
    <Module skippedDueTo="Filter" hash="7A-FD-98-EF-E8-5F-72-58-2D-EC-48-5D-E3-B4-C5-C3-3B-95-8B-03">
      <ModulePath>C:\Program Files\dotnet\sdk\2.1.300-preview1-008174\System.Xml.XPath.XmlDocument.dll</ModulePath>
      <ModuleTime>2018-02-21T09:48:16Z</ModuleTime>
      <ModuleName>System.Xml.XPath.XmlDocument</ModuleName>
      <Classes />
    </Module>
    <Module skippedDueTo="Filter" hash="58-D9-9C-73-A0-5B-C7-3B-4D-8E-00-E2-F8-10-05-9E-39-80-58-61">
      <ModulePath>C:\Program Files\dotnet\shared\Microsoft.NETCore.App\2.1.0-preview1-26216-03\System.Xml.XPath.dll</ModulePath>
      <ModuleTime>2018-02-16T07:04:04Z</ModuleTime>
      <ModuleName>System.Xml.XPath</ModuleName>
      <Classes />
    </Module>
    <Module skippedDueTo="MissingPdb" hash="89-AF-18-2A-7D-7F-CA-03-91-FC-B2-2F-72-02-56-B9-1B-A7-A9-FC">
      <ModulePath>C:\Program Files\dotnet\sdk\2.1.300-preview1-008174\Microsoft.TestPlatform.CrossPlatEngine.dll</ModulePath>
      <ModuleTime>2018-02-21T09:48:50Z</ModuleTime>
      <ModuleName>Microsoft.TestPlatform.CrossPlatEngine</ModuleName>
      <Classes />
    </Module>
    <Module skippedDueTo="MissingPdb" hash="5E-52-CD-C6-42-4E-E5-BA-43-57-DC-D6-BE-5B-DE-67-16-92-5C-D8">
      <ModulePath>C:\Program Files\dotnet\sdk\2.1.300-preview1-008174\Extensions\Microsoft.TestPlatform.Extensions.BlameDataCollector.dll</ModulePath>
      <ModuleTime>2018-02-21T09:48:20Z</ModuleTime>
      <ModuleName>Microsoft.TestPlatform.Extensions.BlameDataCollector</ModuleName>
      <Classes />
    </Module>
    <Module skippedDueTo="MissingPdb" hash="5E-53-3B-ED-B8-60-96-FC-01-0C-D5-A3-D5-F7-BF-55-74-D4-A2-6E">
      <ModulePath>C:\Program Files\dotnet\sdk\2.1.300-preview1-008174\Extensions\Microsoft.TestPlatform.Extensions.EventLogCollector.dll</ModulePath>
      <ModuleTime>2018-02-21T09:48:20Z</ModuleTime>
      <ModuleName>Microsoft.TestPlatform.Extensions.EventLogCollector</ModuleName>
      <Classes />
    </Module>
    <Module skippedDueTo="Filter" hash="78-E5-7F-66-9B-99-AD-C5-F7-88-75-F9-3B-98-E5-AA-82-3B-24-48">
      <ModulePath>C:\Program Files\dotnet\shared\Microsoft.NETCore.App\2.1.0-preview1-26216-03\mscorlib.dll</ModulePath>
      <ModuleTime>2018-02-16T07:03:56Z</ModuleTime>
      <ModuleName>mscorlib</ModuleName>
      <Classes />
    </Module>
    <Module skippedDueTo="Filter" hash="E3-64-81-5B-53-FA-DD-13-49-EA-55-71-DE-55-D7-DD-CE-80-7B-02">
      <ModulePath>C:\Program Files\dotnet\shared\Microsoft.NETCore.App\2.1.0-preview1-26216-03\System.Xml.dll</ModulePath>
      <ModuleTime>2018-02-16T07:04:04Z</ModuleTime>
      <ModuleName>System.Xml</ModuleName>
      <Classes />
    </Module>
    <Module skippedDueTo="MissingPdb" hash="F5-71-55-85-87-D7-3C-A1-96-C8-C4-78-DE-73-34-AB-58-5E-D8-C6">
      <ModulePath>C:\Program Files\dotnet\sdk\2.1.300-preview1-008174\Extensions\Microsoft.TestPlatform.TestHostRuntimeProvider.dll</ModulePath>
      <ModuleTime>2018-02-21T09:48:20Z</ModuleTime>
      <ModuleName>Microsoft.TestPlatform.TestHostRuntimeProvider</ModuleName>
      <Classes />
    </Module>
    <Module skippedDueTo="MissingPdb" hash="C3-ED-FF-7B-7A-AA-7C-11-D3-A3-AE-F2-79-67-3C-7C-47-50-7E-CA">
      <ModulePath>C:\Program Files\dotnet\sdk\2.1.300-preview1-008174\Extensions\Microsoft.VisualStudio.TestPlatform.Extensions.Trx.TestLogger.dll</ModulePath>
      <ModuleTime>2018-02-21T09:48:20Z</ModuleTime>
      <ModuleName>Microsoft.VisualStudio.TestPlatform.Extensions.Trx.TestLogger</ModuleName>
      <Classes />
    </Module>
    <Module skippedDueTo="MissingPdb" hash="DE-EB-35-2D-F8-6F-03-AC-EE-22-B3-AB-30-22-93-48-B4-8F-3C-93">
      <ModulePath>C:\Program Files\dotnet\sdk\2.1.300-preview1-008174\Microsoft.TestPlatform.CommunicationUtilities.dll</ModulePath>
      <ModuleTime>2018-02-21T09:48:50Z</ModuleTime>
      <ModuleName>Microsoft.TestPlatform.CommunicationUtilities</ModuleName>
      <Classes />
    </Module>
    <Module skippedDueTo="Filter" hash="AA-16-C5-AD-37-64-39-49-59-46-09-98-F8-EB-03-F7-27-7C-71-2A">
      <ModulePath>C:\Program Files\dotnet\shared\Microsoft.NETCore.App\2.1.0-preview1-26216-03\System.Threading.Timer.dll</ModulePath>
      <ModuleTime>2018-02-16T07:04:04Z</ModuleTime>
      <ModuleName>System.Threading.Timer</ModuleName>
      <Classes />
    </Module>
    <Module skippedDueTo="Filter" hash="53-10-FD-98-A1-3B-42-6A-49-4B-76-44-AE-EA-6E-10-45-D5-9B-BC">
      <ModulePath>C:\Program Files\dotnet\shared\Microsoft.NETCore.App\2.1.0-preview1-26216-03\System.Net.Sockets.dll</ModulePath>
      <ModuleTime>2018-02-16T07:04:00Z</ModuleTime>
      <ModuleName>System.Net.Sockets</ModuleName>
      <Classes />
    </Module>
    <Module skippedDueTo="Filter" hash="9B-1E-4C-B8-35-53-3A-BF-44-53-E1-34-B6-DA-E8-D7-0C-05-95-09">
      <ModulePath>C:\Program Files\dotnet\shared\Microsoft.NETCore.App\2.1.0-preview1-26216-03\System.Net.NameResolution.dll</ModulePath>
      <ModuleTime>2018-02-16T07:04:00Z</ModuleTime>
      <ModuleName>System.Net.NameResolution</ModuleName>
      <Classes />
    </Module>
    <Module skippedDueTo="MissingPdb" hash="AA-A9-2F-68-F3-D3-FC-F0-BA-15-39-AF-2E-BD-16-EE-E4-48-6E-26">
      <ModulePath>C:\Program Files\dotnet\sdk\2.1.300-preview1-008174\Microsoft.Extensions.DependencyModel.dll</ModulePath>
      <ModuleTime>2018-02-21T09:48:50Z</ModuleTime>
      <ModuleName>Microsoft.Extensions.DependencyModel</ModuleName>
      <Classes />
    </Module>
    <Module skippedDueTo="MissingPdb" hash="AB-53-D7-4D-A0-5D-F8-E6-3B-B0-A8-FA-93-65-03-08-45-E6-98-AE">
      <ModulePath>C:\Users\courio\.nuget\packages\microsoft.testplatform.testhost\15.7.0\lib\netstandard1.5\testhost.dll</ModulePath>
      <ModuleTime>2018-04-02T21:13:24Z</ModuleTime>
      <ModuleName>testhost</ModuleName>
      <Classes />
    </Module>
    <Module skippedDueTo="MissingPdb" hash="95-DA-82-EF-BD-0A-F0-F2-C0-2C-C3-A7-CB-02-CE-5E-1C-E7-F3-A8">
      <ModulePath>C:\Users\courio\.nuget\packages\microsoft.testplatform.objectmodel\15.7.0\lib\netstandard1.5\Microsoft.TestPlatform.CoreUtilities.dll</ModulePath>
      <ModuleTime>2018-04-02T21:13:24Z</ModuleTime>
      <ModuleName>Microsoft.TestPlatform.CoreUtilities</ModuleName>
      <Classes />
    </Module>
    <Module skippedDueTo="MissingPdb" hash="27-94-7F-F6-F4-FE-7D-02-20-C2-96-6F-B3-DC-C8-84-D8-47-14-41">
      <ModulePath>C:\Users\courio\.nuget\packages\microsoft.testplatform.objectmodel\15.7.0\lib\netstandard1.5\Microsoft.TestPlatform.PlatformAbstractions.dll</ModulePath>
      <ModuleTime>2018-04-02T21:13:24Z</ModuleTime>
      <ModuleName>Microsoft.TestPlatform.PlatformAbstractions</ModuleName>
      <Classes />
    </Module>
    <Module skippedDueTo="MissingPdb" hash="24-3D-4B-CF-99-93-9C-8B-A7-72-51-22-D8-3B-17-EC-1D-3B-4F-6F">
      <ModulePath>C:\Users\courio\.nuget\packages\microsoft.testplatform.objectmodel\15.7.0\lib\netstandard1.5\Microsoft.VisualStudio.TestPlatform.ObjectModel.dll</ModulePath>
      <ModuleTime>2018-04-02T21:13:24Z</ModuleTime>
      <ModuleName>Microsoft.VisualStudio.TestPlatform.ObjectModel</ModuleName>
      <Classes />
    </Module>
    <Module skippedDueTo="MissingPdb" hash="9B-1E-1D-B5-2F-F8-1E-C4-EC-19-1F-7A-30-07-AA-4D-D2-36-5E-E8">
      <ModulePath>C:\Users\courio\.nuget\packages\microsoft.testplatform.testhost\15.7.0\lib\netstandard1.5\Microsoft.TestPlatform.CrossPlatEngine.dll</ModulePath>
      <ModuleTime>2018-04-02T21:13:24Z</ModuleTime>
      <ModuleName>Microsoft.TestPlatform.CrossPlatEngine</ModuleName>
      <Classes />
    </Module>
    <Module skippedDueTo="MissingPdb" hash="5F-13-8E-E6-AA-E0-64-CE-ED-EF-28-54-D0-38-3C-AB-5F-B6-83-F9">
      <ModulePath>C:\Users\courio\.nuget\packages\microsoft.testplatform.testhost\15.7.0\lib\netstandard1.5\Microsoft.TestPlatform.CommunicationUtilities.dll</ModulePath>
      <ModuleTime>2018-04-02T21:13:24Z</ModuleTime>
      <ModuleName>Microsoft.TestPlatform.CommunicationUtilities</ModuleName>
      <Classes />
    </Module>
    <Module skippedDueTo="MissingPdb" hash="B3-2E-3F-45-0A-D2-ED-CE-84-14-16-8F-7B-AF-DF-2C-B1-CA-2A-53">
      <ModulePath>C:\Users\courio\.nuget\packages\microsoft.testplatform.testhost\15.7.0\lib\netstandard1.5\Microsoft.VisualStudio.TestPlatform.Common.dll</ModulePath>
      <ModuleTime>2018-04-02T21:13:24Z</ModuleTime>
      <ModuleName>Microsoft.VisualStudio.TestPlatform.Common</ModuleName>
      <Classes />
    </Module>
    <Module skippedDueTo="MissingPdb" hash="35-34-3B-BE-68-65-E3-7B-BE-7D-10-95-64-F9-6D-0A-EF-51-1A-FE">
      <ModulePath>C:\Program Files\dotnet\shared\Microsoft.AspNetCore.App\2.1.0-preview1-final\Newtonsoft.Json.dll</ModulePath>
      <ModuleTime>2018-02-16T22:54:12Z</ModuleTime>
      <ModuleName>Newtonsoft.Json</ModuleName>
      <Classes />
    </Module>
    <Module skippedDueTo="MissingPdb" hash="">
      <ModulePath>RefEmit_InMemoryManifestModule</ModulePath>
      <ModuleTime>0001-01-01T00:00:00</ModuleTime>
      <ModuleName>Anonymously Hosted DynamicMethods Assembly</ModuleName>
      <Classes />
    </Module>
    <Module skippedDueTo="Filter" hash="BD-1E-D7-86-04-34-3E-D6-0B-E2-4C-05-5F-F1-8E-BD-31-95-6C-2E">
      <ModulePath>C:\Program Files\dotnet\shared\Microsoft.NETCore.App\2.1.0-preview1-26216-03\System.ComponentModel.dll</ModulePath>
      <ModuleTime>2018-02-16T07:03:58Z</ModuleTime>
      <ModuleName>System.ComponentModel</ModuleName>
      <Classes />
    </Module>
    <Module skippedDueTo="Filter" hash="64-4B-A2-CE-4E-24-D7-BE-75-92-1A-64-5A-A9-F5-56-EB-DF-82-81">
      <ModulePath>C:\Program Files\dotnet\shared\Microsoft.NETCore.App\2.1.0-preview1-26216-03\System.Runtime.Serialization.Formatters.dll</ModulePath>
      <ModuleTime>2018-02-16T07:04:02Z</ModuleTime>
      <ModuleName>System.Runtime.Serialization.Formatters</ModuleName>
      <Classes />
    </Module>
    <Module skippedDueTo="Filter" hash="48-CF-B9-C7-BA-2A-3E-BA-76-2B-D4-2B-DE-E9-2C-22-FB-2E-4B-25">
      <ModulePath>C:\Program Files\dotnet\shared\Microsoft.NETCore.App\2.1.0-preview1-26216-03\System.ComponentModel.TypeConverter.dll</ModulePath>
      <ModuleTime>2018-02-16T07:03:58Z</ModuleTime>
      <ModuleName>System.ComponentModel.TypeConverter</ModuleName>
      <Classes />
    </Module>
    <Module skippedDueTo="Filter" hash="06-01-B6-43-7B-21-5E-FF-21-23-AA-CC-37-5E-98-C7-3F-9E-4A-2B">
      <ModulePath>C:\Program Files\dotnet\shared\Microsoft.NETCore.App\2.1.0-preview1-26216-03\System.Drawing.Primitives.dll</ModulePath>
      <ModuleTime>2018-02-16T07:03:58Z</ModuleTime>
      <ModuleName>System.Drawing.Primitives</ModuleName>
      <Classes />
    </Module>
    <Module skippedDueTo="Filter" hash="C5-67-60-65-7B-70-D1-A7-E3-61-7F-F0-B3-0C-D5-C1-92-70-F4-01">
      <ModulePath>H:\PersonalProjects\UnobtrusiveMultitenancy\test\PuzzleCMS.UnitsTests\bin\DEBUG\netcoreapp2.1\xunit.runner.visualstudio.dotnetcore.testadapter.dll</ModulePath>
      <ModuleTime>2017-10-27T03:35:10Z</ModuleTime>
      <ModuleName>xunit.runner.visualstudio.dotnetcore.testadapter</ModuleName>
      <Classes />
    </Module>
    <Module skippedDueTo="Filter" hash="B8-6C-A8-BF-74-7E-48-53-82-BD-6C-50-0A-96-4D-43-CB-D4-DA-92">
      <ModulePath>H:\PersonalProjects\UnobtrusiveMultitenancy\test\PuzzleCMS.UnitsTests\bin\DEBUG\netcoreapp2.1\xunit.runner.utility.netcoreapp10.dll</ModulePath>
      <ModuleTime>2017-10-27T03:35:08Z</ModuleTime>
      <ModuleName>xunit.runner.utility.netcoreapp10</ModuleName>
      <Classes />
    </Module>
    <Module skippedDueTo="Filter" hash="0D-93-02-F5-BA-A6-97-B2-1E-7D-A1-81-8A-4F-5F-B9-97-BB-A9-BC">
      <ModulePath>C:\Users\courio\.nuget\packages\xunit.abstractions\2.0.1\lib\netstandard1.0\xunit.abstractions.dll</ModulePath>
      <ModuleTime>2016-08-09T06:37:58Z</ModuleTime>
      <ModuleName>xunit.abstractions</ModuleName>
      <Classes />
    </Module>
    <Module skippedDueTo="Filter" hash="D5-3F-EE-7F-64-38-FB-66-32-5E-A9-5F-81-5E-E5-A5-94-42-F9-7F">
      <ModulePath>H:\PersonalProjects\UnobtrusiveMultitenancy\test\PuzzleCMS.UnitsTests\bin\DEBUG\netcoreapp2.1\PuzzleCMS.UnitsTests.dll</ModulePath>
      <ModuleTime>2018-05-21T10:37:22.5263669Z</ModuleTime>
      <ModuleName>PuzzleCMS.UnitsTests</ModuleName>
      <Classes />
    </Module>
    <Module skippedDueTo="Filter" hash="A9-2D-37-71-85-86-25-78-29-7F-26-79-55-A6-E5-61-80-28-93-5F">
      <ModulePath>C:\Users\courio\.nuget\packages\xunit.extensibility.core\2.3.1\lib\netstandard1.1\xunit.core.dll</ModulePath>
      <ModuleTime>2017-10-27T03:34:40Z</ModuleTime>
      <ModuleName>xunit.core</ModuleName>
      <Classes />
    </Module>
    <Module hash="1C-D5-8B-B6-6A-04-30-42-04-12-D2-2D-D6-6A-65-9F-1F-95-ED-00">
      <Summary numSequencePoints="1924" visitedSequencePoints="764" numBranchPoints="699" visitedBranchPoints="223" sequenceCoverage="39.71" branchCoverage="31.90" maxCyclomaticComplexity="42" minCyclomaticComplexity="0" visitedClasses="61" numClasses="103" visitedMethods="130" numMethods="338" />
      <ModulePath>H:\PersonalProjects\UnobtrusiveMultitenancy\test\PuzzleCMS.UnitsTests\bin\DEBUG\netcoreapp2.1\Puzzle.Core.Multitenancy.dll</ModulePath>
      <ModuleTime>2018-05-21T10:37:20.7433257Z</ModuleTime>
      <ModuleName>Puzzle.Core.Multitenancy</ModuleName>
      <Files>
        <File uid="1" fullPath="H:\PersonalProjects\UnobtrusiveMultitenancy\src\Core.Mvc\Puzzle.Core.Multitenancy\UsePerTenantApplicationBuilderExtensions.cs" />
        <File uid="3" fullPath="H:\PersonalProjects\UnobtrusiveMultitenancy\src\Core.Mvc\Puzzle.Core.Multitenancy\TenantContext`1.cs" />
        <File uid="4" fullPath="H:\PersonalProjects\UnobtrusiveMultitenancy\src\Core.Mvc\Puzzle.Core.Multitenancy\TenantPipelineBuilderContext`1.cs" />
        <File uid="5" fullPath="H:\PersonalProjects\UnobtrusiveMultitenancy\src\Core.Mvc\Puzzle.Core.Multitenancy\Internal\AppTenant.cs" />
        <File uid="6" fullPath="H:\PersonalProjects\UnobtrusiveMultitenancy\src\Core.Mvc\Puzzle.Core.Multitenancy\Internal\ConfigureMultitenantServicesBuilder`1.cs" />
        <File uid="9" fullPath="H:\PersonalProjects\UnobtrusiveMultitenancy\src\Core.Mvc\Puzzle.Core.Multitenancy\Internal\ConventionMultitenantBasedStartup`1.cs" />
        <File uid="11" fullPath="H:\PersonalProjects\UnobtrusiveMultitenancy\src\Core.Mvc\Puzzle.Core.Multitenancy\Internal\IServiceFactoryForMultitenancy`1.cs" />
        <File uid="21" fullPath="H:\PersonalProjects\UnobtrusiveMultitenancy\src\Core.Mvc\Puzzle.Core.Multitenancy\Internal\ServiceCollectionExtensions.cs" />
        <File uid="22" fullPath="H:\PersonalProjects\UnobtrusiveMultitenancy\src\Core.Mvc\Puzzle.Core.Multitenancy\Internal\StartupLoaderMultitenant.cs" />
        <File uid="24" fullPath="H:\PersonalProjects\UnobtrusiveMultitenancy\src\Core.Mvc\Puzzle.Core.Multitenancy\Internal\StartupMethodsMultitenant`1.cs" />
        <File uid="25" fullPath="H:\PersonalProjects\UnobtrusiveMultitenancy\src\Core.Mvc\Puzzle.Core.Multitenancy\TenantWrapper`1.cs" />
        <File uid="26" fullPath="H:\PersonalProjects\UnobtrusiveMultitenancy\src\Core.Mvc\Puzzle.Core.Multitenancy\Internal\StartupFilters\MultitenantRequestStartupFilter`2.cs" />
        <File uid="28" fullPath="H:\PersonalProjects\UnobtrusiveMultitenancy\src\Core.Mvc\Puzzle.Core.Multitenancy\Internal\Resolvers\CachingAppTenantResolver.cs" />
        <File uid="31" fullPath="H:\PersonalProjects\UnobtrusiveMultitenancy\src\Core.Mvc\Puzzle.Core.Multitenancy\Internal\Resolvers\MemoryCacheTenantResolverOptions.cs" />
        <File uid="32" fullPath="H:\PersonalProjects\UnobtrusiveMultitenancy\src\Core.Mvc\Puzzle.Core.Multitenancy\Internal\Resolvers\MemoryCacheTenantResolver`1.cs" />
        <File uid="35" fullPath="H:\PersonalProjects\UnobtrusiveMultitenancy\src\Core.Mvc\Puzzle.Core.Multitenancy\Internal\Options\MultitenancyOptions.cs" />
        <File uid="36" fullPath="H:\PersonalProjects\UnobtrusiveMultitenancy\src\Core.Mvc\Puzzle.Core.Multitenancy\Internal\Options\MultitenancyOptionsSetup.cs" />
        <File uid="38" fullPath="H:\PersonalProjects\UnobtrusiveMultitenancy\src\Core.Mvc\Puzzle.Core.Multitenancy\Internal\Options\MultitenancyPostConfigureOptions.cs" />
        <File uid="39" fullPath="H:\PersonalProjects\UnobtrusiveMultitenancy\src\Core.Mvc\Puzzle.Core.Multitenancy\Internal\Middlewares\MultitenancyRequestServicesContainerMiddleware`1.cs" />
        <File uid="41" fullPath="H:\PersonalProjects\UnobtrusiveMultitenancy\src\Core.Mvc\Puzzle.Core.Multitenancy\Internal\Middlewares\TenantPipelineMiddleware`1.cs" />
        <File uid="45" fullPath="H:\PersonalProjects\UnobtrusiveMultitenancy\src\Core.Mvc\Puzzle.Core.Multitenancy\Internal\Middlewares\TenantResolutionMiddleware`1.cs" />
        <File uid="47" fullPath="H:\PersonalProjects\UnobtrusiveMultitenancy\src\Core.Mvc\Puzzle.Core.Multitenancy\Internal\Logging\Log`1.cs" />
        <File uid="48" fullPath="H:\PersonalProjects\UnobtrusiveMultitenancy\src\Core.Mvc\Puzzle.Core.Multitenancy\Internal\Logging\LibLog.4.2.6\DisposableAction.cs" />
        <File uid="49" fullPath="H:\PersonalProjects\UnobtrusiveMultitenancy\src\Core.Mvc\Puzzle.Core.Multitenancy\Internal\Logging\LibLog.4.2.6\ILog.cs" />
        <File uid="50" fullPath="H:\PersonalProjects\UnobtrusiveMultitenancy\src\Core.Mvc\Puzzle.Core.Multitenancy\Internal\Logging\LibLog.4.2.6\LogExtensions.cs" />
        <File uid="51" fullPath="H:\PersonalProjects\UnobtrusiveMultitenancy\src\Core.Mvc\Puzzle.Core.Multitenancy\Internal\Logging\LibLog.4.2.6\LoggerExecutionWrapper.cs" />
        <File uid="54" fullPath="H:\PersonalProjects\UnobtrusiveMultitenancy\src\Core.Mvc\Puzzle.Core.Multitenancy\Internal\Logging\LibLog.4.2.6\LogProvider.cs" />
        <File uid="57" fullPath="H:\PersonalProjects\UnobtrusiveMultitenancy\src\Core.Mvc\Puzzle.Core.Multitenancy\Internal\Logging\LibLog.4.2.6\LogProviders\ColoredConsoleLogProvider.cs" />
        <File uid="60" fullPath="H:\PersonalProjects\UnobtrusiveMultitenancy\src\Core.Mvc\Puzzle.Core.Multitenancy\Internal\Logging\LibLog.4.2.6\LogProviders\EntLibLogProvider.cs" />
        <File uid="62" fullPath="H:\PersonalProjects\UnobtrusiveMultitenancy\src\Core.Mvc\Puzzle.Core.Multitenancy\Internal\Logging\LibLog.4.2.6\LogProviders\Log4NetLogProvider.cs" />
        <File uid="67" fullPath="H:\PersonalProjects\UnobtrusiveMultitenancy\src\Core.Mvc\Puzzle.Core.Multitenancy\Internal\Logging\LibLog.4.2.6\LogProviders\LogMessageFormatter.cs" />
        <File uid="69" fullPath="H:\PersonalProjects\UnobtrusiveMultitenancy\src\Core.Mvc\Puzzle.Core.Multitenancy\Internal\Logging\LibLog.4.2.6\LogProviders\LogProviderBase.cs" />
        <File uid="71" fullPath="H:\PersonalProjects\UnobtrusiveMultitenancy\src\Core.Mvc\Puzzle.Core.Multitenancy\Internal\Logging\LibLog.4.2.6\LogProviders\LoupeLogProvider.cs" />
        <File uid="73" fullPath="H:\PersonalProjects\UnobtrusiveMultitenancy\src\Core.Mvc\Puzzle.Core.Multitenancy\Internal\Logging\LibLog.4.2.6\LogProviders\NLogLogProvider.cs" />
        <File uid="78" fullPath="H:\PersonalProjects\UnobtrusiveMultitenancy\src\Core.Mvc\Puzzle.Core.Multitenancy\Internal\Logging\LibLog.4.2.6\LogProviders\SerilogLogProvider.cs" />
        <File uid="83" fullPath="H:\PersonalProjects\UnobtrusiveMultitenancy\src\Core.Mvc\Puzzle.Core.Multitenancy\Internal\Logging\LibLog.4.2.6\LogProviders\TraceEventTypeValues.cs" />
        <File uid="84" fullPath="H:\PersonalProjects\UnobtrusiveMultitenancy\src\Core.Mvc\Puzzle.Core.Multitenancy\Internal\Logging\LibLog.4.2.6\LogProviders\TypeExtensions.cs" />
        <File uid="88" fullPath="H:\PersonalProjects\UnobtrusiveMultitenancy\src\Core.Mvc\Puzzle.Core.Multitenancy\Internal\Configurations\MultiTenancyConfig.cs" />
        <File uid="90" fullPath="H:\PersonalProjects\UnobtrusiveMultitenancy\src\Core.Mvc\Puzzle.Core.Multitenancy\Extensions\LoggerFactoryExtensions.cs" />
        <File uid="92" fullPath="H:\PersonalProjects\UnobtrusiveMultitenancy\src\Core.Mvc\Puzzle.Core.Multitenancy\Extensions\MultitenancyApplicationBuilderExtensions.cs" />
        <File uid="94" fullPath="H:\PersonalProjects\UnobtrusiveMultitenancy\src\Core.Mvc\Puzzle.Core.Multitenancy\Extensions\MultiTenancyConfigExtensions.cs" />
        <File uid="96" fullPath="H:\PersonalProjects\UnobtrusiveMultitenancy\src\Core.Mvc\Puzzle.Core.Multitenancy\Extensions\MultitenancyHttpContextExtensions.cs" />
        <File uid="97" fullPath="H:\PersonalProjects\UnobtrusiveMultitenancy\src\Core.Mvc\Puzzle.Core.Multitenancy\Extensions\MultitenancyServiceCollectionExtensions.cs" />
        <File uid="99" fullPath="H:\PersonalProjects\UnobtrusiveMultitenancy\src\Core.Mvc\Puzzle.Core.Multitenancy\Extensions\OptionsExtensions.cs" />
        <File uid="100" fullPath="H:\PersonalProjects\UnobtrusiveMultitenancy\src\Core.Mvc\Puzzle.Core.Multitenancy\Extensions\WebHostBuilderExtensions.cs" />
      </Files>
      <Classes>
        <Class>
          <Summary numSequencePoints="0" visitedSequencePoints="0" numBranchPoints="0" visitedBranchPoints="0" sequenceCoverage="0" branchCoverage="0" maxCyclomaticComplexity="0" minCyclomaticComplexity="0" visitedClasses="0" numClasses="0" visitedMethods="0" numMethods="0" />
          <FullName>&lt;Module&gt;</FullName>
          <Methods />
        </Class>
        <Class>
          <Summary numSequencePoints="13" visitedSequencePoints="13" numBranchPoints="5" visitedBranchPoints="5" sequenceCoverage="100" branchCoverage="100" maxCyclomaticComplexity="3" minCyclomaticComplexity="3" visitedClasses="1" numClasses="1" visitedMethods="1" numMethods="1" />
          <FullName>Microsoft.AspNetCore.Builder.UsePerTenantApplicationBuilderExtensions</FullName>
          <Methods>
            <Method visited="true" cyclomaticComplexity="3" nPathComplexity="4" sequenceCoverage="100" branchCoverage="100" isConstructor="false" isStatic="true" isGetter="false" isSetter="false">
              <Summary numSequencePoints="13" visitedSequencePoints="13" numBranchPoints="5" visitedBranchPoints="5" sequenceCoverage="100" branchCoverage="100" maxCyclomaticComplexity="3" minCyclomaticComplexity="3" visitedClasses="0" numClasses="0" visitedMethods="1" numMethods="1" />
              <MetadataToken>100663297</MetadataToken>
              <Name>Microsoft.AspNetCore.Builder.IApplicationBuilder Microsoft.AspNetCore.Builder.UsePerTenantApplicationBuilderExtensions::UsePerTenant(Microsoft.AspNetCore.Builder.IApplicationBuilder,System.Action`2&lt;Puzzle.Core.Multitenancy.TenantPipelineBuilderContext`1&lt;TTenant&gt;,Microsoft.AspNetCore.Builder.IApplicationBuilder&gt;)</Name>
              <FileRef uid="1" />
              <SequencePoints>
                <SequencePoint vc="16" uspid="1" ordinal="0" offset="20" sl="25" sc="9" el="25" ec="10" bec="0" bev="0" fileid="1" />
                <SequencePoint vc="16" uspid="2" ordinal="1" offset="21" sl="26" sc="13" el="26" ec="29" bec="2" bev="2" fileid="1" />
                <SequencePoint vc="2" uspid="3" ordinal="2" offset="34" sl="27" sc="13" el="27" ec="14" bec="0" bev="0" fileid="1" />
                <SequencePoint vc="2" uspid="4" ordinal="3" offset="35" sl="28" sc="17" el="28" ec="93" bec="0" bev="0" fileid="1" />
                <SequencePoint vc="14" uspid="5" ordinal="4" offset="56" sl="31" sc="13" el="31" ec="39" bec="2" bev="2" fileid="1" />
                <SequencePoint vc="2" uspid="6" ordinal="5" offset="69" sl="32" sc="13" el="32" ec="14" bec="0" bev="0" fileid="1" />
                <SequencePoint vc="2" uspid="7" ordinal="6" offset="70" sl="33" sc="17" el="33" ec="103" bec="0" bev="0" fileid="1" />
                <SequencePoint vc="12" uspid="8" ordinal="7" offset="91" sl="36" sc="13" el="36" ec="150" bec="0" bev="0" fileid="1" />
                <SequencePoint vc="12" uspid="9" ordinal="8" offset="113" sl="37" sc="13" el="37" ec="148" bec="0" bev="0" fileid="1" />
                <SequencePoint vc="12" uspid="10" ordinal="9" offset="135" sl="38" sc="13" el="38" ec="171" bec="0" bev="0" fileid="1" />
                <SequencePoint vc="12" uspid="11" ordinal="10" offset="157" sl="39" sc="13" el="39" ec="156" bec="0" bev="0" fileid="1" />
                <SequencePoint vc="12" uspid="12" ordinal="11" offset="181" sl="40" sc="13" el="40" ec="24" bec="0" bev="0" fileid="1" />
                <SequencePoint vc="12" uspid="13" ordinal="12" offset="190" sl="41" sc="9" el="41" ec="10" bec="0" bev="0" fileid="1" />
              </SequencePoints>
              <BranchPoints>
                <BranchPoint vc="2" uspid="14" ordinal="0" offset="32" sl="26" path="0" offsetend="34" fileid="1" />
                <BranchPoint vc="14" uspid="15" ordinal="1" offset="32" sl="26" path="1" offsetend="56" fileid="1" />
                <BranchPoint vc="2" uspid="16" ordinal="2" offset="67" sl="31" path="0" offsetend="69" fileid="1" />
                <BranchPoint vc="12" uspid="17" ordinal="3" offset="67" sl="31" path="1" offsetend="91" fileid="1" />
              </BranchPoints>
              <MethodPoint vc="16" uspid="18" ordinal="0" offset="0" />
            </Method>
          </Methods>
        </Class>
        <Class>
          <Summary numSequencePoints="1" visitedSequencePoints="1" numBranchPoints="1" visitedBranchPoints="1" sequenceCoverage="100" branchCoverage="100" maxCyclomaticComplexity="1" minCyclomaticComplexity="1" visitedClasses="1" numClasses="1" visitedMethods="1" numMethods="1" />
          <FullName>Microsoft.AspNetCore.Builder.UsePerTenantApplicationBuilderExtensions/&lt;&gt;c__DisplayClass0_0`1</FullName>
          <Methods>
            <Method visited="true" cyclomaticComplexity="1" nPathComplexity="0" sequenceCoverage="0" branchCoverage="0" isConstructor="true" isStatic="false" isGetter="false" isSetter="false">
              <Summary numSequencePoints="0" visitedSequencePoints="0" numBranchPoints="0" visitedBranchPoints="0" sequenceCoverage="0" branchCoverage="0" maxCyclomaticComplexity="1" minCyclomaticComplexity="1" visitedClasses="0" numClasses="0" visitedMethods="0" numMethods="0" />
              <MetadataToken>100663578</MetadataToken>
              <Name>System.Void Microsoft.AspNetCore.Builder.UsePerTenantApplicationBuilderExtensions/&lt;&gt;c__DisplayClass0_0`1::.ctor()</Name>
              <SequencePoints />
              <BranchPoints />
              <MethodPoint vc="16" uspid="19" ordinal="0" offset="0" />
            </Method>
            <Method visited="true" cyclomaticComplexity="1" nPathComplexity="0" sequenceCoverage="100" branchCoverage="100" isConstructor="false" isStatic="false" isGetter="false" isSetter="false">
              <Summary numSequencePoints="1" visitedSequencePoints="1" numBranchPoints="1" visitedBranchPoints="1" sequenceCoverage="100" branchCoverage="100" maxCyclomaticComplexity="1" minCyclomaticComplexity="1" visitedClasses="0" numClasses="0" visitedMethods="1" numMethods="1" />
              <MetadataToken>100663579</MetadataToken>
              <Name>Microsoft.AspNetCore.Http.RequestDelegate Microsoft.AspNetCore.Builder.UsePerTenantApplicationBuilderExtensions/&lt;&gt;c__DisplayClass0_0`1::&lt;UsePerTenant&gt;b__0(Microsoft.AspNetCore.Http.RequestDelegate)</Name>
              <FileRef uid="1" />
              <SequencePoints>
                <SequencePoint vc="12" uspid="20" ordinal="0" offset="0" sl="39" sc="29" el="39" ec="154" bec="0" bev="0" fileid="1" />
              </SequencePoints>
              <BranchPoints />
              <MethodPoint xsi:type="SequencePoint" vc="12" uspid="20" ordinal="0" offset="0" sl="39" sc="29" el="39" ec="154" bec="0" bev="0" fileid="1" />
            </Method>
          </Methods>
        </Class>
        <Class>
          <Summary numSequencePoints="0" visitedSequencePoints="0" numBranchPoints="0" visitedBranchPoints="0" sequenceCoverage="0" branchCoverage="0" maxCyclomaticComplexity="1" minCyclomaticComplexity="1" visitedClasses="0" numClasses="0" visitedMethods="0" numMethods="0" />
          <FullName>Puzzle.Core.Multitenancy.ExcludeFromCoverageAttribute</FullName>
          <Methods>
            <Method visited="false" cyclomaticComplexity="1" nPathComplexity="0" sequenceCoverage="0" branchCoverage="0" isConstructor="true" isStatic="false" isGetter="false" isSetter="false">
              <Summary numSequencePoints="0" visitedSequencePoints="0" numBranchPoints="0" visitedBranchPoints="0" sequenceCoverage="0" branchCoverage="0" maxCyclomaticComplexity="1" minCyclomaticComplexity="1" visitedClasses="0" numClasses="0" visitedMethods="0" numMethods="0" />
              <MetadataToken>100663298</MetadataToken>
              <Name>System.Void Puzzle.Core.Multitenancy.ExcludeFromCoverageAttribute::.ctor()</Name>
              <SequencePoints />
              <BranchPoints />
              <MethodPoint vc="0" uspid="21" ordinal="0" offset="0" />
            </Method>
          </Methods>
        </Class>
        <Class>
          <Summary numSequencePoints="41" visitedSequencePoints="38" numBranchPoints="12" visitedBranchPoints="11" sequenceCoverage="92.68" branchCoverage="91.67" maxCyclomaticComplexity="5" minCyclomaticComplexity="1" visitedClasses="1" numClasses="1" visitedMethods="4" numMethods="4" />
          <FullName>Puzzle.Core.Multitenancy.TenantContext`1</FullName>
          <Methods>
            <Method skippedDueTo="AutoImplementedProperty" visited="false" cyclomaticComplexity="1" nPathComplexity="0" sequenceCoverage="0" branchCoverage="0" isConstructor="false" isStatic="false" isGetter="true" isSetter="false">
              <MetadataToken>100663301</MetadataToken>
              <Name>System.String Puzzle.Core.Multitenancy.TenantContext`1::get_Id()</Name>
              <FileRef uid="3" />
              <SequencePoints />
              <BranchPoints />
            </Method>
            <Method skippedDueTo="AutoImplementedProperty" visited="false" cyclomaticComplexity="1" nPathComplexity="0" sequenceCoverage="0" branchCoverage="0" isConstructor="false" isStatic="false" isGetter="true" isSetter="false">
              <MetadataToken>100663302</MetadataToken>
              <Name>TTenant Puzzle.Core.Multitenancy.TenantContext`1::get_Tenant()</Name>
              <FileRef uid="3" />
              <SequencePoints />
              <BranchPoints />
            </Method>
            <Method skippedDueTo="AutoImplementedProperty" visited="false" cyclomaticComplexity="1" nPathComplexity="0" sequenceCoverage="0" branchCoverage="0" isConstructor="false" isStatic="false" isGetter="false" isSetter="true">
              <MetadataToken>100663303</MetadataToken>
              <Name>System.Void Puzzle.Core.Multitenancy.TenantContext`1::set_Tenant(TTenant)</Name>
              <FileRef uid="3" />
              <SequencePoints />
              <BranchPoints />
            </Method>
            <Method skippedDueTo="AutoImplementedProperty" visited="false" cyclomaticComplexity="1" nPathComplexity="0" sequenceCoverage="0" branchCoverage="0" isConstructor="false" isStatic="false" isGetter="true" isSetter="false">
              <MetadataToken>100663304</MetadataToken>
              <Name>System.Collections.Generic.IDictionary`2&lt;System.String,System.Object&gt; Puzzle.Core.Multitenancy.TenantContext`1::get_Properties()</Name>
              <FileRef uid="3" />
              <SequencePoints />
              <BranchPoints />
            </Method>
            <Method visited="true" cyclomaticComplexity="2" nPathComplexity="2" sequenceCoverage="100" branchCoverage="100" isConstructor="true" isStatic="false" isGetter="false" isSetter="false">
              <Summary numSequencePoints="9" visitedSequencePoints="9" numBranchPoints="3" visitedBranchPoints="3" sequenceCoverage="100" branchCoverage="100" maxCyclomaticComplexity="2" minCyclomaticComplexity="2" visitedClasses="0" numClasses="0" visitedMethods="1" numMethods="1" />
              <MetadataToken>100663300</MetadataToken>
              <Name>System.Void Puzzle.Core.Multitenancy.TenantContext`1::.ctor(TTenant)</Name>
              <FileRef uid="3" />
              <SequencePoints>
                <SequencePoint vc="60" uspid="22" ordinal="0" offset="0" sl="32" sc="37" el="32" ec="62" bec="0" bev="0" fileid="3" />
                <SequencePoint vc="60" uspid="23" ordinal="1" offset="25" sl="18" sc="9" el="18" ec="45" bec="0" bev="0" fileid="3" />
                <SequencePoint vc="60" uspid="24" ordinal="2" offset="32" sl="19" sc="9" el="19" ec="10" bec="0" bev="0" fileid="3" />
                <SequencePoint vc="60" uspid="25" ordinal="3" offset="33" sl="20" sc="13" el="20" ec="32" bec="2" bev="2" fileid="3" />
                <SequencePoint vc="2" uspid="26" ordinal="4" offset="46" sl="21" sc="13" el="21" ec="14" bec="0" bev="0" fileid="3" />
                <SequencePoint vc="2" uspid="27" ordinal="5" offset="47" sl="22" sc="17" el="22" ec="96" bec="0" bev="0" fileid="3" />
                <SequencePoint vc="58" uspid="28" ordinal="6" offset="68" sl="25" sc="13" el="25" ec="29" bec="0" bev="0" fileid="3" />
                <SequencePoint vc="58" uspid="29" ordinal="7" offset="76" sl="26" sc="13" el="26" ec="59" bec="0" bev="0" fileid="3" />
                <SequencePoint vc="58" uspid="30" ordinal="8" offset="87" sl="27" sc="9" el="27" ec="10" bec="0" bev="0" fileid="3" />
              </SequencePoints>
              <BranchPoints>
                <BranchPoint vc="2" uspid="31" ordinal="0" offset="44" sl="20" path="0" offsetend="46" fileid="3" />
                <BranchPoint vc="58" uspid="32" ordinal="1" offset="44" sl="20" path="1" offsetend="68" fileid="3" />
              </BranchPoints>
              <MethodPoint xsi:type="SequencePoint" vc="60" uspid="22" ordinal="0" offset="0" sl="32" sc="37" el="32" ec="62" bec="0" bev="0" fileid="3" />
            </Method>
            <Method visited="true" cyclomaticComplexity="1" nPathComplexity="0" sequenceCoverage="100" branchCoverage="100" isConstructor="false" isStatic="false" isGetter="false" isSetter="false">
              <Summary numSequencePoints="4" visitedSequencePoints="4" numBranchPoints="1" visitedBranchPoints="1" sequenceCoverage="100" branchCoverage="100" maxCyclomaticComplexity="1" minCyclomaticComplexity="1" visitedClasses="0" numClasses="0" visitedMethods="1" numMethods="1" />
              <MetadataToken>100663305</MetadataToken>
              <Name>System.Void Puzzle.Core.Multitenancy.TenantContext`1::Dispose()</Name>
              <FileRef uid="3" />
              <SequencePoints>
                <SequencePoint vc="70" uspid="33" ordinal="0" offset="0" sl="48" sc="9" el="48" ec="10" bec="0" bev="0" fileid="3" />
                <SequencePoint vc="70" uspid="34" ordinal="1" offset="1" sl="49" sc="13" el="49" ec="27" bec="0" bev="0" fileid="3" />
                <SequencePoint vc="70" uspid="35" ordinal="2" offset="9" sl="50" sc="13" el="50" ec="39" bec="0" bev="0" fileid="3" />
                <SequencePoint vc="70" uspid="36" ordinal="3" offset="16" sl="51" sc="9" el="51" ec="10" bec="0" bev="0" fileid="3" />
              </SequencePoints>
              <BranchPoints />
              <MethodPoint xsi:type="SequencePoint" vc="70" uspid="33" ordinal="0" offset="0" sl="48" sc="9" el="48" ec="10" bec="0" bev="0" fileid="3" />
            </Method>
            <Method visited="true" cyclomaticComplexity="5" nPathComplexity="4" sequenceCoverage="100" branchCoverage="80" isConstructor="false" isStatic="false" isGetter="false" isSetter="false">
              <Summary numSequencePoints="17" visitedSequencePoints="17" numBranchPoints="5" visitedBranchPoints="4" sequenceCoverage="100" branchCoverage="80" maxCyclomaticComplexity="5" minCyclomaticComplexity="5" visitedClasses="0" numClasses="0" visitedMethods="1" numMethods="1" />
              <MetadataToken>100663306</MetadataToken>
              <Name>System.Void Puzzle.Core.Multitenancy.TenantContext`1::Dispose(System.Boolean)</Name>
              <FileRef uid="3" />
              <SequencePoints>
                <SequencePoint vc="70" uspid="37" ordinal="0" offset="0" sl="57" sc="9" el="57" ec="10" bec="0" bev="0" fileid="3" />
                <SequencePoint vc="70" uspid="38" ordinal="1" offset="1" sl="58" sc="13" el="58" ec="26" bec="2" bev="2" fileid="3" />
                <SequencePoint vc="16" uspid="39" ordinal="2" offset="11" sl="59" sc="13" el="59" ec="14" bec="0" bev="0" fileid="3" />
                <SequencePoint vc="16" uspid="40" ordinal="3" offset="12" sl="60" sc="17" el="60" ec="24" bec="0" bev="0" fileid="3" />
                <SequencePoint vc="54" uspid="41" ordinal="4" offset="14" sl="63" sc="13" el="63" ec="27" bec="2" bev="1" fileid="3" />
                <SequencePoint vc="54" uspid="42" ordinal="5" offset="19" sl="64" sc="13" el="64" ec="14" bec="0" bev="0" fileid="3" />
                <SequencePoint vc="54" uspid="43" ordinal="6" offset="20" sl="65" sc="17" el="65" ec="24" bec="0" bev="0" fileid="3" />
                <SequencePoint vc="54" uspid="44" ordinal="7" offset="21" sl="65" sc="63" el="65" ec="73" bec="0" bev="0" fileid="3" />
                <SequencePoint vc="54" uspid="45" ordinal="8" offset="35" sl="65" sc="26" el="65" ec="59" bec="0" bev="0" fileid="3" />
                <SequencePoint vc="54" uspid="46" ordinal="9" offset="42" sl="66" sc="17" el="66" ec="18" bec="0" bev="0" fileid="3" />
                <SequencePoint vc="54" uspid="47" ordinal="10" offset="43" sl="67" sc="21" el="67" ec="67" bec="0" bev="0" fileid="3" />
                <SequencePoint vc="54" uspid="48" ordinal="11" offset="62" sl="68" sc="17" el="68" ec="18" bec="0" bev="0" fileid="3" />
                <SequencePoint vc="108" uspid="49" ordinal="12" offset="63" sl="65" sc="60" el="65" ec="62" bec="0" bev="0" fileid="3" />
                <SequencePoint vc="54" uspid="50" ordinal="13" offset="84" sl="70" sc="17" el="70" ec="59" bec="0" bev="0" fileid="3" />
                <SequencePoint vc="54" uspid="51" ordinal="14" offset="107" sl="71" sc="13" el="71" ec="14" bec="0" bev="0" fileid="3" />
                <SequencePoint vc="54" uspid="52" ordinal="15" offset="108" sl="73" sc="13" el="73" ec="29" bec="0" bev="0" fileid="3" />
                <SequencePoint vc="70" uspid="53" ordinal="16" offset="115" sl="74" sc="9" el="74" ec="10" bec="0" bev="0" fileid="3" />
              </SequencePoints>
              <BranchPoints>
                <BranchPoint vc="16" uspid="54" ordinal="0" offset="9" sl="58" path="0" offsetend="11" fileid="3" />
                <BranchPoint vc="54" uspid="55" ordinal="1" offset="9" sl="58" path="1" offsetend="14" fileid="3" />
                <BranchPoint vc="54" uspid="56" ordinal="2" offset="17" sl="63" path="0" offsetend="19" fileid="3" />
                <BranchPoint vc="0" uspid="57" ordinal="3" offset="17" sl="63" path="1" offsetend="108" fileid="3" />
              </BranchPoints>
              <MethodPoint xsi:type="SequencePoint" vc="70" uspid="37" ordinal="0" offset="0" sl="57" sc="9" el="57" ec="10" bec="0" bev="0" fileid="3" />
            </Method>
            <Method visited="true" cyclomaticComplexity="2" nPathComplexity="2" sequenceCoverage="72.73" branchCoverage="100" isConstructor="false" isStatic="false" isGetter="false" isSetter="false">
              <Summary numSequencePoints="11" visitedSequencePoints="8" numBranchPoints="3" visitedBranchPoints="3" sequenceCoverage="72.73" branchCoverage="100" maxCyclomaticComplexity="2" minCyclomaticComplexity="2" visitedClasses="0" numClasses="0" visitedMethods="1" numMethods="1" />
              <MetadataToken>100663307</MetadataToken>
              <Name>System.Void Puzzle.Core.Multitenancy.TenantContext`1::TryDisposeProperty(System.IDisposable)</Name>
              <FileRef uid="3" />
              <SequencePoints>
                <SequencePoint vc="108" uspid="60" ordinal="0" offset="0" sl="77" sc="9" el="77" ec="10" bec="0" bev="0" fileid="3" />
                <SequencePoint vc="108" uspid="61" ordinal="1" offset="1" sl="78" sc="13" el="78" ec="29" bec="2" bev="2" fileid="3" />
                <SequencePoint vc="54" uspid="62" ordinal="2" offset="9" sl="79" sc="13" el="79" ec="14" bec="0" bev="0" fileid="3" />
                <SequencePoint vc="54" uspid="63" ordinal="3" offset="10" sl="80" sc="17" el="80" ec="24" bec="0" bev="0" fileid="3" />
                <SequencePoint vc="54" uspid="64" ordinal="4" offset="13" sl="84" sc="13" el="84" ec="14" bec="0" bev="0" fileid="3" />
                <SequencePoint vc="54" uspid="65" ordinal="5" offset="14" sl="85" sc="17" el="85" ec="31" bec="0" bev="0" fileid="3" />
                <SequencePoint vc="54" uspid="66" ordinal="6" offset="21" sl="86" sc="13" el="86" ec="14" bec="0" bev="0" fileid="3" />
                <SequencePoint vc="0" uspid="67" ordinal="7" offset="24" sl="87" sc="13" el="87" ec="44" bec="0" bev="0" fileid="3" />
                <SequencePoint vc="0" uspid="68" ordinal="8" offset="25" sl="88" sc="13" el="88" ec="14" bec="0" bev="0" fileid="3" />
                <SequencePoint vc="0" uspid="69" ordinal="9" offset="26" sl="89" sc="13" el="89" ec="14" bec="0" bev="0" fileid="3" />
                <SequencePoint vc="108" uspid="70" ordinal="10" offset="29" sl="90" sc="9" el="90" ec="10" bec="0" bev="0" fileid="3" />
              </SequencePoints>
              <BranchPoints>
                <BranchPoint vc="54" uspid="71" ordinal="0" offset="7" sl="78" path="0" offsetend="9" fileid="3" />
                <BranchPoint vc="54" uspid="72" ordinal="1" offset="7" sl="78" path="1" offsetend="12" fileid="3" />
              </BranchPoints>
              <MethodPoint xsi:type="SequencePoint" vc="108" uspid="60" ordinal="0" offset="0" sl="77" sc="9" el="77" ec="10" bec="0" bev="0" fileid="3" />
            </Method>
          </Methods>
        </Class>
        <Class>
          <Summary numSequencePoints="5" visitedSequencePoints="5" numBranchPoints="2" visitedBranchPoints="2" sequenceCoverage="100" branchCoverage="100" maxCyclomaticComplexity="2" minCyclomaticComplexity="1" visitedClasses="1" numClasses="1" visitedMethods="2" numMethods="2" />
          <FullName>Puzzle.Core.Multitenancy.TenantPipelineBuilderContext`1</FullName>
          <Methods>
            <Method visited="true" cyclomaticComplexity="1" nPathComplexity="0" sequenceCoverage="100" branchCoverage="100" isConstructor="false" isStatic="false" isGetter="true" isSetter="false">
              <Summary numSequencePoints="1" visitedSequencePoints="1" numBranchPoints="1" visitedBranchPoints="1" sequenceCoverage="100" branchCoverage="100" maxCyclomaticComplexity="1" minCyclomaticComplexity="1" visitedClasses="0" numClasses="0" visitedMethods="1" numMethods="1" />
              <MetadataToken>100663309</MetadataToken>
              <Name>TTenant Puzzle.Core.Multitenancy.TenantPipelineBuilderContext`1::get_Tenant()</Name>
              <FileRef uid="4" />
              <SequencePoints>
                <SequencePoint vc="20" uspid="73" ordinal="0" offset="0" sl="24" sc="34" el="24" ec="54" bec="0" bev="0" fileid="4" />
              </SequencePoints>
              <BranchPoints />
              <MethodPoint xsi:type="SequencePoint" vc="20" uspid="73" ordinal="0" offset="0" sl="24" sc="34" el="24" ec="54" bec="0" bev="0" fileid="4" />
            </Method>
            <Method visited="true" cyclomaticComplexity="2" nPathComplexity="0" sequenceCoverage="100" branchCoverage="100" isConstructor="true" isStatic="false" isGetter="false" isSetter="false">
              <Summary numSequencePoints="4" visitedSequencePoints="4" numBranchPoints="1" visitedBranchPoints="1" sequenceCoverage="100" branchCoverage="100" maxCyclomaticComplexity="2" minCyclomaticComplexity="2" visitedClasses="0" numClasses="0" visitedMethods="1" numMethods="1" />
              <MetadataToken>100663308</MetadataToken>
              <Name>System.Void Puzzle.Core.Multitenancy.TenantPipelineBuilderContext`1::.ctor(Puzzle.Core.Multitenancy.TenantContext`1&lt;TTenant&gt;)</Name>
              <FileRef uid="4" />
              <SequencePoints>
                <SequencePoint vc="20" uspid="74" ordinal="0" offset="0" sl="16" sc="9" el="16" ec="82" bec="0" bev="0" fileid="4" />
                <SequencePoint vc="20" uspid="75" ordinal="1" offset="7" sl="17" sc="9" el="17" ec="10" bec="0" bev="0" fileid="4" />
                <SequencePoint vc="20" uspid="76" ordinal="2" offset="8" sl="18" sc="13" el="18" ec="106" bec="0" bev="0" fileid="4" />
                <SequencePoint vc="20" uspid="77" ordinal="3" offset="30" sl="19" sc="9" el="19" ec="10" bec="0" bev="0" fileid="4" />
              </SequencePoints>
              <BranchPoints />
              <MethodPoint xsi:type="SequencePoint" vc="20" uspid="74" ordinal="0" offset="0" sl="16" sc="9" el="16" ec="82" bec="0" bev="0" fileid="4" />
            </Method>
          </Methods>
        </Class>
        <Class>
          <Summary numSequencePoints="26" visitedSequencePoints="26" numBranchPoints="7" visitedBranchPoints="7" sequenceCoverage="100" branchCoverage="100" maxCyclomaticComplexity="4" minCyclomaticComplexity="1" visitedClasses="1" numClasses="1" visitedMethods="3" numMethods="3" />
          <FullName>Puzzle.Core.Multitenancy.Internal.AppTenant</FullName>
          <Methods>
            <Method skippedDueTo="AutoImplementedProperty" visited="false" cyclomaticComplexity="1" nPathComplexity="0" sequenceCoverage="0" branchCoverage="0" isConstructor="false" isStatic="false" isGetter="true" isSetter="false">
              <MetadataToken>100663310</MetadataToken>
              <Name>System.String Puzzle.Core.Multitenancy.Internal.AppTenant::get_Name()</Name>
              <FileRef uid="5" />
              <SequencePoints />
              <BranchPoints />
            </Method>
            <Method skippedDueTo="AutoImplementedProperty" visited="false" cyclomaticComplexity="1" nPathComplexity="0" sequenceCoverage="0" branchCoverage="0" isConstructor="false" isStatic="false" isGetter="false" isSetter="true">
              <MetadataToken>100663311</MetadataToken>
              <Name>System.Void Puzzle.Core.Multitenancy.Internal.AppTenant::set_Name(System.String)</Name>
              <FileRef uid="5" />
              <SequencePoints />
              <BranchPoints />
            </Method>
            <Method visited="true" cyclomaticComplexity="1" nPathComplexity="0" sequenceCoverage="100" branchCoverage="100" isConstructor="false" isStatic="false" isGetter="true" isSetter="false">
              <Summary numSequencePoints="1" visitedSequencePoints="1" numBranchPoints="1" visitedBranchPoints="1" sequenceCoverage="100" branchCoverage="100" maxCyclomaticComplexity="1" minCyclomaticComplexity="1" visitedClasses="0" numClasses="0" visitedMethods="1" numMethods="1" />
              <MetadataToken>100663312</MetadataToken>
              <Name>System.String Puzzle.Core.Multitenancy.Internal.AppTenant::get_Id()</Name>
              <FileRef uid="5" />
              <SequencePoints>
                <SequencePoint vc="74" uspid="80" ordinal="0" offset="0" sl="21" sc="29" el="21" ec="66" bec="0" bev="0" fileid="5" />
              </SequencePoints>
              <BranchPoints />
              <MethodPoint xsi:type="SequencePoint" vc="74" uspid="80" ordinal="0" offset="0" sl="21" sc="29" el="21" ec="66" bec="0" bev="0" fileid="5" />
            </Method>
            <Method skippedDueTo="AutoImplementedProperty" visited="false" cyclomaticComplexity="1" nPathComplexity="0" sequenceCoverage="0" branchCoverage="0" isConstructor="false" isStatic="false" isGetter="true" isSetter="false">
              <MetadataToken>100663313</MetadataToken>
              <Name>System.String[] Puzzle.Core.Multitenancy.Internal.AppTenant::get_Hostnames()</Name>
              <FileRef uid="5" />
              <SequencePoints />
              <BranchPoints />
            </Method>
            <Method skippedDueTo="AutoImplementedProperty" visited="false" cyclomaticComplexity="1" nPathComplexity="0" sequenceCoverage="0" branchCoverage="0" isConstructor="false" isStatic="false" isGetter="false" isSetter="true">
              <MetadataToken>100663314</MetadataToken>
              <Name>System.Void Puzzle.Core.Multitenancy.Internal.AppTenant::set_Hostnames(System.String[])</Name>
              <FileRef uid="5" />
              <SequencePoints />
              <BranchPoints />
            </Method>
            <Method skippedDueTo="AutoImplementedProperty" visited="false" cyclomaticComplexity="1" nPathComplexity="0" sequenceCoverage="0" branchCoverage="0" isConstructor="false" isStatic="false" isGetter="true" isSetter="false">
              <MetadataToken>100663315</MetadataToken>
              <Name>System.String Puzzle.Core.Multitenancy.Internal.AppTenant::get_Theme()</Name>
              <FileRef uid="5" />
              <SequencePoints />
              <BranchPoints />
            </Method>
            <Method skippedDueTo="AutoImplementedProperty" visited="false" cyclomaticComplexity="1" nPathComplexity="0" sequenceCoverage="0" branchCoverage="0" isConstructor="false" isStatic="false" isGetter="false" isSetter="true">
              <MetadataToken>100663316</MetadataToken>
              <Name>System.Void Puzzle.Core.Multitenancy.Internal.AppTenant::set_Theme(System.String)</Name>
              <FileRef uid="5" />
              <SequencePoints />
              <BranchPoints />
            </Method>
            <Method skippedDueTo="AutoImplementedProperty" visited="false" cyclomaticComplexity="1" nPathComplexity="0" sequenceCoverage="0" branchCoverage="0" isConstructor="false" isStatic="false" isGetter="true" isSetter="false">
              <MetadataToken>100663317</MetadataToken>
              <Name>System.String Puzzle.Core.Multitenancy.Internal.AppTenant::get_ConnectionString()</Name>
              <FileRef uid="5" />
              <SequencePoints />
              <BranchPoints />
            </Method>
            <Method skippedDueTo="AutoImplementedProperty" visited="false" cyclomaticComplexity="1" nPathComplexity="0" sequenceCoverage="0" branchCoverage="0" isConstructor="false" isStatic="false" isGetter="false" isSetter="true">
              <MetadataToken>100663318</MetadataToken>
              <Name>System.Void Puzzle.Core.Multitenancy.Internal.AppTenant::set_ConnectionString(System.String)</Name>
              <FileRef uid="5" />
              <SequencePoints />
              <BranchPoints />
            </Method>
            <Method visited="true" cyclomaticComplexity="1" nPathComplexity="0" sequenceCoverage="100" branchCoverage="100" isConstructor="false" isStatic="true" isGetter="false" isSetter="false">
              <Summary numSequencePoints="6" visitedSequencePoints="6" numBranchPoints="1" visitedBranchPoints="1" sequenceCoverage="100" branchCoverage="100" maxCyclomaticComplexity="1" minCyclomaticComplexity="1" visitedClasses="0" numClasses="0" visitedMethods="1" numMethods="1" />
              <MetadataToken>100663319</MetadataToken>
              <Name>System.String Puzzle.Core.Multitenancy.Internal.AppTenant::GenerateSlug(System.String)</Name>
              <FileRef uid="5" />
              <SequencePoints>
                <SequencePoint vc="74" uspid="81" ordinal="0" offset="0" sl="44" sc="9" el="44" ec="10" bec="0" bev="0" fileid="5" />
                <SequencePoint vc="74" uspid="82" ordinal="1" offset="1" sl="46" sc="13" el="46" ec="90" bec="0" bev="0" fileid="5" />
                <SequencePoint vc="72" uspid="83" ordinal="2" offset="28" sl="48" sc="13" el="48" ec="75" bec="0" bev="0" fileid="5" />
                <SequencePoint vc="72" uspid="84" ordinal="3" offset="45" sl="49" sc="13" el="49" ec="64" bec="0" bev="0" fileid="5" />
                <SequencePoint vc="72" uspid="85" ordinal="4" offset="67" sl="51" sc="13" el="51" ec="54" bec="0" bev="0" fileid="5" />
                <SequencePoint vc="72" uspid="86" ordinal="5" offset="86" sl="52" sc="9" el="52" ec="10" bec="0" bev="0" fileid="5" />
              </SequencePoints>
              <BranchPoints />
              <MethodPoint xsi:type="SequencePoint" vc="74" uspid="81" ordinal="0" offset="0" sl="44" sc="9" el="44" ec="10" bec="0" bev="0" fileid="5" />
            </Method>
            <Method visited="true" cyclomaticComplexity="4" nPathComplexity="4" sequenceCoverage="100" branchCoverage="100" isConstructor="false" isStatic="true" isGetter="false" isSetter="false">
              <Summary numSequencePoints="19" visitedSequencePoints="19" numBranchPoints="5" visitedBranchPoints="5" sequenceCoverage="100" branchCoverage="100" maxCyclomaticComplexity="4" minCyclomaticComplexity="4" visitedClasses="0" numClasses="0" visitedMethods="1" numMethods="1" />
              <MetadataToken>100663320</MetadataToken>
              <Name>System.String Puzzle.Core.Multitenancy.Internal.AppTenant::RemoveDiacritics(System.String)</Name>
              <FileRef uid="5" />
              <SequencePoints>
                <SequencePoint vc="74" uspid="87" ordinal="0" offset="0" sl="55" sc="9" el="55" ec="10" bec="0" bev="0" fileid="5" />
                <SequencePoint vc="74" uspid="88" ordinal="1" offset="1" sl="56" sc="13" el="56" ec="30" bec="2" bev="2" fileid="5" />
                <SequencePoint vc="2" uspid="89" ordinal="2" offset="9" sl="57" sc="13" el="57" ec="14" bec="0" bev="0" fileid="5" />
                <SequencePoint vc="2" uspid="90" ordinal="3" offset="10" sl="58" sc="17" el="58" ec="63" bec="0" bev="0" fileid="5" />
                <SequencePoint vc="72" uspid="91" ordinal="4" offset="21" sl="61" sc="13" el="61" ec="79" bec="0" bev="0" fileid="5" />
                <SequencePoint vc="72" uspid="92" ordinal="5" offset="29" sl="62" sc="13" el="62" ec="63" bec="0" bev="0" fileid="5" />
                <SequencePoint vc="72" uspid="93" ordinal="6" offset="35" sl="64" sc="13" el="64" ec="20" bec="0" bev="0" fileid="5" />
                <SequencePoint vc="72" uspid="94" ordinal="7" offset="36" sl="64" sc="32" el="64" ec="48" bec="0" bev="0" fileid="5" />
                <SequencePoint vc="630" uspid="95" ordinal="8" offset="43" sl="64" sc="22" el="64" ec="28" bec="0" bev="0" fileid="5" />
                <SequencePoint vc="630" uspid="96" ordinal="9" offset="53" sl="65" sc="13" el="65" ec="14" bec="0" bev="0" fileid="5" />
                <SequencePoint vc="630" uspid="97" ordinal="10" offset="54" sl="66" sc="17" el="66" ec="89" bec="0" bev="0" fileid="5" />
                <SequencePoint vc="630" uspid="98" ordinal="11" offset="63" sl="67" sc="17" el="67" ec="71" bec="2" bev="2" fileid="5" />
                <SequencePoint vc="624" uspid="99" ordinal="12" offset="77" sl="68" sc="17" el="68" ec="18" bec="0" bev="0" fileid="5" />
                <SequencePoint vc="624" uspid="100" ordinal="13" offset="78" sl="69" sc="21" el="69" ec="45" bec="0" bev="0" fileid="5" />
                <SequencePoint vc="624" uspid="101" ordinal="14" offset="87" sl="70" sc="17" el="70" ec="18" bec="0" bev="0" fileid="5" />
                <SequencePoint vc="630" uspid="102" ordinal="15" offset="88" sl="71" sc="13" el="71" ec="14" bec="0" bev="0" fileid="5" />
                <SequencePoint vc="702" uspid="103" ordinal="16" offset="95" sl="64" sc="29" el="64" ec="31" bec="0" bev="0" fileid="5" />
                <SequencePoint vc="72" uspid="104" ordinal="17" offset="105" sl="73" sc="13" el="73" ec="80" bec="0" bev="0" fileid="5" />
                <SequencePoint vc="72" uspid="105" ordinal="18" offset="121" sl="74" sc="9" el="74" ec="10" bec="0" bev="0" fileid="5" />
              </SequencePoints>
              <BranchPoints>
                <BranchPoint vc="2" uspid="106" ordinal="0" offset="7" sl="56" path="0" offsetend="9" fileid="5" />
                <BranchPoint vc="72" uspid="107" ordinal="1" offset="7" sl="56" path="1" offsetend="21" fileid="5" />
                <BranchPoint vc="624" uspid="108" ordinal="2" offset="75" sl="67" path="0" offsetend="77" fileid="5" />
                <BranchPoint vc="6" uspid="109" ordinal="3" offset="75" sl="67" path="1" offsetend="88" fileid="5" />
              </BranchPoints>
              <MethodPoint xsi:type="SequencePoint" vc="74" uspid="87" ordinal="0" offset="0" sl="55" sc="9" el="55" ec="10" bec="0" bev="0" fileid="5" />
            </Method>
            <Method visited="true" cyclomaticComplexity="1" nPathComplexity="0" sequenceCoverage="0" branchCoverage="0" isConstructor="true" isStatic="false" isGetter="false" isSetter="false">
              <Summary numSequencePoints="0" visitedSequencePoints="0" numBranchPoints="0" visitedBranchPoints="0" sequenceCoverage="0" branchCoverage="0" maxCyclomaticComplexity="1" minCyclomaticComplexity="1" visitedClasses="0" numClasses="0" visitedMethods="0" numMethods="0" />
              <MetadataToken>100663321</MetadataToken>
              <Name>System.Void Puzzle.Core.Multitenancy.Internal.AppTenant::.ctor()</Name>
              <SequencePoints />
              <BranchPoints />
              <MethodPoint vc="202" uspid="112" ordinal="0" offset="0" />
            </Method>
          </Methods>
        </Class>
        <Class>
          <Summary numSequencePoints="25" visitedSequencePoints="25" numBranchPoints="10" visitedBranchPoints="9" sequenceCoverage="100" branchCoverage="90" maxCyclomaticComplexity="6" minCyclomaticComplexity="1" visitedClasses="1" numClasses="1" visitedMethods="4" numMethods="4" />
          <FullName>Puzzle.Core.Multitenancy.Internal.ConfigureMultitenantServicesBuilder`1</FullName>
          <Methods>
            <Method skippedDueTo="AutoImplementedProperty" visited="false" cyclomaticComplexity="1" nPathComplexity="0" sequenceCoverage="0" branchCoverage="0" isConstructor="false" isStatic="false" isGetter="true" isSetter="false">
              <MetadataToken>100663323</MetadataToken>
              <Name>System.Reflection.MethodInfo Puzzle.Core.Multitenancy.Internal.ConfigureMultitenantServicesBuilder`1::get_MethodInfo()</Name>
              <FileRef uid="6" />
              <SequencePoints />
              <BranchPoints />
            </Method>
            <Method visited="true" cyclomaticComplexity="1" nPathComplexity="0" sequenceCoverage="100" branchCoverage="100" isConstructor="true" isStatic="false" isGetter="false" isSetter="false">
              <Summary numSequencePoints="4" visitedSequencePoints="4" numBranchPoints="1" visitedBranchPoints="1" sequenceCoverage="100" branchCoverage="100" maxCyclomaticComplexity="1" minCyclomaticComplexity="1" visitedClasses="0" numClasses="0" visitedMethods="1" numMethods="1" />
              <MetadataToken>100663322</MetadataToken>
              <Name>System.Void Puzzle.Core.Multitenancy.Internal.ConfigureMultitenantServicesBuilder`1::.ctor(System.Reflection.MethodInfo)</Name>
              <FileRef uid="6" />
              <SequencePoints>
                <SequencePoint vc="28" uspid="113" ordinal="0" offset="0" sl="10" sc="9" el="10" ec="73" bec="0" bev="0" fileid="6" />
                <SequencePoint vc="28" uspid="114" ordinal="1" offset="7" sl="11" sc="9" el="11" ec="10" bec="0" bev="0" fileid="6" />
                <SequencePoint vc="28" uspid="115" ordinal="2" offset="8" sl="12" sc="13" el="12" ec="36" bec="0" bev="0" fileid="6" />
                <SequencePoint vc="28" uspid="116" ordinal="3" offset="15" sl="13" sc="9" el="13" ec="10" bec="0" bev="0" fileid="6" />
              </SequencePoints>
              <BranchPoints />
              <MethodPoint xsi:type="SequencePoint" vc="28" uspid="113" ordinal="0" offset="0" sl="10" sc="9" el="10" ec="73" bec="0" bev="0" fileid="6" />
            </Method>
            <Method visited="true" cyclomaticComplexity="1" nPathComplexity="0" sequenceCoverage="100" branchCoverage="100" isConstructor="false" isStatic="false" isGetter="false" isSetter="false">
              <Summary numSequencePoints="1" visitedSequencePoints="1" numBranchPoints="1" visitedBranchPoints="1" sequenceCoverage="100" branchCoverage="100" maxCyclomaticComplexity="1" minCyclomaticComplexity="1" visitedClasses="0" numClasses="0" visitedMethods="1" numMethods="1" />
              <MetadataToken>100663324</MetadataToken>
              <Name>System.Action`2&lt;Microsoft.Extensions.DependencyInjection.IServiceCollection,TTenant&gt; Puzzle.Core.Multitenancy.Internal.ConfigureMultitenantServicesBuilder`1::Build(System.Object)</Name>
              <FileRef uid="6" />
              <SequencePoints>
                <SequencePoint vc="28" uspid="117" ordinal="0" offset="20" sl="17" sc="78" el="17" ec="134" bec="0" bev="0" fileid="6" />
              </SequencePoints>
              <BranchPoints />
              <MethodPoint vc="28" uspid="118" ordinal="0" offset="0" />
            </Method>
            <Method visited="true" cyclomaticComplexity="1" nPathComplexity="0" sequenceCoverage="100" branchCoverage="100" isConstructor="false" isStatic="false" isGetter="false" isSetter="false">
              <Summary numSequencePoints="4" visitedSequencePoints="4" numBranchPoints="1" visitedBranchPoints="1" sequenceCoverage="100" branchCoverage="100" maxCyclomaticComplexity="1" minCyclomaticComplexity="1" visitedClasses="0" numClasses="0" visitedMethods="1" numMethods="1" />
              <MetadataToken>100663325</MetadataToken>
              <Name>Microsoft.Extensions.DependencyInjection.IServiceCollection Puzzle.Core.Multitenancy.Internal.ConfigureMultitenantServicesBuilder`1::Invoke(System.Object,Microsoft.Extensions.DependencyInjection.IServiceCollection,TTenant)</Name>
              <FileRef uid="6" />
              <SequencePoints>
                <SequencePoint vc="32" uspid="119" ordinal="0" offset="0" sl="20" sc="9" el="20" ec="10" bec="0" bev="0" fileid="6" />
                <SequencePoint vc="32" uspid="120" ordinal="1" offset="1" sl="21" sc="13" el="21" ec="52" bec="0" bev="0" fileid="6" />
                <SequencePoint vc="28" uspid="121" ordinal="2" offset="11" sl="22" sc="13" el="22" ec="29" bec="0" bev="0" fileid="6" />
                <SequencePoint vc="28" uspid="122" ordinal="3" offset="15" sl="23" sc="9" el="23" ec="10" bec="0" bev="0" fileid="6" />
              </SequencePoints>
              <BranchPoints />
              <MethodPoint xsi:type="SequencePoint" vc="32" uspid="119" ordinal="0" offset="0" sl="20" sc="9" el="20" ec="10" bec="0" bev="0" fileid="6" />
            </Method>
            <Method visited="true" cyclomaticComplexity="6" nPathComplexity="8" sequenceCoverage="100" branchCoverage="85.71" isConstructor="false" isStatic="false" isGetter="false" isSetter="false">
              <Summary numSequencePoints="16" visitedSequencePoints="16" numBranchPoints="7" visitedBranchPoints="6" sequenceCoverage="100" branchCoverage="85.71" maxCyclomaticComplexity="6" minCyclomaticComplexity="6" visitedClasses="0" numClasses="0" visitedMethods="1" numMethods="1" />
              <MetadataToken>100663326</MetadataToken>
              <Name>System.Void Puzzle.Core.Multitenancy.Internal.ConfigureMultitenantServicesBuilder`1::InvokeCore(System.Object,Microsoft.Extensions.DependencyInjection.IServiceCollection,TTenant)</Name>
              <FileRef uid="6" />
              <SequencePoints>
                <SequencePoint vc="32" uspid="123" ordinal="0" offset="0" sl="26" sc="9" el="26" ec="10" bec="0" bev="0" fileid="6" />
                <SequencePoint vc="32" uspid="124" ordinal="1" offset="1" sl="27" sc="13" el="27" ec="36" bec="2" bev="2" fileid="6" />
                <SequencePoint vc="12" uspid="125" ordinal="2" offset="17" sl="28" sc="13" el="28" ec="14" bec="0" bev="0" fileid="6" />
                <SequencePoint vc="12" uspid="126" ordinal="3" offset="18" sl="29" sc="17" el="29" ec="24" bec="0" bev="0" fileid="6" />
                <SequencePoint vc="20" uspid="127" ordinal="4" offset="23" sl="33" sc="13" el="33" ec="69" bec="0" bev="0" fileid="6" />
                <SequencePoint vc="20" uspid="128" ordinal="5" offset="35" sl="34" sc="13" el="35" ec="130" bec="2" bev="2" fileid="6" />
                <SequencePoint vc="4" uspid="129" ordinal="6" offset="85" sl="36" sc="13" el="36" ec="14" bec="0" bev="0" fileid="6" />
                <SequencePoint vc="4" uspid="130" ordinal="7" offset="86" sl="37" sc="17" el="37" ec="179" bec="0" bev="0" fileid="6" />
                <SequencePoint vc="16" uspid="131" ordinal="8" offset="97" sl="40" sc="13" el="40" ec="80" bec="0" bev="0" fileid="6" />
                <SequencePoint vc="16" uspid="132" ordinal="9" offset="116" sl="42" sc="13" el="42" ec="39" bec="2" bev="1" fileid="6" />
                <SequencePoint vc="16" uspid="133" ordinal="10" offset="127" sl="43" sc="13" el="43" ec="14" bec="0" bev="0" fileid="6" />
                <SequencePoint vc="16" uspid="134" ordinal="11" offset="128" sl="44" sc="17" el="44" ec="41" bec="0" bev="0" fileid="6" />
                <SequencePoint vc="16" uspid="135" ordinal="12" offset="132" sl="45" sc="17" el="45" ec="39" bec="0" bev="0" fileid="6" />
                <SequencePoint vc="16" uspid="136" ordinal="13" offset="141" sl="46" sc="13" el="46" ec="14" bec="0" bev="0" fileid="6" />
                <SequencePoint vc="16" uspid="137" ordinal="14" offset="142" sl="48" sc="13" el="48" ec="52" bec="0" bev="0" fileid="6" />
                <SequencePoint vc="28" uspid="138" ordinal="15" offset="156" sl="49" sc="9" el="49" ec="10" bec="0" bev="0" fileid="6" />
              </SequencePoints>
              <BranchPoints>
                <BranchPoint vc="12" uspid="139" ordinal="0" offset="15" sl="27" path="0" offsetend="17" fileid="6" />
                <BranchPoint vc="20" uspid="140" ordinal="1" offset="15" sl="27" path="1" offsetend="23" fileid="6" />
                <BranchPoint vc="4" uspid="145" ordinal="6" offset="83" sl="34" path="0" offsetend="85" fileid="6" />
                <BranchPoint vc="16" uspid="146" ordinal="7" offset="83" sl="34" path="1" offsetend="97" fileid="6" />
                <BranchPoint vc="16" uspid="147" ordinal="8" offset="125" sl="42" path="0" offsetend="127" fileid="6" />
                <BranchPoint vc="0" uspid="148" ordinal="9" offset="125" sl="42" path="1" offsetend="142" fileid="6" />
              </BranchPoints>
              <MethodPoint xsi:type="SequencePoint" vc="32" uspid="123" ordinal="0" offset="0" sl="26" sc="9" el="26" ec="10" bec="0" bev="0" fileid="6" />
            </Method>
          </Methods>
        </Class>
        <Class>
          <Summary numSequencePoints="1" visitedSequencePoints="1" numBranchPoints="1" visitedBranchPoints="1" sequenceCoverage="100" branchCoverage="100" maxCyclomaticComplexity="1" minCyclomaticComplexity="1" visitedClasses="1" numClasses="1" visitedMethods="1" numMethods="1" />
          <FullName>Puzzle.Core.Multitenancy.Internal.ConfigureMultitenantServicesBuilder`1/&lt;&gt;c__DisplayClass4_0</FullName>
          <Methods>
            <Method visited="true" cyclomaticComplexity="1" nPathComplexity="0" sequenceCoverage="0" branchCoverage="0" isConstructor="true" isStatic="false" isGetter="false" isSetter="false">
              <Summary numSequencePoints="0" visitedSequencePoints="0" numBranchPoints="0" visitedBranchPoints="0" sequenceCoverage="0" branchCoverage="0" maxCyclomaticComplexity="1" minCyclomaticComplexity="1" visitedClasses="0" numClasses="0" visitedMethods="0" numMethods="0" />
              <MetadataToken>100663580</MetadataToken>
              <Name>System.Void Puzzle.Core.Multitenancy.Internal.ConfigureMultitenantServicesBuilder`1/&lt;&gt;c__DisplayClass4_0::.ctor()</Name>
              <SequencePoints />
              <BranchPoints />
              <MethodPoint vc="28" uspid="149" ordinal="0" offset="0" />
            </Method>
            <Method visited="true" cyclomaticComplexity="1" nPathComplexity="0" sequenceCoverage="100" branchCoverage="100" isConstructor="false" isStatic="false" isGetter="false" isSetter="false">
              <Summary numSequencePoints="1" visitedSequencePoints="1" numBranchPoints="1" visitedBranchPoints="1" sequenceCoverage="100" branchCoverage="100" maxCyclomaticComplexity="1" minCyclomaticComplexity="1" visitedClasses="0" numClasses="0" visitedMethods="1" numMethods="1" />
              <MetadataToken>100663581</MetadataToken>
              <Name>System.Void Puzzle.Core.Multitenancy.Internal.ConfigureMultitenantServicesBuilder`1/&lt;&gt;c__DisplayClass4_0::&lt;Build&gt;b__0(Microsoft.Extensions.DependencyInjection.IServiceCollection,TTenant)</Name>
              <FileRef uid="6" />
              <SequencePoints>
                <SequencePoint vc="32" uspid="150" ordinal="0" offset="0" sl="17" sc="100" el="17" ec="134" bec="0" bev="0" fileid="6" />
              </SequencePoints>
              <BranchPoints />
              <MethodPoint xsi:type="SequencePoint" vc="32" uspid="150" ordinal="0" offset="0" sl="17" sc="100" el="17" ec="134" bec="0" bev="0" fileid="6" />
            </Method>
          </Methods>
        </Class>
        <Class>
          <Summary numSequencePoints="1" visitedSequencePoints="1" numBranchPoints="1" visitedBranchPoints="1" sequenceCoverage="100" branchCoverage="100" maxCyclomaticComplexity="2" minCyclomaticComplexity="1" visitedClasses="1" numClasses="1" visitedMethods="1" numMethods="1" />
          <FullName>Puzzle.Core.Multitenancy.Internal.ConfigureMultitenantServicesBuilder`1/&lt;&gt;c</FullName>
          <Methods>
            <Method visited="true" cyclomaticComplexity="1" nPathComplexity="0" sequenceCoverage="0" branchCoverage="0" isConstructor="true" isStatic="true" isGetter="false" isSetter="false">
              <Summary numSequencePoints="0" visitedSequencePoints="0" numBranchPoints="0" visitedBranchPoints="0" sequenceCoverage="0" branchCoverage="0" maxCyclomaticComplexity="1" minCyclomaticComplexity="1" visitedClasses="0" numClasses="0" visitedMethods="0" numMethods="0" />
              <MetadataToken>100663582</MetadataToken>
              <Name>System.Void Puzzle.Core.Multitenancy.Internal.ConfigureMultitenantServicesBuilder`1/&lt;&gt;c::.cctor()</Name>
              <SequencePoints />
              <BranchPoints />
              <MethodPoint vc="2" uspid="151" ordinal="0" offset="0" />
            </Method>
            <Method visited="true" cyclomaticComplexity="1" nPathComplexity="0" sequenceCoverage="0" branchCoverage="0" isConstructor="true" isStatic="false" isGetter="false" isSetter="false">
              <Summary numSequencePoints="0" visitedSequencePoints="0" numBranchPoints="0" visitedBranchPoints="0" sequenceCoverage="0" branchCoverage="0" maxCyclomaticComplexity="1" minCyclomaticComplexity="1" visitedClasses="0" numClasses="0" visitedMethods="0" numMethods="0" />
              <MetadataToken>100663583</MetadataToken>
              <Name>System.Void Puzzle.Core.Multitenancy.Internal.ConfigureMultitenantServicesBuilder`1/&lt;&gt;c::.ctor()</Name>
              <SequencePoints />
              <BranchPoints />
              <MethodPoint vc="2" uspid="152" ordinal="0" offset="0" />
            </Method>
            <Method visited="true" cyclomaticComplexity="2" nPathComplexity="0" sequenceCoverage="100" branchCoverage="100" isConstructor="false" isStatic="false" isGetter="false" isSetter="false">
              <Summary numSequencePoints="1" visitedSequencePoints="1" numBranchPoints="1" visitedBranchPoints="1" sequenceCoverage="100" branchCoverage="100" maxCyclomaticComplexity="2" minCyclomaticComplexity="2" visitedClasses="0" numClasses="0" visitedMethods="1" numMethods="1" />
              <MetadataToken>100663584</MetadataToken>
              <Name>System.Boolean Puzzle.Core.Multitenancy.Internal.ConfigureMultitenantServicesBuilder`1/&lt;&gt;c::&lt;InvokeCore&gt;b__6_0(System.Reflection.ParameterInfo)</Name>
              <FileRef uid="6" />
              <SequencePoints>
                <SequencePoint vc="36" uspid="153" ordinal="0" offset="0" sl="35" sc="41" el="35" ec="128" bec="0" bev="0" fileid="6" />
              </SequencePoints>
              <BranchPoints />
              <MethodPoint xsi:type="SequencePoint" vc="36" uspid="153" ordinal="0" offset="0" sl="35" sc="41" el="35" ec="128" bec="0" bev="0" fileid="6" />
            </Method>
          </Methods>
        </Class>
        <Class>
          <Summary numSequencePoints="34" visitedSequencePoints="30" numBranchPoints="7" visitedBranchPoints="5" sequenceCoverage="88.24" branchCoverage="71.43" maxCyclomaticComplexity="3" minCyclomaticComplexity="1" visitedClasses="1" numClasses="1" visitedMethods="3" numMethods="3" />
          <FullName>Puzzle.Core.Multitenancy.Internal.ConventionMultitenantBasedStartup`1</FullName>
          <Methods>
            <Method visited="true" cyclomaticComplexity="1" nPathComplexity="0" sequenceCoverage="100" branchCoverage="100" isConstructor="true" isStatic="false" isGetter="false" isSetter="false">
              <Summary numSequencePoints="5" visitedSequencePoints="5" numBranchPoints="1" visitedBranchPoints="1" sequenceCoverage="100" branchCoverage="100" maxCyclomaticComplexity="1" minCyclomaticComplexity="1" visitedClasses="0" numClasses="0" visitedMethods="1" numMethods="1" />
              <MetadataToken>100663327</MetadataToken>
              <Name>System.Void Puzzle.Core.Multitenancy.Internal.ConventionMultitenantBasedStartup`1::.ctor(Puzzle.Core.Multitenancy.Internal.StartupMethodsMultitenant`1&lt;TTenant&gt;)</Name>
              <FileRef uid="9" />
              <SequencePoints>
                <SequencePoint vc="28" uspid="156" ordinal="0" offset="0" sl="17" sc="9" el="17" ec="93" bec="0" bev="0" fileid="9" />
                <SequencePoint vc="28" uspid="157" ordinal="1" offset="7" sl="18" sc="9" el="18" ec="10" bec="0" bev="0" fileid="9" />
                <SequencePoint vc="28" uspid="158" ordinal="2" offset="8" sl="19" sc="13" el="19" ec="60" bec="0" bev="0" fileid="9" />
                <SequencePoint vc="28" uspid="159" ordinal="3" offset="23" sl="21" sc="13" el="21" ec="36" bec="0" bev="0" fileid="9" />
                <SequencePoint vc="28" uspid="160" ordinal="4" offset="30" sl="22" sc="9" el="22" ec="10" bec="0" bev="0" fileid="9" />
              </SequencePoints>
              <BranchPoints />
              <MethodPoint xsi:type="SequencePoint" vc="28" uspid="156" ordinal="0" offset="0" sl="17" sc="9" el="17" ec="93" bec="0" bev="0" fileid="9" />
            </Method>
            <Method visited="true" cyclomaticComplexity="2" nPathComplexity="2" sequenceCoverage="83.33" branchCoverage="66.67" isConstructor="false" isStatic="false" isGetter="false" isSetter="false">
              <Summary numSequencePoints="12" visitedSequencePoints="10" numBranchPoints="3" visitedBranchPoints="2" sequenceCoverage="83.33" branchCoverage="66.67" maxCyclomaticComplexity="2" minCyclomaticComplexity="2" visitedClasses="0" numClasses="0" visitedMethods="1" numMethods="1" />
              <MetadataToken>100663328</MetadataToken>
              <Name>System.Void Puzzle.Core.Multitenancy.Internal.ConventionMultitenantBasedStartup`1::Configure(Microsoft.AspNetCore.Builder.IApplicationBuilder)</Name>
              <FileRef uid="9" />
              <SequencePoints>
                <SequencePoint vc="24" uspid="161" ordinal="0" offset="0" sl="25" sc="9" el="25" ec="10" bec="0" bev="0" fileid="9" />
                <SequencePoint vc="24" uspid="162" ordinal="1" offset="1" sl="27" sc="13" el="27" ec="14" bec="0" bev="0" fileid="9" />
                <SequencePoint vc="24" uspid="163" ordinal="2" offset="2" sl="28" sc="17" el="28" ec="48" bec="0" bev="0" fileid="9" />
                <SequencePoint vc="20" uspid="164" ordinal="3" offset="20" sl="29" sc="13" el="29" ec="14" bec="0" bev="0" fileid="9" />
                <SequencePoint vc="4" uspid="165" ordinal="4" offset="23" sl="30" sc="13" el="30" ec="33" bec="0" bev="0" fileid="9" />
                <SequencePoint vc="4" uspid="166" ordinal="5" offset="24" sl="31" sc="13" el="31" ec="14" bec="0" bev="0" fileid="9" />
                <SequencePoint vc="4" uspid="167" ordinal="6" offset="25" sl="32" sc="17" el="32" ec="53" bec="2" bev="1" fileid="9" />
                <SequencePoint vc="4" uspid="168" ordinal="7" offset="38" sl="33" sc="17" el="33" ec="18" bec="0" bev="0" fileid="9" />
                <SequencePoint vc="4" uspid="169" ordinal="8" offset="39" sl="34" sc="21" el="34" ec="78" bec="0" bev="0" fileid="9" />
                <SequencePoint vc="0" uspid="170" ordinal="9" offset="56" sl="35" sc="17" el="35" ec="18" bec="0" bev="0" fileid="9" />
                <SequencePoint vc="0" uspid="171" ordinal="10" offset="57" sl="37" sc="17" el="37" ec="23" bec="0" bev="0" fileid="9" />
                <SequencePoint vc="20" uspid="172" ordinal="11" offset="59" sl="39" sc="9" el="39" ec="10" bec="0" bev="0" fileid="9" />
              </SequencePoints>
              <BranchPoints>
                <BranchPoint vc="4" uspid="173" ordinal="0" offset="36" sl="32" path="0" offsetend="38" fileid="9" />
                <BranchPoint vc="0" uspid="174" ordinal="1" offset="36" sl="32" path="1" offsetend="57" fileid="9" />
              </BranchPoints>
              <MethodPoint xsi:type="SequencePoint" vc="24" uspid="161" ordinal="0" offset="0" sl="25" sc="9" el="25" ec="10" bec="0" bev="0" fileid="9" />
            </Method>
            <Method visited="true" cyclomaticComplexity="3" nPathComplexity="2" sequenceCoverage="88.24" branchCoverage="66.67" isConstructor="false" isStatic="false" isGetter="false" isSetter="false">
              <Summary numSequencePoints="17" visitedSequencePoints="15" numBranchPoints="3" visitedBranchPoints="2" sequenceCoverage="88.24" branchCoverage="66.67" maxCyclomaticComplexity="3" minCyclomaticComplexity="3" visitedClasses="0" numClasses="0" visitedMethods="1" numMethods="1" />
              <MetadataToken>100663329</MetadataToken>
              <Name>System.IServiceProvider Puzzle.Core.Multitenancy.Internal.ConventionMultitenantBasedStartup`1::ConfigureServices(Microsoft.Extensions.DependencyInjection.IServiceCollection)</Name>
              <FileRef uid="9" />
              <SequencePoints>
                <SequencePoint vc="28" uspid="175" ordinal="0" offset="20" sl="42" sc="9" el="42" ec="10" bec="0" bev="0" fileid="9" />
                <SequencePoint vc="28" uspid="176" ordinal="1" offset="21" sl="44" sc="13" el="44" ec="14" bec="0" bev="0" fileid="9" />
                <SequencePoint vc="28" uspid="177" ordinal="2" offset="22" sl="45" sc="24" el="45" ec="113" bec="0" bev="0" fileid="9" />
                <SequencePoint vc="24" uspid="178" ordinal="3" offset="63" sl="46" sc="17" el="46" ec="18" bec="0" bev="0" fileid="9" />
                <SequencePoint vc="24" uspid="179" ordinal="4" offset="64" sl="47" sc="21" el="47" ec="143" bec="0" bev="0" fileid="9" />
                <SequencePoint vc="24" uspid="180" ordinal="5" offset="76" sl="48" sc="21" el="51" ec="24" bec="0" bev="0" fileid="9" />
                <SequencePoint vc="24" uspid="181" ordinal="6" offset="105" sl="52" sc="17" el="52" ec="18" bec="0" bev="0" fileid="9" />
                <SequencePoint vc="24" uspid="182" ordinal="7" offset="119" sl="54" sc="17" el="54" ec="96" bec="0" bev="0" fileid="9" />
                <SequencePoint vc="24" uspid="183" ordinal="8" offset="142" sl="55" sc="17" el="55" ec="40" bec="0" bev="0" fileid="9" />
                <SequencePoint vc="4" uspid="184" ordinal="9" offset="147" sl="57" sc="13" el="57" ec="33" bec="0" bev="0" fileid="9" />
                <SequencePoint vc="4" uspid="185" ordinal="10" offset="149" sl="58" sc="13" el="58" ec="14" bec="0" bev="0" fileid="9" />
                <SequencePoint vc="4" uspid="186" ordinal="11" offset="150" sl="59" sc="17" el="59" ec="53" bec="2" bev="1" fileid="9" />
                <SequencePoint vc="4" uspid="187" ordinal="12" offset="166" sl="60" sc="17" el="60" ec="18" bec="0" bev="0" fileid="9" />
                <SequencePoint vc="4" uspid="188" ordinal="13" offset="167" sl="61" sc="21" el="61" ec="78" bec="0" bev="0" fileid="9" />
                <SequencePoint vc="0" uspid="189" ordinal="14" offset="185" sl="62" sc="17" el="62" ec="18" bec="0" bev="0" fileid="9" />
                <SequencePoint vc="0" uspid="190" ordinal="15" offset="186" sl="64" sc="17" el="64" ec="23" bec="0" bev="0" fileid="9" />
                <SequencePoint vc="24" uspid="191" ordinal="16" offset="188" sl="66" sc="9" el="66" ec="10" bec="0" bev="0" fileid="9" />
              </SequencePoints>
              <BranchPoints>
                <BranchPoint vc="4" uspid="192" ordinal="0" offset="164" sl="59" path="0" offsetend="166" fileid="9" />
                <BranchPoint vc="0" uspid="193" ordinal="1" offset="164" sl="59" path="1" offsetend="186" fileid="9" />
              </BranchPoints>
              <MethodPoint vc="28" uspid="194" ordinal="0" offset="0" />
            </Method>
          </Methods>
        </Class>
        <Class>
          <Summary numSequencePoints="0" visitedSequencePoints="0" numBranchPoints="0" visitedBranchPoints="0" sequenceCoverage="0" branchCoverage="0" maxCyclomaticComplexity="1" minCyclomaticComplexity="1" visitedClasses="0" numClasses="0" visitedMethods="0" numMethods="0" />
          <FullName>Puzzle.Core.Multitenancy.Internal.ConventionMultitenantBasedStartup`1/&lt;&gt;c__DisplayClass3_0</FullName>
          <Methods>
            <Method visited="true" cyclomaticComplexity="1" nPathComplexity="0" sequenceCoverage="0" branchCoverage="0" isConstructor="true" isStatic="false" isGetter="false" isSetter="false">
              <Summary numSequencePoints="0" visitedSequencePoints="0" numBranchPoints="0" visitedBranchPoints="0" sequenceCoverage="0" branchCoverage="0" maxCyclomaticComplexity="1" minCyclomaticComplexity="1" visitedClasses="0" numClasses="0" visitedMethods="0" numMethods="0" />
              <MetadataToken>100663585</MetadataToken>
              <Name>System.Void Puzzle.Core.Multitenancy.Internal.ConventionMultitenantBasedStartup`1/&lt;&gt;c__DisplayClass3_0::.ctor()</Name>
              <SequencePoints />
              <BranchPoints />
              <MethodPoint vc="28" uspid="195" ordinal="0" offset="0" />
            </Method>
          </Methods>
        </Class>
        <Class>
          <Summary numSequencePoints="3" visitedSequencePoints="3" numBranchPoints="1" visitedBranchPoints="1" sequenceCoverage="100" branchCoverage="100" maxCyclomaticComplexity="1" minCyclomaticComplexity="1" visitedClasses="1" numClasses="1" visitedMethods="1" numMethods="1" />
          <FullName>Puzzle.Core.Multitenancy.Internal.ConventionMultitenantBasedStartup`1/&lt;&gt;c__DisplayClass3_1</FullName>
          <Methods>
            <Method visited="true" cyclomaticComplexity="1" nPathComplexity="0" sequenceCoverage="0" branchCoverage="0" isConstructor="true" isStatic="false" isGetter="false" isSetter="false">
              <Summary numSequencePoints="0" visitedSequencePoints="0" numBranchPoints="0" visitedBranchPoints="0" sequenceCoverage="0" branchCoverage="0" maxCyclomaticComplexity="1" minCyclomaticComplexity="1" visitedClasses="0" numClasses="0" visitedMethods="0" numMethods="0" />
              <MetadataToken>100663586</MetadataToken>
              <Name>System.Void Puzzle.Core.Multitenancy.Internal.ConventionMultitenantBasedStartup`1/&lt;&gt;c__DisplayClass3_1::.ctor()</Name>
              <SequencePoints />
              <BranchPoints />
              <MethodPoint vc="24" uspid="196" ordinal="0" offset="0" />
            </Method>
            <Method visited="true" cyclomaticComplexity="1" nPathComplexity="0" sequenceCoverage="100" branchCoverage="100" isConstructor="false" isStatic="false" isGetter="false" isSetter="false">
              <Summary numSequencePoints="3" visitedSequencePoints="3" numBranchPoints="1" visitedBranchPoints="1" sequenceCoverage="100" branchCoverage="100" maxCyclomaticComplexity="1" minCyclomaticComplexity="1" visitedClasses="0" numClasses="0" visitedMethods="1" numMethods="1" />
              <MetadataToken>100663587</MetadataToken>
              <Name>Puzzle.Core.Multitenancy.Internal.IServiceFactoryForMultitenancy`1&lt;TTenant&gt; Puzzle.Core.Multitenancy.Internal.ConventionMultitenantBasedStartup`1/&lt;&gt;c__DisplayClass3_1::&lt;ConfigureServices&gt;b__0(System.IServiceProvider)</Name>
              <FileRef uid="9" />
              <SequencePoints>
                <SequencePoint vc="24" uspid="197" ordinal="0" offset="0" sl="49" sc="21" el="49" ec="22" bec="0" bev="0" fileid="9" />
                <SequencePoint vc="24" uspid="198" ordinal="1" offset="1" sl="50" sc="25" el="50" ec="153" bec="0" bev="0" fileid="9" />
                <SequencePoint vc="24" uspid="199" ordinal="2" offset="52" sl="51" sc="21" el="51" ec="22" bec="0" bev="0" fileid="9" />
              </SequencePoints>
              <BranchPoints />
              <MethodPoint xsi:type="SequencePoint" vc="24" uspid="197" ordinal="0" offset="0" sl="49" sc="21" el="49" ec="22" bec="0" bev="0" fileid="9" />
            </Method>
          </Methods>
        </Class>
        <Class>
          <Summary numSequencePoints="77" visitedSequencePoints="67" numBranchPoints="17" visitedBranchPoints="13" sequenceCoverage="87.01" branchCoverage="76.47" maxCyclomaticComplexity="9" minCyclomaticComplexity="1" visitedClasses="1" numClasses="1" visitedMethods="10" numMethods="11" />
          <FullName>Puzzle.Core.Multitenancy.Internal.ServiceFactoryForMultitenancy`1</FullName>
          <Methods>
            <Method skippedDueTo="AutoImplementedProperty" visited="false" cyclomaticComplexity="1" nPathComplexity="0" sequenceCoverage="0" branchCoverage="0" isConstructor="false" isStatic="false" isGetter="true" isSetter="false">
              <MetadataToken>100663333</MetadataToken>
              <Name>Microsoft.Extensions.DependencyInjection.IServiceCollection Puzzle.Core.Multitenancy.Internal.ServiceFactoryForMultitenancy`1::get_Services()</Name>
              <FileRef uid="11" />
              <SequencePoints />
              <BranchPoints />
            </Method>
            <Method skippedDueTo="AutoImplementedProperty" visited="false" cyclomaticComplexity="1" nPathComplexity="0" sequenceCoverage="0" branchCoverage="0" isConstructor="false" isStatic="false" isGetter="true" isSetter="false">
              <MetadataToken>100663334</MetadataToken>
              <Name>System.Action`2&lt;Microsoft.Extensions.DependencyInjection.IServiceCollection,TTenant&gt; Puzzle.Core.Multitenancy.Internal.ServiceFactoryForMultitenancy`1::get_ConfigurePerTenantServicesDelegate()</Name>
              <FileRef uid="11" />
              <SequencePoints />
              <BranchPoints />
            </Method>
            <Method skippedDueTo="AutoImplementedProperty" visited="false" cyclomaticComplexity="1" nPathComplexity="0" sequenceCoverage="0" branchCoverage="0" isConstructor="false" isStatic="true" isGetter="true" isSetter="false">
              <MetadataToken>100663335</MetadataToken>
              <Name>Puzzle.Core.Multitenancy.Internal.ServiceFactoryForMultitenancy`1/LazyConcurrentDictionary`2&lt;TTenant,System.String,System.IServiceProvider&gt; Puzzle.Core.Multitenancy.Internal.ServiceFactoryForMultitenancy`1::get_Cache()</Name>
              <FileRef uid="11" />
              <SequencePoints />
              <BranchPoints />
            </Method>
            <Method visited="true" cyclomaticComplexity="3" nPathComplexity="0" sequenceCoverage="100" branchCoverage="100" isConstructor="true" isStatic="false" isGetter="false" isSetter="false">
              <Summary numSequencePoints="7" visitedSequencePoints="7" numBranchPoints="1" visitedBranchPoints="1" sequenceCoverage="100" branchCoverage="100" maxCyclomaticComplexity="3" minCyclomaticComplexity="3" visitedClasses="0" numClasses="0" visitedMethods="1" numMethods="1" />
              <MetadataToken>100663331</MetadataToken>
              <Name>System.Void Puzzle.Core.Multitenancy.Internal.ServiceFactoryForMultitenancy`1::.ctor(Microsoft.Extensions.DependencyInjection.IServiceCollection,System.Action`2&lt;Microsoft.Extensions.DependencyInjection.IServiceCollection,TTenant&gt;,Microsoft.Extensions.Options.IOptionsMonitor`1&lt;Puzzle.Core.Multitenancy.Internal.Options.MultitenancyOptions&gt;)</Name>
              <FileRef uid="11" />
              <SequencePoints>
                <SequencePoint vc="24" uspid="200" ordinal="0" offset="0" sl="27" sc="15" el="27" ec="21" bec="0" bev="0" fileid="11" />
                <SequencePoint vc="24" uspid="201" ordinal="1" offset="7" sl="28" sc="9" el="28" ec="10" bec="0" bev="0" fileid="11" />
                <SequencePoint vc="24" uspid="202" ordinal="2" offset="8" sl="29" sc="13" el="29" ec="140" bec="0" bev="0" fileid="11" />
                <SequencePoint vc="24" uspid="203" ordinal="3" offset="40" sl="30" sc="13" el="33" ec="16" bec="0" bev="0" fileid="11" />
                <SequencePoint vc="24" uspid="204" ordinal="4" offset="83" sl="34" sc="13" el="34" ec="33" bec="0" bev="0" fileid="11" />
                <SequencePoint vc="24" uspid="205" ordinal="5" offset="90" sl="35" sc="13" el="35" ec="85" bec="0" bev="0" fileid="11" />
                <SequencePoint vc="24" uspid="206" ordinal="6" offset="97" sl="36" sc="9" el="36" ec="10" bec="0" bev="0" fileid="11" />
              </SequencePoints>
              <BranchPoints />
              <MethodPoint xsi:type="SequencePoint" vc="24" uspid="200" ordinal="0" offset="0" sl="27" sc="15" el="27" ec="21" bec="0" bev="0" fileid="11" />
            </Method>
            <Method visited="true" cyclomaticComplexity="1" nPathComplexity="0" sequenceCoverage="100" branchCoverage="100" isConstructor="true" isStatic="false" isGetter="false" isSetter="false">
              <Summary numSequencePoints="3" visitedSequencePoints="3" numBranchPoints="1" visitedBranchPoints="1" sequenceCoverage="100" branchCoverage="100" maxCyclomaticComplexity="1" minCyclomaticComplexity="1" visitedClasses="0" numClasses="0" visitedMethods="1" numMethods="1" />
              <MetadataToken>100663332</MetadataToken>
              <Name>System.Void Puzzle.Core.Multitenancy.Internal.ServiceFactoryForMultitenancy`1::.ctor()</Name>
              <FileRef uid="11" />
              <SequencePoints>
                <SequencePoint vc="24" uspid="211" ordinal="0" offset="0" sl="38" sc="9" el="38" ec="48" bec="0" bev="0" fileid="11" />
                <SequencePoint vc="24" uspid="212" ordinal="1" offset="7" sl="39" sc="9" el="39" ec="10" bec="0" bev="0" fileid="11" />
                <SequencePoint vc="24" uspid="213" ordinal="2" offset="8" sl="40" sc="9" el="40" ec="10" bec="0" bev="0" fileid="11" />
              </SequencePoints>
              <BranchPoints />
              <MethodPoint xsi:type="SequencePoint" vc="24" uspid="211" ordinal="0" offset="0" sl="38" sc="9" el="38" ec="48" bec="0" bev="0" fileid="11" />
            </Method>
            <Method visited="true" cyclomaticComplexity="1" nPathComplexity="0" sequenceCoverage="100" branchCoverage="100" isConstructor="false" isStatic="false" isGetter="false" isSetter="false">
              <Summary numSequencePoints="5" visitedSequencePoints="5" numBranchPoints="1" visitedBranchPoints="1" sequenceCoverage="100" branchCoverage="100" maxCyclomaticComplexity="1" minCyclomaticComplexity="1" visitedClasses="0" numClasses="0" visitedMethods="1" numMethods="1" />
              <MetadataToken>100663336</MetadataToken>
              <Name>System.IServiceProvider Puzzle.Core.Multitenancy.Internal.ServiceFactoryForMultitenancy`1::Build(Puzzle.Core.Multitenancy.TenantContext`1&lt;TTenant&gt;)</Name>
              <FileRef uid="11" />
              <SequencePoints>
                <SequencePoint vc="58" uspid="214" ordinal="0" offset="20" sl="49" sc="9" el="49" ec="10" bec="0" bev="0" fileid="11" />
                <SequencePoint vc="58" uspid="215" ordinal="1" offset="21" sl="50" sc="13" el="50" ec="43" bec="0" bev="0" fileid="11" />
                <SequencePoint vc="58" uspid="216" ordinal="2" offset="33" sl="52" sc="13" el="62" ec="16" bec="0" bev="0" fileid="11" />
                <SequencePoint vc="54" uspid="217" ordinal="3" offset="57" sl="64" sc="13" el="64" ec="26" bec="0" bev="0" fileid="11" />
                <SequencePoint vc="54" uspid="218" ordinal="4" offset="61" sl="65" sc="9" el="65" ec="10" bec="0" bev="0" fileid="11" />
              </SequencePoints>
              <BranchPoints />
              <MethodPoint vc="58" uspid="219" ordinal="0" offset="0" />
            </Method>
            <Method visited="true" cyclomaticComplexity="2" nPathComplexity="2" sequenceCoverage="57.14" branchCoverage="66.67" isConstructor="false" isStatic="true" isGetter="false" isSetter="false">
              <Summary numSequencePoints="7" visitedSequencePoints="4" numBranchPoints="3" visitedBranchPoints="2" sequenceCoverage="57.14" branchCoverage="66.67" maxCyclomaticComplexity="2" minCyclomaticComplexity="2" visitedClasses="0" numClasses="0" visitedMethods="1" numMethods="1" />
              <MetadataToken>100663337</MetadataToken>
              <Name>System.Void Puzzle.Core.Multitenancy.Internal.ServiceFactoryForMultitenancy`1::CreateFolderIfNotExist(System.String)</Name>
              <FileRef uid="11" />
              <SequencePoints>
                <SequencePoint vc="64" uspid="220" ordinal="0" offset="0" sl="68" sc="9" el="68" ec="10" bec="0" bev="0" fileid="11" />
                <SequencePoint vc="64" uspid="221" ordinal="1" offset="1" sl="69" sc="13" el="69" ec="31" bec="0" bev="0" fileid="11" />
                <SequencePoint vc="64" uspid="222" ordinal="2" offset="3" sl="70" sc="13" el="70" ec="40" bec="2" bev="1" fileid="11" />
                <SequencePoint vc="0" uspid="223" ordinal="3" offset="16" sl="71" sc="13" el="71" ec="14" bec="0" bev="0" fileid="11" />
                <SequencePoint vc="0" uspid="224" ordinal="4" offset="17" sl="72" sc="17" el="72" ec="48" bec="0" bev="0" fileid="11" />
                <SequencePoint vc="0" uspid="225" ordinal="5" offset="24" sl="73" sc="13" el="73" ec="14" bec="0" bev="0" fileid="11" />
                <SequencePoint vc="64" uspid="226" ordinal="6" offset="25" sl="74" sc="9" el="74" ec="10" bec="0" bev="0" fileid="11" />
              </SequencePoints>
              <BranchPoints>
                <BranchPoint vc="0" uspid="227" ordinal="0" offset="14" sl="70" path="0" offsetend="16" fileid="11" />
                <BranchPoint vc="64" uspid="228" ordinal="1" offset="14" sl="70" path="1" offsetend="25" fileid="11" />
              </BranchPoints>
              <MethodPoint xsi:type="SequencePoint" vc="64" uspid="220" ordinal="0" offset="0" sl="68" sc="9" el="68" ec="10" bec="0" bev="0" fileid="11" />
            </Method>
            <Method visited="true" cyclomaticComplexity="2" nPathComplexity="0" sequenceCoverage="100" branchCoverage="100" isConstructor="false" isStatic="false" isGetter="false" isSetter="false">
              <Summary numSequencePoints="7" visitedSequencePoints="7" numBranchPoints="1" visitedBranchPoints="1" sequenceCoverage="100" branchCoverage="100" maxCyclomaticComplexity="2" minCyclomaticComplexity="2" visitedClasses="0" numClasses="0" visitedMethods="1" numMethods="1" />
              <MetadataToken>100663338</MetadataToken>
              <Name>System.Void Puzzle.Core.Multitenancy.Internal.ServiceFactoryForMultitenancy`1::BuildAddTenantServiceCollection(Microsoft.Extensions.DependencyInjection.IServiceCollection,TTenant)</Name>
              <FileRef uid="11" />
              <SequencePoints>
                <SequencePoint vc="32" uspid="229" ordinal="0" offset="0" sl="77" sc="9" el="77" ec="10" bec="0" bev="0" fileid="11" />
                <SequencePoint vc="32" uspid="230" ordinal="1" offset="1" sl="78" sc="20" el="78" ec="85" bec="0" bev="0" fileid="11" />
                <SequencePoint vc="32" uspid="231" ordinal="2" offset="8" sl="79" sc="13" el="79" ec="14" bec="0" bev="0" fileid="11" />
                <SequencePoint vc="32" uspid="232" ordinal="3" offset="9" sl="80" sc="17" el="80" ec="82" bec="0" bev="0" fileid="11" />
                <SequencePoint vc="32" uspid="233" ordinal="4" offset="18" sl="81" sc="17" el="81" ec="83" bec="0" bev="0" fileid="11" />
                <SequencePoint vc="32" uspid="234" ordinal="5" offset="28" sl="82" sc="13" el="82" ec="14" bec="0" bev="0" fileid="11" />
                <SequencePoint vc="32" uspid="235" ordinal="6" offset="42" sl="83" sc="9" el="83" ec="10" bec="0" bev="0" fileid="11" />
              </SequencePoints>
              <BranchPoints />
              <MethodPoint xsi:type="SequencePoint" vc="32" uspid="229" ordinal="0" offset="0" sl="77" sc="9" el="77" ec="10" bec="0" bev="0" fileid="11" />
            </Method>
            <Method visited="true" cyclomaticComplexity="1" nPathComplexity="0" sequenceCoverage="100" branchCoverage="100" isConstructor="false" isStatic="false" isGetter="false" isSetter="false">
              <Summary numSequencePoints="13" visitedSequencePoints="13" numBranchPoints="1" visitedBranchPoints="1" sequenceCoverage="100" branchCoverage="100" maxCyclomaticComplexity="1" minCyclomaticComplexity="1" visitedClasses="0" numClasses="0" visitedMethods="1" numMethods="1" />
              <MetadataToken>100663339</MetadataToken>
              <Name>Microsoft.AspNetCore.Hosting.IHostingEnvironment Puzzle.Core.Multitenancy.Internal.ServiceFactoryForMultitenancy`1::OverrideHostingEnvironnementForTenant(Microsoft.Extensions.DependencyInjection.IServiceCollection,Microsoft.Extensions.DependencyInjection.ServiceProvider)</Name>
              <FileRef uid="11" />
              <SequencePoints>
                <SequencePoint vc="32" uspid="236" ordinal="0" offset="6" sl="86" sc="9" el="86" ec="10" bec="0" bev="0" fileid="11" />
                <SequencePoint vc="32" uspid="237" ordinal="1" offset="7" sl="87" sc="13" el="87" ec="90" bec="0" bev="0" fileid="11" />
                <SequencePoint vc="32" uspid="238" ordinal="2" offset="19" sl="90" sc="13" el="90" ec="99" bec="0" bev="0" fileid="11" />
                <SequencePoint vc="32" uspid="239" ordinal="3" offset="41" sl="91" sc="13" el="91" ec="85" bec="0" bev="0" fileid="11" />
                <SequencePoint vc="32" uspid="240" ordinal="4" offset="63" sl="92" sc="13" el="92" ec="65" bec="0" bev="0" fileid="11" />
                <SequencePoint vc="32" uspid="241" ordinal="5" offset="70" sl="93" sc="13" el="93" ec="55" bec="0" bev="0" fileid="11" />
                <SequencePoint vc="32" uspid="242" ordinal="6" offset="77" sl="95" sc="13" el="95" ec="120" bec="0" bev="0" fileid="11" />
                <SequencePoint vc="32" uspid="243" ordinal="7" offset="84" sl="96" sc="13" el="96" ec="106" bec="0" bev="0" fileid="11" />
                <SequencePoint vc="32" uspid="244" ordinal="8" offset="92" sl="97" sc="13" el="97" ec="129" bec="0" bev="0" fileid="11" />
                <SequencePoint vc="32" uspid="245" ordinal="9" offset="133" sl="98" sc="13" el="98" ec="121" bec="0" bev="0" fileid="11" />
                <SequencePoint vc="32" uspid="246" ordinal="10" offset="175" sl="100" sc="13" el="100" ec="97" bec="0" bev="0" fileid="11" />
                <SequencePoint vc="32" uspid="247" ordinal="11" offset="196" sl="101" sc="13" el="101" ec="24" bec="0" bev="0" fileid="11" />
                <SequencePoint vc="32" uspid="248" ordinal="12" offset="206" sl="102" sc="9" el="102" ec="10" bec="0" bev="0" fileid="11" />
              </SequencePoints>
              <BranchPoints />
              <MethodPoint vc="32" uspid="249" ordinal="0" offset="0" />
            </Method>
            <Method visited="true" cyclomaticComplexity="1" nPathComplexity="0" sequenceCoverage="100" branchCoverage="100" isConstructor="false" isStatic="false" isGetter="false" isSetter="false">
              <Summary numSequencePoints="2" visitedSequencePoints="2" numBranchPoints="1" visitedBranchPoints="1" sequenceCoverage="100" branchCoverage="100" maxCyclomaticComplexity="1" minCyclomaticComplexity="1" visitedClasses="0" numClasses="0" visitedMethods="1" numMethods="1" />
              <MetadataToken>100663340</MetadataToken>
              <Name>System.Void Puzzle.Core.Multitenancy.Internal.ServiceFactoryForMultitenancy`1::OverrideLoggerFactoryForTenant(Microsoft.Extensions.DependencyInjection.IServiceCollection,Microsoft.Extensions.DependencyInjection.ServiceProvider,TTenant)</Name>
              <FileRef uid="11" />
              <SequencePoints>
                <SequencePoint vc="32" uspid="250" ordinal="0" offset="0" sl="105" sc="9" el="105" ec="10" bec="0" bev="0" fileid="11" />
                <SequencePoint vc="32" uspid="251" ordinal="1" offset="1" sl="109" sc="9" el="109" ec="10" bec="0" bev="0" fileid="11" />
              </SequencePoints>
              <BranchPoints />
              <MethodPoint xsi:type="SequencePoint" vc="32" uspid="250" ordinal="0" offset="0" sl="105" sc="9" el="105" ec="10" bec="0" bev="0" fileid="11" />
            </Method>
            <Method visited="true" cyclomaticComplexity="2" nPathComplexity="0" sequenceCoverage="100" branchCoverage="100" isConstructor="false" isStatic="false" isGetter="false" isSetter="false">
              <Summary numSequencePoints="7" visitedSequencePoints="7" numBranchPoints="1" visitedBranchPoints="1" sequenceCoverage="100" branchCoverage="100" maxCyclomaticComplexity="2" minCyclomaticComplexity="2" visitedClasses="0" numClasses="0" visitedMethods="1" numMethods="1" />
              <MetadataToken>100663341</MetadataToken>
              <Name>System.IServiceProvider Puzzle.Core.Multitenancy.Internal.ServiceFactoryForMultitenancy`1::GetProviderFromFactory(Microsoft.Extensions.DependencyInjection.IServiceCollection,Puzzle.Core.Multitenancy.TenantContext`1&lt;TTenant&gt;)</Name>
              <FileRef uid="11" />
              <SequencePoints>
                <SequencePoint vc="28" uspid="252" ordinal="0" offset="0" sl="112" sc="9" el="112" ec="10" bec="0" bev="0" fileid="11" />
                <SequencePoint vc="28" uspid="253" ordinal="1" offset="1" sl="113" sc="13" el="113" ec="79" bec="0" bev="0" fileid="11" />
                <SequencePoint vc="28" uspid="254" ordinal="2" offset="8" sl="114" sc="13" el="114" ec="134" bec="0" bev="0" fileid="11" />
                <SequencePoint vc="28" uspid="255" ordinal="3" offset="15" sl="116" sc="13" el="116" ec="29" bec="0" bev="0" fileid="11" />
                <SequencePoint vc="28" uspid="256" ordinal="4" offset="17" sl="117" sc="13" el="117" ec="14" bec="0" bev="0" fileid="11" />
                <SequencePoint vc="28" uspid="257" ordinal="5" offset="18" sl="118" sc="17" el="118" ec="94" bec="0" bev="0" fileid="11" />
                <SequencePoint vc="28" uspid="258" ordinal="6" offset="45" sl="120" sc="9" el="120" ec="10" bec="0" bev="0" fileid="11" />
              </SequencePoints>
              <BranchPoints />
              <MethodPoint xsi:type="SequencePoint" vc="28" uspid="252" ordinal="0" offset="0" sl="112" sc="9" el="112" ec="10" bec="0" bev="0" fileid="11" />
            </Method>
            <Method visited="true" cyclomaticComplexity="9" nPathComplexity="4" sequenceCoverage="100" branchCoverage="60" isConstructor="false" isStatic="false" isGetter="false" isSetter="false">
              <Summary numSequencePoints="18" visitedSequencePoints="18" numBranchPoints="5" visitedBranchPoints="3" sequenceCoverage="100" branchCoverage="60" maxCyclomaticComplexity="9" minCyclomaticComplexity="9" visitedClasses="0" numClasses="0" visitedMethods="1" numMethods="1" />
              <MetadataToken>100663342</MetadataToken>
              <Name>Microsoft.Extensions.DependencyInjection.IServiceCollection Puzzle.Core.Multitenancy.Internal.ServiceFactoryForMultitenancy`1::Replace(Microsoft.Extensions.DependencyInjection.IServiceCollection,System.Func`1&lt;TService&gt;,Microsoft.Extensions.DependencyInjection.ServiceLifetime)</Name>
              <FileRef uid="11" />
              <SequencePoints>
                <SequencePoint vc="32" uspid="259" ordinal="0" offset="0" sl="134" sc="9" el="134" ec="10" bec="0" bev="0" fileid="11" />
                <SequencePoint vc="32" uspid="260" ordinal="1" offset="1" sl="135" sc="13" el="135" ec="133" bec="0" bev="0" fileid="11" />
                <SequencePoint vc="32" uspid="261" ordinal="2" offset="44" sl="136" sc="13" el="136" ec="56" bec="4" bev="2" fileid="11" />
                <SequencePoint vc="32" uspid="262" ordinal="3" offset="69" sl="137" sc="13" el="137" ec="14" bec="0" bev="0" fileid="11" />
                <SequencePoint vc="32" uspid="263" ordinal="4" offset="70" sl="138" sc="17" el="138" ec="47" bec="0" bev="0" fileid="11" />
                <SequencePoint vc="32" uspid="264" ordinal="5" offset="82" sl="140" sc="17" el="140" ec="24" bec="0" bev="0" fileid="11" />
                <SequencePoint vc="32" uspid="265" ordinal="6" offset="83" sl="140" sc="66" el="140" ec="88" bec="0" bev="0" fileid="11" />
                <SequencePoint vc="32" uspid="266" ordinal="7" offset="92" sl="140" sc="26" el="140" ec="62" bec="0" bev="0" fileid="11" />
                <SequencePoint vc="32" uspid="267" ordinal="8" offset="100" sl="141" sc="17" el="141" ec="18" bec="0" bev="0" fileid="11" />
                <SequencePoint vc="32" uspid="268" ordinal="9" offset="101" sl="142" sc="21" el="144" ec="133" bec="0" bev="0" fileid="11" />
                <SequencePoint vc="32" uspid="269" ordinal="10" offset="183" sl="146" sc="21" el="146" ec="70" bec="0" bev="0" fileid="11" />
                <SequencePoint vc="32" uspid="270" ordinal="11" offset="193" sl="147" sc="21" el="147" ec="61" bec="0" bev="0" fileid="11" />
                <SequencePoint vc="32" uspid="271" ordinal="12" offset="204" sl="148" sc="21" el="148" ec="57" bec="0" bev="0" fileid="11" />
                <SequencePoint vc="32" uspid="272" ordinal="13" offset="213" sl="149" sc="17" el="149" ec="18" bec="0" bev="0" fileid="11" />
                <SequencePoint vc="64" uspid="273" ordinal="14" offset="214" sl="140" sc="63" el="140" ec="65" bec="0" bev="0" fileid="11" />
                <SequencePoint vc="32" uspid="274" ordinal="15" offset="238" sl="150" sc="13" el="150" ec="14" bec="0" bev="0" fileid="11" />
                <SequencePoint vc="32" uspid="275" ordinal="16" offset="239" sl="152" sc="13" el="152" ec="29" bec="0" bev="0" fileid="11" />
                <SequencePoint vc="32" uspid="276" ordinal="17" offset="244" sl="153" sc="9" el="153" ec="10" bec="0" bev="0" fileid="11" />
              </SequencePoints>
              <BranchPoints>
                <BranchPoint vc="0" uspid="279" ordinal="2" offset="45" sl="136" path="0" offsetend="47" fileid="11" />
                <BranchPoint vc="32" uspid="280" ordinal="3" offset="45" sl="136" path="1" offsetend="50" fileid="11" />
                <BranchPoint vc="32" uspid="281" ordinal="4" offset="58" sl="136" path="0" offsetend="63" fileid="11" />
                <BranchPoint vc="0" uspid="282" ordinal="5" offset="58" sl="136" path="1" offsetend="239" fileid="11" />
              </BranchPoints>
              <MethodPoint xsi:type="SequencePoint" vc="32" uspid="259" ordinal="0" offset="0" sl="134" sc="9" el="134" ec="10" bec="0" bev="0" fileid="11" />
            </Method>
            <Method visited="false" cyclomaticComplexity="2" nPathComplexity="0" sequenceCoverage="0" branchCoverage="0" isConstructor="false" isStatic="false" isGetter="false" isSetter="false">
              <Summary numSequencePoints="7" visitedSequencePoints="0" numBranchPoints="1" visitedBranchPoints="0" sequenceCoverage="0" branchCoverage="0" maxCyclomaticComplexity="2" minCyclomaticComplexity="2" visitedClasses="0" numClasses="0" visitedMethods="0" numMethods="1" />
              <MetadataToken>100663343</MetadataToken>
              <Name>Microsoft.Extensions.DependencyInjection.IServiceCollection Puzzle.Core.Multitenancy.Internal.ServiceFactoryForMultitenancy`1::Replace(Microsoft.Extensions.DependencyInjection.IServiceCollection,Microsoft.Extensions.DependencyInjection.ServiceLifetime)</Name>
              <FileRef uid="11" />
              <SequencePoints>
                <SequencePoint vc="0" uspid="289" ordinal="0" offset="0" sl="158" sc="9" el="158" ec="10" bec="0" bev="0" fileid="11" />
                <SequencePoint vc="0" uspid="290" ordinal="1" offset="1" sl="159" sc="13" el="159" ec="116" bec="0" bev="0" fileid="11" />
                <SequencePoint vc="0" uspid="291" ordinal="2" offset="39" sl="160" sc="13" el="160" ec="49" bec="0" bev="0" fileid="11" />
                <SequencePoint vc="0" uspid="292" ordinal="3" offset="47" sl="161" sc="13" el="161" ec="124" bec="0" bev="0" fileid="11" />
                <SequencePoint vc="0" uspid="293" ordinal="4" offset="74" sl="162" sc="13" el="162" ec="43" bec="0" bev="0" fileid="11" />
                <SequencePoint vc="0" uspid="294" ordinal="5" offset="82" sl="163" sc="13" el="163" ec="29" bec="0" bev="0" fileid="11" />
                <SequencePoint vc="0" uspid="295" ordinal="6" offset="86" sl="164" sc="9" el="164" ec="10" bec="0" bev="0" fileid="11" />
              </SequencePoints>
              <BranchPoints />
              <MethodPoint xsi:type="SequencePoint" vc="0" uspid="289" ordinal="0" offset="0" sl="158" sc="9" el="158" ec="10" bec="0" bev="0" fileid="11" />
            </Method>
            <Method visited="true" cyclomaticComplexity="1" nPathComplexity="0" sequenceCoverage="100" branchCoverage="100" isConstructor="true" isStatic="true" isGetter="false" isSetter="false">
              <Summary numSequencePoints="1" visitedSequencePoints="1" numBranchPoints="1" visitedBranchPoints="1" sequenceCoverage="100" branchCoverage="100" maxCyclomaticComplexity="1" minCyclomaticComplexity="1" visitedClasses="0" numClasses="0" visitedMethods="1" numMethods="1" />
              <MetadataToken>100663344</MetadataToken>
              <Name>System.Void Puzzle.Core.Multitenancy.Internal.ServiceFactoryForMultitenancy`1::.cctor()</Name>
              <FileRef uid="11" />
              <SequencePoints>
                <SequencePoint vc="2" uspid="298" ordinal="0" offset="0" sl="46" sc="92" el="46" ec="148" bec="0" bev="0" fileid="11" />
              </SequencePoints>
              <BranchPoints />
              <MethodPoint xsi:type="SequencePoint" vc="2" uspid="298" ordinal="0" offset="0" sl="46" sc="92" el="46" ec="148" bec="0" bev="0" fileid="11" />
            </Method>
          </Methods>
        </Class>
        <Class>
          <Summary numSequencePoints="11" visitedSequencePoints="8" numBranchPoints="5" visitedBranchPoints="2" sequenceCoverage="72.73" branchCoverage="40" maxCyclomaticComplexity="2" minCyclomaticComplexity="1" visitedClasses="1" numClasses="1" visitedMethods="2" numMethods="3" />
          <FullName>Puzzle.Core.Multitenancy.Internal.ServiceFactoryForMultitenancy`1/LazyConcurrentDictionary`2</FullName>
          <Methods>
            <Method visited="true" cyclomaticComplexity="1" nPathComplexity="0" sequenceCoverage="100" branchCoverage="100" isConstructor="true" isStatic="false" isGetter="false" isSetter="false">
              <Summary numSequencePoints="4" visitedSequencePoints="4" numBranchPoints="1" visitedBranchPoints="1" sequenceCoverage="100" branchCoverage="100" maxCyclomaticComplexity="1" minCyclomaticComplexity="1" visitedClasses="0" numClasses="0" visitedMethods="1" numMethods="1" />
              <MetadataToken>100663588</MetadataToken>
              <Name>System.Void Puzzle.Core.Multitenancy.Internal.ServiceFactoryForMultitenancy`1/LazyConcurrentDictionary`2::.ctor()</Name>
              <FileRef uid="11" />
              <SequencePoints>
                <SequencePoint vc="2" uspid="299" ordinal="0" offset="0" sl="170" sc="13" el="170" ec="46" bec="0" bev="0" fileid="11" />
                <SequencePoint vc="2" uspid="300" ordinal="1" offset="7" sl="171" sc="13" el="171" ec="14" bec="0" bev="0" fileid="11" />
                <SequencePoint vc="2" uspid="301" ordinal="2" offset="8" sl="172" sc="17" el="172" ec="87" bec="0" bev="0" fileid="11" />
                <SequencePoint vc="2" uspid="302" ordinal="3" offset="19" sl="173" sc="13" el="173" ec="14" bec="0" bev="0" fileid="11" />
              </SequencePoints>
              <BranchPoints />
              <MethodPoint xsi:type="SequencePoint" vc="2" uspid="299" ordinal="0" offset="0" sl="170" sc="13" el="170" ec="46" bec="0" bev="0" fileid="11" />
            </Method>
            <Method visited="true" cyclomaticComplexity="1" nPathComplexity="0" sequenceCoverage="100" branchCoverage="100" isConstructor="false" isStatic="false" isGetter="false" isSetter="false">
              <Summary numSequencePoints="4" visitedSequencePoints="4" numBranchPoints="1" visitedBranchPoints="1" sequenceCoverage="100" branchCoverage="100" maxCyclomaticComplexity="1" minCyclomaticComplexity="1" visitedClasses="0" numClasses="0" visitedMethods="1" numMethods="1" />
              <MetadataToken>100663589</MetadataToken>
              <Name>TValue Puzzle.Core.Multitenancy.Internal.ServiceFactoryForMultitenancy`1/LazyConcurrentDictionary`2::GetOrAdd(TKey,System.Func`2&lt;TKey,TValue&gt;)</Name>
              <FileRef uid="11" />
              <SequencePoints>
                <SequencePoint vc="58" uspid="303" ordinal="0" offset="13" sl="176" sc="13" el="176" ec="14" bec="0" bev="0" fileid="11" />
                <SequencePoint vc="58" uspid="304" ordinal="1" offset="14" sl="177" sc="17" el="177" ec="170" bec="0" bev="0" fileid="11" />
                <SequencePoint vc="58" uspid="305" ordinal="2" offset="39" sl="179" sc="17" el="179" ec="41" bec="0" bev="0" fileid="11" />
                <SequencePoint vc="54" uspid="306" ordinal="3" offset="48" sl="180" sc="13" el="180" ec="14" bec="0" bev="0" fileid="11" />
              </SequencePoints>
              <BranchPoints />
              <MethodPoint vc="58" uspid="307" ordinal="0" offset="0" />
            </Method>
            <Method visited="false" cyclomaticComplexity="2" nPathComplexity="2" sequenceCoverage="0" branchCoverage="0" isConstructor="false" isStatic="false" isGetter="false" isSetter="false">
              <Summary numSequencePoints="3" visitedSequencePoints="0" numBranchPoints="3" visitedBranchPoints="0" sequenceCoverage="0" branchCoverage="0" maxCyclomaticComplexity="2" minCyclomaticComplexity="2" visitedClasses="0" numClasses="0" visitedMethods="0" numMethods="1" />
              <MetadataToken>100663590</MetadataToken>
              <Name>System.Void Puzzle.Core.Multitenancy.Internal.ServiceFactoryForMultitenancy`1/LazyConcurrentDictionary`2::Clear()</Name>
              <FileRef uid="11" />
              <SequencePoints>
                <SequencePoint vc="0" uspid="308" ordinal="0" offset="0" sl="183" sc="13" el="183" ec="14" bec="0" bev="0" fileid="11" />
                <SequencePoint vc="0" uspid="309" ordinal="1" offset="1" sl="184" sc="17" el="184" ec="47" bec="2" bev="0" fileid="11" />
                <SequencePoint vc="0" uspid="310" ordinal="2" offset="19" sl="185" sc="13" el="185" ec="14" bec="0" bev="0" fileid="11" />
              </SequencePoints>
              <BranchPoints>
                <BranchPoint vc="0" uspid="311" ordinal="0" offset="8" sl="184" path="0" offsetend="10" fileid="11" />
                <BranchPoint vc="0" uspid="312" ordinal="1" offset="8" sl="184" path="1" offsetend="13" fileid="11" />
              </BranchPoints>
              <MethodPoint xsi:type="SequencePoint" vc="0" uspid="308" ordinal="0" offset="0" sl="183" sc="13" el="183" ec="14" bec="0" bev="0" fileid="11" />
            </Method>
          </Methods>
        </Class>
        <Class>
          <Summary numSequencePoints="1" visitedSequencePoints="1" numBranchPoints="1" visitedBranchPoints="1" sequenceCoverage="100" branchCoverage="100" maxCyclomaticComplexity="1" minCyclomaticComplexity="1" visitedClasses="1" numClasses="1" visitedMethods="1" numMethods="1" />
          <FullName>Puzzle.Core.Multitenancy.Internal.ServiceFactoryForMultitenancy`1/LazyConcurrentDictionary`2/&lt;&gt;c__DisplayClass2_0</FullName>
          <Methods>
            <Method visited="true" cyclomaticComplexity="1" nPathComplexity="0" sequenceCoverage="0" branchCoverage="0" isConstructor="true" isStatic="false" isGetter="false" isSetter="false">
              <Summary numSequencePoints="0" visitedSequencePoints="0" numBranchPoints="0" visitedBranchPoints="0" sequenceCoverage="0" branchCoverage="0" maxCyclomaticComplexity="1" minCyclomaticComplexity="1" visitedClasses="0" numClasses="0" visitedMethods="0" numMethods="0" />
              <MetadataToken>100663762</MetadataToken>
              <Name>System.Void Puzzle.Core.Multitenancy.Internal.ServiceFactoryForMultitenancy`1/LazyConcurrentDictionary`2/&lt;&gt;c__DisplayClass2_0::.ctor()</Name>
              <SequencePoints />
              <BranchPoints />
              <MethodPoint vc="58" uspid="313" ordinal="0" offset="0" />
            </Method>
            <Method visited="true" cyclomaticComplexity="1" nPathComplexity="0" sequenceCoverage="100" branchCoverage="100" isConstructor="false" isStatic="false" isGetter="false" isSetter="false">
              <Summary numSequencePoints="1" visitedSequencePoints="1" numBranchPoints="1" visitedBranchPoints="1" sequenceCoverage="100" branchCoverage="100" maxCyclomaticComplexity="1" minCyclomaticComplexity="1" visitedClasses="0" numClasses="0" visitedMethods="1" numMethods="1" />
              <MetadataToken>100663763</MetadataToken>
              <Name>System.Lazy`1&lt;TValue&gt; Puzzle.Core.Multitenancy.Internal.ServiceFactoryForMultitenancy`1/LazyConcurrentDictionary`2/&lt;&gt;c__DisplayClass2_0::&lt;GetOrAdd&gt;b__0(TKey)</Name>
              <FileRef uid="11" />
              <SequencePoints>
                <SequencePoint vc="32" uspid="314" ordinal="0" offset="20" sl="177" sc="83" el="177" ec="168" bec="0" bev="0" fileid="11" />
              </SequencePoints>
              <BranchPoints />
              <MethodPoint vc="32" uspid="315" ordinal="0" offset="0" />
            </Method>
          </Methods>
        </Class>
        <Class>
          <Summary numSequencePoints="1" visitedSequencePoints="1" numBranchPoints="1" visitedBranchPoints="1" sequenceCoverage="100" branchCoverage="100" maxCyclomaticComplexity="1" minCyclomaticComplexity="1" visitedClasses="1" numClasses="1" visitedMethods="1" numMethods="1" />
          <FullName>Puzzle.Core.Multitenancy.Internal.ServiceFactoryForMultitenancy`1/LazyConcurrentDictionary`2/&lt;&gt;c__DisplayClass2_1</FullName>
          <Methods>
            <Method visited="true" cyclomaticComplexity="1" nPathComplexity="0" sequenceCoverage="0" branchCoverage="0" isConstructor="true" isStatic="false" isGetter="false" isSetter="false">
              <Summary numSequencePoints="0" visitedSequencePoints="0" numBranchPoints="0" visitedBranchPoints="0" sequenceCoverage="0" branchCoverage="0" maxCyclomaticComplexity="1" minCyclomaticComplexity="1" visitedClasses="0" numClasses="0" visitedMethods="0" numMethods="0" />
              <MetadataToken>100663764</MetadataToken>
              <Name>System.Void Puzzle.Core.Multitenancy.Internal.ServiceFactoryForMultitenancy`1/LazyConcurrentDictionary`2/&lt;&gt;c__DisplayClass2_1::.ctor()</Name>
              <SequencePoints />
              <BranchPoints />
              <MethodPoint vc="32" uspid="316" ordinal="0" offset="0" />
            </Method>
            <Method visited="true" cyclomaticComplexity="1" nPathComplexity="0" sequenceCoverage="100" branchCoverage="100" isConstructor="false" isStatic="false" isGetter="false" isSetter="false">
              <Summary numSequencePoints="1" visitedSequencePoints="1" numBranchPoints="1" visitedBranchPoints="1" sequenceCoverage="100" branchCoverage="100" maxCyclomaticComplexity="1" minCyclomaticComplexity="1" visitedClasses="0" numClasses="0" visitedMethods="1" numMethods="1" />
              <MetadataToken>100663765</MetadataToken>
              <Name>TValue Puzzle.Core.Multitenancy.Internal.ServiceFactoryForMultitenancy`1/LazyConcurrentDictionary`2/&lt;&gt;c__DisplayClass2_1::&lt;GetOrAdd&gt;b__1()</Name>
              <FileRef uid="11" />
              <SequencePoints>
                <SequencePoint vc="32" uspid="317" ordinal="0" offset="0" sl="177" sc="106" el="177" ec="121" bec="0" bev="0" fileid="11" />
              </SequencePoints>
              <BranchPoints />
              <MethodPoint xsi:type="SequencePoint" vc="32" uspid="317" ordinal="0" offset="0" sl="177" sc="106" el="177" ec="121" bec="0" bev="0" fileid="11" />
            </Method>
          </Methods>
        </Class>
        <Class>
          <Summary numSequencePoints="3" visitedSequencePoints="0" numBranchPoints="3" visitedBranchPoints="0" sequenceCoverage="0" branchCoverage="0" maxCyclomaticComplexity="2" minCyclomaticComplexity="1" visitedClasses="0" numClasses="1" visitedMethods="0" numMethods="1" />
          <FullName>Puzzle.Core.Multitenancy.Internal.ServiceFactoryForMultitenancy`1/&lt;&gt;c</FullName>
          <Methods>
            <Method visited="true" cyclomaticComplexity="1" nPathComplexity="0" sequenceCoverage="0" branchCoverage="0" isConstructor="true" isStatic="true" isGetter="false" isSetter="false">
              <Summary numSequencePoints="0" visitedSequencePoints="0" numBranchPoints="0" visitedBranchPoints="0" sequenceCoverage="0" branchCoverage="0" maxCyclomaticComplexity="1" minCyclomaticComplexity="1" visitedClasses="0" numClasses="0" visitedMethods="0" numMethods="0" />
              <MetadataToken>100663591</MetadataToken>
              <Name>System.Void Puzzle.Core.Multitenancy.Internal.ServiceFactoryForMultitenancy`1/&lt;&gt;c::.cctor()</Name>
              <SequencePoints />
              <BranchPoints />
              <MethodPoint vc="4" uspid="318" ordinal="0" offset="0" />
            </Method>
            <Method visited="true" cyclomaticComplexity="1" nPathComplexity="0" sequenceCoverage="0" branchCoverage="0" isConstructor="true" isStatic="false" isGetter="false" isSetter="false">
              <Summary numSequencePoints="0" visitedSequencePoints="0" numBranchPoints="0" visitedBranchPoints="0" sequenceCoverage="0" branchCoverage="0" maxCyclomaticComplexity="1" minCyclomaticComplexity="1" visitedClasses="0" numClasses="0" visitedMethods="0" numMethods="0" />
              <MetadataToken>100663592</MetadataToken>
              <Name>System.Void Puzzle.Core.Multitenancy.Internal.ServiceFactoryForMultitenancy`1/&lt;&gt;c::.ctor()</Name>
              <SequencePoints />
              <BranchPoints />
              <MethodPoint vc="4" uspid="319" ordinal="0" offset="0" />
            </Method>
            <Method visited="false" cyclomaticComplexity="2" nPathComplexity="2" sequenceCoverage="0" branchCoverage="0" isConstructor="false" isStatic="false" isGetter="false" isSetter="false">
              <Summary numSequencePoints="3" visitedSequencePoints="0" numBranchPoints="3" visitedBranchPoints="0" sequenceCoverage="0" branchCoverage="0" maxCyclomaticComplexity="2" minCyclomaticComplexity="2" visitedClasses="0" numClasses="0" visitedMethods="0" numMethods="1" />
              <MetadataToken>100663593</MetadataToken>
              <Name>System.Void Puzzle.Core.Multitenancy.Internal.ServiceFactoryForMultitenancy`1/&lt;&gt;c::&lt;.ctor&gt;b__1_0(Puzzle.Core.Multitenancy.Internal.Options.MultitenancyOptions)</Name>
              <FileRef uid="11" />
              <SequencePoints>
                <SequencePoint vc="0" uspid="320" ordinal="0" offset="0" sl="31" sc="13" el="31" ec="14" bec="0" bev="0" fileid="11" />
                <SequencePoint vc="0" uspid="321" ordinal="1" offset="1" sl="32" sc="17" el="32" ec="32" bec="2" bev="0" fileid="11" />
                <SequencePoint vc="0" uspid="322" ordinal="2" offset="18" sl="33" sc="13" el="33" ec="14" bec="0" bev="0" fileid="11" />
              </SequencePoints>
              <BranchPoints>
                <BranchPoint vc="0" uspid="323" ordinal="0" offset="7" sl="32" path="0" offsetend="9" fileid="11" />
                <BranchPoint vc="0" uspid="324" ordinal="1" offset="7" sl="32" path="1" offsetend="12" fileid="11" />
              </BranchPoints>
              <MethodPoint xsi:type="SequencePoint" vc="0" uspid="320" ordinal="0" offset="0" sl="31" sc="13" el="31" ec="14" bec="0" bev="0" fileid="11" />
            </Method>
          </Methods>
        </Class>
        <Class>
          <Summary numSequencePoints="6" visitedSequencePoints="6" numBranchPoints="1" visitedBranchPoints="1" sequenceCoverage="100" branchCoverage="100" maxCyclomaticComplexity="1" minCyclomaticComplexity="1" visitedClasses="1" numClasses="1" visitedMethods="1" numMethods="1" />
          <FullName>Puzzle.Core.Multitenancy.Internal.ServiceFactoryForMultitenancy`1/&lt;&gt;c__DisplayClass12_0</FullName>
          <Methods>
            <Method visited="true" cyclomaticComplexity="1" nPathComplexity="0" sequenceCoverage="0" branchCoverage="0" isConstructor="true" isStatic="false" isGetter="false" isSetter="false">
              <Summary numSequencePoints="0" visitedSequencePoints="0" numBranchPoints="0" visitedBranchPoints="0" sequenceCoverage="0" branchCoverage="0" maxCyclomaticComplexity="1" minCyclomaticComplexity="1" visitedClasses="0" numClasses="0" visitedMethods="0" numMethods="0" />
              <MetadataToken>100663594</MetadataToken>
              <Name>System.Void Puzzle.Core.Multitenancy.Internal.ServiceFactoryForMultitenancy`1/&lt;&gt;c__DisplayClass12_0::.ctor()</Name>
              <SequencePoints />
              <BranchPoints />
              <MethodPoint vc="58" uspid="325" ordinal="0" offset="0" />
            </Method>
            <Method visited="true" cyclomaticComplexity="1" nPathComplexity="0" sequenceCoverage="100" branchCoverage="100" isConstructor="false" isStatic="false" isGetter="false" isSetter="false">
              <Summary numSequencePoints="6" visitedSequencePoints="6" numBranchPoints="1" visitedBranchPoints="1" sequenceCoverage="100" branchCoverage="100" maxCyclomaticComplexity="1" minCyclomaticComplexity="1" visitedClasses="0" numClasses="0" visitedMethods="1" numMethods="1" />
              <MetadataToken>100663595</MetadataToken>
              <Name>System.IServiceProvider Puzzle.Core.Multitenancy.Internal.ServiceFactoryForMultitenancy`1/&lt;&gt;c__DisplayClass12_0::&lt;Build&gt;b__0(System.String)</Name>
              <FileRef uid="11" />
              <SequencePoints>
                <SequencePoint vc="32" uspid="326" ordinal="0" offset="0" sl="53" sc="13" el="53" ec="14" bec="0" bev="0" fileid="11" />
                <SequencePoint vc="32" uspid="327" ordinal="1" offset="1" sl="54" sc="17" el="54" ec="73" bec="0" bev="0" fileid="11" />
                <SequencePoint vc="32" uspid="328" ordinal="2" offset="18" sl="57" sc="17" el="57" ec="90" bec="0" bev="0" fileid="11" />
                <SequencePoint vc="32" uspid="329" ordinal="3" offset="42" sl="60" sc="17" el="60" ec="93" bec="0" bev="0" fileid="11" />
                <SequencePoint vc="28" uspid="330" ordinal="4" offset="71" sl="61" sc="17" el="61" ec="81" bec="0" bev="0" fileid="11" />
                <SequencePoint vc="28" uspid="331" ordinal="5" offset="92" sl="62" sc="13" el="62" ec="14" bec="0" bev="0" fileid="11" />
              </SequencePoints>
              <BranchPoints />
              <MethodPoint xsi:type="SequencePoint" vc="32" uspid="326" ordinal="0" offset="0" sl="53" sc="13" el="53" ec="14" bec="0" bev="0" fileid="11" />
            </Method>
          </Methods>
        </Class>
        <Class>
          <Summary numSequencePoints="1" visitedSequencePoints="1" numBranchPoints="1" visitedBranchPoints="1" sequenceCoverage="100" branchCoverage="100" maxCyclomaticComplexity="1" minCyclomaticComplexity="1" visitedClasses="1" numClasses="1" visitedMethods="1" numMethods="1" />
          <FullName>Puzzle.Core.Multitenancy.Internal.ServiceFactoryForMultitenancy`1/&lt;&gt;c__DisplayClass15_0</FullName>
          <Methods>
            <Method visited="true" cyclomaticComplexity="1" nPathComplexity="0" sequenceCoverage="0" branchCoverage="0" isConstructor="true" isStatic="false" isGetter="false" isSetter="false">
              <Summary numSequencePoints="0" visitedSequencePoints="0" numBranchPoints="0" visitedBranchPoints="0" sequenceCoverage="0" branchCoverage="0" maxCyclomaticComplexity="1" minCyclomaticComplexity="1" visitedClasses="0" numClasses="0" visitedMethods="0" numMethods="0" />
              <MetadataToken>100663596</MetadataToken>
              <Name>System.Void Puzzle.Core.Multitenancy.Internal.ServiceFactoryForMultitenancy`1/&lt;&gt;c__DisplayClass15_0::.ctor()</Name>
              <SequencePoints />
              <BranchPoints />
              <MethodPoint vc="32" uspid="332" ordinal="0" offset="0" />
            </Method>
            <Method visited="true" cyclomaticComplexity="1" nPathComplexity="0" sequenceCoverage="100" branchCoverage="100" isConstructor="false" isStatic="false" isGetter="false" isSetter="false">
              <Summary numSequencePoints="1" visitedSequencePoints="1" numBranchPoints="1" visitedBranchPoints="1" sequenceCoverage="100" branchCoverage="100" maxCyclomaticComplexity="1" minCyclomaticComplexity="1" visitedClasses="0" numClasses="0" visitedMethods="1" numMethods="1" />
              <MetadataToken>100663597</MetadataToken>
              <Name>Microsoft.AspNetCore.Hosting.IHostingEnvironment Puzzle.Core.Multitenancy.Internal.ServiceFactoryForMultitenancy`1/&lt;&gt;c__DisplayClass15_0::&lt;OverrideHostingEnvironnementForTenant&gt;b__0()</Name>
              <FileRef uid="11" />
              <SequencePoints>
                <SequencePoint vc="32" uspid="333" ordinal="0" offset="0" sl="100" sc="65" el="100" ec="68" bec="0" bev="0" fileid="11" />
              </SequencePoints>
              <BranchPoints />
              <MethodPoint xsi:type="SequencePoint" vc="32" uspid="333" ordinal="0" offset="0" sl="100" sc="65" el="100" ec="68" bec="0" bev="0" fileid="11" />
            </Method>
          </Methods>
        </Class>
        <Class>
          <Summary numSequencePoints="1" visitedSequencePoints="0" numBranchPoints="1" visitedBranchPoints="0" sequenceCoverage="0" branchCoverage="0" maxCyclomaticComplexity="1" minCyclomaticComplexity="1" visitedClasses="0" numClasses="1" visitedMethods="0" numMethods="1" />
          <FullName>Puzzle.Core.Multitenancy.Internal.ServiceFactoryForMultitenancy`1/&lt;&gt;c__DisplayClass18_0`1</FullName>
          <Methods>
            <Method visited="true" cyclomaticComplexity="1" nPathComplexity="0" sequenceCoverage="0" branchCoverage="0" isConstructor="true" isStatic="false" isGetter="false" isSetter="false">
              <Summary numSequencePoints="0" visitedSequencePoints="0" numBranchPoints="0" visitedBranchPoints="0" sequenceCoverage="0" branchCoverage="0" maxCyclomaticComplexity="1" minCyclomaticComplexity="1" visitedClasses="0" numClasses="0" visitedMethods="0" numMethods="0" />
              <MetadataToken>100663598</MetadataToken>
              <Name>System.Void Puzzle.Core.Multitenancy.Internal.ServiceFactoryForMultitenancy`1/&lt;&gt;c__DisplayClass18_0`1::.ctor()</Name>
              <SequencePoints />
              <BranchPoints />
              <MethodPoint vc="32" uspid="334" ordinal="0" offset="0" />
            </Method>
            <Method visited="false" cyclomaticComplexity="1" nPathComplexity="0" sequenceCoverage="0" branchCoverage="0" isConstructor="false" isStatic="false" isGetter="false" isSetter="false">
              <Summary numSequencePoints="1" visitedSequencePoints="0" numBranchPoints="1" visitedBranchPoints="0" sequenceCoverage="0" branchCoverage="0" maxCyclomaticComplexity="1" minCyclomaticComplexity="1" visitedClasses="0" numClasses="0" visitedMethods="0" numMethods="1" />
              <MetadataToken>100663599</MetadataToken>
              <Name>System.Object Puzzle.Core.Multitenancy.Internal.ServiceFactoryForMultitenancy`1/&lt;&gt;c__DisplayClass18_0`1::&lt;Replace&gt;b__1(System.IServiceProvider)</Name>
              <FileRef uid="11" />
              <SequencePoints>
                <SequencePoint vc="0" uspid="335" ordinal="0" offset="0" sl="144" sc="103" el="144" ec="111" bec="0" bev="0" fileid="11" />
              </SequencePoints>
              <BranchPoints />
              <MethodPoint xsi:type="SequencePoint" vc="0" uspid="335" ordinal="0" offset="0" sl="144" sc="103" el="144" ec="111" bec="0" bev="0" fileid="11" />
            </Method>
          </Methods>
        </Class>
        <Class>
          <Summary numSequencePoints="1" visitedSequencePoints="1" numBranchPoints="1" visitedBranchPoints="1" sequenceCoverage="100" branchCoverage="100" maxCyclomaticComplexity="1" minCyclomaticComplexity="1" visitedClasses="1" numClasses="1" visitedMethods="1" numMethods="1" />
          <FullName>Puzzle.Core.Multitenancy.Internal.ServiceFactoryForMultitenancy`1/&lt;&gt;c__18`1</FullName>
          <Methods>
            <Method visited="true" cyclomaticComplexity="1" nPathComplexity="0" sequenceCoverage="0" branchCoverage="0" isConstructor="true" isStatic="true" isGetter="false" isSetter="false">
              <Summary numSequencePoints="0" visitedSequencePoints="0" numBranchPoints="0" visitedBranchPoints="0" sequenceCoverage="0" branchCoverage="0" maxCyclomaticComplexity="1" minCyclomaticComplexity="1" visitedClasses="0" numClasses="0" visitedMethods="0" numMethods="0" />
              <MetadataToken>100663600</MetadataToken>
              <Name>System.Void Puzzle.Core.Multitenancy.Internal.ServiceFactoryForMultitenancy`1/&lt;&gt;c__18`1::.cctor()</Name>
              <SequencePoints />
              <BranchPoints />
              <MethodPoint vc="2" uspid="336" ordinal="0" offset="0" />
            </Method>
            <Method visited="true" cyclomaticComplexity="1" nPathComplexity="0" sequenceCoverage="0" branchCoverage="0" isConstructor="true" isStatic="false" isGetter="false" isSetter="false">
              <Summary numSequencePoints="0" visitedSequencePoints="0" numBranchPoints="0" visitedBranchPoints="0" sequenceCoverage="0" branchCoverage="0" maxCyclomaticComplexity="1" minCyclomaticComplexity="1" visitedClasses="0" numClasses="0" visitedMethods="0" numMethods="0" />
              <MetadataToken>100663601</MetadataToken>
              <Name>System.Void Puzzle.Core.Multitenancy.Internal.ServiceFactoryForMultitenancy`1/&lt;&gt;c__18`1::.ctor()</Name>
              <SequencePoints />
              <BranchPoints />
              <MethodPoint vc="2" uspid="337" ordinal="0" offset="0" />
            </Method>
            <Method visited="true" cyclomaticComplexity="1" nPathComplexity="0" sequenceCoverage="100" branchCoverage="100" isConstructor="false" isStatic="false" isGetter="false" isSetter="false">
              <Summary numSequencePoints="1" visitedSequencePoints="1" numBranchPoints="1" visitedBranchPoints="1" sequenceCoverage="100" branchCoverage="100" maxCyclomaticComplexity="1" minCyclomaticComplexity="1" visitedClasses="0" numClasses="0" visitedMethods="1" numMethods="1" />
              <MetadataToken>100663602</MetadataToken>
              <Name>System.Boolean Puzzle.Core.Multitenancy.Internal.ServiceFactoryForMultitenancy`1/&lt;&gt;c__18`1::&lt;Replace&gt;b__18_0(Microsoft.Extensions.DependencyInjection.ServiceDescriptor)</Name>
              <FileRef uid="11" />
              <SequencePoints>
                <SequencePoint vc="1428" uspid="338" ordinal="0" offset="0" sl="135" sc="89" el="135" ec="122" bec="0" bev="0" fileid="11" />
              </SequencePoints>
              <BranchPoints />
              <MethodPoint xsi:type="SequencePoint" vc="1428" uspid="338" ordinal="0" offset="0" sl="135" sc="89" el="135" ec="122" bec="0" bev="0" fileid="11" />
            </Method>
          </Methods>
        </Class>
        <Class>
          <Summary numSequencePoints="1" visitedSequencePoints="0" numBranchPoints="1" visitedBranchPoints="0" sequenceCoverage="0" branchCoverage="0" maxCyclomaticComplexity="1" minCyclomaticComplexity="1" visitedClasses="0" numClasses="1" visitedMethods="0" numMethods="1" />
          <FullName>Puzzle.Core.Multitenancy.Internal.ServiceFactoryForMultitenancy`1/&lt;&gt;c__19`2</FullName>
          <Methods>
            <Method visited="false" cyclomaticComplexity="1" nPathComplexity="0" sequenceCoverage="0" branchCoverage="0" isConstructor="true" isStatic="true" isGetter="false" isSetter="false">
              <Summary numSequencePoints="0" visitedSequencePoints="0" numBranchPoints="0" visitedBranchPoints="0" sequenceCoverage="0" branchCoverage="0" maxCyclomaticComplexity="1" minCyclomaticComplexity="1" visitedClasses="0" numClasses="0" visitedMethods="0" numMethods="0" />
              <MetadataToken>100663603</MetadataToken>
              <Name>System.Void Puzzle.Core.Multitenancy.Internal.ServiceFactoryForMultitenancy`1/&lt;&gt;c__19`2::.cctor()</Name>
              <SequencePoints />
              <BranchPoints />
              <MethodPoint vc="0" uspid="339" ordinal="0" offset="0" />
            </Method>
            <Method visited="false" cyclomaticComplexity="1" nPathComplexity="0" sequenceCoverage="0" branchCoverage="0" isConstructor="true" isStatic="false" isGetter="false" isSetter="false">
              <Summary numSequencePoints="0" visitedSequencePoints="0" numBranchPoints="0" visitedBranchPoints="0" sequenceCoverage="0" branchCoverage="0" maxCyclomaticComplexity="1" minCyclomaticComplexity="1" visitedClasses="0" numClasses="0" visitedMethods="0" numMethods="0" />
              <MetadataToken>100663604</MetadataToken>
              <Name>System.Void Puzzle.Core.Multitenancy.Internal.ServiceFactoryForMultitenancy`1/&lt;&gt;c__19`2::.ctor()</Name>
              <SequencePoints />
              <BranchPoints />
              <MethodPoint vc="0" uspid="340" ordinal="0" offset="0" />
            </Method>
            <Method visited="false" cyclomaticComplexity="1" nPathComplexity="0" sequenceCoverage="0" branchCoverage="0" isConstructor="false" isStatic="false" isGetter="false" isSetter="false">
              <Summary numSequencePoints="1" visitedSequencePoints="0" numBranchPoints="1" visitedBranchPoints="0" sequenceCoverage="0" branchCoverage="0" maxCyclomaticComplexity="1" minCyclomaticComplexity="1" visitedClasses="0" numClasses="0" visitedMethods="0" numMethods="1" />
              <MetadataToken>100663605</MetadataToken>
              <Name>System.Boolean Puzzle.Core.Multitenancy.Internal.ServiceFactoryForMultitenancy`1/&lt;&gt;c__19`2::&lt;Replace&gt;b__19_0(Microsoft.Extensions.DependencyInjection.ServiceDescriptor)</Name>
              <FileRef uid="11" />
              <SequencePoints>
                <SequencePoint vc="0" uspid="341" ordinal="0" offset="0" sl="159" sc="81" el="159" ec="114" bec="0" bev="0" fileid="11" />
              </SequencePoints>
              <BranchPoints />
              <MethodPoint xsi:type="SequencePoint" vc="0" uspid="341" ordinal="0" offset="0" sl="159" sc="81" el="159" ec="114" bec="0" bev="0" fileid="11" />
            </Method>
          </Methods>
        </Class>
        <Class>
          <Summary numSequencePoints="11" visitedSequencePoints="11" numBranchPoints="1" visitedBranchPoints="1" sequenceCoverage="100" branchCoverage="100" maxCyclomaticComplexity="3" minCyclomaticComplexity="3" visitedClasses="1" numClasses="1" visitedMethods="1" numMethods="1" />
          <FullName>Puzzle.Core.Multitenancy.Internal.ServiceCollectionExtensions</FullName>
          <Methods>
            <Method visited="true" cyclomaticComplexity="3" nPathComplexity="0" sequenceCoverage="100" branchCoverage="100" isConstructor="false" isStatic="true" isGetter="false" isSetter="false">
              <Summary numSequencePoints="11" visitedSequencePoints="11" numBranchPoints="1" visitedBranchPoints="1" sequenceCoverage="100" branchCoverage="100" maxCyclomaticComplexity="3" minCyclomaticComplexity="3" visitedClasses="0" numClasses="0" visitedMethods="1" numMethods="1" />
              <MetadataToken>100663345</MetadataToken>
              <Name>Microsoft.Extensions.DependencyInjection.IServiceCollection Puzzle.Core.Multitenancy.Internal.ServiceCollectionExtensions::Clone(Microsoft.Extensions.DependencyInjection.IServiceCollection)</Name>
              <FileRef uid="21" />
              <SequencePoints>
                <SequencePoint vc="56" uspid="342" ordinal="0" offset="0" sl="13" sc="9" el="13" ec="10" bec="0" bev="0" fileid="21" />
                <SequencePoint vc="56" uspid="343" ordinal="1" offset="1" sl="14" sc="13" el="14" ec="64" bec="0" bev="0" fileid="21" />
                <SequencePoint vc="56" uspid="344" ordinal="2" offset="7" sl="15" sc="13" el="15" ec="20" bec="0" bev="0" fileid="21" />
                <SequencePoint vc="56" uspid="345" ordinal="3" offset="8" sl="15" sc="51" el="15" ec="68" bec="0" bev="0" fileid="21" />
                <SequencePoint vc="2478" uspid="346" ordinal="4" offset="17" sl="15" sc="22" el="15" ec="47" bec="0" bev="0" fileid="21" />
                <SequencePoint vc="2478" uspid="347" ordinal="5" offset="24" sl="16" sc="13" el="16" ec="14" bec="0" bev="0" fileid="21" />
                <SequencePoint vc="2478" uspid="348" ordinal="6" offset="25" sl="21" sc="17" el="21" ec="36" bec="0" bev="0" fileid="21" />
                <SequencePoint vc="2478" uspid="349" ordinal="7" offset="33" sl="22" sc="13" el="22" ec="14" bec="0" bev="0" fileid="21" />
                <SequencePoint vc="2534" uspid="350" ordinal="8" offset="34" sl="15" sc="48" el="15" ec="50" bec="0" bev="0" fileid="21" />
                <SequencePoint vc="56" uspid="351" ordinal="9" offset="55" sl="24" sc="13" el="24" ec="26" bec="0" bev="0" fileid="21" />
                <SequencePoint vc="56" uspid="352" ordinal="10" offset="59" sl="25" sc="9" el="25" ec="10" bec="0" bev="0" fileid="21" />
              </SequencePoints>
              <BranchPoints />
              <MethodPoint xsi:type="SequencePoint" vc="56" uspid="342" ordinal="0" offset="0" sl="13" sc="9" el="13" ec="10" bec="0" bev="0" fileid="21" />
            </Method>
          </Methods>
        </Class>
        <Class>
          <Summary numSequencePoints="41" visitedSequencePoints="35" numBranchPoints="17" visitedBranchPoints="13" sequenceCoverage="85.37" branchCoverage="76.47" maxCyclomaticComplexity="9" minCyclomaticComplexity="1" visitedClasses="1" numClasses="1" visitedMethods="3" numMethods="3" />
          <FullName>Puzzle.Core.Multitenancy.Internal.StartupLoaderMultitenant</FullName>
          <Methods>
            <Method visited="true" cyclomaticComplexity="1" nPathComplexity="0" sequenceCoverage="100" branchCoverage="100" isConstructor="false" isStatic="true" isGetter="false" isSetter="false">
              <Summary numSequencePoints="5" visitedSequencePoints="5" numBranchPoints="1" visitedBranchPoints="1" sequenceCoverage="100" branchCoverage="100" maxCyclomaticComplexity="1" minCyclomaticComplexity="1" visitedClasses="0" numClasses="0" visitedMethods="1" numMethods="1" />
              <MetadataToken>100663346</MetadataToken>
              <Name>Puzzle.Core.Multitenancy.Internal.StartupMethodsMultitenant`1&lt;TTenant&gt; Puzzle.Core.Multitenancy.Internal.StartupLoaderMultitenant::LoadMethods(System.IServiceProvider,System.Type,System.String)</Name>
              <FileRef uid="22" />
              <SequencePoints>
                <SequencePoint vc="32" uspid="355" ordinal="0" offset="0" sl="12" sc="9" el="12" ec="10" bec="0" bev="0" fileid="22" />
                <SequencePoint vc="32" uspid="356" ordinal="1" offset="1" sl="13" sc="13" el="13" ec="118" bec="0" bev="0" fileid="22" />
                <SequencePoint vc="32" uspid="357" ordinal="2" offset="10" sl="14" sc="13" el="14" ec="168" bec="0" bev="0" fileid="22" />
                <SequencePoint vc="28" uspid="358" ordinal="3" offset="19" sl="16" sc="13" el="16" ec="124" bec="0" bev="0" fileid="22" />
                <SequencePoint vc="28" uspid="359" ordinal="4" offset="40" sl="17" sc="9" el="17" ec="10" bec="0" bev="0" fileid="22" />
              </SequencePoints>
              <BranchPoints />
              <MethodPoint xsi:type="SequencePoint" vc="32" uspid="355" ordinal="0" offset="0" sl="12" sc="9" el="12" ec="10" bec="0" bev="0" fileid="22" />
            </Method>
            <Method visited="true" cyclomaticComplexity="2" nPathComplexity="0" sequenceCoverage="100" branchCoverage="100" isConstructor="false" isStatic="true" isGetter="false" isSetter="false">
              <Summary numSequencePoints="6" visitedSequencePoints="6" numBranchPoints="1" visitedBranchPoints="1" sequenceCoverage="100" branchCoverage="100" maxCyclomaticComplexity="2" minCyclomaticComplexity="2" visitedClasses="0" numClasses="0" visitedMethods="1" numMethods="1" />
              <MetadataToken>100663347</MetadataToken>
              <Name>Puzzle.Core.Multitenancy.Internal.ConfigureMultitenantServicesBuilder`1&lt;TTenant&gt; Puzzle.Core.Multitenancy.Internal.StartupLoaderMultitenant::FindConfigurePerTenantServicesDelegate(System.Type,System.String,System.String)</Name>
              <FileRef uid="22" />
              <SequencePoints>
                <SequencePoint vc="32" uspid="360" ordinal="0" offset="0" sl="20" sc="9" el="20" ec="10" bec="0" bev="0" fileid="22" />
                <SequencePoint vc="32" uspid="361" ordinal="1" offset="1" sl="21" sc="13" el="21" ec="47" bec="0" bev="0" fileid="22" />
                <SequencePoint vc="32" uspid="362" ordinal="2" offset="7" sl="22" sc="13" el="22" ec="74" bec="0" bev="0" fileid="22" />
                <SequencePoint vc="32" uspid="363" ordinal="3" offset="19" sl="23" sc="13" el="24" ec="104" bec="0" bev="0" fileid="22" />
                <SequencePoint vc="28" uspid="364" ordinal="4" offset="62" sl="25" sc="13" el="25" ec="85" bec="0" bev="0" fileid="22" />
                <SequencePoint vc="28" uspid="365" ordinal="5" offset="71" sl="26" sc="9" el="26" ec="10" bec="0" bev="0" fileid="22" />
              </SequencePoints>
              <BranchPoints />
              <MethodPoint xsi:type="SequencePoint" vc="32" uspid="360" ordinal="0" offset="0" sl="20" sc="9" el="20" ec="10" bec="0" bev="0" fileid="22" />
            </Method>
            <Method visited="true" cyclomaticComplexity="9" nPathComplexity="128" sequenceCoverage="80" branchCoverage="73.33" isConstructor="false" isStatic="true" isGetter="false" isSetter="false">
              <Summary numSequencePoints="30" visitedSequencePoints="24" numBranchPoints="15" visitedBranchPoints="11" sequenceCoverage="80" branchCoverage="73.33" maxCyclomaticComplexity="9" minCyclomaticComplexity="9" visitedClasses="0" numClasses="0" visitedMethods="1" numMethods="1" />
              <MetadataToken>100663348</MetadataToken>
              <Name>System.Reflection.MethodInfo Puzzle.Core.Multitenancy.Internal.StartupLoaderMultitenant::FindMethod(System.Type,System.String,System.String,System.Type,System.Boolean)</Name>
              <FileRef uid="22" />
              <SequencePoints>
                <SequencePoint vc="60" uspid="368" ordinal="0" offset="6" sl="38" sc="9" el="38" ec="10" bec="0" bev="0" fileid="22" />
                <SequencePoint vc="60" uspid="369" ordinal="1" offset="7" sl="41" sc="13" el="41" ec="113" bec="0" bev="0" fileid="22" />
                <SequencePoint vc="60" uspid="370" ordinal="2" offset="25" sl="42" sc="13" el="42" ec="112" bec="0" bev="0" fileid="22" />
                <SequencePoint vc="60" uspid="371" ordinal="3" offset="47" sl="44" sc="13" el="44" ec="126" bec="0" bev="0" fileid="22" />
                <SequencePoint vc="60" uspid="372" ordinal="4" offset="56" sl="45" sc="13" el="45" ec="183" bec="0" bev="0" fileid="22" />
                <SequencePoint vc="60" uspid="373" ordinal="5" offset="80" sl="46" sc="13" el="46" ec="43" bec="2" bev="2" fileid="22" />
                <SequencePoint vc="4" uspid="374" ordinal="6" offset="95" sl="47" sc="13" el="47" ec="14" bec="0" bev="0" fileid="22" />
                <SequencePoint vc="4" uspid="375" ordinal="7" offset="96" sl="48" sc="17" el="48" ec="150" bec="0" bev="0" fileid="22" />
                <SequencePoint vc="56" uspid="376" ordinal="8" offset="118" sl="51" sc="13" el="51" ec="44" bec="2" bev="1" fileid="22" />
                <SequencePoint vc="56" uspid="377" ordinal="9" offset="133" sl="52" sc="13" el="52" ec="14" bec="0" bev="0" fileid="22" />
                <SequencePoint vc="56" uspid="378" ordinal="10" offset="134" sl="53" sc="17" el="53" ec="145" bec="0" bev="0" fileid="22" />
                <SequencePoint vc="56" uspid="379" ordinal="11" offset="158" sl="54" sc="17" el="54" ec="47" bec="2" bev="1" fileid="22" />
                <SequencePoint vc="0" uspid="380" ordinal="12" offset="173" sl="55" sc="17" el="55" ec="18" bec="0" bev="0" fileid="22" />
                <SequencePoint vc="0" uspid="381" ordinal="13" offset="174" sl="56" sc="21" el="56" ec="156" bec="0" bev="0" fileid="22" />
                <SequencePoint vc="56" uspid="382" ordinal="14" offset="196" sl="58" sc="13" el="58" ec="14" bec="0" bev="0" fileid="22" />
                <SequencePoint vc="56" uspid="383" ordinal="15" offset="197" sl="60" sc="13" el="60" ec="70" bec="0" bev="0" fileid="22" />
                <SequencePoint vc="56" uspid="384" ordinal="16" offset="204" sl="61" sc="13" el="61" ec="36" bec="2" bev="2" fileid="22" />
                <SequencePoint vc="32" uspid="385" ordinal="17" offset="217" sl="62" sc="13" el="62" ec="14" bec="0" bev="0" fileid="22" />
                <SequencePoint vc="32" uspid="386" ordinal="18" offset="218" sl="63" sc="17" el="63" ec="30" bec="2" bev="1" fileid="22" />
                <SequencePoint vc="0" uspid="387" ordinal="19" offset="226" sl="64" sc="17" el="64" ec="18" bec="0" bev="0" fileid="22" />
                <SequencePoint vc="0" uspid="388" ordinal="20" offset="227" sl="65" sc="21" el="69" ec="48" bec="0" bev="0" fileid="22" />
                <SequencePoint vc="32" uspid="389" ordinal="21" offset="261" sl="72" sc="17" el="72" ec="29" bec="0" bev="0" fileid="22" />
                <SequencePoint vc="24" uspid="390" ordinal="22" offset="266" sl="75" sc="13" el="75" ec="75" bec="2" bev="2" fileid="22" />
                <SequencePoint vc="12" uspid="391" ordinal="23" offset="296" sl="76" sc="13" el="76" ec="14" bec="0" bev="0" fileid="22" />
                <SequencePoint vc="12" uspid="392" ordinal="24" offset="297" sl="77" sc="17" el="77" ec="30" bec="2" bev="1" fileid="22" />
                <SequencePoint vc="0" uspid="393" ordinal="25" offset="305" sl="78" sc="17" el="78" ec="18" bec="0" bev="0" fileid="22" />
                <SequencePoint vc="0" uspid="394" ordinal="26" offset="306" sl="79" sc="21" el="83" ec="43" bec="0" bev="0" fileid="22" />
                <SequencePoint vc="12" uspid="395" ordinal="27" offset="340" sl="86" sc="17" el="86" ec="29" bec="0" bev="0" fileid="22" />
                <SequencePoint vc="12" uspid="396" ordinal="28" offset="345" sl="89" sc="13" el="89" ec="31" bec="0" bev="0" fileid="22" />
                <SequencePoint vc="56" uspid="397" ordinal="29" offset="350" sl="90" sc="9" el="90" ec="10" bec="0" bev="0" fileid="22" />
              </SequencePoints>
              <BranchPoints>
                <BranchPoint vc="4" uspid="398" ordinal="0" offset="93" sl="46" path="0" offsetend="95" fileid="22" />
                <BranchPoint vc="56" uspid="399" ordinal="1" offset="93" sl="46" path="1" offsetend="118" fileid="22" />
                <BranchPoint vc="56" uspid="400" ordinal="2" offset="131" sl="51" path="0" offsetend="133" fileid="22" />
                <BranchPoint vc="0" uspid="401" ordinal="3" offset="131" sl="51" path="1" offsetend="197" fileid="22" />
                <BranchPoint vc="0" uspid="402" ordinal="4" offset="171" sl="54" path="0" offsetend="173" fileid="22" />
                <BranchPoint vc="56" uspid="403" ordinal="5" offset="171" sl="54" path="1" offsetend="196" fileid="22" />
                <BranchPoint vc="32" uspid="404" ordinal="6" offset="215" sl="61" path="0" offsetend="217" fileid="22" />
                <BranchPoint vc="24" uspid="405" ordinal="7" offset="215" sl="61" path="1" offsetend="266" fileid="22" />
                <BranchPoint vc="0" uspid="406" ordinal="8" offset="224" sl="63" path="0" offsetend="226" fileid="22" />
                <BranchPoint vc="32" uspid="407" ordinal="9" offset="224" sl="63" path="1" offsetend="261" fileid="22" />
                <BranchPoint vc="12" uspid="410" ordinal="12" offset="294" sl="75" path="0" offsetend="296" fileid="22" />
                <BranchPoint vc="12" uspid="411" ordinal="13" offset="294" sl="75" path="1" offsetend="345" fileid="22" />
                <BranchPoint vc="0" uspid="412" ordinal="14" offset="303" sl="77" path="0" offsetend="305" fileid="22" />
                <BranchPoint vc="12" uspid="413" ordinal="15" offset="303" sl="77" path="1" offsetend="340" fileid="22" />
              </BranchPoints>
              <MethodPoint vc="60" uspid="414" ordinal="0" offset="0" />
            </Method>
            <Method visited="false" cyclomaticComplexity="1" nPathComplexity="0" sequenceCoverage="0" branchCoverage="0" isConstructor="true" isStatic="false" isGetter="false" isSetter="false">
              <Summary numSequencePoints="0" visitedSequencePoints="0" numBranchPoints="0" visitedBranchPoints="0" sequenceCoverage="0" branchCoverage="0" maxCyclomaticComplexity="1" minCyclomaticComplexity="1" visitedClasses="0" numClasses="0" visitedMethods="0" numMethods="0" />
              <MetadataToken>100663349</MetadataToken>
              <Name>System.Void Puzzle.Core.Multitenancy.Internal.StartupLoaderMultitenant::.ctor()</Name>
              <SequencePoints />
              <BranchPoints />
              <MethodPoint vc="0" uspid="415" ordinal="0" offset="0" />
            </Method>
          </Methods>
        </Class>
        <Class>
          <Summary numSequencePoints="2" visitedSequencePoints="2" numBranchPoints="2" visitedBranchPoints="2" sequenceCoverage="100" branchCoverage="100" maxCyclomaticComplexity="1" minCyclomaticComplexity="1" visitedClasses="1" numClasses="1" visitedMethods="2" numMethods="2" />
          <FullName>Puzzle.Core.Multitenancy.Internal.StartupLoaderMultitenant/&lt;&gt;c__DisplayClass2_0</FullName>
          <Methods>
            <Method visited="true" cyclomaticComplexity="1" nPathComplexity="0" sequenceCoverage="0" branchCoverage="0" isConstructor="true" isStatic="false" isGetter="false" isSetter="false">
              <Summary numSequencePoints="0" visitedSequencePoints="0" numBranchPoints="0" visitedBranchPoints="0" sequenceCoverage="0" branchCoverage="0" maxCyclomaticComplexity="1" minCyclomaticComplexity="1" visitedClasses="0" numClasses="0" visitedMethods="0" numMethods="0" />
              <MetadataToken>100663606</MetadataToken>
              <Name>System.Void Puzzle.Core.Multitenancy.Internal.StartupLoaderMultitenant/&lt;&gt;c__DisplayClass2_0::.ctor()</Name>
              <SequencePoints />
              <BranchPoints />
              <MethodPoint vc="60" uspid="416" ordinal="0" offset="0" />
            </Method>
            <Method visited="true" cyclomaticComplexity="1" nPathComplexity="0" sequenceCoverage="100" branchCoverage="100" isConstructor="false" isStatic="false" isGetter="false" isSetter="false">
              <Summary numSequencePoints="1" visitedSequencePoints="1" numBranchPoints="1" visitedBranchPoints="1" sequenceCoverage="100" branchCoverage="100" maxCyclomaticComplexity="1" minCyclomaticComplexity="1" visitedClasses="0" numClasses="0" visitedMethods="1" numMethods="1" />
              <MetadataToken>100663607</MetadataToken>
              <Name>System.Boolean Puzzle.Core.Multitenancy.Internal.StartupLoaderMultitenant/&lt;&gt;c__DisplayClass2_0::&lt;FindMethod&gt;b__0(System.Reflection.MethodInfo)</Name>
              <FileRef uid="22" />
              <SequencePoints>
                <SequencePoint vc="388" uspid="417" ordinal="0" offset="0" sl="45" sc="99" el="45" ec="172" bec="0" bev="0" fileid="22" />
              </SequencePoints>
              <BranchPoints />
              <MethodPoint xsi:type="SequencePoint" vc="388" uspid="417" ordinal="0" offset="0" sl="45" sc="99" el="45" ec="172" bec="0" bev="0" fileid="22" />
            </Method>
            <Method visited="true" cyclomaticComplexity="1" nPathComplexity="0" sequenceCoverage="100" branchCoverage="100" isConstructor="false" isStatic="false" isGetter="false" isSetter="false">
              <Summary numSequencePoints="1" visitedSequencePoints="1" numBranchPoints="1" visitedBranchPoints="1" sequenceCoverage="100" branchCoverage="100" maxCyclomaticComplexity="1" minCyclomaticComplexity="1" visitedClasses="0" numClasses="0" visitedMethods="1" numMethods="1" />
              <MetadataToken>100663608</MetadataToken>
              <Name>System.Boolean Puzzle.Core.Multitenancy.Internal.StartupLoaderMultitenant/&lt;&gt;c__DisplayClass2_0::&lt;FindMethod&gt;b__1(System.Reflection.MethodInfo)</Name>
              <FileRef uid="22" />
              <SequencePoints>
                <SequencePoint vc="356" uspid="418" ordinal="0" offset="0" sl="53" sc="59" el="53" ec="134" bec="0" bev="0" fileid="22" />
              </SequencePoints>
              <BranchPoints />
              <MethodPoint xsi:type="SequencePoint" vc="356" uspid="418" ordinal="0" offset="0" sl="53" sc="59" el="53" ec="134" bec="0" bev="0" fileid="22" />
            </Method>
          </Methods>
        </Class>
        <Class>
          <Summary numSequencePoints="10" visitedSequencePoints="10" numBranchPoints="2" visitedBranchPoints="2" sequenceCoverage="100" branchCoverage="100" maxCyclomaticComplexity="1" minCyclomaticComplexity="1" visitedClasses="1" numClasses="1" visitedMethods="2" numMethods="2" />
          <FullName>Puzzle.Core.Multitenancy.Internal.StartupMethodsMultitenant`1</FullName>
          <Methods>
            <Method skippedDueTo="AutoImplementedProperty" visited="false" cyclomaticComplexity="1" nPathComplexity="0" sequenceCoverage="0" branchCoverage="0" isConstructor="false" isStatic="false" isGetter="true" isSetter="false">
              <MetadataToken>100663352</MetadataToken>
              <Name>System.Action`2&lt;Microsoft.Extensions.DependencyInjection.IServiceCollection,TTenant&gt; Puzzle.Core.Multitenancy.Internal.StartupMethodsMultitenant`1::get_ConfigurePerTenantServicesDelegate()</Name>
              <FileRef uid="24" />
              <SequencePoints />
              <BranchPoints />
            </Method>
            <Method visited="true" cyclomaticComplexity="1" nPathComplexity="0" sequenceCoverage="100" branchCoverage="100" isConstructor="true" isStatic="false" isGetter="false" isSetter="false">
              <Summary numSequencePoints="3" visitedSequencePoints="3" numBranchPoints="1" visitedBranchPoints="1" sequenceCoverage="100" branchCoverage="100" maxCyclomaticComplexity="1" minCyclomaticComplexity="1" visitedClasses="0" numClasses="0" visitedMethods="1" numMethods="1" />
              <MetadataToken>100663350</MetadataToken>
              <Name>System.Void Puzzle.Core.Multitenancy.Internal.StartupMethodsMultitenant`1::.ctor(Microsoft.AspNetCore.Hosting.Internal.StartupMethods,System.Action`2&lt;Microsoft.Extensions.DependencyInjection.IServiceCollection,TTenant&gt;)</Name>
              <FileRef uid="24" />
              <SequencePoints>
                <SequencePoint vc="28" uspid="419" ordinal="0" offset="0" sl="12" sc="15" el="16" ec="44" bec="0" bev="0" fileid="24" />
                <SequencePoint vc="28" uspid="420" ordinal="1" offset="26" sl="17" sc="9" el="17" ec="10" bec="0" bev="0" fileid="24" />
                <SequencePoint vc="28" uspid="421" ordinal="2" offset="27" sl="18" sc="9" el="18" ec="10" bec="0" bev="0" fileid="24" />
              </SequencePoints>
              <BranchPoints />
              <MethodPoint xsi:type="SequencePoint" vc="28" uspid="419" ordinal="0" offset="0" sl="12" sc="15" el="16" ec="44" bec="0" bev="0" fileid="24" />
            </Method>
            <Method visited="true" cyclomaticComplexity="1" nPathComplexity="0" sequenceCoverage="100" branchCoverage="100" isConstructor="true" isStatic="false" isGetter="false" isSetter="false">
              <Summary numSequencePoints="7" visitedSequencePoints="7" numBranchPoints="1" visitedBranchPoints="1" sequenceCoverage="100" branchCoverage="100" maxCyclomaticComplexity="1" minCyclomaticComplexity="1" visitedClasses="0" numClasses="0" visitedMethods="1" numMethods="1" />
              <MetadataToken>100663351</MetadataToken>
              <Name>System.Void Puzzle.Core.Multitenancy.Internal.StartupMethodsMultitenant`1::.ctor(System.Object,System.Action`1&lt;Microsoft.AspNetCore.Builder.IApplicationBuilder&gt;,System.Func`2&lt;Microsoft.Extensions.DependencyInjection.IServiceCollection,System.IServiceProvider&gt;,System.Action`2&lt;Microsoft.Extensions.DependencyInjection.IServiceCollection,TTenant&gt;)</Name>
              <FileRef uid="24" />
              <SequencePoints>
                <SequencePoint vc="28" uspid="422" ordinal="0" offset="0" sl="25" sc="11" el="25" ec="55" bec="0" bev="0" fileid="24" />
                <SequencePoint vc="28" uspid="423" ordinal="1" offset="10" sl="26" sc="9" el="26" ec="10" bec="0" bev="0" fileid="24" />
                <SequencePoint vc="28" uspid="424" ordinal="2" offset="11" sl="27" sc="13" el="27" ec="62" bec="0" bev="0" fileid="24" />
                <SequencePoint vc="28" uspid="425" ordinal="3" offset="26" sl="28" sc="13" el="28" ec="64" bec="0" bev="0" fileid="24" />
                <SequencePoint vc="28" uspid="426" ordinal="4" offset="41" sl="29" sc="13" el="29" ec="80" bec="0" bev="0" fileid="24" />
                <SequencePoint vc="28" uspid="427" ordinal="5" offset="56" sl="31" sc="13" el="31" ec="77" bec="0" bev="0" fileid="24" />
                <SequencePoint vc="28" uspid="428" ordinal="6" offset="64" sl="32" sc="9" el="32" ec="10" bec="0" bev="0" fileid="24" />
              </SequencePoints>
              <BranchPoints />
              <MethodPoint xsi:type="SequencePoint" vc="28" uspid="422" ordinal="0" offset="0" sl="25" sc="11" el="25" ec="55" bec="0" bev="0" fileid="24" />
            </Method>
          </Methods>
        </Class>
        <Class>
          <Summary numSequencePoints="4" visitedSequencePoints="4" numBranchPoints="1" visitedBranchPoints="1" sequenceCoverage="100" branchCoverage="100" maxCyclomaticComplexity="1" minCyclomaticComplexity="1" visitedClasses="1" numClasses="1" visitedMethods="1" numMethods="1" />
          <FullName>Puzzle.Core.Multitenancy.Internal.TenantWrapper`1</FullName>
          <Methods>
            <Method skippedDueTo="AutoImplementedProperty" visited="false" cyclomaticComplexity="1" nPathComplexity="0" sequenceCoverage="0" branchCoverage="0" isConstructor="false" isStatic="false" isGetter="true" isSetter="false">
              <MetadataToken>100663354</MetadataToken>
              <Name>TTenant Puzzle.Core.Multitenancy.Internal.TenantWrapper`1::get_Value()</Name>
              <FileRef uid="25" />
              <SequencePoints />
              <BranchPoints />
            </Method>
            <Method visited="true" cyclomaticComplexity="1" nPathComplexity="0" sequenceCoverage="100" branchCoverage="100" isConstructor="true" isStatic="false" isGetter="false" isSetter="false">
              <Summary numSequencePoints="4" visitedSequencePoints="4" numBranchPoints="1" visitedBranchPoints="1" sequenceCoverage="100" branchCoverage="100" maxCyclomaticComplexity="1" minCyclomaticComplexity="1" visitedClasses="0" numClasses="0" visitedMethods="1" numMethods="1" />
              <MetadataToken>100663353</MetadataToken>
              <Name>System.Void Puzzle.Core.Multitenancy.Internal.TenantWrapper`1::.ctor(TTenant)</Name>
              <FileRef uid="25" />
              <SequencePoints>
                <SequencePoint vc="2" uspid="429" ordinal="0" offset="0" sl="14" sc="9" el="14" ec="45" bec="0" bev="0" fileid="25" />
                <SequencePoint vc="2" uspid="430" ordinal="1" offset="7" sl="15" sc="9" el="15" ec="10" bec="0" bev="0" fileid="25" />
                <SequencePoint vc="2" uspid="431" ordinal="2" offset="8" sl="16" sc="13" el="16" ec="28" bec="0" bev="0" fileid="25" />
                <SequencePoint vc="2" uspid="432" ordinal="3" offset="15" sl="17" sc="9" el="17" ec="10" bec="0" bev="0" fileid="25" />
              </SequencePoints>
              <BranchPoints />
              <MethodPoint xsi:type="SequencePoint" vc="2" uspid="429" ordinal="0" offset="0" sl="14" sc="9" el="14" ec="45" bec="0" bev="0" fileid="25" />
            </Method>
          </Methods>
        </Class>
        <Class>
          <Summary numSequencePoints="10" visitedSequencePoints="10" numBranchPoints="3" visitedBranchPoints="3" sequenceCoverage="100" branchCoverage="100" maxCyclomaticComplexity="1" minCyclomaticComplexity="1" visitedClasses="1" numClasses="1" visitedMethods="3" numMethods="3" />
          <FullName>Puzzle.Core.Multitenancy.Internal.StartupFilters.MultitenantRequestStartupFilter`2</FullName>
          <Methods>
            <Method visited="true" cyclomaticComplexity="1" nPathComplexity="0" sequenceCoverage="100" branchCoverage="100" isConstructor="true" isStatic="false" isGetter="false" isSetter="false">
              <Summary numSequencePoints="4" visitedSequencePoints="4" numBranchPoints="1" visitedBranchPoints="1" sequenceCoverage="100" branchCoverage="100" maxCyclomaticComplexity="1" minCyclomaticComplexity="1" visitedClasses="0" numClasses="0" visitedMethods="1" numMethods="1" />
              <MetadataToken>100663355</MetadataToken>
              <Name>System.Void Puzzle.Core.Multitenancy.Internal.StartupFilters.MultitenantRequestStartupFilter`2::.ctor(Puzzle.Core.Multitenancy.Internal.IServiceFactoryForMultitenancy`1&lt;TTenant&gt;)</Name>
              <FileRef uid="26" />
              <SequencePoints>
                <SequencePoint vc="24" uspid="433" ordinal="0" offset="0" sl="24" sc="15" el="24" ec="21" bec="0" bev="0" fileid="26" />
                <SequencePoint vc="24" uspid="434" ordinal="1" offset="7" sl="25" sc="9" el="25" ec="10" bec="0" bev="0" fileid="26" />
                <SequencePoint vc="24" uspid="435" ordinal="2" offset="8" sl="26" sc="13" el="26" ec="80" bec="0" bev="0" fileid="26" />
                <SequencePoint vc="24" uspid="436" ordinal="3" offset="15" sl="27" sc="9" el="27" ec="10" bec="0" bev="0" fileid="26" />
              </SequencePoints>
              <BranchPoints />
              <MethodPoint xsi:type="SequencePoint" vc="24" uspid="433" ordinal="0" offset="0" sl="24" sc="15" el="24" ec="21" bec="0" bev="0" fileid="26" />
            </Method>
            <Method visited="true" cyclomaticComplexity="1" nPathComplexity="0" sequenceCoverage="100" branchCoverage="100" isConstructor="true" isStatic="false" isGetter="false" isSetter="false">
              <Summary numSequencePoints="3" visitedSequencePoints="3" numBranchPoints="1" visitedBranchPoints="1" sequenceCoverage="100" branchCoverage="100" maxCyclomaticComplexity="1" minCyclomaticComplexity="1" visitedClasses="0" numClasses="0" visitedMethods="1" numMethods="1" />
              <MetadataToken>100663356</MetadataToken>
              <Name>System.Void Puzzle.Core.Multitenancy.Internal.StartupFilters.MultitenantRequestStartupFilter`2::.ctor()</Name>
              <FileRef uid="26" />
              <SequencePoints>
                <SequencePoint vc="24" uspid="437" ordinal="0" offset="0" sl="29" sc="9" el="29" ec="50" bec="0" bev="0" fileid="26" />
                <SequencePoint vc="24" uspid="438" ordinal="1" offset="7" sl="30" sc="9" el="30" ec="10" bec="0" bev="0" fileid="26" />
                <SequencePoint vc="24" uspid="439" ordinal="2" offset="8" sl="31" sc="9" el="31" ec="10" bec="0" bev="0" fileid="26" />
              </SequencePoints>
              <BranchPoints />
              <MethodPoint xsi:type="SequencePoint" vc="24" uspid="437" ordinal="0" offset="0" sl="29" sc="9" el="29" ec="50" bec="0" bev="0" fileid="26" />
            </Method>
            <Method visited="true" cyclomaticComplexity="1" nPathComplexity="0" sequenceCoverage="100" branchCoverage="100" isConstructor="false" isStatic="false" isGetter="false" isSetter="false">
              <Summary numSequencePoints="3" visitedSequencePoints="3" numBranchPoints="1" visitedBranchPoints="1" sequenceCoverage="100" branchCoverage="100" maxCyclomaticComplexity="1" minCyclomaticComplexity="1" visitedClasses="0" numClasses="0" visitedMethods="1" numMethods="1" />
              <MetadataToken>100663357</MetadataToken>
              <Name>System.Action`1&lt;Microsoft.AspNetCore.Builder.IApplicationBuilder&gt; Puzzle.Core.Multitenancy.Internal.StartupFilters.MultitenantRequestStartupFilter`2::Configure(System.Action`1&lt;Microsoft.AspNetCore.Builder.IApplicationBuilder&gt;)</Name>
              <FileRef uid="26" />
              <SequencePoints>
                <SequencePoint vc="24" uspid="440" ordinal="0" offset="13" sl="34" sc="9" el="34" ec="10" bec="0" bev="0" fileid="26" />
                <SequencePoint vc="24" uspid="441" ordinal="1" offset="14" sl="35" sc="13" el="44" ec="15" bec="0" bev="0" fileid="26" />
                <SequencePoint vc="24" uspid="442" ordinal="2" offset="29" sl="45" sc="9" el="45" ec="10" bec="0" bev="0" fileid="26" />
              </SequencePoints>
              <BranchPoints />
              <MethodPoint vc="24" uspid="443" ordinal="0" offset="0" />
            </Method>
          </Methods>
        </Class>
        <Class>
          <Summary numSequencePoints="5" visitedSequencePoints="5" numBranchPoints="1" visitedBranchPoints="1" sequenceCoverage="100" branchCoverage="100" maxCyclomaticComplexity="1" minCyclomaticComplexity="1" visitedClasses="1" numClasses="1" visitedMethods="1" numMethods="1" />
          <FullName>Puzzle.Core.Multitenancy.Internal.StartupFilters.MultitenantRequestStartupFilter`2/&lt;&gt;c__DisplayClass3_0</FullName>
          <Methods>
            <Method visited="true" cyclomaticComplexity="1" nPathComplexity="0" sequenceCoverage="0" branchCoverage="0" isConstructor="true" isStatic="false" isGetter="false" isSetter="false">
              <Summary numSequencePoints="0" visitedSequencePoints="0" numBranchPoints="0" visitedBranchPoints="0" sequenceCoverage="0" branchCoverage="0" maxCyclomaticComplexity="1" minCyclomaticComplexity="1" visitedClasses="0" numClasses="0" visitedMethods="0" numMethods="0" />
              <MetadataToken>100663609</MetadataToken>
              <Name>System.Void Puzzle.Core.Multitenancy.Internal.StartupFilters.MultitenantRequestStartupFilter`2/&lt;&gt;c__DisplayClass3_0::.ctor()</Name>
              <SequencePoints />
              <BranchPoints />
              <MethodPoint vc="24" uspid="444" ordinal="0" offset="0" />
            </Method>
            <Method visited="true" cyclomaticComplexity="1" nPathComplexity="0" sequenceCoverage="100" branchCoverage="100" isConstructor="false" isStatic="false" isGetter="false" isSetter="false">
              <Summary numSequencePoints="5" visitedSequencePoints="5" numBranchPoints="1" visitedBranchPoints="1" sequenceCoverage="100" branchCoverage="100" maxCyclomaticComplexity="1" minCyclomaticComplexity="1" visitedClasses="0" numClasses="0" visitedMethods="1" numMethods="1" />
              <MetadataToken>100663610</MetadataToken>
              <Name>System.Void Puzzle.Core.Multitenancy.Internal.StartupFilters.MultitenantRequestStartupFilter`2/&lt;&gt;c__DisplayClass3_0::&lt;Configure&gt;b__0(Microsoft.AspNetCore.Builder.IApplicationBuilder)</Name>
              <FileRef uid="26" />
              <SequencePoints>
                <SequencePoint vc="24" uspid="445" ordinal="0" offset="0" sl="36" sc="13" el="36" ec="14" bec="0" bev="0" fileid="26" />
                <SequencePoint vc="24" uspid="446" ordinal="1" offset="1" sl="37" sc="17" el="37" ec="52" bec="0" bev="0" fileid="26" />
                <SequencePoint vc="24" uspid="447" ordinal="2" offset="8" sl="40" sc="17" el="40" ec="98" bec="0" bev="0" fileid="26" />
                <SequencePoint vc="24" uspid="448" ordinal="3" offset="20" sl="43" sc="17" el="43" ec="31" bec="0" bev="0" fileid="26" />
                <SequencePoint vc="20" uspid="449" ordinal="4" offset="33" sl="44" sc="13" el="44" ec="14" bec="0" bev="0" fileid="26" />
              </SequencePoints>
              <BranchPoints />
              <MethodPoint xsi:type="SequencePoint" vc="24" uspid="445" ordinal="0" offset="0" sl="36" sc="13" el="36" ec="14" bec="0" bev="0" fileid="26" />
            </Method>
          </Methods>
        </Class>
        <Class>
          <Summary numSequencePoints="25" visitedSequencePoints="25" numBranchPoints="8" visitedBranchPoints="8" sequenceCoverage="100" branchCoverage="100" maxCyclomaticComplexity="3" minCyclomaticComplexity="1" visitedClasses="1" numClasses="1" visitedMethods="6" numMethods="6" />
          <FullName>Puzzle.Core.Multitenancy.Internal.Resolvers.CachingAppTenantResolver</FullName>
          <Methods>
            <Method visited="true" cyclomaticComplexity="1" nPathComplexity="0" sequenceCoverage="100" branchCoverage="100" isConstructor="false" isStatic="false" isGetter="true" isSetter="false">
              <Summary numSequencePoints="1" visitedSequencePoints="1" numBranchPoints="1" visitedBranchPoints="1" sequenceCoverage="100" branchCoverage="100" maxCyclomaticComplexity="1" minCyclomaticComplexity="1" visitedClasses="0" numClasses="0" visitedMethods="1" numMethods="1" />
              <MetadataToken>100663359</MetadataToken>
              <Name>System.Collections.Generic.IEnumerable`1&lt;Puzzle.Core.Multitenancy.Internal.AppTenant&gt; Puzzle.Core.Multitenancy.Internal.Resolvers.CachingAppTenantResolver::get_Tenants()</Name>
              <FileRef uid="28" />
              <SequencePoints>
                <SequencePoint vc="6" uspid="450" ordinal="0" offset="0" sl="37" sc="53" el="37" ec="88" bec="0" bev="0" fileid="28" />
              </SequencePoints>
              <BranchPoints />
              <MethodPoint xsi:type="SequencePoint" vc="6" uspid="450" ordinal="0" offset="0" sl="37" sc="53" el="37" ec="88" bec="0" bev="0" fileid="28" />
            </Method>
            <Method visited="true" cyclomaticComplexity="3" nPathComplexity="0" sequenceCoverage="100" branchCoverage="100" isConstructor="true" isStatic="false" isGetter="false" isSetter="false">
              <Summary numSequencePoints="6" visitedSequencePoints="6" numBranchPoints="1" visitedBranchPoints="1" sequenceCoverage="100" branchCoverage="100" maxCyclomaticComplexity="3" minCyclomaticComplexity="3" visitedClasses="0" numClasses="0" visitedMethods="1" numMethods="1" />
              <MetadataToken>100663358</MetadataToken>
              <Name>System.Void Puzzle.Core.Multitenancy.Internal.Resolvers.CachingAppTenantResolver::.ctor(Microsoft.Extensions.Caching.Memory.IMemoryCache,Puzzle.Core.Multitenancy.Internal.Logging.ILog`1&lt;Puzzle.Core.Multitenancy.Internal.Resolvers.CachingAppTenantResolver&gt;,Microsoft.Extensions.Options.IOptionsMonitor`1&lt;Puzzle.Core.Multitenancy.Internal.Options.MultitenancyOptions&gt;)</Name>
              <FileRef uid="28" />
              <SequencePoints>
                <SequencePoint vc="46" uspid="451" ordinal="0" offset="13" sl="24" sc="15" el="24" ec="34" bec="0" bev="0" fileid="28" />
                <SequencePoint vc="46" uspid="452" ordinal="1" offset="27" sl="25" sc="9" el="25" ec="10" bec="0" bev="0" fileid="28" />
                <SequencePoint vc="46" uspid="453" ordinal="2" offset="28" sl="26" sc="13" el="26" ec="140" bec="0" bev="0" fileid="28" />
                <SequencePoint vc="44" uspid="454" ordinal="3" offset="60" sl="27" sc="13" el="27" ec="85" bec="0" bev="0" fileid="28" />
                <SequencePoint vc="44" uspid="455" ordinal="4" offset="87" sl="30" sc="13" el="34" ec="16" bec="0" bev="0" fileid="28" />
                <SequencePoint vc="44" uspid="456" ordinal="5" offset="111" sl="35" sc="9" el="35" ec="10" bec="0" bev="0" fileid="28" />
              </SequencePoints>
              <BranchPoints />
              <MethodPoint vc="46" uspid="461" ordinal="0" offset="0" />
            </Method>
            <Method visited="true" cyclomaticComplexity="1" nPathComplexity="0" sequenceCoverage="100" branchCoverage="100" isConstructor="false" isStatic="false" isGetter="false" isSetter="false">
              <Summary numSequencePoints="3" visitedSequencePoints="3" numBranchPoints="1" visitedBranchPoints="1" sequenceCoverage="100" branchCoverage="100" maxCyclomaticComplexity="1" minCyclomaticComplexity="1" visitedClasses="0" numClasses="0" visitedMethods="1" numMethods="1" />
              <MetadataToken>100663360</MetadataToken>
              <Name>System.String Puzzle.Core.Multitenancy.Internal.Resolvers.CachingAppTenantResolver::GetContextIdentifier(Microsoft.AspNetCore.Http.HttpContext)</Name>
              <FileRef uid="28" />
              <SequencePoints>
                <SequencePoint vc="6" uspid="462" ordinal="0" offset="0" sl="40" sc="9" el="40" ec="10" bec="0" bev="0" fileid="28" />
                <SequencePoint vc="6" uspid="463" ordinal="1" offset="1" sl="41" sc="13" el="41" ec="57" bec="0" bev="0" fileid="28" />
                <SequencePoint vc="6" uspid="464" ordinal="2" offset="28" sl="42" sc="9" el="42" ec="10" bec="0" bev="0" fileid="28" />
              </SequencePoints>
              <BranchPoints />
              <MethodPoint xsi:type="SequencePoint" vc="6" uspid="462" ordinal="0" offset="0" sl="40" sc="9" el="40" ec="10" bec="0" bev="0" fileid="28" />
            </Method>
            <Method visited="true" cyclomaticComplexity="1" nPathComplexity="0" sequenceCoverage="100" branchCoverage="100" isConstructor="false" isStatic="false" isGetter="false" isSetter="false">
              <Summary numSequencePoints="3" visitedSequencePoints="3" numBranchPoints="1" visitedBranchPoints="1" sequenceCoverage="100" branchCoverage="100" maxCyclomaticComplexity="1" minCyclomaticComplexity="1" visitedClasses="0" numClasses="0" visitedMethods="1" numMethods="1" />
              <MetadataToken>100663361</MetadataToken>
              <Name>System.Collections.Generic.IEnumerable`1&lt;System.String&gt; Puzzle.Core.Multitenancy.Internal.Resolvers.CachingAppTenantResolver::GetTenantIdentifiers(Puzzle.Core.Multitenancy.TenantContext`1&lt;Puzzle.Core.Multitenancy.Internal.AppTenant&gt;)</Name>
              <FileRef uid="28" />
              <SequencePoints>
                <SequencePoint vc="4" uspid="465" ordinal="0" offset="0" sl="45" sc="9" el="45" ec="10" bec="0" bev="0" fileid="28" />
                <SequencePoint vc="4" uspid="466" ordinal="1" offset="1" sl="46" sc="13" el="46" ec="45" bec="0" bev="0" fileid="28" />
                <SequencePoint vc="4" uspid="467" ordinal="2" offset="15" sl="47" sc="9" el="47" ec="10" bec="0" bev="0" fileid="28" />
              </SequencePoints>
              <BranchPoints />
              <MethodPoint xsi:type="SequencePoint" vc="4" uspid="465" ordinal="0" offset="0" sl="45" sc="9" el="45" ec="10" bec="0" bev="0" fileid="28" />
            </Method>
            <Method visited="true" cyclomaticComplexity="2" nPathComplexity="2" sequenceCoverage="100" branchCoverage="100" isConstructor="false" isStatic="false" isGetter="false" isSetter="false">
              <Summary numSequencePoints="9" visitedSequencePoints="9" numBranchPoints="3" visitedBranchPoints="3" sequenceCoverage="100" branchCoverage="100" maxCyclomaticComplexity="2" minCyclomaticComplexity="2" visitedClasses="0" numClasses="0" visitedMethods="1" numMethods="1" />
              <MetadataToken>100663362</MetadataToken>
              <Name>System.Threading.Tasks.Task`1&lt;Puzzle.Core.Multitenancy.TenantContext`1&lt;Puzzle.Core.Multitenancy.Internal.AppTenant&gt;&gt; Puzzle.Core.Multitenancy.Internal.Resolvers.CachingAppTenantResolver::ResolveAsync(Microsoft.AspNetCore.Http.HttpContext)</Name>
              <FileRef uid="28" />
              <SequencePoints>
                <SequencePoint vc="6" uspid="468" ordinal="0" offset="13" sl="50" sc="9" el="50" ec="10" bec="0" bev="0" fileid="28" />
                <SequencePoint vc="6" uspid="469" ordinal="1" offset="14" sl="51" sc="13" el="51" ec="59" bec="0" bev="0" fileid="28" />
                <SequencePoint vc="6" uspid="470" ordinal="2" offset="16" sl="53" sc="13" el="54" ec="87" bec="0" bev="0" fileid="28" />
                <SequencePoint vc="6" uspid="471" ordinal="3" offset="40" sl="56" sc="13" el="56" ec="32" bec="2" bev="2" fileid="28" />
                <SequencePoint vc="4" uspid="472" ordinal="4" offset="48" sl="57" sc="13" el="57" ec="14" bec="0" bev="0" fileid="28" />
                <SequencePoint vc="4" uspid="473" ordinal="5" offset="49" sl="58" sc="17" el="58" ec="70" bec="0" bev="0" fileid="28" />
                <SequencePoint vc="4" uspid="474" ordinal="6" offset="56" sl="59" sc="13" el="59" ec="14" bec="0" bev="0" fileid="28" />
                <SequencePoint vc="6" uspid="475" ordinal="7" offset="57" sl="61" sc="13" el="61" ec="51" bec="0" bev="0" fileid="28" />
                <SequencePoint vc="6" uspid="476" ordinal="8" offset="67" sl="62" sc="9" el="62" ec="10" bec="0" bev="0" fileid="28" />
              </SequencePoints>
              <BranchPoints>
                <BranchPoint vc="4" uspid="477" ordinal="0" offset="46" sl="56" path="0" offsetend="48" fileid="28" />
                <BranchPoint vc="2" uspid="478" ordinal="1" offset="46" sl="56" path="1" offsetend="57" fileid="28" />
              </BranchPoints>
              <MethodPoint vc="6" uspid="479" ordinal="0" offset="0" />
            </Method>
            <Method visited="true" cyclomaticComplexity="1" nPathComplexity="0" sequenceCoverage="100" branchCoverage="100" isConstructor="false" isStatic="false" isGetter="false" isSetter="false">
              <Summary numSequencePoints="3" visitedSequencePoints="3" numBranchPoints="1" visitedBranchPoints="1" sequenceCoverage="100" branchCoverage="100" maxCyclomaticComplexity="1" minCyclomaticComplexity="1" visitedClasses="0" numClasses="0" visitedMethods="1" numMethods="1" />
              <MetadataToken>100663363</MetadataToken>
              <Name>Microsoft.Extensions.Caching.Memory.MemoryCacheEntryOptions Puzzle.Core.Multitenancy.Internal.Resolvers.CachingAppTenantResolver::CreateCacheEntryOptions()</Name>
              <FileRef uid="28" />
              <SequencePoints>
                <SequencePoint vc="4" uspid="480" ordinal="0" offset="0" sl="65" sc="9" el="65" ec="10" bec="0" bev="0" fileid="28" />
                <SequencePoint vc="4" uspid="481" ordinal="1" offset="1" sl="66" sc="13" el="67" ec="64" bec="0" bev="0" fileid="28" />
                <SequencePoint vc="4" uspid="482" ordinal="2" offset="29" sl="68" sc="9" el="68" ec="10" bec="0" bev="0" fileid="28" />
              </SequencePoints>
              <BranchPoints />
              <MethodPoint xsi:type="SequencePoint" vc="4" uspid="480" ordinal="0" offset="0" sl="65" sc="9" el="65" ec="10" bec="0" bev="0" fileid="28" />
            </Method>
          </Methods>
        </Class>
        <Class>
          <Summary numSequencePoints="3" visitedSequencePoints="0" numBranchPoints="1" visitedBranchPoints="0" sequenceCoverage="0" branchCoverage="0" maxCyclomaticComplexity="1" minCyclomaticComplexity="1" visitedClasses="0" numClasses="1" visitedMethods="0" numMethods="1" />
          <FullName>Puzzle.Core.Multitenancy.Internal.Resolvers.CachingAppTenantResolver/&lt;&gt;c__DisplayClass2_0</FullName>
          <Methods>
            <Method visited="true" cyclomaticComplexity="1" nPathComplexity="0" sequenceCoverage="0" branchCoverage="0" isConstructor="true" isStatic="false" isGetter="false" isSetter="false">
              <Summary numSequencePoints="0" visitedSequencePoints="0" numBranchPoints="0" visitedBranchPoints="0" sequenceCoverage="0" branchCoverage="0" maxCyclomaticComplexity="1" minCyclomaticComplexity="1" visitedClasses="0" numClasses="0" visitedMethods="0" numMethods="0" />
              <MetadataToken>100663611</MetadataToken>
              <Name>System.Void Puzzle.Core.Multitenancy.Internal.Resolvers.CachingAppTenantResolver/&lt;&gt;c__DisplayClass2_0::.ctor()</Name>
              <SequencePoints />
              <BranchPoints />
              <MethodPoint vc="46" uspid="483" ordinal="0" offset="0" />
            </Method>
            <Method visited="false" cyclomaticComplexity="1" nPathComplexity="0" sequenceCoverage="0" branchCoverage="0" isConstructor="false" isStatic="false" isGetter="false" isSetter="false">
              <Summary numSequencePoints="3" visitedSequencePoints="0" numBranchPoints="1" visitedBranchPoints="0" sequenceCoverage="0" branchCoverage="0" maxCyclomaticComplexity="1" minCyclomaticComplexity="1" visitedClasses="0" numClasses="0" visitedMethods="0" numMethods="1" />
              <MetadataToken>100663612</MetadataToken>
              <Name>System.Void Puzzle.Core.Multitenancy.Internal.Resolvers.CachingAppTenantResolver/&lt;&gt;c__DisplayClass2_0::&lt;.ctor&gt;b__0(Puzzle.Core.Multitenancy.Internal.Options.MultitenancyOptions)</Name>
              <FileRef uid="28" />
              <SequencePoints>
                <SequencePoint vc="0" uspid="484" ordinal="0" offset="0" sl="31" sc="13" el="31" ec="14" bec="0" bev="0" fileid="28" />
                <SequencePoint vc="0" uspid="485" ordinal="1" offset="1" sl="33" sc="17" el="33" ec="76" bec="0" bev="0" fileid="28" />
                <SequencePoint vc="0" uspid="486" ordinal="2" offset="43" sl="34" sc="13" el="34" ec="14" bec="0" bev="0" fileid="28" />
              </SequencePoints>
              <BranchPoints />
              <MethodPoint xsi:type="SequencePoint" vc="0" uspid="484" ordinal="0" offset="0" sl="31" sc="13" el="31" ec="14" bec="0" bev="0" fileid="28" />
            </Method>
          </Methods>
        </Class>
        <Class>
          <Summary numSequencePoints="2" visitedSequencePoints="2" numBranchPoints="2" visitedBranchPoints="2" sequenceCoverage="100" branchCoverage="100" maxCyclomaticComplexity="2" minCyclomaticComplexity="1" visitedClasses="1" numClasses="1" visitedMethods="2" numMethods="2" />
          <FullName>Puzzle.Core.Multitenancy.Internal.Resolvers.CachingAppTenantResolver/&lt;&gt;c__DisplayClass7_0</FullName>
          <Methods>
            <Method visited="true" cyclomaticComplexity="1" nPathComplexity="0" sequenceCoverage="0" branchCoverage="0" isConstructor="true" isStatic="false" isGetter="false" isSetter="false">
              <Summary numSequencePoints="0" visitedSequencePoints="0" numBranchPoints="0" visitedBranchPoints="0" sequenceCoverage="0" branchCoverage="0" maxCyclomaticComplexity="1" minCyclomaticComplexity="1" visitedClasses="0" numClasses="0" visitedMethods="0" numMethods="0" />
              <MetadataToken>100663613</MetadataToken>
              <Name>System.Void Puzzle.Core.Multitenancy.Internal.Resolvers.CachingAppTenantResolver/&lt;&gt;c__DisplayClass7_0::.ctor()</Name>
              <SequencePoints />
              <BranchPoints />
              <MethodPoint vc="6" uspid="487" ordinal="0" offset="0" />
            </Method>
            <Method visited="true" cyclomaticComplexity="2" nPathComplexity="0" sequenceCoverage="100" branchCoverage="100" isConstructor="false" isStatic="false" isGetter="false" isSetter="false">
              <Summary numSequencePoints="1" visitedSequencePoints="1" numBranchPoints="1" visitedBranchPoints="1" sequenceCoverage="100" branchCoverage="100" maxCyclomaticComplexity="2" minCyclomaticComplexity="2" visitedClasses="0" numClasses="0" visitedMethods="1" numMethods="1" />
              <MetadataToken>100663614</MetadataToken>
              <Name>System.Boolean Puzzle.Core.Multitenancy.Internal.Resolvers.CachingAppTenantResolver/&lt;&gt;c__DisplayClass7_0::&lt;ResolveAsync&gt;b__0(Puzzle.Core.Multitenancy.Internal.AppTenant)</Name>
              <FileRef uid="28" />
              <SequencePoints>
                <SequencePoint vc="10" uspid="488" ordinal="0" offset="0" sl="54" sc="17" el="54" ec="85" bec="0" bev="0" fileid="28" />
              </SequencePoints>
              <BranchPoints />
              <MethodPoint xsi:type="SequencePoint" vc="10" uspid="488" ordinal="0" offset="0" sl="54" sc="17" el="54" ec="85" bec="0" bev="0" fileid="28" />
            </Method>
            <Method visited="true" cyclomaticComplexity="1" nPathComplexity="0" sequenceCoverage="100" branchCoverage="100" isConstructor="false" isStatic="false" isGetter="false" isSetter="false">
              <Summary numSequencePoints="1" visitedSequencePoints="1" numBranchPoints="1" visitedBranchPoints="1" sequenceCoverage="100" branchCoverage="100" maxCyclomaticComplexity="1" minCyclomaticComplexity="1" visitedClasses="0" numClasses="0" visitedMethods="1" numMethods="1" />
              <MetadataToken>100663615</MetadataToken>
              <Name>System.Boolean Puzzle.Core.Multitenancy.Internal.Resolvers.CachingAppTenantResolver/&lt;&gt;c__DisplayClass7_0::&lt;ResolveAsync&gt;b__1(System.String)</Name>
              <FileRef uid="28" />
              <SequencePoints>
                <SequencePoint vc="16" uspid="491" ordinal="0" offset="0" sl="54" sc="38" el="54" ec="84" bec="0" bev="0" fileid="28" />
              </SequencePoints>
              <BranchPoints />
              <MethodPoint xsi:type="SequencePoint" vc="16" uspid="491" ordinal="0" offset="0" sl="54" sc="38" el="54" ec="84" bec="0" bev="0" fileid="28" />
            </Method>
          </Methods>
        </Class>
        <Class>
          <Summary numSequencePoints="5" visitedSequencePoints="5" numBranchPoints="1" visitedBranchPoints="1" sequenceCoverage="100" branchCoverage="100" maxCyclomaticComplexity="1" minCyclomaticComplexity="1" visitedClasses="1" numClasses="1" visitedMethods="1" numMethods="1" />
          <FullName>Puzzle.Core.Multitenancy.Internal.Resolvers.MemoryCacheTenantResolverOptions</FullName>
          <Methods>
            <Method skippedDueTo="AutoImplementedProperty" visited="false" cyclomaticComplexity="1" nPathComplexity="0" sequenceCoverage="0" branchCoverage="0" isConstructor="false" isStatic="false" isGetter="true" isSetter="false">
              <MetadataToken>100663366</MetadataToken>
              <Name>System.Boolean Puzzle.Core.Multitenancy.Internal.Resolvers.MemoryCacheTenantResolverOptions::get_EvictAllEntriesOnExpiry()</Name>
              <FileRef uid="31" />
              <SequencePoints />
              <BranchPoints />
            </Method>
            <Method skippedDueTo="AutoImplementedProperty" visited="false" cyclomaticComplexity="1" nPathComplexity="0" sequenceCoverage="0" branchCoverage="0" isConstructor="false" isStatic="false" isGetter="false" isSetter="true">
              <MetadataToken>100663367</MetadataToken>
              <Name>System.Void Puzzle.Core.Multitenancy.Internal.Resolvers.MemoryCacheTenantResolverOptions::set_EvictAllEntriesOnExpiry(System.Boolean)</Name>
              <FileRef uid="31" />
              <SequencePoints />
              <BranchPoints />
            </Method>
            <Method skippedDueTo="AutoImplementedProperty" visited="false" cyclomaticComplexity="1" nPathComplexity="0" sequenceCoverage="0" branchCoverage="0" isConstructor="false" isStatic="false" isGetter="true" isSetter="false">
              <MetadataToken>100663368</MetadataToken>
              <Name>System.Boolean Puzzle.Core.Multitenancy.Internal.Resolvers.MemoryCacheTenantResolverOptions::get_DisposeOnEviction()</Name>
              <FileRef uid="31" />
              <SequencePoints />
              <BranchPoints />
            </Method>
            <Method skippedDueTo="AutoImplementedProperty" visited="false" cyclomaticComplexity="1" nPathComplexity="0" sequenceCoverage="0" branchCoverage="0" isConstructor="false" isStatic="false" isGetter="false" isSetter="true">
              <MetadataToken>100663369</MetadataToken>
              <Name>System.Void Puzzle.Core.Multitenancy.Internal.Resolvers.MemoryCacheTenantResolverOptions::set_DisposeOnEviction(System.Boolean)</Name>
              <FileRef uid="31" />
              <SequencePoints />
              <BranchPoints />
            </Method>
            <Method visited="true" cyclomaticComplexity="1" nPathComplexity="0" sequenceCoverage="100" branchCoverage="100" isConstructor="true" isStatic="false" isGetter="false" isSetter="false">
              <Summary numSequencePoints="5" visitedSequencePoints="5" numBranchPoints="1" visitedBranchPoints="1" sequenceCoverage="100" branchCoverage="100" maxCyclomaticComplexity="1" minCyclomaticComplexity="1" visitedClasses="0" numClasses="0" visitedMethods="1" numMethods="1" />
              <MetadataToken>100663365</MetadataToken>
              <Name>System.Void Puzzle.Core.Multitenancy.Internal.Resolvers.MemoryCacheTenantResolverOptions::.ctor()</Name>
              <FileRef uid="31" />
              <SequencePoints>
                <SequencePoint vc="116" uspid="492" ordinal="0" offset="0" sl="12" sc="9" el="12" ec="50" bec="0" bev="0" fileid="31" />
                <SequencePoint vc="116" uspid="493" ordinal="1" offset="7" sl="13" sc="9" el="13" ec="10" bec="0" bev="0" fileid="31" />
                <SequencePoint vc="116" uspid="494" ordinal="2" offset="8" sl="14" sc="13" el="14" ec="44" bec="0" bev="0" fileid="31" />
                <SequencePoint vc="116" uspid="495" ordinal="3" offset="16" sl="15" sc="13" el="15" ec="38" bec="0" bev="0" fileid="31" />
                <SequencePoint vc="116" uspid="496" ordinal="4" offset="24" sl="16" sc="9" el="16" ec="10" bec="0" bev="0" fileid="31" />
              </SequencePoints>
              <BranchPoints />
              <MethodPoint xsi:type="SequencePoint" vc="116" uspid="492" ordinal="0" offset="0" sl="12" sc="9" el="12" ec="50" bec="0" bev="0" fileid="31" />
            </Method>
          </Methods>
        </Class>
        <Class>
          <Summary numSequencePoints="35" visitedSequencePoints="35" numBranchPoints="12" visitedBranchPoints="11" sequenceCoverage="100" branchCoverage="91.67" maxCyclomaticComplexity="4" minCyclomaticComplexity="1" visitedClasses="1" numClasses="1" visitedMethods="6" numMethods="6" />
          <FullName>Puzzle.Core.Multitenancy.Internal.Resolvers.MemoryCacheTenantResolver`1</FullName>
          <Methods>
            <Method visited="true" cyclomaticComplexity="1" nPathComplexity="0" sequenceCoverage="100" branchCoverage="100" isConstructor="true" isStatic="false" isGetter="false" isSetter="false">
              <Summary numSequencePoints="3" visitedSequencePoints="3" numBranchPoints="1" visitedBranchPoints="1" sequenceCoverage="100" branchCoverage="100" maxCyclomaticComplexity="1" minCyclomaticComplexity="1" visitedClasses="0" numClasses="0" visitedMethods="1" numMethods="1" />
              <MetadataToken>100663370</MetadataToken>
              <Name>System.Void Puzzle.Core.Multitenancy.Internal.Resolvers.MemoryCacheTenantResolver`1::.ctor(Microsoft.Extensions.Caching.Memory.IMemoryCache,Puzzle.Core.Multitenancy.Internal.Logging.LibLog.ILog)</Name>
              <FileRef uid="32" />
              <SequencePoints>
                <SequencePoint vc="46" uspid="497" ordinal="0" offset="0" sl="20" sc="15" el="20" ec="71" bec="0" bev="0" fileid="32" />
                <SequencePoint vc="46" uspid="498" ordinal="1" offset="14" sl="21" sc="9" el="21" ec="10" bec="0" bev="0" fileid="32" />
                <SequencePoint vc="46" uspid="499" ordinal="2" offset="15" sl="22" sc="9" el="22" ec="10" bec="0" bev="0" fileid="32" />
              </SequencePoints>
              <BranchPoints />
              <MethodPoint xsi:type="SequencePoint" vc="46" uspid="497" ordinal="0" offset="0" sl="20" sc="15" el="20" ec="71" bec="0" bev="0" fileid="32" />
            </Method>
            <Method visited="true" cyclomaticComplexity="4" nPathComplexity="0" sequenceCoverage="100" branchCoverage="100" isConstructor="true" isStatic="false" isGetter="false" isSetter="false">
              <Summary numSequencePoints="6" visitedSequencePoints="6" numBranchPoints="1" visitedBranchPoints="1" sequenceCoverage="100" branchCoverage="100" maxCyclomaticComplexity="4" minCyclomaticComplexity="4" visitedClasses="0" numClasses="0" visitedMethods="1" numMethods="1" />
              <MetadataToken>100663371</MetadataToken>
              <Name>System.Void Puzzle.Core.Multitenancy.Internal.Resolvers.MemoryCacheTenantResolver`1::.ctor(Microsoft.Extensions.Caching.Memory.IMemoryCache,Puzzle.Core.Multitenancy.Internal.Logging.LibLog.ILog,Puzzle.Core.Multitenancy.Internal.Resolvers.MemoryCacheTenantResolverOptions)</Name>
              <FileRef uid="32" />
              <SequencePoints>
                <SequencePoint vc="118" uspid="500" ordinal="0" offset="0" sl="24" sc="9" el="24" ec="128" bec="0" bev="0" fileid="32" />
                <SequencePoint vc="118" uspid="501" ordinal="1" offset="7" sl="25" sc="9" el="25" ec="10" bec="0" bev="0" fileid="32" />
                <SequencePoint vc="118" uspid="502" ordinal="2" offset="8" sl="26" sc="13" el="26" ec="107" bec="0" bev="0" fileid="32" />
                <SequencePoint vc="114" uspid="503" ordinal="3" offset="40" sl="27" sc="13" el="27" ec="113" bec="0" bev="0" fileid="32" />
                <SequencePoint vc="112" uspid="504" ordinal="4" offset="72" sl="28" sc="13" el="28" ec="119" bec="0" bev="0" fileid="32" />
                <SequencePoint vc="110" uspid="505" ordinal="5" offset="104" sl="29" sc="9" el="29" ec="10" bec="0" bev="0" fileid="32" />
              </SequencePoints>
              <BranchPoints />
              <MethodPoint xsi:type="SequencePoint" vc="118" uspid="500" ordinal="0" offset="0" sl="24" sc="9" el="24" ec="128" bec="0" bev="0" fileid="32" />
            </Method>
            <Method visited="true" cyclomaticComplexity="1" nPathComplexity="0" sequenceCoverage="0" branchCoverage="0" isConstructor="false" isStatic="false" isGetter="false" isSetter="false">
              <Summary numSequencePoints="0" visitedSequencePoints="0" numBranchPoints="0" visitedBranchPoints="0" sequenceCoverage="0" branchCoverage="0" maxCyclomaticComplexity="1" minCyclomaticComplexity="1" visitedClasses="0" numClasses="0" visitedMethods="0" numMethods="0" />
              <MetadataToken>100663372</MetadataToken>
              <Name>System.Threading.Tasks.Task`1&lt;Puzzle.Core.Multitenancy.TenantContext`1&lt;TTenant&gt;&gt; Puzzle.Core.Multitenancy.Internal.Resolvers.MemoryCacheTenantResolver`1::Puzzle.Core.Multitenancy.Internal.Resolvers.ITenantResolver&lt;TTenant&gt;.ResolveAsync(Microsoft.AspNetCore.Http.HttpContext)</Name>
              <SequencePoints />
              <BranchPoints />
              <MethodPoint vc="68" uspid="512" ordinal="0" offset="0" />
            </Method>
            <Method visited="true" cyclomaticComplexity="1" nPathComplexity="0" sequenceCoverage="100" branchCoverage="100" isConstructor="false" isStatic="false" isGetter="false" isSetter="false">
              <Summary numSequencePoints="3" visitedSequencePoints="3" numBranchPoints="1" visitedBranchPoints="1" sequenceCoverage="100" branchCoverage="100" maxCyclomaticComplexity="1" minCyclomaticComplexity="1" visitedClasses="0" numClasses="0" visitedMethods="1" numMethods="1" />
              <MetadataToken>100663373</MetadataToken>
              <Name>Microsoft.Extensions.Caching.Memory.MemoryCacheEntryOptions Puzzle.Core.Multitenancy.Internal.Resolvers.MemoryCacheTenantResolver`1::CreateCacheEntryOptions()</Name>
              <FileRef uid="32" />
              <SequencePoints>
                <SequencePoint vc="4" uspid="513" ordinal="0" offset="0" sl="83" sc="9" el="83" ec="10" bec="0" bev="0" fileid="32" />
                <SequencePoint vc="4" uspid="514" ordinal="1" offset="1" sl="84" sc="13" el="85" ec="62" bec="0" bev="0" fileid="32" />
                <SequencePoint vc="4" uspid="515" ordinal="2" offset="22" sl="86" sc="9" el="86" ec="10" bec="0" bev="0" fileid="32" />
              </SequencePoints>
              <BranchPoints />
              <MethodPoint xsi:type="SequencePoint" vc="4" uspid="513" ordinal="0" offset="0" sl="83" sc="9" el="83" ec="10" bec="0" bev="0" fileid="32" />
            </Method>
            <Method visited="true" cyclomaticComplexity="2" nPathComplexity="2" sequenceCoverage="100" branchCoverage="66.67" isConstructor="false" isStatic="false" isGetter="false" isSetter="false">
              <Summary numSequencePoints="7" visitedSequencePoints="7" numBranchPoints="3" visitedBranchPoints="2" sequenceCoverage="100" branchCoverage="66.67" maxCyclomaticComplexity="2" minCyclomaticComplexity="2" visitedClasses="0" numClasses="0" visitedMethods="1" numMethods="1" />
              <MetadataToken>100663374</MetadataToken>
              <Name>System.Void Puzzle.Core.Multitenancy.Internal.Resolvers.MemoryCacheTenantResolver`1::DisposeTenantContext(System.Object,Puzzle.Core.Multitenancy.TenantContext`1&lt;TTenant&gt;)</Name>
              <FileRef uid="32" />
              <SequencePoints>
                <SequencePoint vc="70" uspid="516" ordinal="0" offset="0" sl="89" sc="9" el="89" ec="10" bec="0" bev="0" fileid="32" />
                <SequencePoint vc="70" uspid="517" ordinal="1" offset="1" sl="90" sc="13" el="90" ec="39" bec="2" bev="1" fileid="32" />
                <SequencePoint vc="70" uspid="518" ordinal="2" offset="9" sl="91" sc="13" el="91" ec="14" bec="0" bev="0" fileid="32" />
                <SequencePoint vc="70" uspid="519" ordinal="3" offset="10" sl="92" sc="17" el="92" ec="108" bec="0" bev="0" fileid="32" />
                <SequencePoint vc="70" uspid="520" ordinal="4" offset="39" sl="93" sc="17" el="93" ec="41" bec="0" bev="0" fileid="32" />
                <SequencePoint vc="70" uspid="521" ordinal="5" offset="46" sl="94" sc="13" el="94" ec="14" bec="0" bev="0" fileid="32" />
                <SequencePoint vc="70" uspid="522" ordinal="6" offset="47" sl="95" sc="9" el="95" ec="10" bec="0" bev="0" fileid="32" />
              </SequencePoints>
              <BranchPoints>
                <BranchPoint vc="70" uspid="523" ordinal="0" offset="7" sl="90" path="0" offsetend="9" fileid="32" />
                <BranchPoint vc="0" uspid="524" ordinal="1" offset="7" sl="90" path="1" offsetend="47" fileid="32" />
              </BranchPoints>
              <MethodPoint xsi:type="SequencePoint" vc="70" uspid="516" ordinal="0" offset="0" sl="89" sc="9" el="89" ec="10" bec="0" bev="0" fileid="32" />
            </Method>
            <Method visited="true" cyclomaticComplexity="3" nPathComplexity="4" sequenceCoverage="100" branchCoverage="100" isConstructor="false" isStatic="false" isGetter="false" isSetter="false">
              <Summary numSequencePoints="13" visitedSequencePoints="13" numBranchPoints="5" visitedBranchPoints="5" sequenceCoverage="100" branchCoverage="100" maxCyclomaticComplexity="3" minCyclomaticComplexity="3" visitedClasses="0" numClasses="0" visitedMethods="1" numMethods="1" />
              <MetadataToken>100663378</MetadataToken>
              <Name>Microsoft.Extensions.Caching.Memory.MemoryCacheEntryOptions Puzzle.Core.Multitenancy.Internal.Resolvers.MemoryCacheTenantResolver`1::GetCacheEntryOptions()</Name>
              <FileRef uid="32" />
              <SequencePoints>
                <SequencePoint vc="52" uspid="525" ordinal="0" offset="0" sl="104" sc="9" el="104" ec="10" bec="0" bev="0" fileid="32" />
                <SequencePoint vc="52" uspid="526" ordinal="1" offset="1" sl="105" sc="13" el="105" ec="83" bec="0" bev="0" fileid="32" />
                <SequencePoint vc="52" uspid="527" ordinal="2" offset="8" sl="107" sc="13" el="107" ec="49" bec="2" bev="2" fileid="32" />
                <SequencePoint vc="50" uspid="528" ordinal="3" offset="29" sl="108" sc="13" el="108" ec="14" bec="0" bev="0" fileid="32" />
                <SequencePoint vc="50" uspid="529" ordinal="4" offset="30" sl="109" sc="17" el="109" ec="85" bec="0" bev="0" fileid="32" />
                <SequencePoint vc="50" uspid="530" ordinal="5" offset="41" sl="111" sc="17" el="117" ec="89" bec="0" bev="0" fileid="32" />
                <SequencePoint vc="50" uspid="531" ordinal="6" offset="81" sl="118" sc="13" el="118" ec="14" bec="0" bev="0" fileid="32" />
                <SequencePoint vc="52" uspid="532" ordinal="7" offset="82" sl="120" sc="13" el="120" ec="43" bec="2" bev="2" fileid="32" />
                <SequencePoint vc="50" uspid="533" ordinal="8" offset="97" sl="121" sc="13" el="121" ec="14" bec="0" bev="0" fileid="32" />
                <SequencePoint vc="50" uspid="534" ordinal="9" offset="98" sl="122" sc="17" el="127" ec="28" bec="0" bev="0" fileid="32" />
                <SequencePoint vc="50" uspid="535" ordinal="10" offset="117" sl="128" sc="13" el="128" ec="14" bec="0" bev="0" fileid="32" />
                <SequencePoint vc="52" uspid="536" ordinal="11" offset="118" sl="130" sc="13" el="130" ec="38" bec="0" bev="0" fileid="32" />
                <SequencePoint vc="52" uspid="537" ordinal="12" offset="123" sl="131" sc="9" el="131" ec="10" bec="0" bev="0" fileid="32" />
              </SequencePoints>
              <BranchPoints>
                <BranchPoint vc="50" uspid="538" ordinal="0" offset="21" sl="107" path="0" offsetend="23" fileid="32" />
                <BranchPoint vc="2" uspid="539" ordinal="1" offset="21" sl="107" path="1" offsetend="82" fileid="32" />
                <BranchPoint vc="50" uspid="540" ordinal="2" offset="95" sl="120" path="0" offsetend="97" fileid="32" />
                <BranchPoint vc="2" uspid="541" ordinal="3" offset="95" sl="120" path="1" offsetend="118" fileid="32" />
              </BranchPoints>
              <MethodPoint xsi:type="SequencePoint" vc="52" uspid="525" ordinal="0" offset="0" sl="104" sc="9" el="104" ec="10" bec="0" bev="0" fileid="32" />
            </Method>
            <Method visited="true" cyclomaticComplexity="1" nPathComplexity="0" sequenceCoverage="100" branchCoverage="100" isConstructor="false" isStatic="false" isGetter="false" isSetter="false">
              <Summary numSequencePoints="3" visitedSequencePoints="3" numBranchPoints="1" visitedBranchPoints="1" sequenceCoverage="100" branchCoverage="100" maxCyclomaticComplexity="1" minCyclomaticComplexity="1" visitedClasses="0" numClasses="0" visitedMethods="1" numMethods="1" />
              <MetadataToken>100663379</MetadataToken>
              <Name>System.Void Puzzle.Core.Multitenancy.Internal.Resolvers.MemoryCacheTenantResolver`1::&lt;GetCacheEntryOptions&gt;b__11_0(System.Object,System.Object,Microsoft.Extensions.Caching.Memory.EvictionReason,System.Object)</Name>
              <FileRef uid="32" />
              <SequencePoints>
                <SequencePoint vc="70" uspid="542" ordinal="0" offset="0" sl="125" sc="25" el="125" ec="26" bec="0" bev="0" fileid="32" />
                <SequencePoint vc="70" uspid="543" ordinal="1" offset="1" sl="126" sc="29" el="126" ec="88" bec="0" bev="0" fileid="32" />
                <SequencePoint vc="70" uspid="544" ordinal="2" offset="15" sl="127" sc="25" el="127" ec="26" bec="0" bev="0" fileid="32" />
              </SequencePoints>
              <BranchPoints />
              <MethodPoint xsi:type="SequencePoint" vc="70" uspid="542" ordinal="0" offset="0" sl="125" sc="25" el="125" ec="26" bec="0" bev="0" fileid="32" />
            </Method>
          </Methods>
        </Class>
        <Class>
          <Summary numSequencePoints="35" visitedSequencePoints="35" numBranchPoints="11" visitedBranchPoints="10" sequenceCoverage="100" branchCoverage="90.91" maxCyclomaticComplexity="11" minCyclomaticComplexity="1" visitedClasses="1" numClasses="1" visitedMethods="1" numMethods="1" />
          <FullName>Puzzle.Core.Multitenancy.Internal.Resolvers.MemoryCacheTenantResolver`1/&lt;Puzzle-Core-Multitenancy-Internal-Resolvers-ITenantResolver&lt;TTenant&gt;-ResolveAsync&gt;d__5</FullName>
          <Methods>
            <Method visited="true" cyclomaticComplexity="1" nPathComplexity="0" sequenceCoverage="0" branchCoverage="0" isConstructor="true" isStatic="false" isGetter="false" isSetter="false">
              <Summary numSequencePoints="0" visitedSequencePoints="0" numBranchPoints="0" visitedBranchPoints="0" sequenceCoverage="0" branchCoverage="0" maxCyclomaticComplexity="1" minCyclomaticComplexity="1" visitedClasses="0" numClasses="0" visitedMethods="0" numMethods="0" />
              <MetadataToken>100663616</MetadataToken>
              <Name>System.Void Puzzle.Core.Multitenancy.Internal.Resolvers.MemoryCacheTenantResolver`1/&lt;Puzzle-Core-Multitenancy-Internal-Resolvers-ITenantResolver&lt;TTenant&gt;-ResolveAsync&gt;d__5::.ctor()</Name>
              <SequencePoints />
              <BranchPoints />
              <MethodPoint vc="68" uspid="545" ordinal="0" offset="0" />
            </Method>
            <Method visited="true" cyclomaticComplexity="11" nPathComplexity="32" sequenceCoverage="100" branchCoverage="90.91" isConstructor="false" isStatic="false" isGetter="false" isSetter="false">
              <Summary numSequencePoints="35" visitedSequencePoints="35" numBranchPoints="11" visitedBranchPoints="10" sequenceCoverage="100" branchCoverage="90.91" maxCyclomaticComplexity="11" minCyclomaticComplexity="11" visitedClasses="0" numClasses="0" visitedMethods="1" numMethods="1" />
              <MetadataToken>100663617</MetadataToken>
              <Name>System.Void Puzzle.Core.Multitenancy.Internal.Resolvers.MemoryCacheTenantResolver`1/&lt;Puzzle-Core-Multitenancy-Internal-Resolvers-ITenantResolver&lt;TTenant&gt;-ResolveAsync&gt;d__5::MoveNext()</Name>
              <FileRef uid="32" />
              <SequencePoints>
                <SequencePoint vc="68" uspid="546" ordinal="0" offset="17" sl="32" sc="9" el="32" ec="10" bec="0" bev="0" fileid="32" />
                <SequencePoint vc="68" uspid="547" ordinal="1" offset="18" sl="33" sc="13" el="33" ec="33" bec="2" bev="2" fileid="32" />
                <SequencePoint vc="4" uspid="548" ordinal="2" offset="31" sl="34" sc="13" el="34" ec="14" bec="0" bev="0" fileid="32" />
                <SequencePoint vc="4" uspid="549" ordinal="3" offset="32" sl="35" sc="17" el="35" ec="97" bec="0" bev="0" fileid="32" />
                <SequencePoint vc="64" uspid="550" ordinal="4" offset="53" sl="39" sc="13" el="39" ec="61" bec="0" bev="0" fileid="32" />
                <SequencePoint vc="64" uspid="551" ordinal="5" offset="76" sl="45" sc="13" el="45" ec="53" bec="2" bev="2" fileid="32" />
                <SequencePoint vc="2" uspid="552" ordinal="6" offset="91" sl="46" sc="13" el="46" ec="14" bec="0" bev="0" fileid="32" />
                <SequencePoint vc="2" uspid="553" ordinal="7" offset="92" sl="47" sc="17" el="47" ec="29" bec="0" bev="0" fileid="32" />
                <SequencePoint vc="62" uspid="554" ordinal="8" offset="99" sl="50" sc="13" el="50" ec="98" bec="0" bev="0" fileid="32" />
                <SequencePoint vc="62" uspid="555" ordinal="9" offset="132" sl="52" sc="13" el="52" ec="39" bec="2" bev="2" fileid="32" />
                <SequencePoint vc="54" uspid="556" ordinal="10" offset="150" sl="53" sc="13" el="53" ec="14" bec="0" bev="0" fileid="32" />
                <SequencePoint vc="54" uspid="557" ordinal="11" offset="151" sl="54" sc="17" el="54" ec="114" bec="0" bev="0" fileid="32" />
                <SequencePoint vc="54" uspid="558" ordinal="12" offset="184" sl="55" sc="17" el="55" ec="83" bec="0" bev="0" fileid="32" />
                <SequencePoint vc="54" uspid="559" ordinal="13" offset="329" sl="57" sc="17" el="57" ec="43" bec="2" bev="2" fileid="32" />
                <SequencePoint vc="52" uspid="560" ordinal="14" offset="347" sl="58" sc="17" el="58" ec="18" bec="0" bev="0" fileid="32" />
                <SequencePoint vc="52" uspid="561" ordinal="15" offset="348" sl="59" sc="21" el="59" ec="97" bec="0" bev="0" fileid="32" />
                <SequencePoint vc="52" uspid="562" ordinal="16" offset="371" sl="61" sc="21" el="61" ec="51" bec="2" bev="1" fileid="32" />
                <SequencePoint vc="52" uspid="563" ordinal="17" offset="389" sl="62" sc="21" el="62" ec="22" bec="0" bev="0" fileid="32" />
                <SequencePoint vc="52" uspid="564" ordinal="18" offset="390" sl="63" sc="25" el="63" ec="92" bec="0" bev="0" fileid="32" />
                <SequencePoint vc="52" uspid="565" ordinal="19" offset="407" sl="65" sc="25" el="65" ec="125" bec="0" bev="0" fileid="32" />
                <SequencePoint vc="52" uspid="566" ordinal="20" offset="451" sl="67" sc="25" el="67" ec="32" bec="0" bev="0" fileid="32" />
                <SequencePoint vc="52" uspid="567" ordinal="21" offset="452" sl="67" sc="55" el="67" ec="72" bec="0" bev="0" fileid="32" />
                <SequencePoint vc="156" uspid="568" ordinal="22" offset="471" sl="67" sc="34" el="67" ec="51" bec="0" bev="0" fileid="32" />
                <SequencePoint vc="156" uspid="569" ordinal="23" offset="488" sl="68" sc="25" el="68" ec="26" bec="0" bev="0" fileid="32" />
                <SequencePoint vc="156" uspid="570" ordinal="24" offset="489" sl="69" sc="29" el="69" ec="85" bec="0" bev="0" fileid="32" />
                <SequencePoint vc="156" uspid="571" ordinal="25" offset="524" sl="70" sc="25" el="70" ec="26" bec="0" bev="0" fileid="32" />
                <SequencePoint vc="208" uspid="572" ordinal="26" offset="532" sl="67" sc="52" el="67" ec="54" bec="0" bev="0" fileid="32" />
                <SequencePoint vc="52" uspid="573" ordinal="27" offset="579" sl="71" sc="21" el="71" ec="22" bec="0" bev="0" fileid="32" />
                <SequencePoint vc="52" uspid="574" ordinal="28" offset="587" sl="72" sc="17" el="72" ec="18" bec="0" bev="0" fileid="32" />
                <SequencePoint vc="54" uspid="575" ordinal="29" offset="595" sl="73" sc="13" el="73" ec="14" bec="0" bev="0" fileid="32" />
                <SequencePoint vc="8" uspid="576" ordinal="30" offset="598" sl="75" sc="13" el="75" ec="14" bec="0" bev="0" fileid="32" />
                <SequencePoint vc="8" uspid="577" ordinal="31" offset="599" sl="76" sc="17" el="76" ec="110" bec="0" bev="0" fileid="32" />
                <SequencePoint vc="8" uspid="578" ordinal="32" offset="643" sl="77" sc="13" el="77" ec="14" bec="0" bev="0" fileid="32" />
                <SequencePoint vc="62" uspid="579" ordinal="33" offset="644" sl="79" sc="13" el="79" ec="34" bec="0" bev="0" fileid="32" />
                <SequencePoint vc="64" uspid="580" ordinal="34" offset="679" sl="80" sc="9" el="80" ec="10" bec="0" bev="0" fileid="32" />
              </SequencePoints>
              <BranchPoints>
                <BranchPoint vc="4" uspid="583" ordinal="2" offset="29" sl="33" path="0" offsetend="31" fileid="32" />
                <BranchPoint vc="64" uspid="584" ordinal="3" offset="29" sl="33" path="1" offsetend="53" fileid="32" />
                <BranchPoint vc="2" uspid="585" ordinal="4" offset="89" sl="45" path="0" offsetend="91" fileid="32" />
                <BranchPoint vc="62" uspid="586" ordinal="5" offset="89" sl="45" path="1" offsetend="99" fileid="32" />
                <BranchPoint vc="54" uspid="587" ordinal="6" offset="145" sl="52" path="0" offsetend="150" fileid="32" />
                <BranchPoint vc="8" uspid="588" ordinal="7" offset="145" sl="52" path="1" offsetend="598" fileid="32" />
                <BranchPoint vc="52" uspid="591" ordinal="10" offset="342" sl="57" path="0" offsetend="347" fileid="32" />
                <BranchPoint vc="2" uspid="592" ordinal="11" offset="342" sl="57" path="1" offsetend="595" fileid="32" />
                <BranchPoint vc="52" uspid="593" ordinal="12" offset="384" sl="61" path="0" offsetend="389" fileid="32" />
                <BranchPoint vc="0" uspid="594" ordinal="13" offset="384" sl="61" path="1" offsetend="587" fileid="32" />
              </BranchPoints>
              <MethodPoint vc="68" uspid="597" ordinal="0" offset="0" />
            </Method>
            <Method visited="false" cyclomaticComplexity="1" nPathComplexity="0" sequenceCoverage="0" branchCoverage="0" isConstructor="false" isStatic="false" isGetter="false" isSetter="false">
              <Summary numSequencePoints="0" visitedSequencePoints="0" numBranchPoints="0" visitedBranchPoints="0" sequenceCoverage="0" branchCoverage="0" maxCyclomaticComplexity="1" minCyclomaticComplexity="1" visitedClasses="0" numClasses="0" visitedMethods="0" numMethods="0" />
              <MetadataToken>100663618</MetadataToken>
              <Name>System.Void Puzzle.Core.Multitenancy.Internal.Resolvers.MemoryCacheTenantResolver`1/&lt;Puzzle-Core-Multitenancy-Internal-Resolvers-ITenantResolver&lt;TTenant&gt;-ResolveAsync&gt;d__5::SetStateMachine(System.Runtime.CompilerServices.IAsyncStateMachine)</Name>
              <SequencePoints />
              <BranchPoints />
              <MethodPoint vc="0" uspid="598" ordinal="0" offset="0" />
            </Method>
          </Methods>
        </Class>
        <Class>
          <Summary numSequencePoints="3" visitedSequencePoints="3" numBranchPoints="1" visitedBranchPoints="1" sequenceCoverage="100" branchCoverage="100" maxCyclomaticComplexity="1" minCyclomaticComplexity="1" visitedClasses="1" numClasses="1" visitedMethods="1" numMethods="1" />
          <FullName>Puzzle.Core.Multitenancy.Internal.Resolvers.MemoryCacheTenantResolver`1/&lt;&gt;c__DisplayClass11_0</FullName>
          <Methods>
            <Method visited="true" cyclomaticComplexity="1" nPathComplexity="0" sequenceCoverage="0" branchCoverage="0" isConstructor="true" isStatic="false" isGetter="false" isSetter="false">
              <Summary numSequencePoints="0" visitedSequencePoints="0" numBranchPoints="0" visitedBranchPoints="0" sequenceCoverage="0" branchCoverage="0" maxCyclomaticComplexity="1" minCyclomaticComplexity="1" visitedClasses="0" numClasses="0" visitedMethods="0" numMethods="0" />
              <MetadataToken>100663619</MetadataToken>
              <Name>System.Void Puzzle.Core.Multitenancy.Internal.Resolvers.MemoryCacheTenantResolver`1/&lt;&gt;c__DisplayClass11_0::.ctor()</Name>
              <SequencePoints />
              <BranchPoints />
              <MethodPoint vc="50" uspid="599" ordinal="0" offset="0" />
            </Method>
            <Method visited="true" cyclomaticComplexity="1" nPathComplexity="0" sequenceCoverage="100" branchCoverage="100" isConstructor="false" isStatic="false" isGetter="false" isSetter="false">
              <Summary numSequencePoints="3" visitedSequencePoints="3" numBranchPoints="1" visitedBranchPoints="1" sequenceCoverage="100" branchCoverage="100" maxCyclomaticComplexity="1" minCyclomaticComplexity="1" visitedClasses="0" numClasses="0" visitedMethods="1" numMethods="1" />
              <MetadataToken>100663620</MetadataToken>
              <Name>System.Void Puzzle.Core.Multitenancy.Internal.Resolvers.MemoryCacheTenantResolver`1/&lt;&gt;c__DisplayClass11_0::&lt;GetCacheEntryOptions&gt;b__1(System.Object,System.Object,Microsoft.Extensions.Caching.Memory.EvictionReason,System.Object)</Name>
              <FileRef uid="32" />
              <SequencePoints>
                <SequencePoint vc="72" uspid="600" ordinal="0" offset="0" sl="114" sc="25" el="114" ec="26" bec="0" bev="0" fileid="32" />
                <SequencePoint vc="72" uspid="601" ordinal="1" offset="1" sl="115" sc="29" el="115" ec="50" bec="0" bev="0" fileid="32" />
                <SequencePoint vc="72" uspid="602" ordinal="2" offset="13" sl="116" sc="25" el="116" ec="26" bec="0" bev="0" fileid="32" />
              </SequencePoints>
              <BranchPoints />
              <MethodPoint xsi:type="SequencePoint" vc="72" uspid="600" ordinal="0" offset="0" sl="114" sc="25" el="114" ec="26" bec="0" bev="0" fileid="32" />
            </Method>
          </Methods>
        </Class>
        <Class>
          <Summary numSequencePoints="4" visitedSequencePoints="4" numBranchPoints="1" visitedBranchPoints="1" sequenceCoverage="100" branchCoverage="100" maxCyclomaticComplexity="1" minCyclomaticComplexity="1" visitedClasses="1" numClasses="1" visitedMethods="1" numMethods="1" />
          <FullName>Puzzle.Core.Multitenancy.Internal.Options.MultitenancyOptions</FullName>
          <Methods>
            <Method skippedDueTo="AutoImplementedProperty" visited="false" cyclomaticComplexity="1" nPathComplexity="0" sequenceCoverage="0" branchCoverage="0" isConstructor="false" isStatic="false" isGetter="true" isSetter="false">
              <MetadataToken>100663381</MetadataToken>
              <Name>System.String Puzzle.Core.Multitenancy.Internal.Options.MultitenancyOptions::get_AppTenantFolder()</Name>
              <FileRef uid="35" />
              <SequencePoints />
              <BranchPoints />
            </Method>
            <Method skippedDueTo="AutoImplementedProperty" visited="false" cyclomaticComplexity="1" nPathComplexity="0" sequenceCoverage="0" branchCoverage="0" isConstructor="false" isStatic="false" isGetter="false" isSetter="true">
              <MetadataToken>100663382</MetadataToken>
              <Name>System.Void Puzzle.Core.Multitenancy.Internal.Options.MultitenancyOptions::set_AppTenantFolder(System.String)</Name>
              <FileRef uid="35" />
              <SequencePoints />
              <BranchPoints />
            </Method>
            <Method skippedDueTo="AutoImplementedProperty" visited="false" cyclomaticComplexity="1" nPathComplexity="0" sequenceCoverage="0" branchCoverage="0" isConstructor="false" isStatic="false" isGetter="true" isSetter="false">
              <MetadataToken>100663383</MetadataToken>
              <Name>System.Collections.Generic.IDictionary`2&lt;System.String,System.String&gt; Puzzle.Core.Multitenancy.Internal.Options.MultitenancyOptions::get_OtherTokens()</Name>
              <FileRef uid="35" />
              <SequencePoints />
              <BranchPoints />
            </Method>
            <Method skippedDueTo="AutoImplementedProperty" visited="false" cyclomaticComplexity="1" nPathComplexity="0" sequenceCoverage="0" branchCoverage="0" isConstructor="false" isStatic="false" isGetter="false" isSetter="true">
              <MetadataToken>100663384</MetadataToken>
              <Name>System.Void Puzzle.Core.Multitenancy.Internal.Options.MultitenancyOptions::set_OtherTokens(System.Collections.Generic.IDictionary`2&lt;System.String,System.String&gt;)</Name>
              <FileRef uid="35" />
              <SequencePoints />
              <BranchPoints />
            </Method>
            <Method skippedDueTo="AutoImplementedProperty" visited="false" cyclomaticComplexity="1" nPathComplexity="0" sequenceCoverage="0" branchCoverage="0" isConstructor="false" isStatic="false" isGetter="true" isSetter="false">
              <MetadataToken>100663385</MetadataToken>
              <Name>System.Collections.ObjectModel.Collection`1&lt;Puzzle.Core.Multitenancy.Internal.AppTenant&gt; Puzzle.Core.Multitenancy.Internal.Options.MultitenancyOptions::get_Tenants()</Name>
              <FileRef uid="35" />
              <SequencePoints />
              <BranchPoints />
            </Method>
            <Method skippedDueTo="AutoImplementedProperty" visited="false" cyclomaticComplexity="1" nPathComplexity="0" sequenceCoverage="0" branchCoverage="0" isConstructor="false" isStatic="false" isGetter="false" isSetter="true">
              <MetadataToken>100663386</MetadataToken>
              <Name>System.Void Puzzle.Core.Multitenancy.Internal.Options.MultitenancyOptions::set_Tenants(System.Collections.ObjectModel.Collection`1&lt;Puzzle.Core.Multitenancy.Internal.AppTenant&gt;)</Name>
              <FileRef uid="35" />
              <SequencePoints />
              <BranchPoints />
            </Method>
            <Method visited="true" cyclomaticComplexity="1" nPathComplexity="0" sequenceCoverage="100" branchCoverage="100" isConstructor="true" isStatic="false" isGetter="false" isSetter="false">
              <Summary numSequencePoints="4" visitedSequencePoints="4" numBranchPoints="1" visitedBranchPoints="1" sequenceCoverage="100" branchCoverage="100" maxCyclomaticComplexity="1" minCyclomaticComplexity="1" visitedClasses="0" numClasses="0" visitedMethods="1" numMethods="1" />
              <MetadataToken>100663380</MetadataToken>
              <Name>System.Void Puzzle.Core.Multitenancy.Internal.Options.MultitenancyOptions::.ctor()</Name>
              <FileRef uid="35" />
              <SequencePoints>
                <SequencePoint vc="34" uspid="603" ordinal="0" offset="0" sl="14" sc="9" el="14" ec="37" bec="0" bev="0" fileid="35" />
                <SequencePoint vc="34" uspid="604" ordinal="1" offset="7" sl="15" sc="9" el="15" ec="10" bec="0" bev="0" fileid="35" />
                <SequencePoint vc="34" uspid="605" ordinal="2" offset="8" sl="16" sc="13" el="16" ec="60" bec="0" bev="0" fileid="35" />
                <SequencePoint vc="34" uspid="606" ordinal="3" offset="20" sl="17" sc="9" el="17" ec="10" bec="0" bev="0" fileid="35" />
              </SequencePoints>
              <BranchPoints />
              <MethodPoint xsi:type="SequencePoint" vc="34" uspid="603" ordinal="0" offset="0" sl="14" sc="9" el="14" ec="37" bec="0" bev="0" fileid="35" />
            </Method>
          </Methods>
        </Class>
        <Class>
          <Summary numSequencePoints="20" visitedSequencePoints="0" numBranchPoints="8" visitedBranchPoints="0" sequenceCoverage="0" branchCoverage="0" maxCyclomaticComplexity="5" minCyclomaticComplexity="1" visitedClasses="0" numClasses="1" visitedMethods="0" numMethods="4" />
          <FullName>Puzzle.Core.Multitenancy.Internal.Options.MultitenancyOptionsSetup</FullName>
          <Methods>
            <Method visited="false" cyclomaticComplexity="5" nPathComplexity="4" sequenceCoverage="0" branchCoverage="0" isConstructor="true" isStatic="false" isGetter="false" isSetter="false">
              <Summary numSequencePoints="11" visitedSequencePoints="0" numBranchPoints="5" visitedBranchPoints="0" sequenceCoverage="0" branchCoverage="0" maxCyclomaticComplexity="5" minCyclomaticComplexity="5" visitedClasses="0" numClasses="0" visitedMethods="0" numMethods="1" />
              <MetadataToken>100663387</MetadataToken>
              <Name>System.Void Puzzle.Core.Multitenancy.Internal.Options.MultitenancyOptionsSetup::.ctor(Microsoft.Extensions.DependencyInjection.IServiceScopeFactory,System.IServiceProvider,Puzzle.Core.Multitenancy.Internal.Configurations.MultiTenancyConfig)</Name>
              <FileRef uid="36" />
              <SequencePoints>
                <SequencePoint vc="0" uspid="607" ordinal="0" offset="13" sl="28" sc="15" el="28" ec="117" bec="0" bev="0" fileid="36" />
                <SequencePoint vc="0" uspid="608" ordinal="1" offset="32" sl="29" sc="9" el="29" ec="10" bec="0" bev="0" fileid="36" />
                <SequencePoint vc="0" uspid="609" ordinal="2" offset="33" sl="30" sc="13" el="30" ec="32" bec="2" bev="0" fileid="36" />
                <SequencePoint vc="0" uspid="610" ordinal="3" offset="46" sl="31" sc="13" el="31" ec="14" bec="0" bev="0" fileid="36" />
                <SequencePoint vc="0" uspid="611" ordinal="4" offset="47" sl="32" sc="17" el="32" ec="65" bec="0" bev="0" fileid="36" />
                <SequencePoint vc="0" uspid="612" ordinal="5" offset="58" sl="35" sc="13" el="35" ec="39" bec="2" bev="0" fileid="36" />
                <SequencePoint vc="0" uspid="613" ordinal="6" offset="76" sl="36" sc="13" el="36" ec="14" bec="0" bev="0" fileid="36" />
                <SequencePoint vc="0" uspid="614" ordinal="7" offset="77" sl="37" sc="17" el="37" ec="72" bec="0" bev="0" fileid="36" />
                <SequencePoint vc="0" uspid="615" ordinal="8" offset="88" sl="40" sc="13" el="40" ec="112" bec="0" bev="0" fileid="36" />
                <SequencePoint vc="0" uspid="616" ordinal="9" offset="110" sl="41" sc="13" el="41" ec="124" bec="0" bev="0" fileid="36" />
                <SequencePoint vc="0" uspid="617" ordinal="10" offset="132" sl="42" sc="9" el="42" ec="10" bec="0" bev="0" fileid="36" />
              </SequencePoints>
              <BranchPoints>
                <BranchPoint vc="0" uspid="618" ordinal="0" offset="44" sl="30" path="0" offsetend="46" fileid="36" />
                <BranchPoint vc="0" uspid="619" ordinal="1" offset="44" sl="30" path="1" offsetend="58" fileid="36" />
                <BranchPoint vc="0" uspid="620" ordinal="2" offset="74" sl="35" path="0" offsetend="76" fileid="36" />
                <BranchPoint vc="0" uspid="621" ordinal="3" offset="74" sl="35" path="1" offsetend="88" fileid="36" />
              </BranchPoints>
              <MethodPoint vc="0" uspid="626" ordinal="0" offset="0" />
            </Method>
            <Method visited="false" cyclomaticComplexity="1" nPathComplexity="0" sequenceCoverage="0" branchCoverage="0" isConstructor="false" isStatic="true" isGetter="false" isSetter="false">
              <Summary numSequencePoints="3" visitedSequencePoints="0" numBranchPoints="1" visitedBranchPoints="0" sequenceCoverage="0" branchCoverage="0" maxCyclomaticComplexity="1" minCyclomaticComplexity="1" visitedClasses="0" numClasses="0" visitedMethods="0" numMethods="1" />
              <MetadataToken>100663388</MetadataToken>
              <Name>System.Void Puzzle.Core.Multitenancy.Internal.Options.MultitenancyOptionsSetup::ConfigureMultitenancyOptions(Puzzle.Core.Multitenancy.Internal.Options.MultitenancyOptions,Microsoft.Extensions.Configuration.IConfiguration)</Name>
              <FileRef uid="36" />
              <SequencePoints>
                <SequencePoint vc="0" uspid="627" ordinal="0" offset="0" sl="50" sc="9" el="50" ec="10" bec="0" bev="0" fileid="36" />
                <SequencePoint vc="0" uspid="628" ordinal="1" offset="1" sl="52" sc="13" el="52" ec="99" bec="0" bev="0" fileid="36" />
                <SequencePoint vc="0" uspid="629" ordinal="2" offset="14" sl="53" sc="9" el="53" ec="10" bec="0" bev="0" fileid="36" />
              </SequencePoints>
              <BranchPoints />
              <MethodPoint xsi:type="SequencePoint" vc="0" uspid="627" ordinal="0" offset="0" sl="50" sc="9" el="50" ec="10" bec="0" bev="0" fileid="36" />
            </Method>
            <Method visited="false" cyclomaticComplexity="1" nPathComplexity="0" sequenceCoverage="0" branchCoverage="0" isConstructor="false" isStatic="false" isGetter="false" isSetter="false">
              <Summary numSequencePoints="3" visitedSequencePoints="0" numBranchPoints="1" visitedBranchPoints="0" sequenceCoverage="0" branchCoverage="0" maxCyclomaticComplexity="1" minCyclomaticComplexity="1" visitedClasses="0" numClasses="0" visitedMethods="0" numMethods="1" />
              <MetadataToken>100663389</MetadataToken>
              <Name>System.Void Puzzle.Core.Multitenancy.Internal.Options.MultitenancyOptionsSetup::Configure(Puzzle.Core.Multitenancy.Internal.Options.MultitenancyOptions)</Name>
              <FileRef uid="36" />
              <SequencePoints>
                <SequencePoint vc="0" uspid="630" ordinal="0" offset="0" sl="60" sc="9" el="60" ec="10" bec="0" bev="0" fileid="36" />
                <SequencePoint vc="0" uspid="631" ordinal="1" offset="1" sl="61" sc="13" el="61" ec="37" bec="0" bev="0" fileid="36" />
                <SequencePoint vc="0" uspid="632" ordinal="2" offset="9" sl="72" sc="9" el="72" ec="10" bec="0" bev="0" fileid="36" />
              </SequencePoints>
              <BranchPoints />
              <MethodPoint xsi:type="SequencePoint" vc="0" uspid="630" ordinal="0" offset="0" sl="60" sc="9" el="60" ec="10" bec="0" bev="0" fileid="36" />
            </Method>
            <Method visited="false" cyclomaticComplexity="2" nPathComplexity="0" sequenceCoverage="0" branchCoverage="0" isConstructor="false" isStatic="true" isGetter="false" isSetter="false">
              <Summary numSequencePoints="3" visitedSequencePoints="0" numBranchPoints="1" visitedBranchPoints="0" sequenceCoverage="0" branchCoverage="0" maxCyclomaticComplexity="2" minCyclomaticComplexity="2" visitedClasses="0" numClasses="0" visitedMethods="0" numMethods="1" />
              <MetadataToken>100663390</MetadataToken>
              <Name>Microsoft.Extensions.Configuration.IConfigurationSection Puzzle.Core.Multitenancy.Internal.Options.MultitenancyOptionsSetup::OrSection(Puzzle.Core.Multitenancy.Internal.Configurations.MultiTenancyConfig,System.String)</Name>
              <FileRef uid="36" />
              <SequencePoints>
                <SequencePoint vc="0" uspid="633" ordinal="0" offset="0" sl="75" sc="9" el="75" ec="10" bec="0" bev="0" fileid="36" />
                <SequencePoint vc="0" uspid="634" ordinal="1" offset="1" sl="76" sc="13" el="76" ec="92" bec="0" bev="0" fileid="36" />
                <SequencePoint vc="0" uspid="635" ordinal="2" offset="31" sl="77" sc="9" el="77" ec="10" bec="0" bev="0" fileid="36" />
              </SequencePoints>
              <BranchPoints />
              <MethodPoint xsi:type="SequencePoint" vc="0" uspid="633" ordinal="0" offset="0" sl="75" sc="9" el="75" ec="10" bec="0" bev="0" fileid="36" />
            </Method>
          </Methods>
        </Class>
        <Class>
          <Summary numSequencePoints="1" visitedSequencePoints="0" numBranchPoints="1" visitedBranchPoints="0" sequenceCoverage="0" branchCoverage="0" maxCyclomaticComplexity="1" minCyclomaticComplexity="1" visitedClasses="0" numClasses="1" visitedMethods="0" numMethods="1" />
          <FullName>Puzzle.Core.Multitenancy.Internal.Options.MultitenancyOptionsSetup/&lt;&gt;c__DisplayClass2_0</FullName>
          <Methods>
            <Method visited="false" cyclomaticComplexity="1" nPathComplexity="0" sequenceCoverage="0" branchCoverage="0" isConstructor="true" isStatic="false" isGetter="false" isSetter="false">
              <Summary numSequencePoints="0" visitedSequencePoints="0" numBranchPoints="0" visitedBranchPoints="0" sequenceCoverage="0" branchCoverage="0" maxCyclomaticComplexity="1" minCyclomaticComplexity="1" visitedClasses="0" numClasses="0" visitedMethods="0" numMethods="0" />
              <MetadataToken>100663621</MetadataToken>
              <Name>System.Void Puzzle.Core.Multitenancy.Internal.Options.MultitenancyOptionsSetup/&lt;&gt;c__DisplayClass2_0::.ctor()</Name>
              <SequencePoints />
              <BranchPoints />
              <MethodPoint vc="0" uspid="638" ordinal="0" offset="0" />
            </Method>
            <Method visited="false" cyclomaticComplexity="1" nPathComplexity="0" sequenceCoverage="0" branchCoverage="0" isConstructor="false" isStatic="false" isGetter="false" isSetter="false">
              <Summary numSequencePoints="1" visitedSequencePoints="0" numBranchPoints="1" visitedBranchPoints="0" sequenceCoverage="0" branchCoverage="0" maxCyclomaticComplexity="1" minCyclomaticComplexity="1" visitedClasses="0" numClasses="0" visitedMethods="0" numMethods="1" />
              <MetadataToken>100663622</MetadataToken>
              <Name>System.Void Puzzle.Core.Multitenancy.Internal.Options.MultitenancyOptionsSetup/&lt;&gt;c__DisplayClass2_0::&lt;.ctor&gt;b__0(Puzzle.Core.Multitenancy.Internal.Options.MultitenancyOptions)</Name>
              <FileRef uid="36" />
              <SequencePoints>
                <SequencePoint vc="0" uspid="639" ordinal="0" offset="0" sl="28" sc="31" el="28" ec="116" bec="0" bev="0" fileid="36" />
              </SequencePoints>
              <BranchPoints />
              <MethodPoint xsi:type="SequencePoint" vc="0" uspid="639" ordinal="0" offset="0" sl="28" sc="31" el="28" ec="116" bec="0" bev="0" fileid="36" />
            </Method>
          </Methods>
        </Class>
        <Class>
          <Summary numSequencePoints="51" visitedSequencePoints="4" numBranchPoints="10" visitedBranchPoints="2" sequenceCoverage="7.84" branchCoverage="20" maxCyclomaticComplexity="3" minCyclomaticComplexity="1" visitedClasses="1" numClasses="1" visitedMethods="2" numMethods="8" />
          <FullName>Puzzle.Core.Multitenancy.Internal.Options.MultitenancyPostConfigureOptions</FullName>
          <Methods>
            <Method skippedDueTo="AutoImplementedProperty" visited="false" cyclomaticComplexity="1" nPathComplexity="0" sequenceCoverage="0" branchCoverage="0" isConstructor="false" isStatic="false" isGetter="true" isSetter="false">
              <MetadataToken>100663391</MetadataToken>
              <Name>System.Collections.Generic.Dictionary`2&lt;System.String,System.String&gt; Puzzle.Core.Multitenancy.Internal.Options.MultitenancyPostConfigureOptions::get_TokenList()</Name>
              <FileRef uid="38" />
              <SequencePoints />
              <BranchPoints />
            </Method>
            <Method visited="false" cyclomaticComplexity="2" nPathComplexity="2" sequenceCoverage="0" branchCoverage="0" isConstructor="false" isStatic="false" isGetter="false" isSetter="false">
              <Summary numSequencePoints="7" visitedSequencePoints="0" numBranchPoints="3" visitedBranchPoints="0" sequenceCoverage="0" branchCoverage="0" maxCyclomaticComplexity="2" minCyclomaticComplexity="2" visitedClasses="0" numClasses="0" visitedMethods="0" numMethods="1" />
              <MetadataToken>100663392</MetadataToken>
              <Name>System.Void Puzzle.Core.Multitenancy.Internal.Options.MultitenancyPostConfigureOptions::PostConfigure(System.String,Puzzle.Core.Multitenancy.Internal.Options.MultitenancyOptions)</Name>
              <FileRef uid="38" />
              <SequencePoints>
                <SequencePoint vc="0" uspid="640" ordinal="0" offset="0" sl="57" sc="9" el="57" ec="10" bec="0" bev="0" fileid="38" />
                <SequencePoint vc="0" uspid="641" ordinal="1" offset="1" sl="58" sc="13" el="58" ec="33" bec="2" bev="0" fileid="38" />
                <SequencePoint vc="0" uspid="642" ordinal="2" offset="9" sl="59" sc="13" el="59" ec="14" bec="0" bev="0" fileid="38" />
                <SequencePoint vc="0" uspid="643" ordinal="3" offset="10" sl="60" sc="17" el="60" ec="70" bec="0" bev="0" fileid="38" />
                <SequencePoint vc="0" uspid="644" ordinal="4" offset="21" sl="63" sc="13" el="63" ec="52" bec="0" bev="0" fileid="38" />
                <SequencePoint vc="0" uspid="645" ordinal="5" offset="35" sl="64" sc="13" el="64" ec="62" bec="0" bev="0" fileid="38" />
                <SequencePoint vc="0" uspid="646" ordinal="6" offset="50" sl="65" sc="9" el="65" ec="10" bec="0" bev="0" fileid="38" />
              </SequencePoints>
              <BranchPoints>
                <BranchPoint vc="0" uspid="647" ordinal="0" offset="7" sl="58" path="0" offsetend="9" fileid="38" />
                <BranchPoint vc="0" uspid="648" ordinal="1" offset="7" sl="58" path="1" offsetend="21" fileid="38" />
              </BranchPoints>
              <MethodPoint xsi:type="SequencePoint" vc="0" uspid="640" ordinal="0" offset="0" sl="57" sc="9" el="57" ec="10" bec="0" bev="0" fileid="38" />
            </Method>
            <Method visited="false" cyclomaticComplexity="3" nPathComplexity="0" sequenceCoverage="0" branchCoverage="0" isConstructor="false" isStatic="false" isGetter="false" isSetter="false">
              <Summary numSequencePoints="9" visitedSequencePoints="0" numBranchPoints="1" visitedBranchPoints="0" sequenceCoverage="0" branchCoverage="0" maxCyclomaticComplexity="3" minCyclomaticComplexity="3" visitedClasses="0" numClasses="0" visitedMethods="0" numMethods="1" />
              <MetadataToken>100663393</MetadataToken>
              <Name>System.Void Puzzle.Core.Multitenancy.Internal.Options.MultitenancyPostConfigureOptions::AddAdditionnalKeys(Puzzle.Core.Multitenancy.Internal.Options.MultitenancyOptions,System.Collections.Generic.IDictionary`2&lt;System.String,System.String&gt;)</Name>
              <FileRef uid="38" />
              <SequencePoints>
                <SequencePoint vc="0" uspid="649" ordinal="0" offset="0" sl="68" sc="9" el="68" ec="10" bec="0" bev="0" fileid="38" />
                <SequencePoint vc="0" uspid="650" ordinal="1" offset="1" sl="70" sc="13" el="70" ec="20" bec="0" bev="0" fileid="38" />
                <SequencePoint vc="0" uspid="651" ordinal="2" offset="2" sl="70" sc="59" el="70" ec="78" bec="0" bev="0" fileid="38" />
                <SequencePoint vc="0" uspid="652" ordinal="3" offset="16" sl="70" sc="22" el="70" ec="55" bec="0" bev="0" fileid="38" />
                <SequencePoint vc="0" uspid="653" ordinal="4" offset="23" sl="71" sc="13" el="71" ec="14" bec="0" bev="0" fileid="38" />
                <SequencePoint vc="0" uspid="654" ordinal="5" offset="24" sl="72" sc="17" el="72" ec="84" bec="0" bev="0" fileid="38" />
                <SequencePoint vc="0" uspid="655" ordinal="6" offset="55" sl="73" sc="13" el="73" ec="14" bec="0" bev="0" fileid="38" />
                <SequencePoint vc="0" uspid="656" ordinal="7" offset="56" sl="70" sc="56" el="70" ec="58" bec="0" bev="0" fileid="38" />
                <SequencePoint vc="0" uspid="657" ordinal="8" offset="77" sl="74" sc="9" el="74" ec="10" bec="0" bev="0" fileid="38" />
              </SequencePoints>
              <BranchPoints />
              <MethodPoint xsi:type="SequencePoint" vc="0" uspid="649" ordinal="0" offset="0" sl="68" sc="9" el="68" ec="10" bec="0" bev="0" fileid="38" />
            </Method>
            <Method visited="false" cyclomaticComplexity="3" nPathComplexity="0" sequenceCoverage="0" branchCoverage="0" isConstructor="false" isStatic="false" isGetter="false" isSetter="false">
              <Summary numSequencePoints="11" visitedSequencePoints="0" numBranchPoints="1" visitedBranchPoints="0" sequenceCoverage="0" branchCoverage="0" maxCyclomaticComplexity="3" minCyclomaticComplexity="3" visitedClasses="0" numClasses="0" visitedMethods="0" numMethods="1" />
              <MetadataToken>100663394</MetadataToken>
              <Name>System.String Puzzle.Core.Multitenancy.Internal.Options.MultitenancyPostConfigureOptions::ReplaceWithStringBuilder(System.String,System.Collections.Generic.IDictionary`2&lt;System.String,System.String&gt;)</Name>
              <FileRef uid="38" />
              <SequencePoints>
                <SequencePoint vc="0" uspid="660" ordinal="0" offset="0" sl="77" sc="9" el="77" ec="10" bec="0" bev="0" fileid="38" />
                <SequencePoint vc="0" uspid="661" ordinal="1" offset="1" sl="78" sc="13" el="78" ec="61" bec="0" bev="0" fileid="38" />
                <SequencePoint vc="0" uspid="662" ordinal="2" offset="8" sl="79" sc="13" el="79" ec="20" bec="0" bev="0" fileid="38" />
                <SequencePoint vc="0" uspid="663" ordinal="3" offset="9" sl="79" sc="59" el="79" ec="68" bec="0" bev="0" fileid="38" />
                <SequencePoint vc="0" uspid="664" ordinal="4" offset="18" sl="79" sc="22" el="79" ec="55" bec="0" bev="0" fileid="38" />
                <SequencePoint vc="0" uspid="665" ordinal="5" offset="25" sl="80" sc="13" el="80" ec="14" bec="0" bev="0" fileid="38" />
                <SequencePoint vc="0" uspid="666" ordinal="6" offset="26" sl="81" sc="17" el="81" ec="104" bec="0" bev="0" fileid="38" />
                <SequencePoint vc="0" uspid="667" ordinal="7" offset="67" sl="82" sc="13" el="82" ec="14" bec="0" bev="0" fileid="38" />
                <SequencePoint vc="0" uspid="668" ordinal="8" offset="68" sl="79" sc="56" el="79" ec="58" bec="0" bev="0" fileid="38" />
                <SequencePoint vc="0" uspid="669" ordinal="9" offset="89" sl="84" sc="13" el="84" ec="38" bec="0" bev="0" fileid="38" />
                <SequencePoint vc="0" uspid="670" ordinal="10" offset="98" sl="85" sc="9" el="85" ec="10" bec="0" bev="0" fileid="38" />
              </SequencePoints>
              <BranchPoints />
              <MethodPoint xsi:type="SequencePoint" vc="0" uspid="660" ordinal="0" offset="0" sl="77" sc="9" el="77" ec="10" bec="0" bev="0" fileid="38" />
            </Method>
            <Method visited="false" cyclomaticComplexity="3" nPathComplexity="0" sequenceCoverage="0" branchCoverage="0" isConstructor="false" isStatic="false" isGetter="false" isSetter="false">
              <Summary numSequencePoints="11" visitedSequencePoints="0" numBranchPoints="1" visitedBranchPoints="0" sequenceCoverage="0" branchCoverage="0" maxCyclomaticComplexity="3" minCyclomaticComplexity="3" visitedClasses="0" numClasses="0" visitedMethods="0" numMethods="1" />
              <MetadataToken>100663395</MetadataToken>
              <Name>System.String Puzzle.Core.Multitenancy.Internal.Options.MultitenancyPostConfigureOptions::ReplaceWithStringBuilder(System.String,System.Collections.Generic.IEnumerable`1&lt;System.Tuple`2&lt;System.String,System.String&gt;&gt;)</Name>
              <FileRef uid="38" />
              <SequencePoints>
                <SequencePoint vc="0" uspid="673" ordinal="0" offset="0" sl="88" sc="9" el="88" ec="10" bec="0" bev="0" fileid="38" />
                <SequencePoint vc="0" uspid="674" ordinal="1" offset="1" sl="89" sc="13" el="89" ec="61" bec="0" bev="0" fileid="38" />
                <SequencePoint vc="0" uspid="675" ordinal="2" offset="8" sl="90" sc="13" el="90" ec="20" bec="0" bev="0" fileid="38" />
                <SequencePoint vc="0" uspid="676" ordinal="3" offset="9" sl="90" sc="52" el="90" ec="61" bec="0" bev="0" fileid="38" />
                <SequencePoint vc="0" uspid="677" ordinal="4" offset="18" sl="90" sc="22" el="90" ec="48" bec="0" bev="0" fileid="38" />
                <SequencePoint vc="0" uspid="678" ordinal="5" offset="25" sl="91" sc="13" el="91" ec="14" bec="0" bev="0" fileid="38" />
                <SequencePoint vc="0" uspid="679" ordinal="6" offset="26" sl="92" sc="17" el="92" ec="106" bec="0" bev="0" fileid="38" />
                <SequencePoint vc="0" uspid="680" ordinal="7" offset="65" sl="93" sc="13" el="93" ec="14" bec="0" bev="0" fileid="38" />
                <SequencePoint vc="0" uspid="681" ordinal="8" offset="66" sl="90" sc="49" el="90" ec="51" bec="0" bev="0" fileid="38" />
                <SequencePoint vc="0" uspid="682" ordinal="9" offset="87" sl="95" sc="13" el="95" ec="38" bec="0" bev="0" fileid="38" />
                <SequencePoint vc="0" uspid="683" ordinal="10" offset="96" sl="96" sc="9" el="96" ec="10" bec="0" bev="0" fileid="38" />
              </SequencePoints>
              <BranchPoints />
              <MethodPoint xsi:type="SequencePoint" vc="0" uspid="673" ordinal="0" offset="0" sl="88" sc="9" el="88" ec="10" bec="0" bev="0" fileid="38" />
            </Method>
            <Method visited="false" cyclomaticComplexity="1" nPathComplexity="0" sequenceCoverage="0" branchCoverage="0" isConstructor="false" isStatic="false" isGetter="false" isSetter="false">
              <Summary numSequencePoints="6" visitedSequencePoints="0" numBranchPoints="1" visitedBranchPoints="0" sequenceCoverage="0" branchCoverage="0" maxCyclomaticComplexity="1" minCyclomaticComplexity="1" visitedClasses="0" numClasses="0" visitedMethods="0" numMethods="1" />
              <MetadataToken>100663396</MetadataToken>
              <Name>Puzzle.Core.Multitenancy.Internal.Options.MultitenancyOptions Puzzle.Core.Multitenancy.Internal.Options.MultitenancyPostConfigureOptions::ReplaceTokenString(Puzzle.Core.Multitenancy.Internal.Options.MultitenancyOptions,System.Collections.Generic.IDictionary`2&lt;System.String,System.String&gt;)</Name>
              <FileRef uid="38" />
              <SequencePoints>
                <SequencePoint vc="0" uspid="686" ordinal="0" offset="0" sl="99" sc="9" el="99" ec="10" bec="0" bev="0" fileid="38" />
                <SequencePoint vc="0" uspid="687" ordinal="1" offset="1" sl="100" sc="13" el="100" ec="66" bec="0" bev="0" fileid="38" />
                <SequencePoint vc="0" uspid="688" ordinal="2" offset="14" sl="101" sc="13" el="101" ec="88" bec="0" bev="0" fileid="38" />
                <SequencePoint vc="0" uspid="689" ordinal="3" offset="23" sl="103" sc="13" el="103" ec="104" bec="0" bev="0" fileid="38" />
                <SequencePoint vc="0" uspid="690" ordinal="4" offset="36" sl="104" sc="13" el="104" ec="28" bec="0" bev="0" fileid="38" />
                <SequencePoint vc="0" uspid="691" ordinal="5" offset="40" sl="105" sc="9" el="105" ec="10" bec="0" bev="0" fileid="38" />
              </SequencePoints>
              <BranchPoints />
              <MethodPoint xsi:type="SequencePoint" vc="0" uspid="686" ordinal="0" offset="0" sl="99" sc="9" el="99" ec="10" bec="0" bev="0" fileid="38" />
            </Method>
            <Method visited="false" cyclomaticComplexity="1" nPathComplexity="0" sequenceCoverage="0" branchCoverage="0" isConstructor="false" isStatic="false" isGetter="false" isSetter="false">
              <Summary numSequencePoints="3" visitedSequencePoints="0" numBranchPoints="1" visitedBranchPoints="0" sequenceCoverage="0" branchCoverage="0" maxCyclomaticComplexity="1" minCyclomaticComplexity="1" visitedClasses="0" numClasses="0" visitedMethods="0" numMethods="1" />
              <MetadataToken>100663397</MetadataToken>
              <Name>System.String Puzzle.Core.Multitenancy.Internal.Options.MultitenancyPostConfigureOptions::DumpToJsonString(System.Object)</Name>
              <FileRef uid="38" />
              <SequencePoints>
                <SequencePoint vc="0" uspid="692" ordinal="0" offset="0" sl="113" sc="9" el="113" ec="10" bec="0" bev="0" fileid="38" />
                <SequencePoint vc="0" uspid="693" ordinal="1" offset="1" sl="114" sc="13" el="114" ec="63" bec="0" bev="0" fileid="38" />
                <SequencePoint vc="0" uspid="694" ordinal="2" offset="16" sl="115" sc="9" el="115" ec="10" bec="0" bev="0" fileid="38" />
              </SequencePoints>
              <BranchPoints />
              <MethodPoint xsi:type="SequencePoint" vc="0" uspid="692" ordinal="0" offset="0" sl="113" sc="9" el="113" ec="10" bec="0" bev="0" fileid="38" />
            </Method>
            <Method visited="true" cyclomaticComplexity="1" nPathComplexity="0" sequenceCoverage="100" branchCoverage="100" isConstructor="true" isStatic="false" isGetter="false" isSetter="false">
              <Summary numSequencePoints="2" visitedSequencePoints="2" numBranchPoints="1" visitedBranchPoints="1" sequenceCoverage="100" branchCoverage="100" maxCyclomaticComplexity="1" minCyclomaticComplexity="1" visitedClasses="0" numClasses="0" visitedMethods="1" numMethods="1" />
              <MetadataToken>100663398</MetadataToken>
              <Name>System.Void Puzzle.Core.Multitenancy.Internal.Options.MultitenancyPostConfigureOptions::.ctor()</Name>
              <FileRef uid="38" />
              <SequencePoints>
                <SequencePoint vc="38" uspid="695" ordinal="0" offset="0" sl="27" sc="9" el="38" ec="11" bec="0" bev="0" fileid="38" />
                <SequencePoint vc="38" uspid="696" ordinal="1" offset="78" sl="43" sc="64" el="49" ec="10" bec="0" bev="0" fileid="38" />
              </SequencePoints>
              <BranchPoints />
              <MethodPoint xsi:type="SequencePoint" vc="38" uspid="695" ordinal="0" offset="0" sl="27" sc="9" el="38" ec="11" bec="0" bev="0" fileid="38" />
            </Method>
            <Method visited="true" cyclomaticComplexity="1" nPathComplexity="0" sequenceCoverage="100" branchCoverage="100" isConstructor="true" isStatic="true" isGetter="false" isSetter="false">
              <Summary numSequencePoints="2" visitedSequencePoints="2" numBranchPoints="1" visitedBranchPoints="1" sequenceCoverage="100" branchCoverage="100" maxCyclomaticComplexity="1" minCyclomaticComplexity="1" visitedClasses="0" numClasses="0" visitedMethods="1" numMethods="1" />
              <MetadataToken>100663399</MetadataToken>
              <Name>System.Void Puzzle.Core.Multitenancy.Internal.Options.MultitenancyPostConfigureOptions::.cctor()</Name>
              <FileRef uid="38" />
              <SequencePoints>
                <SequencePoint vc="2" uspid="697" ordinal="0" offset="0" sl="24" sc="9" el="24" ec="87" bec="0" bev="0" fileid="38" />
                <SequencePoint vc="2" uspid="698" ordinal="1" offset="10" sl="25" sc="9" el="25" ec="135" bec="0" bev="0" fileid="38" />
              </SequencePoints>
              <BranchPoints />
              <MethodPoint xsi:type="SequencePoint" vc="2" uspid="697" ordinal="0" offset="0" sl="24" sc="9" el="24" ec="87" bec="0" bev="0" fileid="38" />
            </Method>
          </Methods>
        </Class>
        <Class>
          <Summary numSequencePoints="6" visitedSequencePoints="6" numBranchPoints="1" visitedBranchPoints="1" sequenceCoverage="100" branchCoverage="100" maxCyclomaticComplexity="4" minCyclomaticComplexity="1" visitedClasses="1" numClasses="1" visitedMethods="1" numMethods="1" />
          <FullName>Puzzle.Core.Multitenancy.Internal.Middlewares.MultitenancyRequestServicesContainerMiddleware`1</FullName>
          <Methods>
            <Method visited="true" cyclomaticComplexity="4" nPathComplexity="0" sequenceCoverage="100" branchCoverage="100" isConstructor="true" isStatic="false" isGetter="false" isSetter="false">
              <Summary numSequencePoints="6" visitedSequencePoints="6" numBranchPoints="1" visitedBranchPoints="1" sequenceCoverage="100" branchCoverage="100" maxCyclomaticComplexity="4" minCyclomaticComplexity="4" visitedClasses="0" numClasses="0" visitedMethods="1" numMethods="1" />
              <MetadataToken>100663400</MetadataToken>
              <Name>System.Void Puzzle.Core.Multitenancy.Internal.Middlewares.MultitenancyRequestServicesContainerMiddleware`1::.ctor(Microsoft.AspNetCore.Http.RequestDelegate,Microsoft.AspNetCore.Http.IHttpContextAccessor,Puzzle.Core.Multitenancy.Internal.IServiceFactoryForMultitenancy`1&lt;TTenant&gt;)</Name>
              <FileRef uid="39" />
              <SequencePoints>
                <SequencePoint vc="20" uspid="699" ordinal="0" offset="0" sl="17" sc="9" el="17" ec="193" bec="0" bev="0" fileid="39" />
                <SequencePoint vc="20" uspid="700" ordinal="1" offset="7" sl="18" sc="9" el="18" ec="10" bec="0" bev="0" fileid="39" />
                <SequencePoint vc="20" uspid="701" ordinal="2" offset="8" sl="19" sc="13" el="19" ec="79" bec="0" bev="0" fileid="39" />
                <SequencePoint vc="20" uspid="702" ordinal="3" offset="30" sl="20" sc="13" el="20" ec="112" bec="0" bev="0" fileid="39" />
                <SequencePoint vc="20" uspid="703" ordinal="4" offset="52" sl="21" sc="13" el="21" ec="154" bec="0" bev="0" fileid="39" />
                <SequencePoint vc="20" uspid="704" ordinal="5" offset="74" sl="22" sc="9" el="22" ec="10" bec="0" bev="0" fileid="39" />
              </SequencePoints>
              <BranchPoints />
              <MethodPoint xsi:type="SequencePoint" vc="20" uspid="699" ordinal="0" offset="0" sl="17" sc="9" el="17" ec="193" bec="0" bev="0" fileid="39" />
            </Method>
            <Method visited="true" cyclomaticComplexity="1" nPathComplexity="0" sequenceCoverage="0" branchCoverage="0" isConstructor="false" isStatic="false" isGetter="false" isSetter="false">
              <Summary numSequencePoints="0" visitedSequencePoints="0" numBranchPoints="0" visitedBranchPoints="0" sequenceCoverage="0" branchCoverage="0" maxCyclomaticComplexity="1" minCyclomaticComplexity="1" visitedClasses="0" numClasses="0" visitedMethods="0" numMethods="0" />
              <MetadataToken>100663401</MetadataToken>
              <Name>System.Threading.Tasks.Task Puzzle.Core.Multitenancy.Internal.Middlewares.MultitenancyRequestServicesContainerMiddleware`1::Invoke(Microsoft.AspNetCore.Http.HttpContext)</Name>
              <SequencePoints />
              <BranchPoints />
              <MethodPoint vc="38" uspid="711" ordinal="0" offset="0" />
            </Method>
          </Methods>
        </Class>
        <Class>
          <Summary numSequencePoints="20" visitedSequencePoints="18" numBranchPoints="11" visitedBranchPoints="6" sequenceCoverage="90" branchCoverage="54.55" maxCyclomaticComplexity="10" minCyclomaticComplexity="1" visitedClasses="1" numClasses="1" visitedMethods="1" numMethods="1" />
          <FullName>Puzzle.Core.Multitenancy.Internal.Middlewares.MultitenancyRequestServicesContainerMiddleware`1/&lt;Invoke&gt;d__4</FullName>
          <Methods>
            <Method visited="true" cyclomaticComplexity="1" nPathComplexity="0" sequenceCoverage="0" branchCoverage="0" isConstructor="true" isStatic="false" isGetter="false" isSetter="false">
              <Summary numSequencePoints="0" visitedSequencePoints="0" numBranchPoints="0" visitedBranchPoints="0" sequenceCoverage="0" branchCoverage="0" maxCyclomaticComplexity="1" minCyclomaticComplexity="1" visitedClasses="0" numClasses="0" visitedMethods="0" numMethods="0" />
              <MetadataToken>100663623</MetadataToken>
              <Name>System.Void Puzzle.Core.Multitenancy.Internal.Middlewares.MultitenancyRequestServicesContainerMiddleware`1/&lt;Invoke&gt;d__4::.ctor()</Name>
              <SequencePoints />
              <BranchPoints />
              <MethodPoint vc="38" uspid="712" ordinal="0" offset="0" />
            </Method>
            <Method visited="true" cyclomaticComplexity="10" nPathComplexity="32" sequenceCoverage="90" branchCoverage="54.55" isConstructor="false" isStatic="false" isGetter="false" isSetter="false">
              <Summary numSequencePoints="20" visitedSequencePoints="18" numBranchPoints="11" visitedBranchPoints="6" sequenceCoverage="90" branchCoverage="54.55" maxCyclomaticComplexity="10" minCyclomaticComplexity="10" visitedClasses="0" numClasses="0" visitedMethods="1" numMethods="1" />
              <MetadataToken>100663624</MetadataToken>
              <Name>System.Void Puzzle.Core.Multitenancy.Internal.Middlewares.MultitenancyRequestServicesContainerMiddleware`1/&lt;Invoke&gt;d__4::MoveNext()</Name>
              <FileRef uid="39" />
              <SequencePoints>
                <SequencePoint vc="38" uspid="713" ordinal="0" offset="17" sl="34" sc="9" el="34" ec="10" bec="0" bev="0" fileid="39" />
                <SequencePoint vc="38" uspid="714" ordinal="1" offset="18" sl="35" sc="13" el="35" ec="68" bec="0" bev="0" fileid="39" />
                <SequencePoint vc="38" uspid="715" ordinal="2" offset="38" sl="36" sc="13" el="36" ec="55" bec="2" bev="1" fileid="39" />
                <SequencePoint vc="0" uspid="716" ordinal="3" offset="56" sl="37" sc="13" el="37" ec="14" bec="0" bev="0" fileid="39" />
                <SequencePoint vc="0" uspid="717" ordinal="4" offset="57" sl="38" sc="17" el="38" ec="88" bec="0" bev="0" fileid="39" />
                <SequencePoint vc="38" uspid="718" ordinal="5" offset="68" sl="41" sc="13" el="41" ec="92" bec="0" bev="0" fileid="39" />
                <SequencePoint vc="38" uspid="719" ordinal="6" offset="85" sl="42" sc="13" el="42" ec="39" bec="2" bev="1" fileid="39" />
                <SequencePoint vc="38" uspid="720" ordinal="7" offset="101" sl="43" sc="13" el="43" ec="14" bec="0" bev="0" fileid="39" />
                <SequencePoint vc="38" uspid="721" ordinal="8" offset="102" sl="44" sc="17" el="44" ec="88" bec="0" bev="0" fileid="39" />
                <SequencePoint vc="38" uspid="722" ordinal="9" offset="119" sl="46" sc="24" el="46" ec="178" bec="2" bev="1" fileid="39" />
                <SequencePoint vc="34" uspid="723" ordinal="10" offset="165" sl="47" sc="17" el="47" ec="18" bec="2" bev="1" fileid="39" />
                <SequencePoint vc="34" uspid="724" ordinal="11" offset="174" sl="49" sc="21" el="49" ec="22" bec="0" bev="0" fileid="39" />
                <SequencePoint vc="34" uspid="725" ordinal="12" offset="175" sl="51" sc="25" el="51" ec="79" bec="0" bev="0" fileid="39" />
                <SequencePoint vc="34" uspid="726" ordinal="13" offset="198" sl="52" sc="25" el="52" ec="78" bec="0" bev="0" fileid="39" />
                <SequencePoint vc="34" uspid="727" ordinal="14" offset="321" sl="53" sc="21" el="53" ec="22" bec="2" bev="1" fileid="39" />
                <SequencePoint vc="34" uspid="728" ordinal="15" offset="328" sl="55" sc="21" el="55" ec="22" bec="0" bev="0" fileid="39" />
                <SequencePoint vc="34" uspid="729" ordinal="16" offset="329" sl="58" sc="21" el="58" ec="22" bec="0" bev="0" fileid="39" />
                <SequencePoint vc="34" uspid="730" ordinal="17" offset="331" sl="59" sc="17" el="59" ec="18" bec="0" bev="0" fileid="39" />
                <SequencePoint vc="34" uspid="731" ordinal="18" offset="366" sl="60" sc="13" el="60" ec="14" bec="0" bev="0" fileid="39" />
                <SequencePoint vc="34" uspid="732" ordinal="19" offset="402" sl="61" sc="9" el="61" ec="10" bec="0" bev="0" fileid="39" />
              </SequencePoints>
              <BranchPoints>
                <BranchPoint vc="0" uspid="733" ordinal="0" offset="54" sl="36" path="0" offsetend="56" fileid="39" />
                <BranchPoint vc="38" uspid="734" ordinal="1" offset="54" sl="36" path="1" offsetend="68" fileid="39" />
                <BranchPoint vc="38" uspid="735" ordinal="2" offset="96" sl="42" path="0" offsetend="101" fileid="39" />
                <BranchPoint vc="0" uspid="736" ordinal="3" offset="96" sl="42" path="1" offsetend="374" fileid="39" />
                <BranchPoint vc="34" uspid="737" ordinal="4" offset="159" sl="46" path="0" offsetchain="161" offsetend="165" fileid="39" />
                <BranchPoint vc="0" uspid="738" ordinal="5" offset="159" sl="46" path="1" offsetchain="163" offsetend="166" fileid="39" />
                <BranchPoint vc="34" uspid="739" ordinal="6" offset="168" sl="47" path="0" offsetchain="170" offsetend="174" fileid="39" />
                <BranchPoint vc="0" uspid="740" ordinal="7" offset="168" sl="47" path="1" offsetchain="172" offsetend="285" fileid="39" />
                <BranchPoint vc="34" uspid="743" ordinal="10" offset="326" sl="53" path="0" offsetend="328" fileid="39" />
                <BranchPoint vc="0" uspid="744" ordinal="11" offset="326" sl="53" path="1" offsetend="330" fileid="39" />
              </BranchPoints>
              <MethodPoint vc="38" uspid="745" ordinal="0" offset="0" />
            </Method>
            <Method visited="false" cyclomaticComplexity="1" nPathComplexity="0" sequenceCoverage="0" branchCoverage="0" isConstructor="false" isStatic="false" isGetter="false" isSetter="false">
              <Summary numSequencePoints="0" visitedSequencePoints="0" numBranchPoints="0" visitedBranchPoints="0" sequenceCoverage="0" branchCoverage="0" maxCyclomaticComplexity="1" minCyclomaticComplexity="1" visitedClasses="0" numClasses="0" visitedMethods="0" numMethods="0" />
              <MetadataToken>100663625</MetadataToken>
              <Name>System.Void Puzzle.Core.Multitenancy.Internal.Middlewares.MultitenancyRequestServicesContainerMiddleware`1/&lt;Invoke&gt;d__4::SetStateMachine(System.Runtime.CompilerServices.IAsyncStateMachine)</Name>
              <SequencePoints />
              <BranchPoints />
              <MethodPoint vc="0" uspid="746" ordinal="0" offset="0" />
            </Method>
          </Methods>
        </Class>
        <Class>
          <Summary numSequencePoints="27" visitedSequencePoints="23" numBranchPoints="3" visitedBranchPoints="2" sequenceCoverage="85.19" branchCoverage="66.67" maxCyclomaticComplexity="7" minCyclomaticComplexity="1" visitedClasses="1" numClasses="1" visitedMethods="2" numMethods="3" />
          <FullName>Puzzle.Core.Multitenancy.Internal.Middlewares.TenantPipelineMiddleware`1</FullName>
          <Methods>
            <Method visited="true" cyclomaticComplexity="7" nPathComplexity="0" sequenceCoverage="100" branchCoverage="100" isConstructor="true" isStatic="false" isGetter="false" isSetter="false">
              <Summary numSequencePoints="12" visitedSequencePoints="12" numBranchPoints="1" visitedBranchPoints="1" sequenceCoverage="100" branchCoverage="100" maxCyclomaticComplexity="7" minCyclomaticComplexity="7" visitedClasses="0" numClasses="0" visitedMethods="1" numMethods="1" />
              <MetadataToken>100663402</MetadataToken>
              <Name>System.Void Puzzle.Core.Multitenancy.Internal.Middlewares.TenantPipelineMiddleware`1::.ctor(Microsoft.AspNetCore.Http.RequestDelegate,Microsoft.AspNetCore.Builder.IApplicationBuilder,System.Action`2&lt;Puzzle.Core.Multitenancy.TenantPipelineBuilderContext`1&lt;TTenant&gt;,Microsoft.AspNetCore.Builder.IApplicationBuilder&gt;,Microsoft.Extensions.Options.IOptionsMonitor`1&lt;Puzzle.Core.Multitenancy.Internal.Options.MultitenancyOptions&gt;,Puzzle.Core.Multitenancy.Internal.Logging.ILog`1&lt;Puzzle.Core.Multitenancy.Internal.Middlewares.TenantPipelineMiddleware`1&lt;TTenant&gt;&gt;,Puzzle.Core.Multitenancy.Internal.IServiceFactoryForMultitenancy`1&lt;TTenant&gt;)</Name>
              <FileRef uid="41" />
              <SequencePoints>
                <SequencePoint vc="12" uspid="747" ordinal="0" offset="0" sl="26" sc="9" el="27" ec="74" bec="0" bev="0" fileid="41" />
                <SequencePoint vc="12" uspid="748" ordinal="1" offset="11" sl="29" sc="9" el="30" ec="82" bec="0" bev="0" fileid="41" />
                <SequencePoint vc="12" uspid="749" ordinal="2" offset="22" sl="32" sc="9" el="38" ec="83" bec="0" bev="0" fileid="41" />
                <SequencePoint vc="12" uspid="750" ordinal="3" offset="29" sl="39" sc="9" el="39" ec="10" bec="0" bev="0" fileid="41" />
                <SequencePoint vc="12" uspid="751" ordinal="4" offset="30" sl="40" sc="13" el="40" ec="110" bec="0" bev="0" fileid="41" />
                <SequencePoint vc="12" uspid="752" ordinal="5" offset="62" sl="41" sc="13" el="41" ec="119" bec="0" bev="0" fileid="41" />
                <SequencePoint vc="12" uspid="753" ordinal="6" offset="94" sl="42" sc="13" el="42" ec="85" bec="0" bev="0" fileid="41" />
                <SequencePoint vc="12" uspid="754" ordinal="7" offset="117" sl="43" sc="13" el="43" ec="154" bec="0" bev="0" fileid="41" />
                <SequencePoint vc="12" uspid="755" ordinal="8" offset="140" sl="45" sc="13" el="45" ec="137" bec="0" bev="0" fileid="41" />
                <SequencePoint vc="12" uspid="756" ordinal="9" offset="172" sl="46" sc="13" el="46" ec="140" bec="0" bev="0" fileid="41" />
                <SequencePoint vc="12" uspid="757" ordinal="10" offset="205" sl="47" sc="13" el="53" ec="16" bec="0" bev="0" fileid="41" />
                <SequencePoint vc="12" uspid="758" ordinal="11" offset="229" sl="54" sc="9" el="54" ec="10" bec="0" bev="0" fileid="41" />
              </SequencePoints>
              <BranchPoints />
              <MethodPoint xsi:type="SequencePoint" vc="12" uspid="747" ordinal="0" offset="0" sl="26" sc="9" el="27" ec="74" bec="0" bev="0" fileid="41" />
            </Method>
            <Method visited="true" cyclomaticComplexity="1" nPathComplexity="0" sequenceCoverage="0" branchCoverage="0" isConstructor="false" isStatic="false" isGetter="false" isSetter="false">
              <Summary numSequencePoints="0" visitedSequencePoints="0" numBranchPoints="0" visitedBranchPoints="0" sequenceCoverage="0" branchCoverage="0" maxCyclomaticComplexity="1" minCyclomaticComplexity="1" visitedClasses="0" numClasses="0" visitedMethods="0" numMethods="0" />
              <MetadataToken>100663403</MetadataToken>
              <Name>System.Threading.Tasks.Task Puzzle.Core.Multitenancy.Internal.Middlewares.TenantPipelineMiddleware`1::Invoke(Microsoft.AspNetCore.Http.HttpContext)</Name>
              <SequencePoints />
              <BranchPoints />
              <MethodPoint vc="32" uspid="771" ordinal="0" offset="0" />
            </Method>
            <Method visited="true" cyclomaticComplexity="1" nPathComplexity="0" sequenceCoverage="100" branchCoverage="100" isConstructor="false" isStatic="false" isGetter="false" isSetter="false">
              <Summary numSequencePoints="11" visitedSequencePoints="11" numBranchPoints="1" visitedBranchPoints="1" sequenceCoverage="100" branchCoverage="100" maxCyclomaticComplexity="1" minCyclomaticComplexity="1" visitedClasses="0" numClasses="0" visitedMethods="1" numMethods="1" />
              <MetadataToken>100663404</MetadataToken>
              <Name>Microsoft.AspNetCore.Http.RequestDelegate Puzzle.Core.Multitenancy.Internal.Middlewares.TenantPipelineMiddleware`1::BuildTenantPipeline(Microsoft.AspNetCore.Http.HttpContext,Puzzle.Core.Multitenancy.TenantContext`1&lt;TTenant&gt;)</Name>
              <FileRef uid="41" />
              <SequencePoints>
                <SequencePoint vc="20" uspid="772" ordinal="0" offset="6" sl="73" sc="9" el="73" ec="10" bec="0" bev="0" fileid="41" />
                <SequencePoint vc="20" uspid="773" ordinal="1" offset="7" sl="74" sc="13" el="74" ec="63" bec="0" bev="0" fileid="41" />
                <SequencePoint vc="20" uspid="774" ordinal="2" offset="19" sl="75" sc="13" el="75" ec="125" bec="0" bev="0" fileid="41" />
                <SequencePoint vc="20" uspid="775" ordinal="3" offset="26" sl="77" sc="13" el="77" ec="92" bec="0" bev="0" fileid="41" />
                <SequencePoint vc="20" uspid="776" ordinal="4" offset="44" sl="78" sc="13" el="86" ec="16" bec="0" bev="0" fileid="41" />
                <SequencePoint vc="20" uspid="777" ordinal="5" offset="63" sl="88" sc="13" el="88" ec="58" bec="0" bev="0" fileid="41" />
                <SequencePoint vc="20" uspid="778" ordinal="6" offset="76" sl="89" sc="13" el="89" ec="58" bec="0" bev="0" fileid="41" />
                <SequencePoint vc="20" uspid="779" ordinal="7" offset="90" sl="92" sc="13" el="92" ec="37" bec="0" bev="0" fileid="41" />
                <SequencePoint vc="20" uspid="780" ordinal="8" offset="103" sl="94" sc="13" el="94" ec="68" bec="0" bev="0" fileid="41" />
                <SequencePoint vc="20" uspid="781" ordinal="9" offset="110" sl="95" sc="13" el="95" ec="35" bec="0" bev="0" fileid="41" />
                <SequencePoint vc="20" uspid="782" ordinal="10" offset="115" sl="96" sc="9" el="96" ec="10" bec="0" bev="0" fileid="41" />
              </SequencePoints>
              <BranchPoints />
              <MethodPoint vc="20" uspid="783" ordinal="0" offset="0" />
            </Method>
            <Method visited="false" cyclomaticComplexity="1" nPathComplexity="0" sequenceCoverage="0" branchCoverage="0" isConstructor="false" isStatic="false" isGetter="false" isSetter="false">
              <Summary numSequencePoints="4" visitedSequencePoints="0" numBranchPoints="1" visitedBranchPoints="0" sequenceCoverage="0" branchCoverage="0" maxCyclomaticComplexity="1" minCyclomaticComplexity="1" visitedClasses="0" numClasses="0" visitedMethods="0" numMethods="1" />
              <MetadataToken>100663405</MetadataToken>
              <Name>System.Void Puzzle.Core.Multitenancy.Internal.Middlewares.TenantPipelineMiddleware`1::&lt;.ctor&gt;b__8_0(Puzzle.Core.Multitenancy.Internal.Options.MultitenancyOptions)</Name>
              <FileRef uid="41" />
              <SequencePoints>
                <SequencePoint vc="0" uspid="784" ordinal="0" offset="0" sl="48" sc="13" el="48" ec="14" bec="0" bev="0" fileid="41" />
                <SequencePoint vc="0" uspid="785" ordinal="1" offset="1" sl="49" sc="17" el="49" ec="48" bec="0" bev="0" fileid="41" />
                <SequencePoint vc="0" uspid="786" ordinal="2" offset="13" sl="52" sc="17" el="52" ec="81" bec="0" bev="0" fileid="41" />
                <SequencePoint vc="0" uspid="787" ordinal="3" offset="55" sl="53" sc="13" el="53" ec="14" bec="0" bev="0" fileid="41" />
              </SequencePoints>
              <BranchPoints />
              <MethodPoint xsi:type="SequencePoint" vc="0" uspid="784" ordinal="0" offset="0" sl="48" sc="13" el="48" ec="14" bec="0" bev="0" fileid="41" />
            </Method>
          </Methods>
        </Class>
        <Class>
          <Summary numSequencePoints="1" visitedSequencePoints="1" numBranchPoints="1" visitedBranchPoints="1" sequenceCoverage="100" branchCoverage="100" maxCyclomaticComplexity="1" minCyclomaticComplexity="1" visitedClasses="1" numClasses="1" visitedMethods="1" numMethods="1" />
          <FullName>Puzzle.Core.Multitenancy.Internal.Middlewares.TenantPipelineMiddleware`1/&lt;&gt;c__DisplayClass9_0</FullName>
          <Methods>
            <Method visited="true" cyclomaticComplexity="1" nPathComplexity="0" sequenceCoverage="0" branchCoverage="0" isConstructor="true" isStatic="false" isGetter="false" isSetter="false">
              <Summary numSequencePoints="0" visitedSequencePoints="0" numBranchPoints="0" visitedBranchPoints="0" sequenceCoverage="0" branchCoverage="0" maxCyclomaticComplexity="1" minCyclomaticComplexity="1" visitedClasses="0" numClasses="0" visitedMethods="0" numMethods="0" />
              <MetadataToken>100663626</MetadataToken>
              <Name>System.Void Puzzle.Core.Multitenancy.Internal.Middlewares.TenantPipelineMiddleware`1/&lt;&gt;c__DisplayClass9_0::.ctor()</Name>
              <SequencePoints />
              <BranchPoints />
              <MethodPoint vc="32" uspid="788" ordinal="0" offset="0" />
            </Method>
            <Method visited="true" cyclomaticComplexity="1" nPathComplexity="0" sequenceCoverage="100" branchCoverage="100" isConstructor="false" isStatic="false" isGetter="false" isSetter="false">
              <Summary numSequencePoints="1" visitedSequencePoints="1" numBranchPoints="1" visitedBranchPoints="1" sequenceCoverage="100" branchCoverage="100" maxCyclomaticComplexity="1" minCyclomaticComplexity="1" visitedClasses="0" numClasses="0" visitedMethods="1" numMethods="1" />
              <MetadataToken>100663627</MetadataToken>
              <Name>Microsoft.AspNetCore.Http.RequestDelegate Puzzle.Core.Multitenancy.Internal.Middlewares.TenantPipelineMiddleware`1/&lt;&gt;c__DisplayClass9_0::&lt;Invoke&gt;b__0()</Name>
              <FileRef uid="41" />
              <SequencePoints>
                <SequencePoint vc="20" uspid="789" ordinal="0" offset="0" sl="67" sc="53" el="67" ec="100" bec="0" bev="0" fileid="41" />
              </SequencePoints>
              <BranchPoints />
              <MethodPoint xsi:type="SequencePoint" vc="20" uspid="789" ordinal="0" offset="0" sl="67" sc="53" el="67" ec="100" bec="0" bev="0" fileid="41" />
            </Method>
          </Methods>
        </Class>
        <Class>
          <Summary numSequencePoints="8" visitedSequencePoints="8" numBranchPoints="3" visitedBranchPoints="2" sequenceCoverage="100" branchCoverage="66.67" maxCyclomaticComplexity="4" minCyclomaticComplexity="1" visitedClasses="1" numClasses="1" visitedMethods="1" numMethods="1" />
          <FullName>Puzzle.Core.Multitenancy.Internal.Middlewares.TenantPipelineMiddleware`1/&lt;Invoke&gt;d__9</FullName>
          <Methods>
            <Method visited="true" cyclomaticComplexity="1" nPathComplexity="0" sequenceCoverage="0" branchCoverage="0" isConstructor="true" isStatic="false" isGetter="false" isSetter="false">
              <Summary numSequencePoints="0" visitedSequencePoints="0" numBranchPoints="0" visitedBranchPoints="0" sequenceCoverage="0" branchCoverage="0" maxCyclomaticComplexity="1" minCyclomaticComplexity="1" visitedClasses="0" numClasses="0" visitedMethods="0" numMethods="0" />
              <MetadataToken>100663628</MetadataToken>
              <Name>System.Void Puzzle.Core.Multitenancy.Internal.Middlewares.TenantPipelineMiddleware`1/&lt;Invoke&gt;d__9::.ctor()</Name>
              <SequencePoints />
              <BranchPoints />
              <MethodPoint vc="32" uspid="790" ordinal="0" offset="0" />
            </Method>
            <Method visited="true" cyclomaticComplexity="4" nPathComplexity="2" sequenceCoverage="100" branchCoverage="66.67" isConstructor="false" isStatic="false" isGetter="false" isSetter="false">
              <Summary numSequencePoints="8" visitedSequencePoints="8" numBranchPoints="3" visitedBranchPoints="2" sequenceCoverage="100" branchCoverage="66.67" maxCyclomaticComplexity="4" minCyclomaticComplexity="4" visitedClasses="0" numClasses="0" visitedMethods="1" numMethods="1" />
              <MetadataToken>100663629</MetadataToken>
              <Name>System.Void Puzzle.Core.Multitenancy.Internal.Middlewares.TenantPipelineMiddleware`1/&lt;Invoke&gt;d__9::MoveNext()</Name>
              <FileRef uid="41" />
              <SequencePoints>
                <SequencePoint vc="32" uspid="791" ordinal="0" offset="62" sl="57" sc="9" el="57" ec="10" bec="0" bev="0" fileid="41" />
                <SequencePoint vc="32" uspid="792" ordinal="1" offset="63" sl="62" sc="13" el="62" ec="92" bec="0" bev="0" fileid="41" />
                <SequencePoint vc="32" uspid="793" ordinal="2" offset="90" sl="63" sc="13" el="63" ec="39" bec="2" bev="1" fileid="41" />
                <SequencePoint vc="32" uspid="794" ordinal="3" offset="111" sl="64" sc="13" el="64" ec="14" bec="0" bev="0" fileid="41" />
                <SequencePoint vc="32" uspid="795" ordinal="4" offset="112" sl="65" sc="17" el="67" ec="103" bec="0" bev="0" fileid="41" />
                <SequencePoint vc="32" uspid="796" ordinal="5" offset="172" sl="68" sc="17" el="68" ec="79" bec="0" bev="0" fileid="41" />
                <SequencePoint vc="32" uspid="797" ordinal="6" offset="296" sl="69" sc="13" el="69" ec="14" bec="0" bev="0" fileid="41" />
                <SequencePoint vc="32" uspid="798" ordinal="7" offset="332" sl="70" sc="9" el="70" ec="10" bec="0" bev="0" fileid="41" />
              </SequencePoints>
              <BranchPoints>
                <BranchPoint vc="32" uspid="799" ordinal="0" offset="106" sl="63" path="0" offsetend="111" fileid="41" />
                <BranchPoint vc="0" uspid="800" ordinal="1" offset="106" sl="63" path="1" offsetend="304" fileid="41" />
              </BranchPoints>
              <MethodPoint vc="32" uspid="803" ordinal="0" offset="0" />
            </Method>
            <Method visited="false" cyclomaticComplexity="1" nPathComplexity="0" sequenceCoverage="0" branchCoverage="0" isConstructor="false" isStatic="false" isGetter="false" isSetter="false">
              <Summary numSequencePoints="0" visitedSequencePoints="0" numBranchPoints="0" visitedBranchPoints="0" sequenceCoverage="0" branchCoverage="0" maxCyclomaticComplexity="1" minCyclomaticComplexity="1" visitedClasses="0" numClasses="0" visitedMethods="0" numMethods="0" />
              <MetadataToken>100663630</MetadataToken>
              <Name>System.Void Puzzle.Core.Multitenancy.Internal.Middlewares.TenantPipelineMiddleware`1/&lt;Invoke&gt;d__9::SetStateMachine(System.Runtime.CompilerServices.IAsyncStateMachine)</Name>
              <SequencePoints />
              <BranchPoints />
              <MethodPoint vc="0" uspid="804" ordinal="0" offset="0" />
            </Method>
          </Methods>
        </Class>
        <Class>
          <Summary numSequencePoints="0" visitedSequencePoints="0" numBranchPoints="0" visitedBranchPoints="0" sequenceCoverage="0" branchCoverage="0" maxCyclomaticComplexity="1" minCyclomaticComplexity="1" visitedClasses="0" numClasses="0" visitedMethods="0" numMethods="0" />
          <FullName>Puzzle.Core.Multitenancy.Internal.Middlewares.TenantPipelineMiddleware`1/&lt;&gt;c__DisplayClass10_0</FullName>
          <Methods>
            <Method visited="true" cyclomaticComplexity="1" nPathComplexity="0" sequenceCoverage="0" branchCoverage="0" isConstructor="true" isStatic="false" isGetter="false" isSetter="false">
              <Summary numSequencePoints="0" visitedSequencePoints="0" numBranchPoints="0" visitedBranchPoints="0" sequenceCoverage="0" branchCoverage="0" maxCyclomaticComplexity="1" minCyclomaticComplexity="1" visitedClasses="0" numClasses="0" visitedMethods="0" numMethods="0" />
              <MetadataToken>100663631</MetadataToken>
              <Name>System.Void Puzzle.Core.Multitenancy.Internal.Middlewares.TenantPipelineMiddleware`1/&lt;&gt;c__DisplayClass10_0::.ctor()</Name>
              <SequencePoints />
              <BranchPoints />
              <MethodPoint vc="20" uspid="805" ordinal="0" offset="0" />
            </Method>
            <Method visited="true" cyclomaticComplexity="1" nPathComplexity="0" sequenceCoverage="0" branchCoverage="0" isConstructor="false" isStatic="false" isGetter="false" isSetter="false">
              <Summary numSequencePoints="0" visitedSequencePoints="0" numBranchPoints="0" visitedBranchPoints="0" sequenceCoverage="0" branchCoverage="0" maxCyclomaticComplexity="1" minCyclomaticComplexity="1" visitedClasses="0" numClasses="0" visitedMethods="0" numMethods="0" />
              <MetadataToken>100663632</MetadataToken>
              <Name>System.Threading.Tasks.Task Puzzle.Core.Multitenancy.Internal.Middlewares.TenantPipelineMiddleware`1/&lt;&gt;c__DisplayClass10_0::&lt;BuildTenantPipeline&gt;b__0(Microsoft.AspNetCore.Http.HttpContext,System.Func`1&lt;System.Threading.Tasks.Task&gt;)</Name>
              <SequencePoints />
              <BranchPoints />
              <MethodPoint vc="32" uspid="806" ordinal="0" offset="0" />
            </Method>
          </Methods>
        </Class>
        <Class>
          <Summary numSequencePoints="8" visitedSequencePoints="8" numBranchPoints="3" visitedBranchPoints="2" sequenceCoverage="100" branchCoverage="66.67" maxCyclomaticComplexity="6" minCyclomaticComplexity="1" visitedClasses="1" numClasses="1" visitedMethods="1" numMethods="1" />
          <FullName>Puzzle.Core.Multitenancy.Internal.Middlewares.TenantPipelineMiddleware`1/&lt;&gt;c__DisplayClass10_0/&lt;&lt;BuildTenantPipeline&gt;b__0&gt;d</FullName>
          <Methods>
            <Method visited="true" cyclomaticComplexity="1" nPathComplexity="0" sequenceCoverage="0" branchCoverage="0" isConstructor="true" isStatic="false" isGetter="false" isSetter="false">
              <Summary numSequencePoints="0" visitedSequencePoints="0" numBranchPoints="0" visitedBranchPoints="0" sequenceCoverage="0" branchCoverage="0" maxCyclomaticComplexity="1" minCyclomaticComplexity="1" visitedClasses="0" numClasses="0" visitedMethods="0" numMethods="0" />
              <MetadataToken>100663766</MetadataToken>
              <Name>System.Void Puzzle.Core.Multitenancy.Internal.Middlewares.TenantPipelineMiddleware`1/&lt;&gt;c__DisplayClass10_0/&lt;&lt;BuildTenantPipeline&gt;b__0&gt;d::.ctor()</Name>
              <SequencePoints />
              <BranchPoints />
              <MethodPoint vc="32" uspid="807" ordinal="0" offset="0" />
            </Method>
            <Method visited="true" cyclomaticComplexity="6" nPathComplexity="2" sequenceCoverage="100" branchCoverage="66.67" isConstructor="false" isStatic="false" isGetter="false" isSetter="false">
              <Summary numSequencePoints="8" visitedSequencePoints="8" numBranchPoints="3" visitedBranchPoints="2" sequenceCoverage="100" branchCoverage="66.67" maxCyclomaticComplexity="6" minCyclomaticComplexity="6" visitedClasses="0" numClasses="0" visitedMethods="1" numMethods="1" />
              <MetadataToken>100663767</MetadataToken>
              <Name>System.Void Puzzle.Core.Multitenancy.Internal.Middlewares.TenantPipelineMiddleware`1/&lt;&gt;c__DisplayClass10_0/&lt;&lt;BuildTenantPipeline&gt;b__0&gt;d::MoveNext()</Name>
              <FileRef uid="41" />
              <SequencePoints>
                <SequencePoint vc="32" uspid="808" ordinal="0" offset="14" sl="79" sc="13" el="79" ec="14" bec="0" bev="0" fileid="41" />
                <SequencePoint vc="32" uspid="809" ordinal="1" offset="15" sl="80" sc="17" el="80" ec="100" bec="0" bev="0" fileid="41" />
                <SequencePoint vc="32" uspid="810" ordinal="2" offset="37" sl="81" sc="24" el="81" ec="67" bec="2" bev="1" fileid="41" />
                <SequencePoint vc="32" uspid="811" ordinal="3" offset="62" sl="82" sc="17" el="82" ec="18" bec="0" bev="0" fileid="41" />
                <SequencePoint vc="32" uspid="812" ordinal="4" offset="63" sl="83" sc="21" el="83" ec="69" bec="0" bev="0" fileid="41" />
                <SequencePoint vc="32" uspid="813" ordinal="5" offset="86" sl="84" sc="21" el="84" ec="56" bec="0" bev="0" fileid="41" />
                <SequencePoint vc="32" uspid="814" ordinal="6" offset="193" sl="85" sc="17" el="85" ec="18" bec="0" bev="0" fileid="41" />
                <SequencePoint vc="32" uspid="815" ordinal="7" offset="256" sl="86" sc="13" el="86" ec="14" bec="0" bev="0" fileid="41" />
              </SequencePoints>
              <BranchPoints>
                <BranchPoint vc="32" uspid="818" ordinal="2" offset="56" sl="81" path="0" offsetchain="58" offsetend="62" fileid="41" />
                <BranchPoint vc="0" uspid="819" ordinal="3" offset="56" sl="81" path="1" offsetchain="60" offsetend="157" fileid="41" />
              </BranchPoints>
              <MethodPoint vc="32" uspid="822" ordinal="0" offset="0" />
            </Method>
            <Method visited="false" cyclomaticComplexity="1" nPathComplexity="0" sequenceCoverage="0" branchCoverage="0" isConstructor="false" isStatic="false" isGetter="false" isSetter="false">
              <Summary numSequencePoints="0" visitedSequencePoints="0" numBranchPoints="0" visitedBranchPoints="0" sequenceCoverage="0" branchCoverage="0" maxCyclomaticComplexity="1" minCyclomaticComplexity="1" visitedClasses="0" numClasses="0" visitedMethods="0" numMethods="0" />
              <MetadataToken>100663768</MetadataToken>
              <Name>System.Void Puzzle.Core.Multitenancy.Internal.Middlewares.TenantPipelineMiddleware`1/&lt;&gt;c__DisplayClass10_0/&lt;&lt;BuildTenantPipeline&gt;b__0&gt;d::SetStateMachine(System.Runtime.CompilerServices.IAsyncStateMachine)</Name>
              <SequencePoints />
              <BranchPoints />
              <MethodPoint vc="0" uspid="823" ordinal="0" offset="0" />
            </Method>
          </Methods>
        </Class>
        <Class>
          <Summary numSequencePoints="8" visitedSequencePoints="8" numBranchPoints="3" visitedBranchPoints="3" sequenceCoverage="100" branchCoverage="100" maxCyclomaticComplexity="4" minCyclomaticComplexity="1" visitedClasses="1" numClasses="1" visitedMethods="3" numMethods="3" />
          <FullName>Puzzle.Core.Multitenancy.Internal.Middlewares.TenantResolutionMiddleware`1</FullName>
          <Methods>
            <Method visited="true" cyclomaticComplexity="1" nPathComplexity="0" sequenceCoverage="100" branchCoverage="100" isConstructor="false" isStatic="false" isGetter="true" isSetter="false">
              <Summary numSequencePoints="1" visitedSequencePoints="1" numBranchPoints="1" visitedBranchPoints="1" sequenceCoverage="100" branchCoverage="100" maxCyclomaticComplexity="1" minCyclomaticComplexity="1" visitedClasses="0" numClasses="0" visitedMethods="1" numMethods="1" />
              <MetadataToken>100663407</MetadataToken>
              <Name>Puzzle.Core.Multitenancy.Internal.Logging.ILog`1&lt;Puzzle.Core.Multitenancy.Internal.Middlewares.TenantResolutionMiddleware`1&lt;TTenant&gt;&gt; Puzzle.Core.Multitenancy.Internal.Middlewares.TenantResolutionMiddleware`1::get_Logger()</Name>
              <FileRef uid="45" />
              <SequencePoints>
                <SequencePoint vc="76" uspid="824" ordinal="0" offset="0" sl="24" sc="68" el="24" ec="74" bec="0" bev="0" fileid="45" />
              </SequencePoints>
              <BranchPoints />
              <MethodPoint xsi:type="SequencePoint" vc="76" uspid="824" ordinal="0" offset="0" sl="24" sc="68" el="24" ec="74" bec="0" bev="0" fileid="45" />
            </Method>
            <Method visited="true" cyclomaticComplexity="1" nPathComplexity="0" sequenceCoverage="100" branchCoverage="100" isConstructor="false" isStatic="false" isGetter="true" isSetter="false">
              <Summary numSequencePoints="1" visitedSequencePoints="1" numBranchPoints="1" visitedBranchPoints="1" sequenceCoverage="100" branchCoverage="100" maxCyclomaticComplexity="1" minCyclomaticComplexity="1" visitedClasses="0" numClasses="0" visitedMethods="1" numMethods="1" />
              <MetadataToken>100663408</MetadataToken>
              <Name>Puzzle.Core.Multitenancy.Internal.Resolvers.ITenantResolver`1&lt;TTenant&gt; Puzzle.Core.Multitenancy.Internal.Middlewares.TenantResolutionMiddleware`1::get_TenantResolver()</Name>
              <FileRef uid="45" />
              <SequencePoints>
                <SequencePoint vc="76" uspid="825" ordinal="0" offset="0" sl="26" sc="59" el="26" ec="73" bec="0" bev="0" fileid="45" />
              </SequencePoints>
              <BranchPoints />
              <MethodPoint xsi:type="SequencePoint" vc="76" uspid="825" ordinal="0" offset="0" sl="26" sc="59" el="26" ec="73" bec="0" bev="0" fileid="45" />
            </Method>
            <Method visited="true" cyclomaticComplexity="4" nPathComplexity="0" sequenceCoverage="100" branchCoverage="100" isConstructor="true" isStatic="false" isGetter="false" isSetter="false">
              <Summary numSequencePoints="6" visitedSequencePoints="6" numBranchPoints="1" visitedBranchPoints="1" sequenceCoverage="100" branchCoverage="100" maxCyclomaticComplexity="4" minCyclomaticComplexity="4" visitedClasses="0" numClasses="0" visitedMethods="1" numMethods="1" />
              <MetadataToken>100663406</MetadataToken>
              <Name>System.Void Puzzle.Core.Multitenancy.Internal.Middlewares.TenantResolutionMiddleware`1::.ctor(Microsoft.AspNetCore.Http.RequestDelegate,Puzzle.Core.Multitenancy.Internal.Logging.ILog`1&lt;Puzzle.Core.Multitenancy.Internal.Middlewares.TenantResolutionMiddleware`1&lt;TTenant&gt;&gt;,Puzzle.Core.Multitenancy.Internal.Resolvers.ITenantResolver`1&lt;TTenant&gt;)</Name>
              <FileRef uid="45" />
              <SequencePoints>
                <SequencePoint vc="20" uspid="826" ordinal="0" offset="0" sl="17" sc="9" el="17" ec="155" bec="0" bev="0" fileid="45" />
                <SequencePoint vc="20" uspid="827" ordinal="1" offset="7" sl="18" sc="9" el="18" ec="10" bec="0" bev="0" fileid="45" />
                <SequencePoint vc="20" uspid="828" ordinal="2" offset="8" sl="19" sc="13" el="19" ec="110" bec="0" bev="0" fileid="45" />
                <SequencePoint vc="20" uspid="829" ordinal="3" offset="40" sl="20" sc="13" el="20" ec="116" bec="0" bev="0" fileid="45" />
                <SequencePoint vc="20" uspid="830" ordinal="4" offset="72" sl="21" sc="13" el="21" ec="140" bec="0" bev="0" fileid="45" />
                <SequencePoint vc="20" uspid="831" ordinal="5" offset="104" sl="22" sc="9" el="22" ec="10" bec="0" bev="0" fileid="45" />
              </SequencePoints>
              <BranchPoints />
              <MethodPoint xsi:type="SequencePoint" vc="20" uspid="826" ordinal="0" offset="0" sl="17" sc="9" el="17" ec="155" bec="0" bev="0" fileid="45" />
            </Method>
            <Method visited="true" cyclomaticComplexity="1" nPathComplexity="0" sequenceCoverage="0" branchCoverage="0" isConstructor="false" isStatic="false" isGetter="false" isSetter="false">
              <Summary numSequencePoints="0" visitedSequencePoints="0" numBranchPoints="0" visitedBranchPoints="0" sequenceCoverage="0" branchCoverage="0" maxCyclomaticComplexity="1" minCyclomaticComplexity="1" visitedClasses="0" numClasses="0" visitedMethods="0" numMethods="0" />
              <MetadataToken>100663409</MetadataToken>
              <Name>System.Threading.Tasks.Task Puzzle.Core.Multitenancy.Internal.Middlewares.TenantResolutionMiddleware`1::Invoke(Microsoft.AspNetCore.Http.HttpContext)</Name>
              <SequencePoints />
              <BranchPoints />
              <MethodPoint vc="38" uspid="838" ordinal="0" offset="0" />
            </Method>
          </Methods>
        </Class>
        <Class>
          <Summary numSequencePoints="12" visitedSequencePoints="10" numBranchPoints="3" visitedBranchPoints="2" sequenceCoverage="83.33" branchCoverage="66.67" maxCyclomaticComplexity="6" minCyclomaticComplexity="1" visitedClasses="1" numClasses="1" visitedMethods="1" numMethods="1" />
          <FullName>Puzzle.Core.Multitenancy.Internal.Middlewares.TenantResolutionMiddleware`1/&lt;Invoke&gt;d__8</FullName>
          <Methods>
            <Method visited="true" cyclomaticComplexity="1" nPathComplexity="0" sequenceCoverage="0" branchCoverage="0" isConstructor="true" isStatic="false" isGetter="false" isSetter="false">
              <Summary numSequencePoints="0" visitedSequencePoints="0" numBranchPoints="0" visitedBranchPoints="0" sequenceCoverage="0" branchCoverage="0" maxCyclomaticComplexity="1" minCyclomaticComplexity="1" visitedClasses="0" numClasses="0" visitedMethods="0" numMethods="0" />
              <MetadataToken>100663633</MetadataToken>
              <Name>System.Void Puzzle.Core.Multitenancy.Internal.Middlewares.TenantResolutionMiddleware`1/&lt;Invoke&gt;d__8::.ctor()</Name>
              <SequencePoints />
              <BranchPoints />
              <MethodPoint vc="38" uspid="839" ordinal="0" offset="0" />
            </Method>
            <Method visited="true" cyclomaticComplexity="6" nPathComplexity="2" sequenceCoverage="83.33" branchCoverage="66.67" isConstructor="false" isStatic="false" isGetter="false" isSetter="false">
              <Summary numSequencePoints="12" visitedSequencePoints="10" numBranchPoints="3" visitedBranchPoints="2" sequenceCoverage="83.33" branchCoverage="66.67" maxCyclomaticComplexity="6" minCyclomaticComplexity="6" visitedClasses="0" numClasses="0" visitedMethods="1" numMethods="1" />
              <MetadataToken>100663634</MetadataToken>
              <Name>System.Void Puzzle.Core.Multitenancy.Internal.Middlewares.TenantResolutionMiddleware`1/&lt;Invoke&gt;d__8::MoveNext()</Name>
              <FileRef uid="45" />
              <SequencePoints>
                <SequencePoint vc="38" uspid="840" ordinal="0" offset="28" sl="29" sc="9" el="29" ec="10" bec="0" bev="0" fileid="45" />
                <SequencePoint vc="38" uspid="841" ordinal="1" offset="29" sl="39" sc="13" el="39" ec="93" bec="0" bev="0" fileid="45" />
                <SequencePoint vc="38" uspid="842" ordinal="2" offset="77" sl="41" sc="13" el="41" ec="117" bec="0" bev="0" fileid="45" />
                <SequencePoint vc="38" uspid="843" ordinal="3" offset="222" sl="43" sc="13" el="43" ec="39" bec="2" bev="1" fileid="45" />
                <SequencePoint vc="38" uspid="844" ordinal="4" offset="237" sl="44" sc="13" el="44" ec="14" bec="0" bev="0" fileid="45" />
                <SequencePoint vc="38" uspid="845" ordinal="5" offset="238" sl="45" sc="17" el="45" ec="80" bec="0" bev="0" fileid="45" />
                <SequencePoint vc="38" uspid="846" ordinal="6" offset="260" sl="46" sc="17" el="46" ec="57" bec="0" bev="0" fileid="45" />
                <SequencePoint vc="38" uspid="847" ordinal="7" offset="278" sl="47" sc="13" el="47" ec="14" bec="0" bev="0" fileid="45" />
                <SequencePoint vc="0" uspid="848" ordinal="8" offset="281" sl="49" sc="13" el="49" ec="14" bec="0" bev="0" fileid="45" />
                <SequencePoint vc="0" uspid="849" ordinal="9" offset="282" sl="50" sc="17" el="50" ec="61" bec="0" bev="0" fileid="45" />
                <SequencePoint vc="38" uspid="851" ordinal="11" offset="305" sl="53" sc="13" el="53" ec="62" bec="0" bev="0" fileid="45" />
                <SequencePoint vc="34" uspid="852" ordinal="12" offset="455" sl="54" sc="9" el="54" ec="10" bec="0" bev="0" fileid="45" />
              </SequencePoints>
              <BranchPoints>
                <BranchPoint vc="38" uspid="857" ordinal="4" offset="235" sl="43" path="0" offsetend="237" fileid="45" />
                <BranchPoint vc="0" uspid="858" ordinal="5" offset="235" sl="43" path="1" offsetend="281" fileid="45" />
              </BranchPoints>
              <MethodPoint vc="38" uspid="861" ordinal="0" offset="0" />
            </Method>
            <Method visited="false" cyclomaticComplexity="1" nPathComplexity="0" sequenceCoverage="0" branchCoverage="0" isConstructor="false" isStatic="false" isGetter="false" isSetter="false">
              <Summary numSequencePoints="0" visitedSequencePoints="0" numBranchPoints="0" visitedBranchPoints="0" sequenceCoverage="0" branchCoverage="0" maxCyclomaticComplexity="1" minCyclomaticComplexity="1" visitedClasses="0" numClasses="0" visitedMethods="0" numMethods="0" />
              <MetadataToken>100663635</MetadataToken>
              <Name>System.Void Puzzle.Core.Multitenancy.Internal.Middlewares.TenantResolutionMiddleware`1/&lt;Invoke&gt;d__8::SetStateMachine(System.Runtime.CompilerServices.IAsyncStateMachine)</Name>
              <SequencePoints />
              <BranchPoints />
              <MethodPoint vc="0" uspid="862" ordinal="0" offset="0" />
            </Method>
          </Methods>
        </Class>
        <Class>
          <Summary numSequencePoints="7" visitedSequencePoints="7" numBranchPoints="2" visitedBranchPoints="2" sequenceCoverage="100" branchCoverage="100" maxCyclomaticComplexity="1" minCyclomaticComplexity="1" visitedClasses="1" numClasses="1" visitedMethods="2" numMethods="2" />
          <FullName>Puzzle.Core.Multitenancy.Internal.Logging.Log`1</FullName>
          <Methods>
            <Method visited="true" cyclomaticComplexity="1" nPathComplexity="0" sequenceCoverage="100" branchCoverage="100" isConstructor="true" isStatic="false" isGetter="false" isSetter="false">
              <Summary numSequencePoints="4" visitedSequencePoints="4" numBranchPoints="1" visitedBranchPoints="1" sequenceCoverage="100" branchCoverage="100" maxCyclomaticComplexity="1" minCyclomaticComplexity="1" visitedClasses="0" numClasses="0" visitedMethods="1" numMethods="1" />
              <MetadataToken>100663410</MetadataToken>
              <Name>System.Void Puzzle.Core.Multitenancy.Internal.Logging.Log`1::.ctor()</Name>
              <FileRef uid="47" />
              <SequencePoints>
                <SequencePoint vc="146" uspid="863" ordinal="0" offset="0" sl="19" sc="9" el="19" ec="21" bec="0" bev="0" fileid="47" />
                <SequencePoint vc="146" uspid="864" ordinal="1" offset="7" sl="20" sc="9" el="20" ec="10" bec="0" bev="0" fileid="47" />
                <SequencePoint vc="146" uspid="865" ordinal="2" offset="8" sl="22" sc="13" el="22" ec="40" bec="0" bev="0" fileid="47" />
                <SequencePoint vc="146" uspid="866" ordinal="3" offset="19" sl="23" sc="9" el="23" ec="10" bec="0" bev="0" fileid="47" />
              </SequencePoints>
              <BranchPoints />
              <MethodPoint xsi:type="SequencePoint" vc="146" uspid="863" ordinal="0" offset="0" sl="19" sc="9" el="19" ec="21" bec="0" bev="0" fileid="47" />
            </Method>
            <Method visited="true" cyclomaticComplexity="1" nPathComplexity="0" sequenceCoverage="100" branchCoverage="100" isConstructor="false" isStatic="false" isGetter="false" isSetter="false">
              <Summary numSequencePoints="3" visitedSequencePoints="3" numBranchPoints="1" visitedBranchPoints="1" sequenceCoverage="100" branchCoverage="100" maxCyclomaticComplexity="1" minCyclomaticComplexity="1" visitedClasses="0" numClasses="0" visitedMethods="1" numMethods="1" />
              <MetadataToken>100663411</MetadataToken>
              <Name>System.Boolean Puzzle.Core.Multitenancy.Internal.Logging.Log`1::Puzzle.Core.Multitenancy.Internal.Logging.LibLog.ILog.Log(Puzzle.Core.Multitenancy.Internal.Logging.LibLog.LogLevel,System.Func`1&lt;System.String&gt;,System.Exception,System.Object[])</Name>
              <FileRef uid="47" />
              <SequencePoints>
                <SequencePoint vc="520" uspid="867" ordinal="0" offset="0" sl="26" sc="9" el="26" ec="10" bec="0" bev="0" fileid="47" />
                <SequencePoint vc="520" uspid="868" ordinal="1" offset="1" sl="27" sc="13" el="27" ec="25" bec="0" bev="0" fileid="47" />
                <SequencePoint vc="520" uspid="869" ordinal="2" offset="5" sl="28" sc="9" el="28" ec="10" bec="0" bev="0" fileid="47" />
              </SequencePoints>
              <BranchPoints />
              <MethodPoint xsi:type="SequencePoint" vc="520" uspid="867" ordinal="0" offset="0" sl="26" sc="9" el="26" ec="10" bec="0" bev="0" fileid="47" />
            </Method>
          </Methods>
        </Class>
        <Class>
          <Summary numSequencePoints="7" visitedSequencePoints="0" numBranchPoints="4" visitedBranchPoints="0" sequenceCoverage="0" branchCoverage="0" maxCyclomaticComplexity="2" minCyclomaticComplexity="1" visitedClasses="0" numClasses="1" visitedMethods="0" numMethods="2" />
          <FullName>Puzzle.Core.Multitenancy.Internal.Logging.LibLog.DisposableAction</FullName>
          <Methods>
            <Method visited="false" cyclomaticComplexity="1" nPathComplexity="0" sequenceCoverage="0" branchCoverage="0" isConstructor="true" isStatic="false" isGetter="false" isSetter="false">
              <Summary numSequencePoints="4" visitedSequencePoints="0" numBranchPoints="1" visitedBranchPoints="0" sequenceCoverage="0" branchCoverage="0" maxCyclomaticComplexity="1" minCyclomaticComplexity="1" visitedClasses="0" numClasses="0" visitedMethods="0" numMethods="1" />
              <MetadataToken>100663412</MetadataToken>
              <Name>System.Void Puzzle.Core.Multitenancy.Internal.Logging.LibLog.DisposableAction::.ctor(System.Action)</Name>
              <FileRef uid="48" />
              <SequencePoints>
                <SequencePoint vc="0" uspid="870" ordinal="0" offset="0" sl="11" sc="9" el="11" ec="57" bec="0" bev="0" fileid="48" />
                <SequencePoint vc="0" uspid="871" ordinal="1" offset="7" sl="12" sc="9" el="12" ec="10" bec="0" bev="0" fileid="48" />
                <SequencePoint vc="0" uspid="872" ordinal="2" offset="8" sl="13" sc="13" el="13" ec="40" bec="0" bev="0" fileid="48" />
                <SequencePoint vc="0" uspid="873" ordinal="3" offset="15" sl="14" sc="9" el="14" ec="10" bec="0" bev="0" fileid="48" />
              </SequencePoints>
              <BranchPoints />
              <MethodPoint xsi:type="SequencePoint" vc="0" uspid="870" ordinal="0" offset="0" sl="11" sc="9" el="11" ec="57" bec="0" bev="0" fileid="48" />
            </Method>
            <Method visited="false" cyclomaticComplexity="2" nPathComplexity="2" sequenceCoverage="0" branchCoverage="0" isConstructor="false" isStatic="false" isGetter="false" isSetter="false">
              <Summary numSequencePoints="3" visitedSequencePoints="0" numBranchPoints="3" visitedBranchPoints="0" sequenceCoverage="0" branchCoverage="0" maxCyclomaticComplexity="2" minCyclomaticComplexity="2" visitedClasses="0" numClasses="0" visitedMethods="0" numMethods="1" />
              <MetadataToken>100663413</MetadataToken>
              <Name>System.Void Puzzle.Core.Multitenancy.Internal.Logging.LibLog.DisposableAction::Dispose()</Name>
              <FileRef uid="48" />
              <SequencePoints>
                <SequencePoint vc="0" uspid="874" ordinal="0" offset="0" sl="17" sc="9" el="17" ec="10" bec="0" bev="0" fileid="48" />
                <SequencePoint vc="0" uspid="875" ordinal="1" offset="1" sl="18" sc="13" el="18" ec="33" bec="2" bev="0" fileid="48" />
                <SequencePoint vc="0" uspid="876" ordinal="2" offset="19" sl="19" sc="9" el="19" ec="10" bec="0" bev="0" fileid="48" />
              </SequencePoints>
              <BranchPoints>
                <BranchPoint vc="0" uspid="877" ordinal="0" offset="8" sl="18" path="0" offsetend="10" fileid="48" />
                <BranchPoint vc="0" uspid="878" ordinal="1" offset="8" sl="18" path="1" offsetend="13" fileid="48" />
              </BranchPoints>
              <MethodPoint xsi:type="SequencePoint" vc="0" uspid="874" ordinal="0" offset="0" sl="17" sc="9" el="17" ec="10" bec="0" bev="0" fileid="48" />
            </Method>
          </Methods>
        </Class>
        <Class>
          <Summary numSequencePoints="0" visitedSequencePoints="0" numBranchPoints="0" visitedBranchPoints="0" sequenceCoverage="0" branchCoverage="0" maxCyclomaticComplexity="0" minCyclomaticComplexity="0" visitedClasses="0" numClasses="0" visitedMethods="0" numMethods="0" />
          <FullName>Puzzle.Core.Multitenancy.Internal.Logging.LibLog.Logger</FullName>
          <Methods>
            <Method skippedDueTo="Unknown" visited="false" cyclomaticComplexity="0" nPathComplexity="0" sequenceCoverage="0" branchCoverage="0" isConstructor="true" isStatic="false" isGetter="false" isSetter="false">
              <MetadataToken>100663414</MetadataToken>
              <Name>System.Void Puzzle.Core.Multitenancy.Internal.Logging.LibLog.Logger::.ctor(System.Object,System.IntPtr)</Name>
              <SequencePoints />
              <BranchPoints />
            </Method>
            <Method skippedDueTo="Unknown" visited="false" cyclomaticComplexity="0" nPathComplexity="0" sequenceCoverage="0" branchCoverage="0" isConstructor="false" isStatic="false" isGetter="false" isSetter="false">
              <MetadataToken>100663415</MetadataToken>
              <Name>System.Boolean Puzzle.Core.Multitenancy.Internal.Logging.LibLog.Logger::Invoke(Puzzle.Core.Multitenancy.Internal.Logging.LibLog.LogLevel,System.Func`1&lt;System.String&gt;,System.Exception,System.Object[])</Name>
              <SequencePoints />
              <BranchPoints />
            </Method>
            <Method skippedDueTo="Unknown" visited="false" cyclomaticComplexity="0" nPathComplexity="0" sequenceCoverage="0" branchCoverage="0" isConstructor="false" isStatic="false" isGetter="false" isSetter="false">
              <MetadataToken>100663416</MetadataToken>
              <Name>System.IAsyncResult Puzzle.Core.Multitenancy.Internal.Logging.LibLog.Logger::BeginInvoke(Puzzle.Core.Multitenancy.Internal.Logging.LibLog.LogLevel,System.Func`1&lt;System.String&gt;,System.Exception,System.Object[],System.AsyncCallback,System.Object)</Name>
              <SequencePoints />
              <BranchPoints />
            </Method>
            <Method skippedDueTo="Unknown" visited="false" cyclomaticComplexity="0" nPathComplexity="0" sequenceCoverage="0" branchCoverage="0" isConstructor="false" isStatic="false" isGetter="false" isSetter="false">
              <MetadataToken>100663417</MetadataToken>
              <Name>System.Boolean Puzzle.Core.Multitenancy.Internal.Logging.LibLog.Logger::EndInvoke(System.IAsyncResult)</Name>
              <SequencePoints />
              <BranchPoints />
            </Method>
          </Methods>
        </Class>
        <Class>
          <Summary numSequencePoints="1" visitedSequencePoints="0" numBranchPoints="1" visitedBranchPoints="0" sequenceCoverage="0" branchCoverage="0" maxCyclomaticComplexity="1" minCyclomaticComplexity="1" visitedClasses="0" numClasses="1" visitedMethods="0" numMethods="1" />
          <FullName>Puzzle.Core.Multitenancy.Internal.Logging.LibLog.NoopLogger</FullName>
          <Methods>
            <Method visited="false" cyclomaticComplexity="1" nPathComplexity="0" sequenceCoverage="0" branchCoverage="0" isConstructor="false" isStatic="false" isGetter="false" isSetter="false">
              <Summary numSequencePoints="1" visitedSequencePoints="0" numBranchPoints="1" visitedBranchPoints="0" sequenceCoverage="0" branchCoverage="0" maxCyclomaticComplexity="1" minCyclomaticComplexity="1" visitedClasses="0" numClasses="0" visitedMethods="0" numMethods="1" />
              <MetadataToken>100663419</MetadataToken>
              <Name>System.Boolean Puzzle.Core.Multitenancy.Internal.Logging.LibLog.NoopLogger::Log(Puzzle.Core.Multitenancy.Internal.Logging.LibLog.LogLevel,System.Func`1&lt;System.String&gt;,System.Exception,System.Object[])</Name>
              <FileRef uid="49" />
              <SequencePoints>
                <SequencePoint vc="0" uspid="879" ordinal="0" offset="0" sl="83" sc="135" el="83" ec="139" bec="0" bev="0" fileid="49" />
              </SequencePoints>
              <BranchPoints />
              <MethodPoint xsi:type="SequencePoint" vc="0" uspid="879" ordinal="0" offset="0" sl="83" sc="135" el="83" ec="139" bec="0" bev="0" fileid="49" />
            </Method>
            <Method visited="false" cyclomaticComplexity="1" nPathComplexity="0" sequenceCoverage="0" branchCoverage="0" isConstructor="true" isStatic="false" isGetter="false" isSetter="false">
              <Summary numSequencePoints="0" visitedSequencePoints="0" numBranchPoints="0" visitedBranchPoints="0" sequenceCoverage="0" branchCoverage="0" maxCyclomaticComplexity="1" minCyclomaticComplexity="1" visitedClasses="0" numClasses="0" visitedMethods="0" numMethods="0" />
              <MetadataToken>100663420</MetadataToken>
              <Name>System.Void Puzzle.Core.Multitenancy.Internal.Logging.LibLog.NoopLogger::.ctor()</Name>
              <SequencePoints />
              <BranchPoints />
              <MethodPoint vc="0" uspid="880" ordinal="0" offset="0" />
            </Method>
          </Methods>
        </Class>
        <Class>
          <Summary numSequencePoints="175" visitedSequencePoints="16" numBranchPoints="75" visitedBranchPoints="6" sequenceCoverage="9.14" branchCoverage="8" maxCyclomaticComplexity="2" minCyclomaticComplexity="1" visitedClasses="1" numClasses="1" visitedMethods="4" numMethods="35" />
          <FullName>Puzzle.Core.Multitenancy.Internal.Logging.LibLog.LogExtensions</FullName>
          <Methods>
            <Method visited="true" cyclomaticComplexity="1" nPathComplexity="0" sequenceCoverage="100" branchCoverage="100" isConstructor="false" isStatic="true" isGetter="false" isSetter="false">
              <Summary numSequencePoints="4" visitedSequencePoints="4" numBranchPoints="1" visitedBranchPoints="1" sequenceCoverage="100" branchCoverage="100" maxCyclomaticComplexity="1" minCyclomaticComplexity="1" visitedClasses="0" numClasses="0" visitedMethods="1" numMethods="1" />
              <MetadataToken>100663424</MetadataToken>
              <Name>System.Boolean Puzzle.Core.Multitenancy.Internal.Logging.LibLog.LogExtensions::IsDebugEnabled(Puzzle.Core.Multitenancy.Internal.Logging.LibLog.ILog)</Name>
              <FileRef uid="50" />
              <SequencePoints>
                <SequencePoint vc="260" uspid="881" ordinal="0" offset="0" sl="49" sc="9" el="49" ec="10" bec="0" bev="0" fileid="50" />
                <SequencePoint vc="260" uspid="882" ordinal="1" offset="1" sl="50" sc="13" el="50" ec="44" bec="0" bev="0" fileid="50" />
                <SequencePoint vc="260" uspid="883" ordinal="2" offset="8" sl="51" sc="13" el="51" ec="53" bec="0" bev="0" fileid="50" />
                <SequencePoint vc="260" uspid="884" ordinal="3" offset="25" sl="52" sc="9" el="52" ec="10" bec="0" bev="0" fileid="50" />
              </SequencePoints>
              <BranchPoints />
              <MethodPoint xsi:type="SequencePoint" vc="260" uspid="881" ordinal="0" offset="0" sl="49" sc="9" el="49" ec="10" bec="0" bev="0" fileid="50" />
            </Method>
            <Method visited="false" cyclomaticComplexity="1" nPathComplexity="0" sequenceCoverage="0" branchCoverage="0" isConstructor="false" isStatic="true" isGetter="false" isSetter="false">
              <Summary numSequencePoints="4" visitedSequencePoints="0" numBranchPoints="1" visitedBranchPoints="0" sequenceCoverage="0" branchCoverage="0" maxCyclomaticComplexity="1" minCyclomaticComplexity="1" visitedClasses="0" numClasses="0" visitedMethods="0" numMethods="1" />
              <MetadataToken>100663425</MetadataToken>
              <Name>System.Boolean Puzzle.Core.Multitenancy.Internal.Logging.LibLog.LogExtensions::IsErrorEnabled(Puzzle.Core.Multitenancy.Internal.Logging.LibLog.ILog)</Name>
              <FileRef uid="50" />
              <SequencePoints>
                <SequencePoint vc="0" uspid="885" ordinal="0" offset="0" sl="55" sc="9" el="55" ec="10" bec="0" bev="0" fileid="50" />
                <SequencePoint vc="0" uspid="886" ordinal="1" offset="1" sl="56" sc="13" el="56" ec="44" bec="0" bev="0" fileid="50" />
                <SequencePoint vc="0" uspid="887" ordinal="2" offset="8" sl="57" sc="13" el="57" ec="53" bec="0" bev="0" fileid="50" />
                <SequencePoint vc="0" uspid="888" ordinal="3" offset="25" sl="58" sc="9" el="58" ec="10" bec="0" bev="0" fileid="50" />
              </SequencePoints>
              <BranchPoints />
              <MethodPoint xsi:type="SequencePoint" vc="0" uspid="885" ordinal="0" offset="0" sl="55" sc="9" el="55" ec="10" bec="0" bev="0" fileid="50" />
            </Method>
            <Method visited="false" cyclomaticComplexity="1" nPathComplexity="0" sequenceCoverage="0" branchCoverage="0" isConstructor="false" isStatic="true" isGetter="false" isSetter="false">
              <Summary numSequencePoints="4" visitedSequencePoints="0" numBranchPoints="1" visitedBranchPoints="0" sequenceCoverage="0" branchCoverage="0" maxCyclomaticComplexity="1" minCyclomaticComplexity="1" visitedClasses="0" numClasses="0" visitedMethods="0" numMethods="1" />
              <MetadataToken>100663426</MetadataToken>
              <Name>System.Boolean Puzzle.Core.Multitenancy.Internal.Logging.LibLog.LogExtensions::IsFatalEnabled(Puzzle.Core.Multitenancy.Internal.Logging.LibLog.ILog)</Name>
              <FileRef uid="50" />
              <SequencePoints>
                <SequencePoint vc="0" uspid="889" ordinal="0" offset="0" sl="61" sc="9" el="61" ec="10" bec="0" bev="0" fileid="50" />
                <SequencePoint vc="0" uspid="890" ordinal="1" offset="1" sl="62" sc="13" el="62" ec="44" bec="0" bev="0" fileid="50" />
                <SequencePoint vc="0" uspid="891" ordinal="2" offset="8" sl="63" sc="13" el="63" ec="53" bec="0" bev="0" fileid="50" />
                <SequencePoint vc="0" uspid="892" ordinal="3" offset="25" sl="64" sc="9" el="64" ec="10" bec="0" bev="0" fileid="50" />
              </SequencePoints>
              <BranchPoints />
              <MethodPoint xsi:type="SequencePoint" vc="0" uspid="889" ordinal="0" offset="0" sl="61" sc="9" el="61" ec="10" bec="0" bev="0" fileid="50" />
            </Method>
            <Method visited="false" cyclomaticComplexity="1" nPathComplexity="0" sequenceCoverage="0" branchCoverage="0" isConstructor="false" isStatic="true" isGetter="false" isSetter="false">
              <Summary numSequencePoints="4" visitedSequencePoints="0" numBranchPoints="1" visitedBranchPoints="0" sequenceCoverage="0" branchCoverage="0" maxCyclomaticComplexity="1" minCyclomaticComplexity="1" visitedClasses="0" numClasses="0" visitedMethods="0" numMethods="1" />
              <MetadataToken>100663427</MetadataToken>
              <Name>System.Boolean Puzzle.Core.Multitenancy.Internal.Logging.LibLog.LogExtensions::IsInfoEnabled(Puzzle.Core.Multitenancy.Internal.Logging.LibLog.ILog)</Name>
              <FileRef uid="50" />
              <SequencePoints>
                <SequencePoint vc="0" uspid="893" ordinal="0" offset="0" sl="67" sc="9" el="67" ec="10" bec="0" bev="0" fileid="50" />
                <SequencePoint vc="0" uspid="894" ordinal="1" offset="1" sl="68" sc="13" el="68" ec="44" bec="0" bev="0" fileid="50" />
                <SequencePoint vc="0" uspid="895" ordinal="2" offset="8" sl="69" sc="13" el="69" ec="52" bec="0" bev="0" fileid="50" />
                <SequencePoint vc="0" uspid="896" ordinal="3" offset="25" sl="70" sc="9" el="70" ec="10" bec="0" bev="0" fileid="50" />
              </SequencePoints>
              <BranchPoints />
              <MethodPoint xsi:type="SequencePoint" vc="0" uspid="893" ordinal="0" offset="0" sl="67" sc="9" el="67" ec="10" bec="0" bev="0" fileid="50" />
            </Method>
            <Method visited="false" cyclomaticComplexity="1" nPathComplexity="0" sequenceCoverage="0" branchCoverage="0" isConstructor="false" isStatic="true" isGetter="false" isSetter="false">
              <Summary numSequencePoints="4" visitedSequencePoints="0" numBranchPoints="1" visitedBranchPoints="0" sequenceCoverage="0" branchCoverage="0" maxCyclomaticComplexity="1" minCyclomaticComplexity="1" visitedClasses="0" numClasses="0" visitedMethods="0" numMethods="1" />
              <MetadataToken>100663428</MetadataToken>
              <Name>System.Boolean Puzzle.Core.Multitenancy.Internal.Logging.LibLog.LogExtensions::IsTraceEnabled(Puzzle.Core.Multitenancy.Internal.Logging.LibLog.ILog)</Name>
              <FileRef uid="50" />
              <SequencePoints>
                <SequencePoint vc="0" uspid="897" ordinal="0" offset="0" sl="73" sc="9" el="73" ec="10" bec="0" bev="0" fileid="50" />
                <SequencePoint vc="0" uspid="898" ordinal="1" offset="1" sl="74" sc="13" el="74" ec="44" bec="0" bev="0" fileid="50" />
                <SequencePoint vc="0" uspid="899" ordinal="2" offset="8" sl="75" sc="13" el="75" ec="53" bec="0" bev="0" fileid="50" />
                <SequencePoint vc="0" uspid="900" ordinal="3" offset="25" sl="76" sc="9" el="76" ec="10" bec="0" bev="0" fileid="50" />
              </SequencePoints>
              <BranchPoints />
              <MethodPoint xsi:type="SequencePoint" vc="0" uspid="897" ordinal="0" offset="0" sl="73" sc="9" el="73" ec="10" bec="0" bev="0" fileid="50" />
            </Method>
            <Method visited="false" cyclomaticComplexity="1" nPathComplexity="0" sequenceCoverage="0" branchCoverage="0" isConstructor="false" isStatic="true" isGetter="false" isSetter="false">
              <Summary numSequencePoints="4" visitedSequencePoints="0" numBranchPoints="1" visitedBranchPoints="0" sequenceCoverage="0" branchCoverage="0" maxCyclomaticComplexity="1" minCyclomaticComplexity="1" visitedClasses="0" numClasses="0" visitedMethods="0" numMethods="1" />
              <MetadataToken>100663429</MetadataToken>
              <Name>System.Boolean Puzzle.Core.Multitenancy.Internal.Logging.LibLog.LogExtensions::IsWarnEnabled(Puzzle.Core.Multitenancy.Internal.Logging.LibLog.ILog)</Name>
              <FileRef uid="50" />
              <SequencePoints>
                <SequencePoint vc="0" uspid="901" ordinal="0" offset="0" sl="79" sc="9" el="79" ec="10" bec="0" bev="0" fileid="50" />
                <SequencePoint vc="0" uspid="902" ordinal="1" offset="1" sl="80" sc="13" el="80" ec="44" bec="0" bev="0" fileid="50" />
                <SequencePoint vc="0" uspid="903" ordinal="2" offset="8" sl="81" sc="13" el="81" ec="52" bec="0" bev="0" fileid="50" />
                <SequencePoint vc="0" uspid="904" ordinal="3" offset="25" sl="82" sc="9" el="82" ec="10" bec="0" bev="0" fileid="50" />
              </SequencePoints>
              <BranchPoints />
              <MethodPoint xsi:type="SequencePoint" vc="0" uspid="901" ordinal="0" offset="0" sl="79" sc="9" el="79" ec="10" bec="0" bev="0" fileid="50" />
            </Method>
            <Method visited="false" cyclomaticComplexity="1" nPathComplexity="0" sequenceCoverage="0" branchCoverage="0" isConstructor="false" isStatic="true" isGetter="false" isSetter="false">
              <Summary numSequencePoints="4" visitedSequencePoints="0" numBranchPoints="1" visitedBranchPoints="0" sequenceCoverage="0" branchCoverage="0" maxCyclomaticComplexity="1" minCyclomaticComplexity="1" visitedClasses="0" numClasses="0" visitedMethods="0" numMethods="1" />
              <MetadataToken>100663430</MetadataToken>
              <Name>System.Void Puzzle.Core.Multitenancy.Internal.Logging.LibLog.LogExtensions::Debug(Puzzle.Core.Multitenancy.Internal.Logging.LibLog.ILog,System.Func`1&lt;System.String&gt;)</Name>
              <FileRef uid="50" />
              <SequencePoints>
                <SequencePoint vc="0" uspid="905" ordinal="0" offset="0" sl="85" sc="9" el="85" ec="10" bec="0" bev="0" fileid="50" />
                <SequencePoint vc="0" uspid="906" ordinal="1" offset="1" sl="86" sc="13" el="86" ec="44" bec="0" bev="0" fileid="50" />
                <SequencePoint vc="0" uspid="907" ordinal="2" offset="8" sl="87" sc="13" el="87" ec="53" bec="0" bev="0" fileid="50" />
                <SequencePoint vc="0" uspid="908" ordinal="3" offset="23" sl="88" sc="9" el="88" ec="10" bec="0" bev="0" fileid="50" />
              </SequencePoints>
              <BranchPoints />
              <MethodPoint xsi:type="SequencePoint" vc="0" uspid="905" ordinal="0" offset="0" sl="85" sc="9" el="85" ec="10" bec="0" bev="0" fileid="50" />
            </Method>
            <Method visited="true" cyclomaticComplexity="2" nPathComplexity="2" sequenceCoverage="100" branchCoverage="66.67" isConstructor="false" isStatic="true" isGetter="false" isSetter="false">
              <Summary numSequencePoints="6" visitedSequencePoints="6" numBranchPoints="3" visitedBranchPoints="2" sequenceCoverage="100" branchCoverage="66.67" maxCyclomaticComplexity="2" minCyclomaticComplexity="2" visitedClasses="0" numClasses="0" visitedMethods="1" numMethods="1" />
              <MetadataToken>100663431</MetadataToken>
              <Name>System.Void Puzzle.Core.Multitenancy.Internal.Logging.LibLog.LogExtensions::Debug(Puzzle.Core.Multitenancy.Internal.Logging.LibLog.ILog,System.String)</Name>
              <FileRef uid="50" />
              <SequencePoints>
                <SequencePoint vc="260" uspid="909" ordinal="0" offset="0" sl="91" sc="9" el="91" ec="10" bec="0" bev="0" fileid="50" />
                <SequencePoint vc="260" uspid="910" ordinal="1" offset="1" sl="92" sc="13" el="92" ec="41" bec="2" bev="1" fileid="50" />
                <SequencePoint vc="260" uspid="911" ordinal="2" offset="11" sl="93" sc="13" el="93" ec="14" bec="0" bev="0" fileid="50" />
                <SequencePoint vc="260" uspid="912" ordinal="3" offset="12" sl="94" sc="17" el="94" ec="62" bec="0" bev="0" fileid="50" />
                <SequencePoint vc="260" uspid="913" ordinal="4" offset="32" sl="95" sc="13" el="95" ec="14" bec="0" bev="0" fileid="50" />
                <SequencePoint vc="260" uspid="914" ordinal="5" offset="33" sl="96" sc="9" el="96" ec="10" bec="0" bev="0" fileid="50" />
              </SequencePoints>
              <BranchPoints>
                <BranchPoint vc="260" uspid="915" ordinal="0" offset="9" sl="92" path="0" offsetend="11" fileid="50" />
                <BranchPoint vc="0" uspid="916" ordinal="1" offset="9" sl="92" path="1" offsetend="33" fileid="50" />
              </BranchPoints>
              <MethodPoint xsi:type="SequencePoint" vc="260" uspid="909" ordinal="0" offset="0" sl="91" sc="9" el="91" ec="10" bec="0" bev="0" fileid="50" />
            </Method>
            <Method visited="false" cyclomaticComplexity="2" nPathComplexity="2" sequenceCoverage="0" branchCoverage="0" isConstructor="false" isStatic="true" isGetter="false" isSetter="false">
              <Summary numSequencePoints="6" visitedSequencePoints="0" numBranchPoints="3" visitedBranchPoints="0" sequenceCoverage="0" branchCoverage="0" maxCyclomaticComplexity="2" minCyclomaticComplexity="2" visitedClasses="0" numClasses="0" visitedMethods="0" numMethods="1" />
              <MetadataToken>100663432</MetadataToken>
              <Name>System.Void Puzzle.Core.Multitenancy.Internal.Logging.LibLog.LogExtensions::DebugFormat(Puzzle.Core.Multitenancy.Internal.Logging.LibLog.ILog,System.String,System.Object[])</Name>
              <FileRef uid="50" />
              <SequencePoints>
                <SequencePoint vc="0" uspid="917" ordinal="0" offset="0" sl="99" sc="9" el="99" ec="10" bec="0" bev="0" fileid="50" />
                <SequencePoint vc="0" uspid="918" ordinal="1" offset="1" sl="100" sc="13" el="100" ec="41" bec="2" bev="0" fileid="50" />
                <SequencePoint vc="0" uspid="919" ordinal="2" offset="11" sl="101" sc="13" el="101" ec="14" bec="0" bev="0" fileid="50" />
                <SequencePoint vc="0" uspid="920" ordinal="3" offset="12" sl="102" sc="17" el="102" ec="65" bec="0" bev="0" fileid="50" />
                <SequencePoint vc="0" uspid="921" ordinal="4" offset="22" sl="103" sc="13" el="103" ec="14" bec="0" bev="0" fileid="50" />
                <SequencePoint vc="0" uspid="922" ordinal="5" offset="23" sl="104" sc="9" el="104" ec="10" bec="0" bev="0" fileid="50" />
              </SequencePoints>
              <BranchPoints>
                <BranchPoint vc="0" uspid="923" ordinal="0" offset="9" sl="100" path="0" offsetend="11" fileid="50" />
                <BranchPoint vc="0" uspid="924" ordinal="1" offset="9" sl="100" path="1" offsetend="23" fileid="50" />
              </BranchPoints>
              <MethodPoint xsi:type="SequencePoint" vc="0" uspid="917" ordinal="0" offset="0" sl="99" sc="9" el="99" ec="10" bec="0" bev="0" fileid="50" />
            </Method>
            <Method visited="false" cyclomaticComplexity="2" nPathComplexity="2" sequenceCoverage="0" branchCoverage="0" isConstructor="false" isStatic="true" isGetter="false" isSetter="false">
              <Summary numSequencePoints="6" visitedSequencePoints="0" numBranchPoints="3" visitedBranchPoints="0" sequenceCoverage="0" branchCoverage="0" maxCyclomaticComplexity="2" minCyclomaticComplexity="2" visitedClasses="0" numClasses="0" visitedMethods="0" numMethods="1" />
              <MetadataToken>100663433</MetadataToken>
              <Name>System.Void Puzzle.Core.Multitenancy.Internal.Logging.LibLog.LogExtensions::DebugException(Puzzle.Core.Multitenancy.Internal.Logging.LibLog.ILog,System.String,System.Exception)</Name>
              <FileRef uid="50" />
              <SequencePoints>
                <SequencePoint vc="0" uspid="925" ordinal="0" offset="0" sl="107" sc="9" el="107" ec="10" bec="0" bev="0" fileid="50" />
                <SequencePoint vc="0" uspid="926" ordinal="1" offset="1" sl="108" sc="13" el="108" ec="41" bec="2" bev="0" fileid="50" />
                <SequencePoint vc="0" uspid="927" ordinal="2" offset="11" sl="109" sc="13" el="109" ec="14" bec="0" bev="0" fileid="50" />
                <SequencePoint vc="0" uspid="928" ordinal="3" offset="12" sl="110" sc="17" el="110" ec="73" bec="0" bev="0" fileid="50" />
                <SequencePoint vc="0" uspid="929" ordinal="4" offset="32" sl="111" sc="13" el="111" ec="14" bec="0" bev="0" fileid="50" />
                <SequencePoint vc="0" uspid="930" ordinal="5" offset="33" sl="112" sc="9" el="112" ec="10" bec="0" bev="0" fileid="50" />
              </SequencePoints>
              <BranchPoints>
                <BranchPoint vc="0" uspid="931" ordinal="0" offset="9" sl="108" path="0" offsetend="11" fileid="50" />
                <BranchPoint vc="0" uspid="932" ordinal="1" offset="9" sl="108" path="1" offsetend="33" fileid="50" />
              </BranchPoints>
              <MethodPoint xsi:type="SequencePoint" vc="0" uspid="925" ordinal="0" offset="0" sl="107" sc="9" el="107" ec="10" bec="0" bev="0" fileid="50" />
            </Method>
            <Method visited="false" cyclomaticComplexity="2" nPathComplexity="2" sequenceCoverage="0" branchCoverage="0" isConstructor="false" isStatic="true" isGetter="false" isSetter="false">
              <Summary numSequencePoints="6" visitedSequencePoints="0" numBranchPoints="3" visitedBranchPoints="0" sequenceCoverage="0" branchCoverage="0" maxCyclomaticComplexity="2" minCyclomaticComplexity="2" visitedClasses="0" numClasses="0" visitedMethods="0" numMethods="1" />
              <MetadataToken>100663434</MetadataToken>
              <Name>System.Void Puzzle.Core.Multitenancy.Internal.Logging.LibLog.LogExtensions::DebugException(Puzzle.Core.Multitenancy.Internal.Logging.LibLog.ILog,System.String,System.Exception,System.Object[])</Name>
              <FileRef uid="50" />
              <SequencePoints>
                <SequencePoint vc="0" uspid="933" ordinal="0" offset="0" sl="115" sc="9" el="115" ec="10" bec="0" bev="0" fileid="50" />
                <SequencePoint vc="0" uspid="934" ordinal="1" offset="1" sl="116" sc="13" el="116" ec="41" bec="2" bev="0" fileid="50" />
                <SequencePoint vc="0" uspid="935" ordinal="2" offset="11" sl="117" sc="13" el="117" ec="14" bec="0" bev="0" fileid="50" />
                <SequencePoint vc="0" uspid="936" ordinal="3" offset="12" sl="118" sc="17" el="118" ec="87" bec="0" bev="0" fileid="50" />
                <SequencePoint vc="0" uspid="937" ordinal="4" offset="28" sl="119" sc="13" el="119" ec="14" bec="0" bev="0" fileid="50" />
                <SequencePoint vc="0" uspid="938" ordinal="5" offset="29" sl="120" sc="9" el="120" ec="10" bec="0" bev="0" fileid="50" />
              </SequencePoints>
              <BranchPoints>
                <BranchPoint vc="0" uspid="939" ordinal="0" offset="9" sl="116" path="0" offsetend="11" fileid="50" />
                <BranchPoint vc="0" uspid="940" ordinal="1" offset="9" sl="116" path="1" offsetend="29" fileid="50" />
              </BranchPoints>
              <MethodPoint xsi:type="SequencePoint" vc="0" uspid="933" ordinal="0" offset="0" sl="115" sc="9" el="115" ec="10" bec="0" bev="0" fileid="50" />
            </Method>
            <Method visited="false" cyclomaticComplexity="1" nPathComplexity="0" sequenceCoverage="0" branchCoverage="0" isConstructor="false" isStatic="true" isGetter="false" isSetter="false">
              <Summary numSequencePoints="4" visitedSequencePoints="0" numBranchPoints="1" visitedBranchPoints="0" sequenceCoverage="0" branchCoverage="0" maxCyclomaticComplexity="1" minCyclomaticComplexity="1" visitedClasses="0" numClasses="0" visitedMethods="0" numMethods="1" />
              <MetadataToken>100663435</MetadataToken>
              <Name>System.Void Puzzle.Core.Multitenancy.Internal.Logging.LibLog.LogExtensions::Error(Puzzle.Core.Multitenancy.Internal.Logging.LibLog.ILog,System.Func`1&lt;System.String&gt;)</Name>
              <FileRef uid="50" />
              <SequencePoints>
                <SequencePoint vc="0" uspid="941" ordinal="0" offset="0" sl="123" sc="9" el="123" ec="10" bec="0" bev="0" fileid="50" />
                <SequencePoint vc="0" uspid="942" ordinal="1" offset="1" sl="124" sc="13" el="124" ec="44" bec="0" bev="0" fileid="50" />
                <SequencePoint vc="0" uspid="943" ordinal="2" offset="8" sl="125" sc="13" el="125" ec="53" bec="0" bev="0" fileid="50" />
                <SequencePoint vc="0" uspid="944" ordinal="3" offset="23" sl="126" sc="9" el="126" ec="10" bec="0" bev="0" fileid="50" />
              </SequencePoints>
              <BranchPoints />
              <MethodPoint xsi:type="SequencePoint" vc="0" uspid="941" ordinal="0" offset="0" sl="123" sc="9" el="123" ec="10" bec="0" bev="0" fileid="50" />
            </Method>
            <Method visited="false" cyclomaticComplexity="2" nPathComplexity="2" sequenceCoverage="0" branchCoverage="0" isConstructor="false" isStatic="true" isGetter="false" isSetter="false">
              <Summary numSequencePoints="6" visitedSequencePoints="0" numBranchPoints="3" visitedBranchPoints="0" sequenceCoverage="0" branchCoverage="0" maxCyclomaticComplexity="2" minCyclomaticComplexity="2" visitedClasses="0" numClasses="0" visitedMethods="0" numMethods="1" />
              <MetadataToken>100663436</MetadataToken>
              <Name>System.Void Puzzle.Core.Multitenancy.Internal.Logging.LibLog.LogExtensions::Error(Puzzle.Core.Multitenancy.Internal.Logging.LibLog.ILog,System.String)</Name>
              <FileRef uid="50" />
              <SequencePoints>
                <SequencePoint vc="0" uspid="945" ordinal="0" offset="0" sl="129" sc="9" el="129" ec="10" bec="0" bev="0" fileid="50" />
                <SequencePoint vc="0" uspid="946" ordinal="1" offset="1" sl="130" sc="13" el="130" ec="41" bec="2" bev="0" fileid="50" />
                <SequencePoint vc="0" uspid="947" ordinal="2" offset="11" sl="131" sc="13" el="131" ec="14" bec="0" bev="0" fileid="50" />
                <SequencePoint vc="0" uspid="948" ordinal="3" offset="12" sl="132" sc="17" el="132" ec="62" bec="0" bev="0" fileid="50" />
                <SequencePoint vc="0" uspid="949" ordinal="4" offset="32" sl="133" sc="13" el="133" ec="14" bec="0" bev="0" fileid="50" />
                <SequencePoint vc="0" uspid="950" ordinal="5" offset="33" sl="134" sc="9" el="134" ec="10" bec="0" bev="0" fileid="50" />
              </SequencePoints>
              <BranchPoints>
                <BranchPoint vc="0" uspid="951" ordinal="0" offset="9" sl="130" path="0" offsetend="11" fileid="50" />
                <BranchPoint vc="0" uspid="952" ordinal="1" offset="9" sl="130" path="1" offsetend="33" fileid="50" />
              </BranchPoints>
              <MethodPoint xsi:type="SequencePoint" vc="0" uspid="945" ordinal="0" offset="0" sl="129" sc="9" el="129" ec="10" bec="0" bev="0" fileid="50" />
            </Method>
            <Method visited="false" cyclomaticComplexity="2" nPathComplexity="2" sequenceCoverage="0" branchCoverage="0" isConstructor="false" isStatic="true" isGetter="false" isSetter="false">
              <Summary numSequencePoints="6" visitedSequencePoints="0" numBranchPoints="3" visitedBranchPoints="0" sequenceCoverage="0" branchCoverage="0" maxCyclomaticComplexity="2" minCyclomaticComplexity="2" visitedClasses="0" numClasses="0" visitedMethods="0" numMethods="1" />
              <MetadataToken>100663437</MetadataToken>
              <Name>System.Void Puzzle.Core.Multitenancy.Internal.Logging.LibLog.LogExtensions::ErrorFormat(Puzzle.Core.Multitenancy.Internal.Logging.LibLog.ILog,System.String,System.Object[])</Name>
              <FileRef uid="50" />
              <SequencePoints>
                <SequencePoint vc="0" uspid="953" ordinal="0" offset="0" sl="137" sc="9" el="137" ec="10" bec="0" bev="0" fileid="50" />
                <SequencePoint vc="0" uspid="954" ordinal="1" offset="1" sl="138" sc="13" el="138" ec="41" bec="2" bev="0" fileid="50" />
                <SequencePoint vc="0" uspid="955" ordinal="2" offset="11" sl="139" sc="13" el="139" ec="14" bec="0" bev="0" fileid="50" />
                <SequencePoint vc="0" uspid="956" ordinal="3" offset="12" sl="140" sc="17" el="140" ec="65" bec="0" bev="0" fileid="50" />
                <SequencePoint vc="0" uspid="957" ordinal="4" offset="22" sl="141" sc="13" el="141" ec="14" bec="0" bev="0" fileid="50" />
                <SequencePoint vc="0" uspid="958" ordinal="5" offset="23" sl="142" sc="9" el="142" ec="10" bec="0" bev="0" fileid="50" />
              </SequencePoints>
              <BranchPoints>
                <BranchPoint vc="0" uspid="959" ordinal="0" offset="9" sl="138" path="0" offsetend="11" fileid="50" />
                <BranchPoint vc="0" uspid="960" ordinal="1" offset="9" sl="138" path="1" offsetend="23" fileid="50" />
              </BranchPoints>
              <MethodPoint xsi:type="SequencePoint" vc="0" uspid="953" ordinal="0" offset="0" sl="137" sc="9" el="137" ec="10" bec="0" bev="0" fileid="50" />
            </Method>
            <Method visited="false" cyclomaticComplexity="2" nPathComplexity="2" sequenceCoverage="0" branchCoverage="0" isConstructor="false" isStatic="true" isGetter="false" isSetter="false">
              <Summary numSequencePoints="6" visitedSequencePoints="0" numBranchPoints="3" visitedBranchPoints="0" sequenceCoverage="0" branchCoverage="0" maxCyclomaticComplexity="2" minCyclomaticComplexity="2" visitedClasses="0" numClasses="0" visitedMethods="0" numMethods="1" />
              <MetadataToken>100663438</MetadataToken>
              <Name>System.Void Puzzle.Core.Multitenancy.Internal.Logging.LibLog.LogExtensions::ErrorException(Puzzle.Core.Multitenancy.Internal.Logging.LibLog.ILog,System.String,System.Exception,System.Object[])</Name>
              <FileRef uid="50" />
              <SequencePoints>
                <SequencePoint vc="0" uspid="961" ordinal="0" offset="0" sl="145" sc="9" el="145" ec="10" bec="0" bev="0" fileid="50" />
                <SequencePoint vc="0" uspid="962" ordinal="1" offset="1" sl="146" sc="13" el="146" ec="41" bec="2" bev="0" fileid="50" />
                <SequencePoint vc="0" uspid="963" ordinal="2" offset="11" sl="147" sc="13" el="147" ec="14" bec="0" bev="0" fileid="50" />
                <SequencePoint vc="0" uspid="964" ordinal="3" offset="12" sl="148" sc="17" el="148" ec="87" bec="0" bev="0" fileid="50" />
                <SequencePoint vc="0" uspid="965" ordinal="4" offset="28" sl="149" sc="13" el="149" ec="14" bec="0" bev="0" fileid="50" />
                <SequencePoint vc="0" uspid="966" ordinal="5" offset="29" sl="150" sc="9" el="150" ec="10" bec="0" bev="0" fileid="50" />
              </SequencePoints>
              <BranchPoints>
                <BranchPoint vc="0" uspid="967" ordinal="0" offset="9" sl="146" path="0" offsetend="11" fileid="50" />
                <BranchPoint vc="0" uspid="968" ordinal="1" offset="9" sl="146" path="1" offsetend="29" fileid="50" />
              </BranchPoints>
              <MethodPoint xsi:type="SequencePoint" vc="0" uspid="961" ordinal="0" offset="0" sl="145" sc="9" el="145" ec="10" bec="0" bev="0" fileid="50" />
            </Method>
            <Method visited="false" cyclomaticComplexity="1" nPathComplexity="0" sequenceCoverage="0" branchCoverage="0" isConstructor="false" isStatic="true" isGetter="false" isSetter="false">
              <Summary numSequencePoints="3" visitedSequencePoints="0" numBranchPoints="1" visitedBranchPoints="0" sequenceCoverage="0" branchCoverage="0" maxCyclomaticComplexity="1" minCyclomaticComplexity="1" visitedClasses="0" numClasses="0" visitedMethods="0" numMethods="1" />
              <MetadataToken>100663439</MetadataToken>
              <Name>System.Void Puzzle.Core.Multitenancy.Internal.Logging.LibLog.LogExtensions::Fatal(Puzzle.Core.Multitenancy.Internal.Logging.LibLog.ILog,System.Func`1&lt;System.String&gt;)</Name>
              <FileRef uid="50" />
              <SequencePoints>
                <SequencePoint vc="0" uspid="969" ordinal="0" offset="0" sl="153" sc="9" el="153" ec="10" bec="0" bev="0" fileid="50" />
                <SequencePoint vc="0" uspid="970" ordinal="1" offset="1" sl="154" sc="13" el="154" ec="53" bec="0" bev="0" fileid="50" />
                <SequencePoint vc="0" uspid="971" ordinal="2" offset="16" sl="155" sc="9" el="155" ec="10" bec="0" bev="0" fileid="50" />
              </SequencePoints>
              <BranchPoints />
              <MethodPoint xsi:type="SequencePoint" vc="0" uspid="969" ordinal="0" offset="0" sl="153" sc="9" el="153" ec="10" bec="0" bev="0" fileid="50" />
            </Method>
            <Method visited="false" cyclomaticComplexity="2" nPathComplexity="2" sequenceCoverage="0" branchCoverage="0" isConstructor="false" isStatic="true" isGetter="false" isSetter="false">
              <Summary numSequencePoints="6" visitedSequencePoints="0" numBranchPoints="3" visitedBranchPoints="0" sequenceCoverage="0" branchCoverage="0" maxCyclomaticComplexity="2" minCyclomaticComplexity="2" visitedClasses="0" numClasses="0" visitedMethods="0" numMethods="1" />
              <MetadataToken>100663440</MetadataToken>
              <Name>System.Void Puzzle.Core.Multitenancy.Internal.Logging.LibLog.LogExtensions::Fatal(Puzzle.Core.Multitenancy.Internal.Logging.LibLog.ILog,System.String)</Name>
              <FileRef uid="50" />
              <SequencePoints>
                <SequencePoint vc="0" uspid="972" ordinal="0" offset="0" sl="158" sc="9" el="158" ec="10" bec="0" bev="0" fileid="50" />
                <SequencePoint vc="0" uspid="973" ordinal="1" offset="1" sl="159" sc="13" el="159" ec="41" bec="2" bev="0" fileid="50" />
                <SequencePoint vc="0" uspid="974" ordinal="2" offset="11" sl="160" sc="13" el="160" ec="14" bec="0" bev="0" fileid="50" />
                <SequencePoint vc="0" uspid="975" ordinal="3" offset="12" sl="161" sc="17" el="161" ec="62" bec="0" bev="0" fileid="50" />
                <SequencePoint vc="0" uspid="976" ordinal="4" offset="32" sl="162" sc="13" el="162" ec="14" bec="0" bev="0" fileid="50" />
                <SequencePoint vc="0" uspid="977" ordinal="5" offset="33" sl="163" sc="9" el="163" ec="10" bec="0" bev="0" fileid="50" />
              </SequencePoints>
              <BranchPoints>
                <BranchPoint vc="0" uspid="978" ordinal="0" offset="9" sl="159" path="0" offsetend="11" fileid="50" />
                <BranchPoint vc="0" uspid="979" ordinal="1" offset="9" sl="159" path="1" offsetend="33" fileid="50" />
              </BranchPoints>
              <MethodPoint xsi:type="SequencePoint" vc="0" uspid="972" ordinal="0" offset="0" sl="158" sc="9" el="158" ec="10" bec="0" bev="0" fileid="50" />
            </Method>
            <Method visited="false" cyclomaticComplexity="2" nPathComplexity="2" sequenceCoverage="0" branchCoverage="0" isConstructor="false" isStatic="true" isGetter="false" isSetter="false">
              <Summary numSequencePoints="6" visitedSequencePoints="0" numBranchPoints="3" visitedBranchPoints="0" sequenceCoverage="0" branchCoverage="0" maxCyclomaticComplexity="2" minCyclomaticComplexity="2" visitedClasses="0" numClasses="0" visitedMethods="0" numMethods="1" />
              <MetadataToken>100663441</MetadataToken>
              <Name>System.Void Puzzle.Core.Multitenancy.Internal.Logging.LibLog.LogExtensions::FatalFormat(Puzzle.Core.Multitenancy.Internal.Logging.LibLog.ILog,System.String,System.Object[])</Name>
              <FileRef uid="50" />
              <SequencePoints>
                <SequencePoint vc="0" uspid="980" ordinal="0" offset="0" sl="166" sc="9" el="166" ec="10" bec="0" bev="0" fileid="50" />
                <SequencePoint vc="0" uspid="981" ordinal="1" offset="1" sl="167" sc="13" el="167" ec="41" bec="2" bev="0" fileid="50" />
                <SequencePoint vc="0" uspid="982" ordinal="2" offset="11" sl="168" sc="13" el="168" ec="14" bec="0" bev="0" fileid="50" />
                <SequencePoint vc="0" uspid="983" ordinal="3" offset="12" sl="169" sc="17" el="169" ec="65" bec="0" bev="0" fileid="50" />
                <SequencePoint vc="0" uspid="984" ordinal="4" offset="22" sl="170" sc="13" el="170" ec="14" bec="0" bev="0" fileid="50" />
                <SequencePoint vc="0" uspid="985" ordinal="5" offset="23" sl="171" sc="9" el="171" ec="10" bec="0" bev="0" fileid="50" />
              </SequencePoints>
              <BranchPoints>
                <BranchPoint vc="0" uspid="986" ordinal="0" offset="9" sl="167" path="0" offsetend="11" fileid="50" />
                <BranchPoint vc="0" uspid="987" ordinal="1" offset="9" sl="167" path="1" offsetend="23" fileid="50" />
              </BranchPoints>
              <MethodPoint xsi:type="SequencePoint" vc="0" uspid="980" ordinal="0" offset="0" sl="166" sc="9" el="166" ec="10" bec="0" bev="0" fileid="50" />
            </Method>
            <Method visited="false" cyclomaticComplexity="2" nPathComplexity="2" sequenceCoverage="0" branchCoverage="0" isConstructor="false" isStatic="true" isGetter="false" isSetter="false">
              <Summary numSequencePoints="6" visitedSequencePoints="0" numBranchPoints="3" visitedBranchPoints="0" sequenceCoverage="0" branchCoverage="0" maxCyclomaticComplexity="2" minCyclomaticComplexity="2" visitedClasses="0" numClasses="0" visitedMethods="0" numMethods="1" />
              <MetadataToken>100663442</MetadataToken>
              <Name>System.Void Puzzle.Core.Multitenancy.Internal.Logging.LibLog.LogExtensions::FatalException(Puzzle.Core.Multitenancy.Internal.Logging.LibLog.ILog,System.String,System.Exception,System.Object[])</Name>
              <FileRef uid="50" />
              <SequencePoints>
                <SequencePoint vc="0" uspid="988" ordinal="0" offset="0" sl="174" sc="9" el="174" ec="10" bec="0" bev="0" fileid="50" />
                <SequencePoint vc="0" uspid="989" ordinal="1" offset="1" sl="175" sc="13" el="175" ec="41" bec="2" bev="0" fileid="50" />
                <SequencePoint vc="0" uspid="990" ordinal="2" offset="11" sl="176" sc="13" el="176" ec="14" bec="0" bev="0" fileid="50" />
                <SequencePoint vc="0" uspid="991" ordinal="3" offset="12" sl="177" sc="17" el="177" ec="87" bec="0" bev="0" fileid="50" />
                <SequencePoint vc="0" uspid="992" ordinal="4" offset="28" sl="178" sc="13" el="178" ec="14" bec="0" bev="0" fileid="50" />
                <SequencePoint vc="0" uspid="993" ordinal="5" offset="29" sl="179" sc="9" el="179" ec="10" bec="0" bev="0" fileid="50" />
              </SequencePoints>
              <BranchPoints>
                <BranchPoint vc="0" uspid="994" ordinal="0" offset="9" sl="175" path="0" offsetend="11" fileid="50" />
                <BranchPoint vc="0" uspid="995" ordinal="1" offset="9" sl="175" path="1" offsetend="29" fileid="50" />
              </BranchPoints>
              <MethodPoint xsi:type="SequencePoint" vc="0" uspid="988" ordinal="0" offset="0" sl="174" sc="9" el="174" ec="10" bec="0" bev="0" fileid="50" />
            </Method>
            <Method visited="false" cyclomaticComplexity="1" nPathComplexity="0" sequenceCoverage="0" branchCoverage="0" isConstructor="false" isStatic="true" isGetter="false" isSetter="false">
              <Summary numSequencePoints="4" visitedSequencePoints="0" numBranchPoints="1" visitedBranchPoints="0" sequenceCoverage="0" branchCoverage="0" maxCyclomaticComplexity="1" minCyclomaticComplexity="1" visitedClasses="0" numClasses="0" visitedMethods="0" numMethods="1" />
              <MetadataToken>100663443</MetadataToken>
              <Name>System.Void Puzzle.Core.Multitenancy.Internal.Logging.LibLog.LogExtensions::Info(Puzzle.Core.Multitenancy.Internal.Logging.LibLog.ILog,System.Func`1&lt;System.String&gt;)</Name>
              <FileRef uid="50" />
              <SequencePoints>
                <SequencePoint vc="0" uspid="996" ordinal="0" offset="0" sl="182" sc="9" el="182" ec="10" bec="0" bev="0" fileid="50" />
                <SequencePoint vc="0" uspid="997" ordinal="1" offset="1" sl="183" sc="13" el="183" ec="44" bec="0" bev="0" fileid="50" />
                <SequencePoint vc="0" uspid="998" ordinal="2" offset="8" sl="184" sc="13" el="184" ec="52" bec="0" bev="0" fileid="50" />
                <SequencePoint vc="0" uspid="999" ordinal="3" offset="23" sl="185" sc="9" el="185" ec="10" bec="0" bev="0" fileid="50" />
              </SequencePoints>
              <BranchPoints />
              <MethodPoint xsi:type="SequencePoint" vc="0" uspid="996" ordinal="0" offset="0" sl="182" sc="9" el="182" ec="10" bec="0" bev="0" fileid="50" />
            </Method>
            <Method visited="false" cyclomaticComplexity="2" nPathComplexity="2" sequenceCoverage="0" branchCoverage="0" isConstructor="false" isStatic="true" isGetter="false" isSetter="false">
              <Summary numSequencePoints="6" visitedSequencePoints="0" numBranchPoints="3" visitedBranchPoints="0" sequenceCoverage="0" branchCoverage="0" maxCyclomaticComplexity="2" minCyclomaticComplexity="2" visitedClasses="0" numClasses="0" visitedMethods="0" numMethods="1" />
              <MetadataToken>100663444</MetadataToken>
              <Name>System.Void Puzzle.Core.Multitenancy.Internal.Logging.LibLog.LogExtensions::Info(Puzzle.Core.Multitenancy.Internal.Logging.LibLog.ILog,System.String)</Name>
              <FileRef uid="50" />
              <SequencePoints>
                <SequencePoint vc="0" uspid="1000" ordinal="0" offset="0" sl="188" sc="9" el="188" ec="10" bec="0" bev="0" fileid="50" />
                <SequencePoint vc="0" uspid="1001" ordinal="1" offset="1" sl="189" sc="13" el="189" ec="40" bec="2" bev="0" fileid="50" />
                <SequencePoint vc="0" uspid="1002" ordinal="2" offset="11" sl="190" sc="13" el="190" ec="14" bec="0" bev="0" fileid="50" />
                <SequencePoint vc="0" uspid="1003" ordinal="3" offset="12" sl="191" sc="17" el="191" ec="61" bec="0" bev="0" fileid="50" />
                <SequencePoint vc="0" uspid="1004" ordinal="4" offset="32" sl="192" sc="13" el="192" ec="14" bec="0" bev="0" fileid="50" />
                <SequencePoint vc="0" uspid="1005" ordinal="5" offset="33" sl="193" sc="9" el="193" ec="10" bec="0" bev="0" fileid="50" />
              </SequencePoints>
              <BranchPoints>
                <BranchPoint vc="0" uspid="1006" ordinal="0" offset="9" sl="189" path="0" offsetend="11" fileid="50" />
                <BranchPoint vc="0" uspid="1007" ordinal="1" offset="9" sl="189" path="1" offsetend="33" fileid="50" />
              </BranchPoints>
              <MethodPoint xsi:type="SequencePoint" vc="0" uspid="1000" ordinal="0" offset="0" sl="188" sc="9" el="188" ec="10" bec="0" bev="0" fileid="50" />
            </Method>
            <Method visited="false" cyclomaticComplexity="2" nPathComplexity="2" sequenceCoverage="0" branchCoverage="0" isConstructor="false" isStatic="true" isGetter="false" isSetter="false">
              <Summary numSequencePoints="6" visitedSequencePoints="0" numBranchPoints="3" visitedBranchPoints="0" sequenceCoverage="0" branchCoverage="0" maxCyclomaticComplexity="2" minCyclomaticComplexity="2" visitedClasses="0" numClasses="0" visitedMethods="0" numMethods="1" />
              <MetadataToken>100663445</MetadataToken>
              <Name>System.Void Puzzle.Core.Multitenancy.Internal.Logging.LibLog.LogExtensions::InfoFormat(Puzzle.Core.Multitenancy.Internal.Logging.LibLog.ILog,System.String,System.Object[])</Name>
              <FileRef uid="50" />
              <SequencePoints>
                <SequencePoint vc="0" uspid="1008" ordinal="0" offset="0" sl="196" sc="9" el="196" ec="10" bec="0" bev="0" fileid="50" />
                <SequencePoint vc="0" uspid="1009" ordinal="1" offset="1" sl="197" sc="13" el="197" ec="40" bec="2" bev="0" fileid="50" />
                <SequencePoint vc="0" uspid="1010" ordinal="2" offset="11" sl="198" sc="13" el="198" ec="14" bec="0" bev="0" fileid="50" />
                <SequencePoint vc="0" uspid="1011" ordinal="3" offset="12" sl="199" sc="17" el="199" ec="64" bec="0" bev="0" fileid="50" />
                <SequencePoint vc="0" uspid="1012" ordinal="4" offset="22" sl="200" sc="13" el="200" ec="14" bec="0" bev="0" fileid="50" />
                <SequencePoint vc="0" uspid="1013" ordinal="5" offset="23" sl="201" sc="9" el="201" ec="10" bec="0" bev="0" fileid="50" />
              </SequencePoints>
              <BranchPoints>
                <BranchPoint vc="0" uspid="1014" ordinal="0" offset="9" sl="197" path="0" offsetend="11" fileid="50" />
                <BranchPoint vc="0" uspid="1015" ordinal="1" offset="9" sl="197" path="1" offsetend="23" fileid="50" />
              </BranchPoints>
              <MethodPoint xsi:type="SequencePoint" vc="0" uspid="1008" ordinal="0" offset="0" sl="196" sc="9" el="196" ec="10" bec="0" bev="0" fileid="50" />
            </Method>
            <Method visited="false" cyclomaticComplexity="2" nPathComplexity="2" sequenceCoverage="0" branchCoverage="0" isConstructor="false" isStatic="true" isGetter="false" isSetter="false">
              <Summary numSequencePoints="6" visitedSequencePoints="0" numBranchPoints="3" visitedBranchPoints="0" sequenceCoverage="0" branchCoverage="0" maxCyclomaticComplexity="2" minCyclomaticComplexity="2" visitedClasses="0" numClasses="0" visitedMethods="0" numMethods="1" />
              <MetadataToken>100663446</MetadataToken>
              <Name>System.Void Puzzle.Core.Multitenancy.Internal.Logging.LibLog.LogExtensions::InfoException(Puzzle.Core.Multitenancy.Internal.Logging.LibLog.ILog,System.String,System.Exception,System.Object[])</Name>
              <FileRef uid="50" />
              <SequencePoints>
                <SequencePoint vc="0" uspid="1016" ordinal="0" offset="0" sl="204" sc="9" el="204" ec="10" bec="0" bev="0" fileid="50" />
                <SequencePoint vc="0" uspid="1017" ordinal="1" offset="1" sl="205" sc="13" el="205" ec="40" bec="2" bev="0" fileid="50" />
                <SequencePoint vc="0" uspid="1018" ordinal="2" offset="11" sl="206" sc="13" el="206" ec="14" bec="0" bev="0" fileid="50" />
                <SequencePoint vc="0" uspid="1019" ordinal="3" offset="12" sl="207" sc="17" el="207" ec="86" bec="0" bev="0" fileid="50" />
                <SequencePoint vc="0" uspid="1020" ordinal="4" offset="28" sl="208" sc="13" el="208" ec="14" bec="0" bev="0" fileid="50" />
                <SequencePoint vc="0" uspid="1021" ordinal="5" offset="29" sl="209" sc="9" el="209" ec="10" bec="0" bev="0" fileid="50" />
              </SequencePoints>
              <BranchPoints>
                <BranchPoint vc="0" uspid="1022" ordinal="0" offset="9" sl="205" path="0" offsetend="11" fileid="50" />
                <BranchPoint vc="0" uspid="1023" ordinal="1" offset="9" sl="205" path="1" offsetend="29" fileid="50" />
              </BranchPoints>
              <MethodPoint xsi:type="SequencePoint" vc="0" uspid="1016" ordinal="0" offset="0" sl="204" sc="9" el="204" ec="10" bec="0" bev="0" fileid="50" />
            </Method>
            <Method visited="false" cyclomaticComplexity="1" nPathComplexity="0" sequenceCoverage="0" branchCoverage="0" isConstructor="false" isStatic="true" isGetter="false" isSetter="false">
              <Summary numSequencePoints="4" visitedSequencePoints="0" numBranchPoints="1" visitedBranchPoints="0" sequenceCoverage="0" branchCoverage="0" maxCyclomaticComplexity="1" minCyclomaticComplexity="1" visitedClasses="0" numClasses="0" visitedMethods="0" numMethods="1" />
              <MetadataToken>100663447</MetadataToken>
              <Name>System.Void Puzzle.Core.Multitenancy.Internal.Logging.LibLog.LogExtensions::Trace(Puzzle.Core.Multitenancy.Internal.Logging.LibLog.ILog,System.Func`1&lt;System.String&gt;)</Name>
              <FileRef uid="50" />
              <SequencePoints>
                <SequencePoint vc="0" uspid="1024" ordinal="0" offset="0" sl="212" sc="9" el="212" ec="10" bec="0" bev="0" fileid="50" />
                <SequencePoint vc="0" uspid="1025" ordinal="1" offset="1" sl="213" sc="13" el="213" ec="44" bec="0" bev="0" fileid="50" />
                <SequencePoint vc="0" uspid="1026" ordinal="2" offset="8" sl="214" sc="13" el="214" ec="53" bec="0" bev="0" fileid="50" />
                <SequencePoint vc="0" uspid="1027" ordinal="3" offset="23" sl="215" sc="9" el="215" ec="10" bec="0" bev="0" fileid="50" />
              </SequencePoints>
              <BranchPoints />
              <MethodPoint xsi:type="SequencePoint" vc="0" uspid="1024" ordinal="0" offset="0" sl="212" sc="9" el="212" ec="10" bec="0" bev="0" fileid="50" />
            </Method>
            <Method visited="false" cyclomaticComplexity="2" nPathComplexity="2" sequenceCoverage="0" branchCoverage="0" isConstructor="false" isStatic="true" isGetter="false" isSetter="false">
              <Summary numSequencePoints="6" visitedSequencePoints="0" numBranchPoints="3" visitedBranchPoints="0" sequenceCoverage="0" branchCoverage="0" maxCyclomaticComplexity="2" minCyclomaticComplexity="2" visitedClasses="0" numClasses="0" visitedMethods="0" numMethods="1" />
              <MetadataToken>100663448</MetadataToken>
              <Name>System.Void Puzzle.Core.Multitenancy.Internal.Logging.LibLog.LogExtensions::Trace(Puzzle.Core.Multitenancy.Internal.Logging.LibLog.ILog,System.String)</Name>
              <FileRef uid="50" />
              <SequencePoints>
                <SequencePoint vc="0" uspid="1028" ordinal="0" offset="0" sl="218" sc="9" el="218" ec="10" bec="0" bev="0" fileid="50" />
                <SequencePoint vc="0" uspid="1029" ordinal="1" offset="1" sl="219" sc="13" el="219" ec="41" bec="2" bev="0" fileid="50" />
                <SequencePoint vc="0" uspid="1030" ordinal="2" offset="11" sl="220" sc="13" el="220" ec="14" bec="0" bev="0" fileid="50" />
                <SequencePoint vc="0" uspid="1031" ordinal="3" offset="12" sl="221" sc="17" el="221" ec="62" bec="0" bev="0" fileid="50" />
                <SequencePoint vc="0" uspid="1032" ordinal="4" offset="32" sl="222" sc="13" el="222" ec="14" bec="0" bev="0" fileid="50" />
                <SequencePoint vc="0" uspid="1033" ordinal="5" offset="33" sl="223" sc="9" el="223" ec="10" bec="0" bev="0" fileid="50" />
              </SequencePoints>
              <BranchPoints>
                <BranchPoint vc="0" uspid="1034" ordinal="0" offset="9" sl="219" path="0" offsetend="11" fileid="50" />
                <BranchPoint vc="0" uspid="1035" ordinal="1" offset="9" sl="219" path="1" offsetend="33" fileid="50" />
              </BranchPoints>
              <MethodPoint xsi:type="SequencePoint" vc="0" uspid="1028" ordinal="0" offset="0" sl="218" sc="9" el="218" ec="10" bec="0" bev="0" fileid="50" />
            </Method>
            <Method visited="false" cyclomaticComplexity="2" nPathComplexity="2" sequenceCoverage="0" branchCoverage="0" isConstructor="false" isStatic="true" isGetter="false" isSetter="false">
              <Summary numSequencePoints="6" visitedSequencePoints="0" numBranchPoints="3" visitedBranchPoints="0" sequenceCoverage="0" branchCoverage="0" maxCyclomaticComplexity="2" minCyclomaticComplexity="2" visitedClasses="0" numClasses="0" visitedMethods="0" numMethods="1" />
              <MetadataToken>100663449</MetadataToken>
              <Name>System.Void Puzzle.Core.Multitenancy.Internal.Logging.LibLog.LogExtensions::TraceFormat(Puzzle.Core.Multitenancy.Internal.Logging.LibLog.ILog,System.String,System.Object[])</Name>
              <FileRef uid="50" />
              <SequencePoints>
                <SequencePoint vc="0" uspid="1036" ordinal="0" offset="0" sl="226" sc="9" el="226" ec="10" bec="0" bev="0" fileid="50" />
                <SequencePoint vc="0" uspid="1037" ordinal="1" offset="1" sl="227" sc="13" el="227" ec="41" bec="2" bev="0" fileid="50" />
                <SequencePoint vc="0" uspid="1038" ordinal="2" offset="11" sl="228" sc="13" el="228" ec="14" bec="0" bev="0" fileid="50" />
                <SequencePoint vc="0" uspid="1039" ordinal="3" offset="12" sl="229" sc="17" el="229" ec="65" bec="0" bev="0" fileid="50" />
                <SequencePoint vc="0" uspid="1040" ordinal="4" offset="22" sl="230" sc="13" el="230" ec="14" bec="0" bev="0" fileid="50" />
                <SequencePoint vc="0" uspid="1041" ordinal="5" offset="23" sl="231" sc="9" el="231" ec="10" bec="0" bev="0" fileid="50" />
              </SequencePoints>
              <BranchPoints>
                <BranchPoint vc="0" uspid="1042" ordinal="0" offset="9" sl="227" path="0" offsetend="11" fileid="50" />
                <BranchPoint vc="0" uspid="1043" ordinal="1" offset="9" sl="227" path="1" offsetend="23" fileid="50" />
              </BranchPoints>
              <MethodPoint xsi:type="SequencePoint" vc="0" uspid="1036" ordinal="0" offset="0" sl="226" sc="9" el="226" ec="10" bec="0" bev="0" fileid="50" />
            </Method>
            <Method visited="false" cyclomaticComplexity="2" nPathComplexity="2" sequenceCoverage="0" branchCoverage="0" isConstructor="false" isStatic="true" isGetter="false" isSetter="false">
              <Summary numSequencePoints="6" visitedSequencePoints="0" numBranchPoints="3" visitedBranchPoints="0" sequenceCoverage="0" branchCoverage="0" maxCyclomaticComplexity="2" minCyclomaticComplexity="2" visitedClasses="0" numClasses="0" visitedMethods="0" numMethods="1" />
              <MetadataToken>100663450</MetadataToken>
              <Name>System.Void Puzzle.Core.Multitenancy.Internal.Logging.LibLog.LogExtensions::TraceException(Puzzle.Core.Multitenancy.Internal.Logging.LibLog.ILog,System.String,System.Exception,System.Object[])</Name>
              <FileRef uid="50" />
              <SequencePoints>
                <SequencePoint vc="0" uspid="1044" ordinal="0" offset="0" sl="234" sc="9" el="234" ec="10" bec="0" bev="0" fileid="50" />
                <SequencePoint vc="0" uspid="1045" ordinal="1" offset="1" sl="235" sc="13" el="235" ec="41" bec="2" bev="0" fileid="50" />
                <SequencePoint vc="0" uspid="1046" ordinal="2" offset="11" sl="236" sc="13" el="236" ec="14" bec="0" bev="0" fileid="50" />
                <SequencePoint vc="0" uspid="1047" ordinal="3" offset="12" sl="237" sc="17" el="237" ec="87" bec="0" bev="0" fileid="50" />
                <SequencePoint vc="0" uspid="1048" ordinal="4" offset="28" sl="238" sc="13" el="238" ec="14" bec="0" bev="0" fileid="50" />
                <SequencePoint vc="0" uspid="1049" ordinal="5" offset="29" sl="239" sc="9" el="239" ec="10" bec="0" bev="0" fileid="50" />
              </SequencePoints>
              <BranchPoints>
                <BranchPoint vc="0" uspid="1050" ordinal="0" offset="9" sl="235" path="0" offsetend="11" fileid="50" />
                <BranchPoint vc="0" uspid="1051" ordinal="1" offset="9" sl="235" path="1" offsetend="29" fileid="50" />
              </BranchPoints>
              <MethodPoint xsi:type="SequencePoint" vc="0" uspid="1044" ordinal="0" offset="0" sl="234" sc="9" el="234" ec="10" bec="0" bev="0" fileid="50" />
            </Method>
            <Method visited="false" cyclomaticComplexity="1" nPathComplexity="0" sequenceCoverage="0" branchCoverage="0" isConstructor="false" isStatic="true" isGetter="false" isSetter="false">
              <Summary numSequencePoints="4" visitedSequencePoints="0" numBranchPoints="1" visitedBranchPoints="0" sequenceCoverage="0" branchCoverage="0" maxCyclomaticComplexity="1" minCyclomaticComplexity="1" visitedClasses="0" numClasses="0" visitedMethods="0" numMethods="1" />
              <MetadataToken>100663451</MetadataToken>
              <Name>System.Void Puzzle.Core.Multitenancy.Internal.Logging.LibLog.LogExtensions::Warn(Puzzle.Core.Multitenancy.Internal.Logging.LibLog.ILog,System.Func`1&lt;System.String&gt;)</Name>
              <FileRef uid="50" />
              <SequencePoints>
                <SequencePoint vc="0" uspid="1052" ordinal="0" offset="0" sl="242" sc="9" el="242" ec="10" bec="0" bev="0" fileid="50" />
                <SequencePoint vc="0" uspid="1053" ordinal="1" offset="1" sl="243" sc="13" el="243" ec="44" bec="0" bev="0" fileid="50" />
                <SequencePoint vc="0" uspid="1054" ordinal="2" offset="8" sl="244" sc="13" el="244" ec="52" bec="0" bev="0" fileid="50" />
                <SequencePoint vc="0" uspid="1055" ordinal="3" offset="23" sl="245" sc="9" el="245" ec="10" bec="0" bev="0" fileid="50" />
              </SequencePoints>
              <BranchPoints />
              <MethodPoint xsi:type="SequencePoint" vc="0" uspid="1052" ordinal="0" offset="0" sl="242" sc="9" el="242" ec="10" bec="0" bev="0" fileid="50" />
            </Method>
            <Method visited="false" cyclomaticComplexity="2" nPathComplexity="2" sequenceCoverage="0" branchCoverage="0" isConstructor="false" isStatic="true" isGetter="false" isSetter="false">
              <Summary numSequencePoints="6" visitedSequencePoints="0" numBranchPoints="3" visitedBranchPoints="0" sequenceCoverage="0" branchCoverage="0" maxCyclomaticComplexity="2" minCyclomaticComplexity="2" visitedClasses="0" numClasses="0" visitedMethods="0" numMethods="1" />
              <MetadataToken>100663452</MetadataToken>
              <Name>System.Void Puzzle.Core.Multitenancy.Internal.Logging.LibLog.LogExtensions::Warn(Puzzle.Core.Multitenancy.Internal.Logging.LibLog.ILog,System.String)</Name>
              <FileRef uid="50" />
              <SequencePoints>
                <SequencePoint vc="0" uspid="1056" ordinal="0" offset="0" sl="248" sc="9" el="248" ec="10" bec="0" bev="0" fileid="50" />
                <SequencePoint vc="0" uspid="1057" ordinal="1" offset="1" sl="249" sc="13" el="249" ec="40" bec="2" bev="0" fileid="50" />
                <SequencePoint vc="0" uspid="1058" ordinal="2" offset="11" sl="250" sc="13" el="250" ec="14" bec="0" bev="0" fileid="50" />
                <SequencePoint vc="0" uspid="1059" ordinal="3" offset="12" sl="251" sc="17" el="251" ec="61" bec="0" bev="0" fileid="50" />
                <SequencePoint vc="0" uspid="1060" ordinal="4" offset="32" sl="252" sc="13" el="252" ec="14" bec="0" bev="0" fileid="50" />
                <SequencePoint vc="0" uspid="1061" ordinal="5" offset="33" sl="253" sc="9" el="253" ec="10" bec="0" bev="0" fileid="50" />
              </SequencePoints>
              <BranchPoints>
                <BranchPoint vc="0" uspid="1062" ordinal="0" offset="9" sl="249" path="0" offsetend="11" fileid="50" />
                <BranchPoint vc="0" uspid="1063" ordinal="1" offset="9" sl="249" path="1" offsetend="33" fileid="50" />
              </BranchPoints>
              <MethodPoint xsi:type="SequencePoint" vc="0" uspid="1056" ordinal="0" offset="0" sl="248" sc="9" el="248" ec="10" bec="0" bev="0" fileid="50" />
            </Method>
            <Method visited="false" cyclomaticComplexity="2" nPathComplexity="2" sequenceCoverage="0" branchCoverage="0" isConstructor="false" isStatic="true" isGetter="false" isSetter="false">
              <Summary numSequencePoints="6" visitedSequencePoints="0" numBranchPoints="3" visitedBranchPoints="0" sequenceCoverage="0" branchCoverage="0" maxCyclomaticComplexity="2" minCyclomaticComplexity="2" visitedClasses="0" numClasses="0" visitedMethods="0" numMethods="1" />
              <MetadataToken>100663453</MetadataToken>
              <Name>System.Void Puzzle.Core.Multitenancy.Internal.Logging.LibLog.LogExtensions::WarnFormat(Puzzle.Core.Multitenancy.Internal.Logging.LibLog.ILog,System.String,System.Object[])</Name>
              <FileRef uid="50" />
              <SequencePoints>
                <SequencePoint vc="0" uspid="1064" ordinal="0" offset="0" sl="256" sc="9" el="256" ec="10" bec="0" bev="0" fileid="50" />
                <SequencePoint vc="0" uspid="1065" ordinal="1" offset="1" sl="257" sc="13" el="257" ec="40" bec="2" bev="0" fileid="50" />
                <SequencePoint vc="0" uspid="1066" ordinal="2" offset="11" sl="258" sc="13" el="258" ec="14" bec="0" bev="0" fileid="50" />
                <SequencePoint vc="0" uspid="1067" ordinal="3" offset="12" sl="259" sc="17" el="259" ec="64" bec="0" bev="0" fileid="50" />
                <SequencePoint vc="0" uspid="1068" ordinal="4" offset="22" sl="260" sc="13" el="260" ec="14" bec="0" bev="0" fileid="50" />
                <SequencePoint vc="0" uspid="1069" ordinal="5" offset="23" sl="261" sc="9" el="261" ec="10" bec="0" bev="0" fileid="50" />
              </SequencePoints>
              <BranchPoints>
                <BranchPoint vc="0" uspid="1070" ordinal="0" offset="9" sl="257" path="0" offsetend="11" fileid="50" />
                <BranchPoint vc="0" uspid="1071" ordinal="1" offset="9" sl="257" path="1" offsetend="23" fileid="50" />
              </BranchPoints>
              <MethodPoint xsi:type="SequencePoint" vc="0" uspid="1064" ordinal="0" offset="0" sl="256" sc="9" el="256" ec="10" bec="0" bev="0" fileid="50" />
            </Method>
            <Method visited="false" cyclomaticComplexity="2" nPathComplexity="2" sequenceCoverage="0" branchCoverage="0" isConstructor="false" isStatic="true" isGetter="false" isSetter="false">
              <Summary numSequencePoints="6" visitedSequencePoints="0" numBranchPoints="3" visitedBranchPoints="0" sequenceCoverage="0" branchCoverage="0" maxCyclomaticComplexity="2" minCyclomaticComplexity="2" visitedClasses="0" numClasses="0" visitedMethods="0" numMethods="1" />
              <MetadataToken>100663454</MetadataToken>
              <Name>System.Void Puzzle.Core.Multitenancy.Internal.Logging.LibLog.LogExtensions::WarnException(Puzzle.Core.Multitenancy.Internal.Logging.LibLog.ILog,System.String,System.Exception,System.Object[])</Name>
              <FileRef uid="50" />
              <SequencePoints>
                <SequencePoint vc="0" uspid="1072" ordinal="0" offset="0" sl="264" sc="9" el="264" ec="10" bec="0" bev="0" fileid="50" />
                <SequencePoint vc="0" uspid="1073" ordinal="1" offset="1" sl="265" sc="13" el="265" ec="40" bec="2" bev="0" fileid="50" />
                <SequencePoint vc="0" uspid="1074" ordinal="2" offset="11" sl="266" sc="13" el="266" ec="14" bec="0" bev="0" fileid="50" />
                <SequencePoint vc="0" uspid="1075" ordinal="3" offset="12" sl="267" sc="17" el="267" ec="86" bec="0" bev="0" fileid="50" />
                <SequencePoint vc="0" uspid="1076" ordinal="4" offset="28" sl="268" sc="13" el="268" ec="14" bec="0" bev="0" fileid="50" />
                <SequencePoint vc="0" uspid="1077" ordinal="5" offset="29" sl="269" sc="9" el="269" ec="10" bec="0" bev="0" fileid="50" />
              </SequencePoints>
              <BranchPoints>
                <BranchPoint vc="0" uspid="1078" ordinal="0" offset="9" sl="265" path="0" offsetend="11" fileid="50" />
                <BranchPoint vc="0" uspid="1079" ordinal="1" offset="9" sl="265" path="1" offsetend="29" fileid="50" />
              </BranchPoints>
              <MethodPoint xsi:type="SequencePoint" vc="0" uspid="1072" ordinal="0" offset="0" sl="264" sc="9" el="264" ec="10" bec="0" bev="0" fileid="50" />
            </Method>
            <Method visited="true" cyclomaticComplexity="2" nPathComplexity="2" sequenceCoverage="60" branchCoverage="66.67" isConstructor="false" isStatic="true" isGetter="false" isSetter="false">
              <Summary numSequencePoints="5" visitedSequencePoints="3" numBranchPoints="3" visitedBranchPoints="2" sequenceCoverage="60" branchCoverage="66.67" maxCyclomaticComplexity="2" minCyclomaticComplexity="2" visitedClasses="0" numClasses="0" visitedMethods="1" numMethods="1" />
              <MetadataToken>100663455</MetadataToken>
              <Name>System.Void Puzzle.Core.Multitenancy.Internal.Logging.LibLog.LogExtensions::GuardAgainstNullLogger(Puzzle.Core.Multitenancy.Internal.Logging.LibLog.ILog)</Name>
              <FileRef uid="50" />
              <SequencePoints>
                <SequencePoint vc="260" uspid="1080" ordinal="0" offset="0" sl="273" sc="9" el="273" ec="10" bec="0" bev="0" fileid="50" />
                <SequencePoint vc="260" uspid="1081" ordinal="1" offset="1" sl="274" sc="13" el="274" ec="32" bec="2" bev="1" fileid="50" />
                <SequencePoint vc="0" uspid="1082" ordinal="2" offset="9" sl="275" sc="13" el="275" ec="14" bec="0" bev="0" fileid="50" />
                <SequencePoint vc="0" uspid="1083" ordinal="3" offset="10" sl="276" sc="17" el="276" ec="65" bec="0" bev="0" fileid="50" />
                <SequencePoint vc="260" uspid="1084" ordinal="4" offset="21" sl="278" sc="9" el="278" ec="10" bec="0" bev="0" fileid="50" />
              </SequencePoints>
              <BranchPoints>
                <BranchPoint vc="0" uspid="1085" ordinal="0" offset="7" sl="274" path="0" offsetend="9" fileid="50" />
                <BranchPoint vc="260" uspid="1086" ordinal="1" offset="7" sl="274" path="1" offsetend="21" fileid="50" />
              </BranchPoints>
              <MethodPoint xsi:type="SequencePoint" vc="260" uspid="1080" ordinal="0" offset="0" sl="273" sc="9" el="273" ec="10" bec="0" bev="0" fileid="50" />
            </Method>
            <Method visited="false" cyclomaticComplexity="1" nPathComplexity="0" sequenceCoverage="0" branchCoverage="0" isConstructor="false" isStatic="true" isGetter="false" isSetter="false">
              <Summary numSequencePoints="3" visitedSequencePoints="0" numBranchPoints="1" visitedBranchPoints="0" sequenceCoverage="0" branchCoverage="0" maxCyclomaticComplexity="1" minCyclomaticComplexity="1" visitedClasses="0" numClasses="0" visitedMethods="0" numMethods="1" />
              <MetadataToken>100663456</MetadataToken>
              <Name>System.Void Puzzle.Core.Multitenancy.Internal.Logging.LibLog.LogExtensions::LogFormat(Puzzle.Core.Multitenancy.Internal.Logging.LibLog.ILog,Puzzle.Core.Multitenancy.Internal.Logging.LibLog.LogLevel,System.String,System.Object[])</Name>
              <FileRef uid="50" />
              <SequencePoints>
                <SequencePoint vc="0" uspid="1087" ordinal="0" offset="0" sl="281" sc="9" el="281" ec="10" bec="0" bev="0" fileid="50" />
                <SequencePoint vc="0" uspid="1088" ordinal="1" offset="1" sl="282" sc="13" el="282" ec="64" bec="0" bev="0" fileid="50" />
                <SequencePoint vc="0" uspid="1089" ordinal="2" offset="17" sl="283" sc="9" el="283" ec="10" bec="0" bev="0" fileid="50" />
              </SequencePoints>
              <BranchPoints />
              <MethodPoint xsi:type="SequencePoint" vc="0" uspid="1087" ordinal="0" offset="0" sl="281" sc="9" el="281" ec="10" bec="0" bev="0" fileid="50" />
            </Method>
            <Method visited="true" cyclomaticComplexity="1" nPathComplexity="0" sequenceCoverage="100" branchCoverage="100" isConstructor="false" isStatic="true" isGetter="false" isSetter="false">
              <Summary numSequencePoints="3" visitedSequencePoints="3" numBranchPoints="1" visitedBranchPoints="1" sequenceCoverage="100" branchCoverage="100" maxCyclomaticComplexity="1" minCyclomaticComplexity="1" visitedClasses="0" numClasses="0" visitedMethods="1" numMethods="1" />
              <MetadataToken>100663457</MetadataToken>
              <Name>System.Func`1&lt;T&gt; Puzzle.Core.Multitenancy.Internal.Logging.LibLog.LogExtensions::AsFunc(T)</Name>
              <FileRef uid="50" />
              <SequencePoints>
                <SequencePoint vc="260" uspid="1090" ordinal="0" offset="0" sl="288" sc="9" el="288" ec="10" bec="0" bev="0" fileid="50" />
                <SequencePoint vc="260" uspid="1091" ordinal="1" offset="1" sl="289" sc="13" el="289" ec="33" bec="0" bev="0" fileid="50" />
                <SequencePoint vc="260" uspid="1092" ordinal="2" offset="21" sl="290" sc="9" el="290" ec="10" bec="0" bev="0" fileid="50" />
              </SequencePoints>
              <BranchPoints />
              <MethodPoint xsi:type="SequencePoint" vc="260" uspid="1090" ordinal="0" offset="0" sl="288" sc="9" el="288" ec="10" bec="0" bev="0" fileid="50" />
            </Method>
            <Method visited="false" cyclomaticComplexity="1" nPathComplexity="0" sequenceCoverage="0" branchCoverage="0" isConstructor="false" isStatic="true" isGetter="false" isSetter="false">
              <Summary numSequencePoints="3" visitedSequencePoints="0" numBranchPoints="1" visitedBranchPoints="0" sequenceCoverage="0" branchCoverage="0" maxCyclomaticComplexity="1" minCyclomaticComplexity="1" visitedClasses="0" numClasses="0" visitedMethods="0" numMethods="1" />
              <MetadataToken>100663458</MetadataToken>
              <Name>T Puzzle.Core.Multitenancy.Internal.Logging.LibLog.LogExtensions::Return(T)</Name>
              <FileRef uid="50" />
              <SequencePoints>
                <SequencePoint vc="0" uspid="1093" ordinal="0" offset="0" sl="293" sc="9" el="293" ec="10" bec="0" bev="0" fileid="50" />
                <SequencePoint vc="0" uspid="1094" ordinal="1" offset="1" sl="294" sc="13" el="294" ec="26" bec="0" bev="0" fileid="50" />
                <SequencePoint vc="0" uspid="1095" ordinal="2" offset="5" sl="295" sc="9" el="295" ec="10" bec="0" bev="0" fileid="50" />
              </SequencePoints>
              <BranchPoints />
              <MethodPoint xsi:type="SequencePoint" vc="0" uspid="1093" ordinal="0" offset="0" sl="293" sc="9" el="293" ec="10" bec="0" bev="0" fileid="50" />
            </Method>
          </Methods>
        </Class>
        <Class>
          <Summary numSequencePoints="17" visitedSequencePoints="5" numBranchPoints="7" visitedBranchPoints="1" sequenceCoverage="29.41" branchCoverage="14.29" maxCyclomaticComplexity="3" minCyclomaticComplexity="1" visitedClasses="1" numClasses="1" visitedMethods="1" numMethods="3" />
          <FullName>Puzzle.Core.Multitenancy.Internal.Logging.LibLog.LoggerExecutionWrapper</FullName>
          <Methods>
            <Method visited="false" cyclomaticComplexity="1" nPathComplexity="0" sequenceCoverage="0" branchCoverage="0" isConstructor="false" isStatic="false" isGetter="true" isSetter="false">
              <Summary numSequencePoints="3" visitedSequencePoints="0" numBranchPoints="1" visitedBranchPoints="0" sequenceCoverage="0" branchCoverage="0" maxCyclomaticComplexity="1" minCyclomaticComplexity="1" visitedClasses="0" numClasses="0" visitedMethods="0" numMethods="1" />
              <MetadataToken>100663460</MetadataToken>
              <Name>Puzzle.Core.Multitenancy.Internal.Logging.LibLog.Logger Puzzle.Core.Multitenancy.Internal.Logging.LibLog.LoggerExecutionWrapper::get_WrappedLogger()</Name>
              <FileRef uid="51" />
              <SequencePoints>
                <SequencePoint vc="0" uspid="1096" ordinal="0" offset="0" sl="59" sc="17" el="59" ec="18" bec="0" bev="0" fileid="51" />
                <SequencePoint vc="0" uspid="1097" ordinal="1" offset="1" sl="59" sc="19" el="59" ec="33" bec="0" bev="0" fileid="51" />
                <SequencePoint vc="0" uspid="1098" ordinal="2" offset="10" sl="59" sc="34" el="59" ec="35" bec="0" bev="0" fileid="51" />
              </SequencePoints>
              <BranchPoints />
              <MethodPoint xsi:type="SequencePoint" vc="0" uspid="1096" ordinal="0" offset="0" sl="59" sc="17" el="59" ec="18" bec="0" bev="0" fileid="51" />
            </Method>
            <Method visited="true" cyclomaticComplexity="3" nPathComplexity="0" sequenceCoverage="100" branchCoverage="100" isConstructor="true" isStatic="false" isGetter="false" isSetter="false">
              <Summary numSequencePoints="5" visitedSequencePoints="5" numBranchPoints="1" visitedBranchPoints="1" sequenceCoverage="100" branchCoverage="100" maxCyclomaticComplexity="3" minCyclomaticComplexity="3" visitedClasses="0" numClasses="0" visitedMethods="1" numMethods="1" />
              <MetadataToken>100663459</MetadataToken>
              <Name>System.Void Puzzle.Core.Multitenancy.Internal.Logging.LibLog.LoggerExecutionWrapper::.ctor(Puzzle.Core.Multitenancy.Internal.Logging.LibLog.Logger,System.Func`1&lt;System.Boolean&gt;)</Name>
              <FileRef uid="51" />
              <SequencePoints>
                <SequencePoint vc="152" uspid="1099" ordinal="0" offset="0" sl="51" sc="9" el="51" ec="88" bec="0" bev="0" fileid="51" />
                <SequencePoint vc="152" uspid="1100" ordinal="1" offset="7" sl="52" sc="9" el="52" ec="10" bec="0" bev="0" fileid="51" />
                <SequencePoint vc="152" uspid="1101" ordinal="2" offset="8" sl="53" sc="13" el="53" ec="34" bec="0" bev="0" fileid="51" />
                <SequencePoint vc="152" uspid="1102" ordinal="3" offset="15" sl="54" sc="13" el="54" ec="65" bec="0" bev="0" fileid="51" />
                <SequencePoint vc="152" uspid="1103" ordinal="4" offset="57" sl="55" sc="9" el="55" ec="10" bec="0" bev="0" fileid="51" />
              </SequencePoints>
              <BranchPoints />
              <MethodPoint xsi:type="SequencePoint" vc="152" uspid="1099" ordinal="0" offset="0" sl="51" sc="9" el="51" ec="88" bec="0" bev="0" fileid="51" />
            </Method>
            <Method visited="false" cyclomaticComplexity="3" nPathComplexity="4" sequenceCoverage="0" branchCoverage="0" isConstructor="false" isStatic="false" isGetter="false" isSetter="false">
              <Summary numSequencePoints="9" visitedSequencePoints="0" numBranchPoints="5" visitedBranchPoints="0" sequenceCoverage="0" branchCoverage="0" maxCyclomaticComplexity="3" minCyclomaticComplexity="3" visitedClasses="0" numClasses="0" visitedMethods="0" numMethods="1" />
              <MetadataToken>100663461</MetadataToken>
              <Name>System.Boolean Puzzle.Core.Multitenancy.Internal.Logging.LibLog.LoggerExecutionWrapper::Log(Puzzle.Core.Multitenancy.Internal.Logging.LibLog.LogLevel,System.Func`1&lt;System.String&gt;,System.Exception,System.Object[])</Name>
              <FileRef uid="51" />
              <SequencePoints>
                <SequencePoint vc="0" uspid="1108" ordinal="0" offset="20" sl="64" sc="9" el="64" ec="10" bec="0" bev="0" fileid="51" />
                <SequencePoint vc="0" uspid="1109" ordinal="1" offset="21" sl="65" sc="13" el="65" ec="33" bec="2" bev="0" fileid="51" />
                <SequencePoint vc="0" uspid="1110" ordinal="2" offset="36" sl="66" sc="13" el="66" ec="14" bec="0" bev="0" fileid="51" />
                <SequencePoint vc="0" uspid="1111" ordinal="3" offset="37" sl="67" sc="17" el="67" ec="30" bec="0" bev="0" fileid="51" />
                <SequencePoint vc="0" uspid="1112" ordinal="4" offset="41" sl="70" sc="13" el="70" ec="37" bec="2" bev="0" fileid="51" />
                <SequencePoint vc="0" uspid="1113" ordinal="5" offset="54" sl="71" sc="13" el="71" ec="14" bec="0" bev="0" fileid="51" />
                <SequencePoint vc="0" uspid="1114" ordinal="6" offset="55" sl="72" sc="17" el="72" ec="47" bec="0" bev="0" fileid="51" />
                <SequencePoint vc="0" uspid="1115" ordinal="7" offset="78" sl="89" sc="13" el="89" ec="86" bec="0" bev="0" fileid="51" />
                <SequencePoint vc="0" uspid="1116" ordinal="8" offset="108" sl="90" sc="9" el="90" ec="10" bec="0" bev="0" fileid="51" />
              </SequencePoints>
              <BranchPoints>
                <BranchPoint vc="0" uspid="1117" ordinal="0" offset="34" sl="65" path="0" offsetend="36" fileid="51" />
                <BranchPoint vc="0" uspid="1118" ordinal="1" offset="34" sl="65" path="1" offsetend="41" fileid="51" />
                <BranchPoint vc="0" uspid="1119" ordinal="2" offset="52" sl="70" path="0" offsetend="54" fileid="51" />
                <BranchPoint vc="0" uspid="1120" ordinal="3" offset="52" sl="70" path="1" offsetend="77" fileid="51" />
              </BranchPoints>
              <MethodPoint vc="0" uspid="1121" ordinal="0" offset="0" />
            </Method>
          </Methods>
        </Class>
        <Class>
          <Summary numSequencePoints="2" visitedSequencePoints="0" numBranchPoints="2" visitedBranchPoints="0" sequenceCoverage="0" branchCoverage="0" maxCyclomaticComplexity="1" minCyclomaticComplexity="1" visitedClasses="0" numClasses="1" visitedMethods="0" numMethods="2" />
          <FullName>Puzzle.Core.Multitenancy.Internal.Logging.LibLog.LoggerExecutionWrapper/&lt;&gt;c</FullName>
          <Methods>
            <Method visited="false" cyclomaticComplexity="1" nPathComplexity="0" sequenceCoverage="0" branchCoverage="0" isConstructor="true" isStatic="true" isGetter="false" isSetter="false">
              <Summary numSequencePoints="0" visitedSequencePoints="0" numBranchPoints="0" visitedBranchPoints="0" sequenceCoverage="0" branchCoverage="0" maxCyclomaticComplexity="1" minCyclomaticComplexity="1" visitedClasses="0" numClasses="0" visitedMethods="0" numMethods="0" />
              <MetadataToken>100663636</MetadataToken>
              <Name>System.Void Puzzle.Core.Multitenancy.Internal.Logging.LibLog.LoggerExecutionWrapper/&lt;&gt;c::.cctor()</Name>
              <SequencePoints />
              <BranchPoints />
              <MethodPoint vc="0" uspid="1122" ordinal="0" offset="0" />
            </Method>
            <Method visited="false" cyclomaticComplexity="1" nPathComplexity="0" sequenceCoverage="0" branchCoverage="0" isConstructor="true" isStatic="false" isGetter="false" isSetter="false">
              <Summary numSequencePoints="0" visitedSequencePoints="0" numBranchPoints="0" visitedBranchPoints="0" sequenceCoverage="0" branchCoverage="0" maxCyclomaticComplexity="1" minCyclomaticComplexity="1" visitedClasses="0" numClasses="0" visitedMethods="0" numMethods="0" />
              <MetadataToken>100663637</MetadataToken>
              <Name>System.Void Puzzle.Core.Multitenancy.Internal.Logging.LibLog.LoggerExecutionWrapper/&lt;&gt;c::.ctor()</Name>
              <SequencePoints />
              <BranchPoints />
              <MethodPoint vc="0" uspid="1123" ordinal="0" offset="0" />
            </Method>
            <Method visited="false" cyclomaticComplexity="1" nPathComplexity="0" sequenceCoverage="0" branchCoverage="0" isConstructor="false" isStatic="false" isGetter="false" isSetter="false">
              <Summary numSequencePoints="1" visitedSequencePoints="0" numBranchPoints="1" visitedBranchPoints="0" sequenceCoverage="0" branchCoverage="0" maxCyclomaticComplexity="1" minCyclomaticComplexity="1" visitedClasses="0" numClasses="0" visitedMethods="0" numMethods="1" />
              <MetadataToken>100663638</MetadataToken>
              <Name>System.Boolean Puzzle.Core.Multitenancy.Internal.Logging.LibLog.LoggerExecutionWrapper/&lt;&gt;c::&lt;.ctor&gt;b__3_0()</Name>
              <FileRef uid="51" />
              <SequencePoints>
                <SequencePoint vc="0" uspid="1124" ordinal="0" offset="0" sl="54" sc="58" el="54" ec="63" bec="0" bev="0" fileid="51" />
              </SequencePoints>
              <BranchPoints />
              <MethodPoint xsi:type="SequencePoint" vc="0" uspid="1124" ordinal="0" offset="0" sl="54" sc="58" el="54" ec="63" bec="0" bev="0" fileid="51" />
            </Method>
            <Method visited="false" cyclomaticComplexity="1" nPathComplexity="0" sequenceCoverage="0" branchCoverage="0" isConstructor="false" isStatic="false" isGetter="false" isSetter="false">
              <Summary numSequencePoints="1" visitedSequencePoints="0" numBranchPoints="1" visitedBranchPoints="0" sequenceCoverage="0" branchCoverage="0" maxCyclomaticComplexity="1" minCyclomaticComplexity="1" visitedClasses="0" numClasses="0" visitedMethods="0" numMethods="1" />
              <MetadataToken>100663639</MetadataToken>
              <Name>System.String Puzzle.Core.Multitenancy.Internal.Logging.LibLog.LoggerExecutionWrapper/&lt;&gt;c::&lt;Log&gt;b__6_1()</Name>
              <FileRef uid="51" />
              <SequencePoints>
                <SequencePoint vc="0" uspid="1125" ordinal="0" offset="0" sl="83" sc="47" el="83" ec="73" bec="0" bev="0" fileid="51" />
              </SequencePoints>
              <BranchPoints />
              <MethodPoint xsi:type="SequencePoint" vc="0" uspid="1125" ordinal="0" offset="0" sl="83" sc="47" el="83" ec="73" bec="0" bev="0" fileid="51" />
            </Method>
          </Methods>
        </Class>
        <Class>
          <Summary numSequencePoints="9" visitedSequencePoints="0" numBranchPoints="1" visitedBranchPoints="0" sequenceCoverage="0" branchCoverage="0" maxCyclomaticComplexity="2" minCyclomaticComplexity="1" visitedClasses="0" numClasses="1" visitedMethods="0" numMethods="1" />
          <FullName>Puzzle.Core.Multitenancy.Internal.Logging.LibLog.LoggerExecutionWrapper/&lt;&gt;c__DisplayClass6_0</FullName>
          <Methods>
            <Method visited="false" cyclomaticComplexity="1" nPathComplexity="0" sequenceCoverage="0" branchCoverage="0" isConstructor="true" isStatic="false" isGetter="false" isSetter="false">
              <Summary numSequencePoints="0" visitedSequencePoints="0" numBranchPoints="0" visitedBranchPoints="0" sequenceCoverage="0" branchCoverage="0" maxCyclomaticComplexity="1" minCyclomaticComplexity="1" visitedClasses="0" numClasses="0" visitedMethods="0" numMethods="0" />
              <MetadataToken>100663640</MetadataToken>
              <Name>System.Void Puzzle.Core.Multitenancy.Internal.Logging.LibLog.LoggerExecutionWrapper/&lt;&gt;c__DisplayClass6_0::.ctor()</Name>
              <SequencePoints />
              <BranchPoints />
              <MethodPoint vc="0" uspid="1126" ordinal="0" offset="0" />
            </Method>
            <Method visited="false" cyclomaticComplexity="2" nPathComplexity="0" sequenceCoverage="0" branchCoverage="0" isConstructor="false" isStatic="false" isGetter="false" isSetter="false">
              <Summary numSequencePoints="9" visitedSequencePoints="0" numBranchPoints="1" visitedBranchPoints="0" sequenceCoverage="0" branchCoverage="0" maxCyclomaticComplexity="2" minCyclomaticComplexity="2" visitedClasses="0" numClasses="0" visitedMethods="0" numMethods="1" />
              <MetadataToken>100663641</MetadataToken>
              <Name>System.String Puzzle.Core.Multitenancy.Internal.Logging.LibLog.LoggerExecutionWrapper/&lt;&gt;c__DisplayClass6_0::&lt;Log&gt;g__WrappedMessageFunc|0()</Name>
              <FileRef uid="51" />
              <SequencePoints>
                <SequencePoint vc="0" uspid="1127" ordinal="0" offset="0" sl="76" sc="13" el="76" ec="14" bec="0" bev="0" fileid="51" />
                <SequencePoint vc="0" uspid="1128" ordinal="1" offset="1" sl="78" sc="17" el="78" ec="18" bec="0" bev="0" fileid="51" />
                <SequencePoint vc="0" uspid="1129" ordinal="2" offset="2" sl="79" sc="21" el="79" ec="42" bec="0" bev="0" fileid="51" />
                <SequencePoint vc="0" uspid="1130" ordinal="3" offset="16" sl="81" sc="17" el="81" ec="37" bec="0" bev="0" fileid="51" />
                <SequencePoint vc="0" uspid="1131" ordinal="4" offset="17" sl="82" sc="17" el="82" ec="18" bec="0" bev="0" fileid="51" />
                <SequencePoint vc="0" uspid="1132" ordinal="5" offset="18" sl="83" sc="21" el="83" ec="79" bec="0" bev="0" fileid="51" />
                <SequencePoint vc="0" uspid="1133" ordinal="6" offset="68" sl="84" sc="17" el="84" ec="18" bec="0" bev="0" fileid="51" />
                <SequencePoint vc="0" uspid="1134" ordinal="7" offset="71" sl="86" sc="17" el="86" ec="29" bec="0" bev="0" fileid="51" />
                <SequencePoint vc="0" uspid="1135" ordinal="8" offset="75" sl="87" sc="13" el="87" ec="14" bec="0" bev="0" fileid="51" />
              </SequencePoints>
              <BranchPoints />
              <MethodPoint xsi:type="SequencePoint" vc="0" uspid="1127" ordinal="0" offset="0" sl="76" sc="13" el="76" ec="14" bec="0" bev="0" fileid="51" />
            </Method>
          </Methods>
        </Class>
        <Class>
          <Summary numSequencePoints="54" visitedSequencePoints="28" numBranchPoints="23" visitedBranchPoints="9" sequenceCoverage="51.85" branchCoverage="39.13" maxCyclomaticComplexity="5" minCyclomaticComplexity="1" visitedClasses="1" numClasses="1" visitedMethods="6" numMethods="11" />
          <FullName>Puzzle.Core.Multitenancy.Internal.Logging.LibLog.LogProvider</FullName>
          <Methods>
            <Method skippedDueTo="AutoImplementedProperty" visited="false" cyclomaticComplexity="1" nPathComplexity="0" sequenceCoverage="0" branchCoverage="0" isConstructor="false" isStatic="true" isGetter="true" isSetter="false">
              <MetadataToken>100663463</MetadataToken>
              <Name>System.Boolean Puzzle.Core.Multitenancy.Internal.Logging.LibLog.LogProvider::get_IsDisabled()</Name>
              <FileRef uid="54" />
              <SequencePoints />
              <BranchPoints />
            </Method>
            <Method skippedDueTo="AutoImplementedProperty" visited="false" cyclomaticComplexity="1" nPathComplexity="0" sequenceCoverage="0" branchCoverage="0" isConstructor="false" isStatic="true" isGetter="false" isSetter="true">
              <MetadataToken>100663464</MetadataToken>
              <Name>System.Void Puzzle.Core.Multitenancy.Internal.Logging.LibLog.LogProvider::set_IsDisabled(System.Boolean)</Name>
              <FileRef uid="54" />
              <SequencePoints />
              <BranchPoints />
            </Method>
            <Method visited="false" cyclomaticComplexity="1" nPathComplexity="0" sequenceCoverage="0" branchCoverage="0" isConstructor="false" isStatic="true" isGetter="false" isSetter="true">
              <Summary numSequencePoints="4" visitedSequencePoints="0" numBranchPoints="1" visitedBranchPoints="0" sequenceCoverage="0" branchCoverage="0" maxCyclomaticComplexity="1" minCyclomaticComplexity="1" visitedClasses="0" numClasses="0" visitedMethods="0" numMethods="1" />
              <MetadataToken>100663465</MetadataToken>
              <Name>System.Void Puzzle.Core.Multitenancy.Internal.Logging.LibLog.LogProvider::set_OnCurrentLogProviderSet(System.Action`1&lt;Puzzle.Core.Multitenancy.Internal.Logging.LibLog.ILogProvider&gt;)</Name>
              <FileRef uid="54" />
              <SequencePoints>
                <SequencePoint vc="0" uspid="1138" ordinal="0" offset="0" sl="95" sc="13" el="95" ec="14" bec="0" bev="0" fileid="54" />
                <SequencePoint vc="0" uspid="1139" ordinal="1" offset="1" sl="96" sc="17" el="96" ec="49" bec="0" bev="0" fileid="54" />
                <SequencePoint vc="0" uspid="1140" ordinal="2" offset="7" sl="97" sc="17" el="97" ec="48" bec="0" bev="0" fileid="54" />
                <SequencePoint vc="0" uspid="1141" ordinal="3" offset="13" sl="98" sc="13" el="98" ec="14" bec="0" bev="0" fileid="54" />
              </SequencePoints>
              <BranchPoints />
              <MethodPoint xsi:type="SequencePoint" vc="0" uspid="1138" ordinal="0" offset="0" sl="95" sc="13" el="95" ec="14" bec="0" bev="0" fileid="54" />
            </Method>
            <Method visited="true" cyclomaticComplexity="2" nPathComplexity="0" sequenceCoverage="100" branchCoverage="100" isConstructor="false" isStatic="true" isGetter="true" isSetter="false">
              <Summary numSequencePoints="3" visitedSequencePoints="3" numBranchPoints="1" visitedBranchPoints="1" sequenceCoverage="100" branchCoverage="100" maxCyclomaticComplexity="2" minCyclomaticComplexity="2" visitedClasses="0" numClasses="0" visitedMethods="1" numMethods="1" />
              <MetadataToken>100663466</MetadataToken>
              <Name>Puzzle.Core.Multitenancy.Internal.Logging.LibLog.ILogProvider Puzzle.Core.Multitenancy.Internal.Logging.LibLog.LogProvider::get_CurrentLogProvider()</Name>
              <FileRef uid="54" />
              <SequencePoints>
                <SequencePoint vc="152" uspid="1142" ordinal="0" offset="0" sl="104" sc="13" el="104" ec="14" bec="0" bev="0" fileid="54" />
                <SequencePoint vc="152" uspid="1143" ordinal="1" offset="1" sl="105" sc="17" el="105" ec="43" bec="0" bev="0" fileid="54" />
                <SequencePoint vc="152" uspid="1144" ordinal="2" offset="74" sl="106" sc="13" el="106" ec="14" bec="0" bev="0" fileid="54" />
              </SequencePoints>
              <BranchPoints />
              <MethodPoint xsi:type="SequencePoint" vc="152" uspid="1142" ordinal="0" offset="0" sl="104" sc="13" el="104" ec="14" bec="0" bev="0" fileid="54" />
            </Method>
            <Method visited="true" cyclomaticComplexity="1" nPathComplexity="0" sequenceCoverage="100" branchCoverage="100" isConstructor="true" isStatic="true" isGetter="false" isSetter="false">
              <Summary numSequencePoints="4" visitedSequencePoints="4" numBranchPoints="1" visitedBranchPoints="1" sequenceCoverage="100" branchCoverage="100" maxCyclomaticComplexity="1" minCyclomaticComplexity="1" visitedClasses="0" numClasses="0" visitedMethods="1" numMethods="1" />
              <MetadataToken>100663462</MetadataToken>
              <Name>System.Void Puzzle.Core.Multitenancy.Internal.Logging.LibLog.LogProvider::.cctor()</Name>
              <FileRef uid="54" />
              <SequencePoints>
                <SequencePoint vc="2" uspid="1147" ordinal="0" offset="0" sl="51" sc="9" el="59" ec="11" bec="0" bev="0" fileid="54" />
                <SequencePoint vc="2" uspid="1148" ordinal="1" offset="212" sl="69" sc="9" el="69" ec="10" bec="0" bev="0" fileid="54" />
                <SequencePoint vc="2" uspid="1149" ordinal="2" offset="213" sl="70" sc="13" el="70" ec="32" bec="0" bev="0" fileid="54" />
                <SequencePoint vc="2" uspid="1150" ordinal="3" offset="220" sl="71" sc="9" el="71" ec="10" bec="0" bev="0" fileid="54" />
              </SequencePoints>
              <BranchPoints />
              <MethodPoint xsi:type="SequencePoint" vc="2" uspid="1147" ordinal="0" offset="0" sl="51" sc="9" el="59" ec="11" bec="0" bev="0" fileid="54" />
            </Method>
            <Method visited="false" cyclomaticComplexity="1" nPathComplexity="0" sequenceCoverage="0" branchCoverage="0" isConstructor="false" isStatic="true" isGetter="false" isSetter="false">
              <Summary numSequencePoints="4" visitedSequencePoints="0" numBranchPoints="1" visitedBranchPoints="0" sequenceCoverage="0" branchCoverage="0" maxCyclomaticComplexity="1" minCyclomaticComplexity="1" visitedClasses="0" numClasses="0" visitedMethods="0" numMethods="1" />
              <MetadataToken>100663467</MetadataToken>
              <Name>System.Void Puzzle.Core.Multitenancy.Internal.Logging.LibLog.LogProvider::SetCurrentLogProvider(Puzzle.Core.Multitenancy.Internal.Logging.LibLog.ILogProvider)</Name>
              <FileRef uid="54" />
              <SequencePoints>
                <SequencePoint vc="0" uspid="1151" ordinal="0" offset="0" sl="114" sc="9" el="114" ec="10" bec="0" bev="0" fileid="54" />
                <SequencePoint vc="0" uspid="1152" ordinal="1" offset="1" sl="115" sc="13" el="115" ec="46" bec="0" bev="0" fileid="54" />
                <SequencePoint vc="0" uspid="1153" ordinal="2" offset="7" sl="117" sc="13" el="117" ec="44" bec="0" bev="0" fileid="54" />
                <SequencePoint vc="0" uspid="1154" ordinal="3" offset="13" sl="118" sc="9" el="118" ec="10" bec="0" bev="0" fileid="54" />
              </SequencePoints>
              <BranchPoints />
              <MethodPoint xsi:type="SequencePoint" vc="0" uspid="1151" ordinal="0" offset="0" sl="114" sc="9" el="114" ec="10" bec="0" bev="0" fileid="54" />
            </Method>
            <Method visited="true" cyclomaticComplexity="1" nPathComplexity="0" sequenceCoverage="100" branchCoverage="100" isConstructor="false" isStatic="true" isGetter="false" isSetter="false">
              <Summary numSequencePoints="3" visitedSequencePoints="3" numBranchPoints="1" visitedBranchPoints="1" sequenceCoverage="100" branchCoverage="100" maxCyclomaticComplexity="1" minCyclomaticComplexity="1" visitedClasses="0" numClasses="0" visitedMethods="1" numMethods="1" />
              <MetadataToken>100663468</MetadataToken>
              <Name>Puzzle.Core.Multitenancy.Internal.Logging.LibLog.ILog Puzzle.Core.Multitenancy.Internal.Logging.LibLog.LogProvider::For()</Name>
              <FileRef uid="54" />
              <SequencePoints>
                <SequencePoint vc="152" uspid="1155" ordinal="0" offset="0" sl="126" sc="9" el="126" ec="10" bec="0" bev="0" fileid="54" />
                <SequencePoint vc="152" uspid="1156" ordinal="1" offset="1" sl="127" sc="13" el="127" ec="41" bec="0" bev="0" fileid="54" />
                <SequencePoint vc="152" uspid="1157" ordinal="2" offset="24" sl="128" sc="9" el="128" ec="10" bec="0" bev="0" fileid="54" />
              </SequencePoints>
              <BranchPoints />
              <MethodPoint xsi:type="SequencePoint" vc="152" uspid="1155" ordinal="0" offset="0" sl="126" sc="9" el="126" ec="10" bec="0" bev="0" fileid="54" />
            </Method>
            <Method visited="true" cyclomaticComplexity="3" nPathComplexity="2" sequenceCoverage="100" branchCoverage="66.67" isConstructor="false" isStatic="true" isGetter="false" isSetter="false">
              <Summary numSequencePoints="3" visitedSequencePoints="3" numBranchPoints="3" visitedBranchPoints="2" sequenceCoverage="100" branchCoverage="66.67" maxCyclomaticComplexity="3" minCyclomaticComplexity="3" visitedClasses="0" numClasses="0" visitedMethods="1" numMethods="1" />
              <MetadataToken>100663469</MetadataToken>
              <Name>Puzzle.Core.Multitenancy.Internal.Logging.LibLog.ILog Puzzle.Core.Multitenancy.Internal.Logging.LibLog.LogProvider::GetLogger(System.Type,System.String)</Name>
              <FileRef uid="54" />
              <SequencePoints>
                <SequencePoint vc="152" uspid="1158" ordinal="0" offset="0" sl="150" sc="9" el="150" ec="10" bec="0" bev="0" fileid="54" />
                <SequencePoint vc="152" uspid="1159" ordinal="1" offset="1" sl="152" sc="13" el="152" ec="79" bec="2" bev="1" fileid="54" />
                <SequencePoint vc="152" uspid="1160" ordinal="2" offset="27" sl="153" sc="9" el="153" ec="10" bec="0" bev="0" fileid="54" />
              </SequencePoints>
              <BranchPoints>
                <BranchPoint vc="0" uspid="1161" ordinal="0" offset="8" sl="152" path="0" offsetend="10" fileid="54" />
                <BranchPoint vc="152" uspid="1162" ordinal="1" offset="8" sl="152" path="1" offsetend="13" fileid="54" />
              </BranchPoints>
              <MethodPoint xsi:type="SequencePoint" vc="152" uspid="1158" ordinal="0" offset="0" sl="150" sc="9" el="150" ec="10" bec="0" bev="0" fileid="54" />
            </Method>
            <Method visited="true" cyclomaticComplexity="5" nPathComplexity="2" sequenceCoverage="100" branchCoverage="66.67" isConstructor="false" isStatic="true" isGetter="false" isSetter="false">
              <Summary numSequencePoints="4" visitedSequencePoints="4" numBranchPoints="3" visitedBranchPoints="2" sequenceCoverage="100" branchCoverage="66.67" maxCyclomaticComplexity="5" minCyclomaticComplexity="5" visitedClasses="0" numClasses="0" visitedMethods="1" numMethods="1" />
              <MetadataToken>100663470</MetadataToken>
              <Name>Puzzle.Core.Multitenancy.Internal.Logging.LibLog.ILog Puzzle.Core.Multitenancy.Internal.Logging.LibLog.LogProvider::GetLogger(System.String)</Name>
              <FileRef uid="54" />
              <SequencePoints>
                <SequencePoint vc="152" uspid="1163" ordinal="0" offset="0" sl="161" sc="9" el="161" ec="10" bec="0" bev="0" fileid="54" />
                <SequencePoint vc="152" uspid="1164" ordinal="1" offset="1" sl="162" sc="13" el="162" ec="83" bec="2" bev="1" fileid="54" />
                <SequencePoint vc="152" uspid="1165" ordinal="2" offset="16" sl="163" sc="13" el="165" ec="99" bec="0" bev="0" fileid="54" />
                <SequencePoint vc="152" uspid="1166" ordinal="3" offset="76" sl="166" sc="9" el="166" ec="10" bec="0" bev="0" fileid="54" />
              </SequencePoints>
              <BranchPoints>
                <BranchPoint vc="152" uspid="1167" ordinal="0" offset="7" sl="162" path="0" offsetend="9" fileid="54" />
                <BranchPoint vc="0" uspid="1168" ordinal="1" offset="7" sl="162" path="1" offsetend="15" fileid="54" />
              </BranchPoints>
              <MethodPoint xsi:type="SequencePoint" vc="152" uspid="1163" ordinal="0" offset="0" sl="161" sc="9" el="161" ec="10" bec="0" bev="0" fileid="54" />
            </Method>
            <Method visited="false" cyclomaticComplexity="4" nPathComplexity="2" sequenceCoverage="0" branchCoverage="0" isConstructor="false" isStatic="true" isGetter="false" isSetter="false">
              <Summary numSequencePoints="4" visitedSequencePoints="0" numBranchPoints="3" visitedBranchPoints="0" sequenceCoverage="0" branchCoverage="0" maxCyclomaticComplexity="4" minCyclomaticComplexity="4" visitedClasses="0" numClasses="0" visitedMethods="0" numMethods="1" />
              <MetadataToken>100663471</MetadataToken>
              <Name>System.IDisposable Puzzle.Core.Multitenancy.Internal.Logging.LibLog.LogProvider::OpenNestedContext(System.String)</Name>
              <FileRef uid="54" />
              <SequencePoints>
                <SequencePoint vc="0" uspid="1173" ordinal="0" offset="0" sl="175" sc="9" el="175" ec="10" bec="0" bev="0" fileid="54" />
                <SequencePoint vc="0" uspid="1174" ordinal="1" offset="1" sl="176" sc="13" el="176" ec="83" bec="2" bev="0" fileid="54" />
                <SequencePoint vc="0" uspid="1175" ordinal="2" offset="16" sl="178" sc="13" el="180" ec="58" bec="0" bev="0" fileid="54" />
                <SequencePoint vc="0" uspid="1176" ordinal="3" offset="69" sl="181" sc="9" el="181" ec="10" bec="0" bev="0" fileid="54" />
              </SequencePoints>
              <BranchPoints>
                <BranchPoint vc="0" uspid="1177" ordinal="0" offset="7" sl="176" path="0" offsetend="9" fileid="54" />
                <BranchPoint vc="0" uspid="1178" ordinal="1" offset="7" sl="176" path="1" offsetend="15" fileid="54" />
              </BranchPoints>
              <MethodPoint xsi:type="SequencePoint" vc="0" uspid="1173" ordinal="0" offset="0" sl="175" sc="9" el="175" ec="10" bec="0" bev="0" fileid="54" />
            </Method>
            <Method visited="false" cyclomaticComplexity="4" nPathComplexity="2" sequenceCoverage="0" branchCoverage="0" isConstructor="false" isStatic="true" isGetter="false" isSetter="false">
              <Summary numSequencePoints="4" visitedSequencePoints="0" numBranchPoints="3" visitedBranchPoints="0" sequenceCoverage="0" branchCoverage="0" maxCyclomaticComplexity="4" minCyclomaticComplexity="4" visitedClasses="0" numClasses="0" visitedMethods="0" numMethods="1" />
              <MetadataToken>100663472</MetadataToken>
              <Name>System.IDisposable Puzzle.Core.Multitenancy.Internal.Logging.LibLog.LogProvider::OpenMappedContext(System.String,System.String)</Name>
              <FileRef uid="54" />
              <SequencePoints>
                <SequencePoint vc="0" uspid="1183" ordinal="0" offset="0" sl="191" sc="9" el="191" ec="10" bec="0" bev="0" fileid="54" />
                <SequencePoint vc="0" uspid="1184" ordinal="1" offset="1" sl="192" sc="13" el="192" ec="83" bec="2" bev="0" fileid="54" />
                <SequencePoint vc="0" uspid="1185" ordinal="2" offset="16" sl="194" sc="13" el="196" ec="61" bec="0" bev="0" fileid="54" />
                <SequencePoint vc="0" uspid="1186" ordinal="3" offset="70" sl="197" sc="9" el="197" ec="10" bec="0" bev="0" fileid="54" />
              </SequencePoints>
              <BranchPoints>
                <BranchPoint vc="0" uspid="1187" ordinal="0" offset="7" sl="192" path="0" offsetend="9" fileid="54" />
                <BranchPoint vc="0" uspid="1188" ordinal="1" offset="7" sl="192" path="1" offsetend="15" fileid="54" />
              </BranchPoints>
              <MethodPoint xsi:type="SequencePoint" vc="0" uspid="1183" ordinal="0" offset="0" sl="191" sc="9" el="191" ec="10" bec="0" bev="0" fileid="54" />
            </Method>
            <Method visited="true" cyclomaticComplexity="3" nPathComplexity="2" sequenceCoverage="61.11" branchCoverage="66.67" isConstructor="false" isStatic="true" isGetter="false" isSetter="false">
              <Summary numSequencePoints="18" visitedSequencePoints="11" numBranchPoints="3" visitedBranchPoints="2" sequenceCoverage="61.11" branchCoverage="66.67" maxCyclomaticComplexity="3" minCyclomaticComplexity="3" visitedClasses="0" numClasses="0" visitedMethods="1" numMethods="1" />
              <MetadataToken>100663473</MetadataToken>
              <Name>Puzzle.Core.Multitenancy.Internal.Logging.LibLog.ILogProvider Puzzle.Core.Multitenancy.Internal.Logging.LibLog.LogProvider::ResolveLogProvider()</Name>
              <FileRef uid="54" />
              <SequencePoints>
                <SequencePoint vc="152" uspid="1193" ordinal="0" offset="0" sl="203" sc="9" el="203" ec="10" bec="0" bev="0" fileid="54" />
                <SequencePoint vc="152" uspid="1194" ordinal="1" offset="1" sl="205" sc="13" el="205" ec="14" bec="0" bev="0" fileid="54" />
                <SequencePoint vc="152" uspid="1195" ordinal="2" offset="2" sl="206" sc="17" el="206" ec="24" bec="0" bev="0" fileid="54" />
                <SequencePoint vc="152" uspid="1196" ordinal="3" offset="3" sl="206" sc="90" el="206" ec="110" bec="0" bev="0" fileid="54" />
                <SequencePoint vc="152" uspid="1197" ordinal="4" offset="16" sl="206" sc="26" el="206" ec="86" bec="0" bev="0" fileid="54" />
                <SequencePoint vc="152" uspid="1198" ordinal="5" offset="24" sl="207" sc="17" el="207" ec="18" bec="0" bev="0" fileid="54" />
                <SequencePoint vc="152" uspid="1199" ordinal="6" offset="25" sl="208" sc="21" el="208" ec="50" bec="2" bev="1" fileid="54" />
                <SequencePoint vc="152" uspid="1200" ordinal="7" offset="40" sl="209" sc="21" el="209" ec="22" bec="0" bev="0" fileid="54" />
                <SequencePoint vc="152" uspid="1201" ordinal="8" offset="41" sl="210" sc="25" el="210" ec="57" bec="0" bev="0" fileid="54" />
                <SequencePoint vc="0" uspid="1202" ordinal="9" offset="55" sl="212" sc="17" el="212" ec="18" bec="0" bev="0" fileid="54" />
                <SequencePoint vc="152" uspid="1203" ordinal="10" offset="56" sl="206" sc="87" el="206" ec="89" bec="0" bev="0" fileid="54" />
                <SequencePoint vc="0" uspid="1204" ordinal="11" offset="82" sl="213" sc="13" el="213" ec="14" bec="0" bev="0" fileid="54" />
                <SequencePoint vc="0" uspid="1205" ordinal="12" offset="85" sl="214" sc="13" el="214" ec="33" bec="0" bev="0" fileid="54" />
                <SequencePoint vc="0" uspid="1206" ordinal="13" offset="87" sl="215" sc="13" el="215" ec="14" bec="0" bev="0" fileid="54" />
                <SequencePoint vc="0" uspid="1207" ordinal="14" offset="88" sl="216" sc="17" el="219" ec="25" bec="0" bev="0" fileid="54" />
                <SequencePoint vc="0" uspid="1208" ordinal="15" offset="121" sl="220" sc="13" el="220" ec="14" bec="0" bev="0" fileid="54" />
                <SequencePoint vc="0" uspid="1209" ordinal="16" offset="124" sl="222" sc="13" el="222" ec="25" bec="0" bev="0" fileid="54" />
                <SequencePoint vc="152" uspid="1210" ordinal="17" offset="128" sl="223" sc="9" el="223" ec="10" bec="0" bev="0" fileid="54" />
              </SequencePoints>
              <BranchPoints>
                <BranchPoint vc="152" uspid="1211" ordinal="0" offset="38" sl="208" path="0" offsetend="40" fileid="54" />
                <BranchPoint vc="0" uspid="1212" ordinal="1" offset="38" sl="208" path="1" offsetend="55" fileid="54" />
              </BranchPoints>
              <MethodPoint xsi:type="SequencePoint" vc="152" uspid="1193" ordinal="0" offset="0" sl="203" sc="9" el="203" ec="10" bec="0" bev="0" fileid="54" />
            </Method>
            <Method visited="false" cyclomaticComplexity="3" nPathComplexity="2" sequenceCoverage="0" branchCoverage="0" isConstructor="false" isStatic="true" isGetter="false" isSetter="false">
              <Summary numSequencePoints="3" visitedSequencePoints="0" numBranchPoints="3" visitedBranchPoints="0" sequenceCoverage="0" branchCoverage="0" maxCyclomaticComplexity="3" minCyclomaticComplexity="3" visitedClasses="0" numClasses="0" visitedMethods="0" numMethods="1" />
              <MetadataToken>100663474</MetadataToken>
              <Name>System.Void Puzzle.Core.Multitenancy.Internal.Logging.LibLog.LogProvider::RaiseOnCurrentLogProviderSet()</Name>
              <FileRef uid="54" />
              <SequencePoints>
                <SequencePoint vc="0" uspid="1215" ordinal="0" offset="0" sl="226" sc="9" el="226" ec="10" bec="0" bev="0" fileid="54" />
                <SequencePoint vc="0" uspid="1216" ordinal="1" offset="1" sl="227" sc="13" el="227" ec="65" bec="2" bev="0" fileid="54" />
                <SequencePoint vc="0" uspid="1217" ordinal="2" offset="110" sl="228" sc="9" el="228" ec="10" bec="0" bev="0" fileid="54" />
              </SequencePoints>
              <BranchPoints>
                <BranchPoint vc="0" uspid="1218" ordinal="0" offset="8" sl="227" path="0" offsetchain="10" offsetend="110" fileid="54" />
                <BranchPoint vc="0" uspid="1219" ordinal="1" offset="8" sl="227" path="1" offsetend="12" fileid="54" />
              </BranchPoints>
              <MethodPoint xsi:type="SequencePoint" vc="0" uspid="1215" ordinal="0" offset="0" sl="226" sc="9" el="226" ec="10" bec="0" bev="0" fileid="54" />
            </Method>
          </Methods>
        </Class>
        <Class>
          <Summary numSequencePoints="0" visitedSequencePoints="0" numBranchPoints="0" visitedBranchPoints="0" sequenceCoverage="0" branchCoverage="0" maxCyclomaticComplexity="0" minCyclomaticComplexity="0" visitedClasses="0" numClasses="0" visitedMethods="0" numMethods="0" />
          <FullName>Puzzle.Core.Multitenancy.Internal.Logging.LibLog.LogProvider/IsLoggerAvailable</FullName>
          <Methods>
            <Method skippedDueTo="Unknown" visited="false" cyclomaticComplexity="0" nPathComplexity="0" sequenceCoverage="0" branchCoverage="0" isConstructor="true" isStatic="false" isGetter="false" isSetter="false">
              <MetadataToken>100663642</MetadataToken>
              <Name>System.Void Puzzle.Core.Multitenancy.Internal.Logging.LibLog.LogProvider/IsLoggerAvailable::.ctor(System.Object,System.IntPtr)</Name>
              <SequencePoints />
              <BranchPoints />
            </Method>
            <Method skippedDueTo="Unknown" visited="false" cyclomaticComplexity="0" nPathComplexity="0" sequenceCoverage="0" branchCoverage="0" isConstructor="false" isStatic="false" isGetter="false" isSetter="false">
              <MetadataToken>100663643</MetadataToken>
              <Name>System.Boolean Puzzle.Core.Multitenancy.Internal.Logging.LibLog.LogProvider/IsLoggerAvailable::Invoke()</Name>
              <SequencePoints />
              <BranchPoints />
            </Method>
            <Method skippedDueTo="Unknown" visited="false" cyclomaticComplexity="0" nPathComplexity="0" sequenceCoverage="0" branchCoverage="0" isConstructor="false" isStatic="false" isGetter="false" isSetter="false">
              <MetadataToken>100663644</MetadataToken>
              <Name>System.IAsyncResult Puzzle.Core.Multitenancy.Internal.Logging.LibLog.LogProvider/IsLoggerAvailable::BeginInvoke(System.AsyncCallback,System.Object)</Name>
              <SequencePoints />
              <BranchPoints />
            </Method>
            <Method skippedDueTo="Unknown" visited="false" cyclomaticComplexity="0" nPathComplexity="0" sequenceCoverage="0" branchCoverage="0" isConstructor="false" isStatic="false" isGetter="false" isSetter="false">
              <MetadataToken>100663645</MetadataToken>
              <Name>System.Boolean Puzzle.Core.Multitenancy.Internal.Logging.LibLog.LogProvider/IsLoggerAvailable::EndInvoke(System.IAsyncResult)</Name>
              <SequencePoints />
              <BranchPoints />
            </Method>
          </Methods>
        </Class>
        <Class>
          <Summary numSequencePoints="0" visitedSequencePoints="0" numBranchPoints="0" visitedBranchPoints="0" sequenceCoverage="0" branchCoverage="0" maxCyclomaticComplexity="0" minCyclomaticComplexity="0" visitedClasses="0" numClasses="0" visitedMethods="0" numMethods="0" />
          <FullName>Puzzle.Core.Multitenancy.Internal.Logging.LibLog.LogProvider/CreateLogProvider</FullName>
          <Methods>
            <Method skippedDueTo="Unknown" visited="false" cyclomaticComplexity="0" nPathComplexity="0" sequenceCoverage="0" branchCoverage="0" isConstructor="true" isStatic="false" isGetter="false" isSetter="false">
              <MetadataToken>100663646</MetadataToken>
              <Name>System.Void Puzzle.Core.Multitenancy.Internal.Logging.LibLog.LogProvider/CreateLogProvider::.ctor(System.Object,System.IntPtr)</Name>
              <SequencePoints />
              <BranchPoints />
            </Method>
            <Method skippedDueTo="Unknown" visited="false" cyclomaticComplexity="0" nPathComplexity="0" sequenceCoverage="0" branchCoverage="0" isConstructor="false" isStatic="false" isGetter="false" isSetter="false">
              <MetadataToken>100663647</MetadataToken>
              <Name>Puzzle.Core.Multitenancy.Internal.Logging.LibLog.ILogProvider Puzzle.Core.Multitenancy.Internal.Logging.LibLog.LogProvider/CreateLogProvider::Invoke()</Name>
              <SequencePoints />
              <BranchPoints />
            </Method>
            <Method skippedDueTo="Unknown" visited="false" cyclomaticComplexity="0" nPathComplexity="0" sequenceCoverage="0" branchCoverage="0" isConstructor="false" isStatic="false" isGetter="false" isSetter="false">
              <MetadataToken>100663648</MetadataToken>
              <Name>System.IAsyncResult Puzzle.Core.Multitenancy.Internal.Logging.LibLog.LogProvider/CreateLogProvider::BeginInvoke(System.AsyncCallback,System.Object)</Name>
              <SequencePoints />
              <BranchPoints />
            </Method>
            <Method skippedDueTo="Unknown" visited="false" cyclomaticComplexity="0" nPathComplexity="0" sequenceCoverage="0" branchCoverage="0" isConstructor="false" isStatic="false" isGetter="false" isSetter="false">
              <MetadataToken>100663649</MetadataToken>
              <Name>Puzzle.Core.Multitenancy.Internal.Logging.LibLog.ILogProvider Puzzle.Core.Multitenancy.Internal.Logging.LibLog.LogProvider/CreateLogProvider::EndInvoke(System.IAsyncResult)</Name>
              <SequencePoints />
              <BranchPoints />
            </Method>
          </Methods>
        </Class>
        <Class>
          <Summary numSequencePoints="4" visitedSequencePoints="0" numBranchPoints="2" visitedBranchPoints="0" sequenceCoverage="0" branchCoverage="0" maxCyclomaticComplexity="1" minCyclomaticComplexity="1" visitedClasses="0" numClasses="1" visitedMethods="0" numMethods="2" />
          <FullName>Puzzle.Core.Multitenancy.Internal.Logging.LibLog.LogProvider/NoOpLogger</FullName>
          <Methods>
            <Method visited="false" cyclomaticComplexity="1" nPathComplexity="0" sequenceCoverage="0" branchCoverage="0" isConstructor="false" isStatic="false" isGetter="false" isSetter="false">
              <Summary numSequencePoints="3" visitedSequencePoints="0" numBranchPoints="1" visitedBranchPoints="0" sequenceCoverage="0" branchCoverage="0" maxCyclomaticComplexity="1" minCyclomaticComplexity="1" visitedClasses="0" numClasses="0" visitedMethods="0" numMethods="1" />
              <MetadataToken>100663650</MetadataToken>
              <Name>System.Boolean Puzzle.Core.Multitenancy.Internal.Logging.LibLog.LogProvider/NoOpLogger::Log(Puzzle.Core.Multitenancy.Internal.Logging.LibLog.LogLevel,System.Func`1&lt;System.String&gt;,System.Exception,System.Object[])</Name>
              <FileRef uid="54" />
              <SequencePoints>
                <SequencePoint vc="0" uspid="1222" ordinal="0" offset="0" sl="235" sc="13" el="235" ec="14" bec="0" bev="0" fileid="54" />
                <SequencePoint vc="0" uspid="1223" ordinal="1" offset="1" sl="236" sc="17" el="236" ec="30" bec="0" bev="0" fileid="54" />
                <SequencePoint vc="0" uspid="1224" ordinal="2" offset="5" sl="237" sc="13" el="237" ec="14" bec="0" bev="0" fileid="54" />
              </SequencePoints>
              <BranchPoints />
              <MethodPoint xsi:type="SequencePoint" vc="0" uspid="1222" ordinal="0" offset="0" sl="235" sc="13" el="235" ec="14" bec="0" bev="0" fileid="54" />
            </Method>
            <Method visited="false" cyclomaticComplexity="1" nPathComplexity="0" sequenceCoverage="0" branchCoverage="0" isConstructor="true" isStatic="false" isGetter="false" isSetter="false">
              <Summary numSequencePoints="0" visitedSequencePoints="0" numBranchPoints="0" visitedBranchPoints="0" sequenceCoverage="0" branchCoverage="0" maxCyclomaticComplexity="1" minCyclomaticComplexity="1" visitedClasses="0" numClasses="0" visitedMethods="0" numMethods="0" />
              <MetadataToken>100663651</MetadataToken>
              <Name>System.Void Puzzle.Core.Multitenancy.Internal.Logging.LibLog.LogProvider/NoOpLogger::.ctor()</Name>
              <SequencePoints />
              <BranchPoints />
              <MethodPoint vc="0" uspid="1225" ordinal="0" offset="0" />
            </Method>
            <Method visited="false" cyclomaticComplexity="1" nPathComplexity="0" sequenceCoverage="0" branchCoverage="0" isConstructor="true" isStatic="true" isGetter="false" isSetter="false">
              <Summary numSequencePoints="1" visitedSequencePoints="0" numBranchPoints="1" visitedBranchPoints="0" sequenceCoverage="0" branchCoverage="0" maxCyclomaticComplexity="1" minCyclomaticComplexity="1" visitedClasses="0" numClasses="0" visitedMethods="0" numMethods="1" />
              <MetadataToken>100663652</MetadataToken>
              <Name>System.Void Puzzle.Core.Multitenancy.Internal.Logging.LibLog.LogProvider/NoOpLogger::.cctor()</Name>
              <FileRef uid="54" />
              <SequencePoints>
                <SequencePoint vc="0" uspid="1226" ordinal="0" offset="0" sl="232" sc="13" el="232" ec="77" bec="0" bev="0" fileid="54" />
              </SequencePoints>
              <BranchPoints />
              <MethodPoint xsi:type="SequencePoint" vc="0" uspid="1226" ordinal="0" offset="0" sl="232" sc="13" el="232" ec="77" bec="0" bev="0" fileid="54" />
            </Method>
          </Methods>
        </Class>
        <Class>
          <Summary numSequencePoints="10" visitedSequencePoints="1" numBranchPoints="8" visitedBranchPoints="1" sequenceCoverage="10" branchCoverage="12.5" maxCyclomaticComplexity="1" minCyclomaticComplexity="1" visitedClasses="1" numClasses="1" visitedMethods="1" numMethods="8" />
          <FullName>Puzzle.Core.Multitenancy.Internal.Logging.LibLog.LogProvider/&lt;&gt;c</FullName>
          <Methods>
            <Method visited="true" cyclomaticComplexity="1" nPathComplexity="0" sequenceCoverage="0" branchCoverage="0" isConstructor="true" isStatic="true" isGetter="false" isSetter="false">
              <Summary numSequencePoints="0" visitedSequencePoints="0" numBranchPoints="0" visitedBranchPoints="0" sequenceCoverage="0" branchCoverage="0" maxCyclomaticComplexity="1" minCyclomaticComplexity="1" visitedClasses="0" numClasses="0" visitedMethods="0" numMethods="0" />
              <MetadataToken>100663653</MetadataToken>
              <Name>System.Void Puzzle.Core.Multitenancy.Internal.Logging.LibLog.LogProvider/&lt;&gt;c::.cctor()</Name>
              <SequencePoints />
              <BranchPoints />
              <MethodPoint vc="2" uspid="1227" ordinal="0" offset="0" />
            </Method>
            <Method visited="true" cyclomaticComplexity="1" nPathComplexity="0" sequenceCoverage="0" branchCoverage="0" isConstructor="true" isStatic="false" isGetter="false" isSetter="false">
              <Summary numSequencePoints="0" visitedSequencePoints="0" numBranchPoints="0" visitedBranchPoints="0" sequenceCoverage="0" branchCoverage="0" maxCyclomaticComplexity="1" minCyclomaticComplexity="1" visitedClasses="0" numClasses="0" visitedMethods="0" numMethods="0" />
              <MetadataToken>100663654</MetadataToken>
              <Name>System.Void Puzzle.Core.Multitenancy.Internal.Logging.LibLog.LogProvider/&lt;&gt;c::.ctor()</Name>
              <SequencePoints />
              <BranchPoints />
              <MethodPoint vc="2" uspid="1228" ordinal="0" offset="0" />
            </Method>
            <Method visited="true" cyclomaticComplexity="1" nPathComplexity="0" sequenceCoverage="100" branchCoverage="100" isConstructor="false" isStatic="false" isGetter="false" isSetter="false">
              <Summary numSequencePoints="1" visitedSequencePoints="1" numBranchPoints="1" visitedBranchPoints="1" sequenceCoverage="100" branchCoverage="100" maxCyclomaticComplexity="1" minCyclomaticComplexity="1" visitedClasses="0" numClasses="0" visitedMethods="1" numMethods="1" />
              <MetadataToken>100663655</MetadataToken>
              <Name>Puzzle.Core.Multitenancy.Internal.Logging.LibLog.ILogProvider Puzzle.Core.Multitenancy.Internal.Logging.LibLog.LogProvider/&lt;&gt;c::&lt;.cctor&gt;b__4_0()</Name>
              <FileRef uid="54" />
              <SequencePoints>
                <SequencePoint vc="152" uspid="1229" ordinal="0" offset="0" sl="54" sc="105" el="54" ec="129" bec="0" bev="0" fileid="54" />
              </SequencePoints>
              <BranchPoints />
              <MethodPoint xsi:type="SequencePoint" vc="152" uspid="1229" ordinal="0" offset="0" sl="54" sc="105" el="54" ec="129" bec="0" bev="0" fileid="54" />
            </Method>
            <Method visited="false" cyclomaticComplexity="1" nPathComplexity="0" sequenceCoverage="0" branchCoverage="0" isConstructor="false" isStatic="false" isGetter="false" isSetter="false">
              <Summary numSequencePoints="1" visitedSequencePoints="0" numBranchPoints="1" visitedBranchPoints="0" sequenceCoverage="0" branchCoverage="0" maxCyclomaticComplexity="1" minCyclomaticComplexity="1" visitedClasses="0" numClasses="0" visitedMethods="0" numMethods="1" />
              <MetadataToken>100663656</MetadataToken>
              <Name>Puzzle.Core.Multitenancy.Internal.Logging.LibLog.ILogProvider Puzzle.Core.Multitenancy.Internal.Logging.LibLog.LogProvider/&lt;&gt;c::&lt;.cctor&gt;b__4_1()</Name>
              <FileRef uid="54" />
              <SequencePoints>
                <SequencePoint vc="0" uspid="1230" ordinal="0" offset="0" sl="55" sc="102" el="55" ec="123" bec="0" bev="0" fileid="54" />
              </SequencePoints>
              <BranchPoints />
              <MethodPoint xsi:type="SequencePoint" vc="0" uspid="1230" ordinal="0" offset="0" sl="55" sc="102" el="55" ec="123" bec="0" bev="0" fileid="54" />
            </Method>
            <Method visited="false" cyclomaticComplexity="1" nPathComplexity="0" sequenceCoverage="0" branchCoverage="0" isConstructor="false" isStatic="false" isGetter="false" isSetter="false">
              <Summary numSequencePoints="1" visitedSequencePoints="0" numBranchPoints="1" visitedBranchPoints="0" sequenceCoverage="0" branchCoverage="0" maxCyclomaticComplexity="1" minCyclomaticComplexity="1" visitedClasses="0" numClasses="0" visitedMethods="0" numMethods="1" />
              <MetadataToken>100663657</MetadataToken>
              <Name>Puzzle.Core.Multitenancy.Internal.Logging.LibLog.ILogProvider Puzzle.Core.Multitenancy.Internal.Logging.LibLog.LogProvider/&lt;&gt;c::&lt;.cctor&gt;b__4_2()</Name>
              <FileRef uid="54" />
              <SequencePoints>
                <SequencePoint vc="0" uspid="1231" ordinal="0" offset="0" sl="56" sc="105" el="56" ec="129" bec="0" bev="0" fileid="54" />
              </SequencePoints>
              <BranchPoints />
              <MethodPoint xsi:type="SequencePoint" vc="0" uspid="1231" ordinal="0" offset="0" sl="56" sc="105" el="56" ec="129" bec="0" bev="0" fileid="54" />
            </Method>
            <Method visited="false" cyclomaticComplexity="1" nPathComplexity="0" sequenceCoverage="0" branchCoverage="0" isConstructor="false" isStatic="false" isGetter="false" isSetter="false">
              <Summary numSequencePoints="1" visitedSequencePoints="0" numBranchPoints="1" visitedBranchPoints="0" sequenceCoverage="0" branchCoverage="0" maxCyclomaticComplexity="1" minCyclomaticComplexity="1" visitedClasses="0" numClasses="0" visitedMethods="0" numMethods="1" />
              <MetadataToken>100663658</MetadataToken>
              <Name>Puzzle.Core.Multitenancy.Internal.Logging.LibLog.ILogProvider Puzzle.Core.Multitenancy.Internal.Logging.LibLog.LogProvider/&lt;&gt;c::&lt;.cctor&gt;b__4_3()</Name>
              <FileRef uid="54" />
              <SequencePoints>
                <SequencePoint vc="0" uspid="1232" ordinal="0" offset="0" sl="57" sc="104" el="57" ec="127" bec="0" bev="0" fileid="54" />
              </SequencePoints>
              <BranchPoints />
              <MethodPoint xsi:type="SequencePoint" vc="0" uspid="1232" ordinal="0" offset="0" sl="57" sc="104" el="57" ec="127" bec="0" bev="0" fileid="54" />
            </Method>
            <Method visited="false" cyclomaticComplexity="1" nPathComplexity="0" sequenceCoverage="0" branchCoverage="0" isConstructor="false" isStatic="false" isGetter="false" isSetter="false">
              <Summary numSequencePoints="1" visitedSequencePoints="0" numBranchPoints="1" visitedBranchPoints="0" sequenceCoverage="0" branchCoverage="0" maxCyclomaticComplexity="1" minCyclomaticComplexity="1" visitedClasses="0" numClasses="0" visitedMethods="0" numMethods="1" />
              <MetadataToken>100663659</MetadataToken>
              <Name>Puzzle.Core.Multitenancy.Internal.Logging.LibLog.ILogProvider Puzzle.Core.Multitenancy.Internal.Logging.LibLog.LogProvider/&lt;&gt;c::&lt;.cctor&gt;b__4_4()</Name>
              <FileRef uid="54" />
              <SequencePoints>
                <SequencePoint vc="0" uspid="1233" ordinal="0" offset="0" sl="58" sc="103" el="58" ec="125" bec="0" bev="0" fileid="54" />
              </SequencePoints>
              <BranchPoints />
              <MethodPoint xsi:type="SequencePoint" vc="0" uspid="1233" ordinal="0" offset="0" sl="58" sc="103" el="58" ec="125" bec="0" bev="0" fileid="54" />
            </Method>
            <Method visited="false" cyclomaticComplexity="1" nPathComplexity="0" sequenceCoverage="0" branchCoverage="0" isConstructor="false" isStatic="false" isGetter="false" isSetter="false">
              <Summary numSequencePoints="1" visitedSequencePoints="0" numBranchPoints="1" visitedBranchPoints="0" sequenceCoverage="0" branchCoverage="0" maxCyclomaticComplexity="1" minCyclomaticComplexity="1" visitedClasses="0" numClasses="0" visitedMethods="0" numMethods="1" />
              <MetadataToken>100663660</MetadataToken>
              <Name>System.Boolean Puzzle.Core.Multitenancy.Internal.Logging.LibLog.LogProvider/&lt;&gt;c::&lt;GetLogger&gt;b__18_0()</Name>
              <FileRef uid="54" />
              <SequencePoints>
                <SequencePoint vc="0" uspid="1234" ordinal="0" offset="0" sl="165" sc="87" el="165" ec="97" bec="0" bev="0" fileid="54" />
              </SequencePoints>
              <BranchPoints />
              <MethodPoint xsi:type="SequencePoint" vc="0" uspid="1234" ordinal="0" offset="0" sl="165" sc="87" el="165" ec="97" bec="0" bev="0" fileid="54" />
            </Method>
            <Method visited="false" cyclomaticComplexity="1" nPathComplexity="0" sequenceCoverage="0" branchCoverage="0" isConstructor="false" isStatic="false" isGetter="false" isSetter="false">
              <Summary numSequencePoints="2" visitedSequencePoints="0" numBranchPoints="1" visitedBranchPoints="0" sequenceCoverage="0" branchCoverage="0" maxCyclomaticComplexity="1" minCyclomaticComplexity="1" visitedClasses="0" numClasses="0" visitedMethods="0" numMethods="1" />
              <MetadataToken>100663661</MetadataToken>
              <Name>System.Void Puzzle.Core.Multitenancy.Internal.Logging.LibLog.LogProvider/&lt;&gt;c::&lt;OpenNestedContext&gt;b__19_0()</Name>
              <FileRef uid="54" />
              <SequencePoints>
                <SequencePoint vc="0" uspid="1235" ordinal="0" offset="0" sl="179" sc="46" el="179" ec="47" bec="0" bev="0" fileid="54" />
                <SequencePoint vc="0" uspid="1236" ordinal="1" offset="1" sl="179" sc="48" el="179" ec="49" bec="0" bev="0" fileid="54" />
              </SequencePoints>
              <BranchPoints />
              <MethodPoint xsi:type="SequencePoint" vc="0" uspid="1235" ordinal="0" offset="0" sl="179" sc="46" el="179" ec="47" bec="0" bev="0" fileid="54" />
            </Method>
            <Method visited="false" cyclomaticComplexity="1" nPathComplexity="0" sequenceCoverage="0" branchCoverage="0" isConstructor="false" isStatic="false" isGetter="false" isSetter="false">
              <Summary numSequencePoints="2" visitedSequencePoints="0" numBranchPoints="1" visitedBranchPoints="0" sequenceCoverage="0" branchCoverage="0" maxCyclomaticComplexity="1" minCyclomaticComplexity="1" visitedClasses="0" numClasses="0" visitedMethods="0" numMethods="1" />
              <MetadataToken>100663662</MetadataToken>
              <Name>System.Void Puzzle.Core.Multitenancy.Internal.Logging.LibLog.LogProvider/&lt;&gt;c::&lt;OpenMappedContext&gt;b__20_0()</Name>
              <FileRef uid="54" />
              <SequencePoints>
                <SequencePoint vc="0" uspid="1237" ordinal="0" offset="0" sl="195" sc="46" el="195" ec="47" bec="0" bev="0" fileid="54" />
                <SequencePoint vc="0" uspid="1238" ordinal="1" offset="1" sl="195" sc="48" el="195" ec="49" bec="0" bev="0" fileid="54" />
              </SequencePoints>
              <BranchPoints />
              <MethodPoint xsi:type="SequencePoint" vc="0" uspid="1237" ordinal="0" offset="0" sl="195" sc="46" el="195" ec="47" bec="0" bev="0" fileid="54" />
            </Method>
          </Methods>
        </Class>
        <Class>
          <Summary numSequencePoints="0" visitedSequencePoints="0" numBranchPoints="0" visitedBranchPoints="0" sequenceCoverage="0" branchCoverage="0" maxCyclomaticComplexity="0" minCyclomaticComplexity="0" visitedClasses="0" numClasses="0" visitedMethods="0" numMethods="0" />
          <FullName>Puzzle.Core.Multitenancy.Internal.Logging.LibLog.LogProvider/&lt;&gt;o__14</FullName>
          <Methods />
        </Class>
        <Class>
          <Summary numSequencePoints="0" visitedSequencePoints="0" numBranchPoints="0" visitedBranchPoints="0" sequenceCoverage="0" branchCoverage="0" maxCyclomaticComplexity="0" minCyclomaticComplexity="0" visitedClasses="0" numClasses="0" visitedMethods="0" numMethods="0" />
          <FullName>Puzzle.Core.Multitenancy.Internal.Logging.LibLog.LogProvider/&lt;&gt;o__22</FullName>
          <Methods />
        </Class>
        <Class>
          <Summary numSequencePoints="18" visitedSequencePoints="0" numBranchPoints="7" visitedBranchPoints="0" sequenceCoverage="0" branchCoverage="0" maxCyclomaticComplexity="2" minCyclomaticComplexity="1" visitedClasses="0" numClasses="1" visitedMethods="0" numMethods="5" />
          <FullName>Puzzle.Core.Multitenancy.Internal.Logging.LibLog.LogProviders.ColoredConsoleLogProvider</FullName>
          <Methods>
            <Method visited="false" cyclomaticComplexity="1" nPathComplexity="0" sequenceCoverage="0" branchCoverage="0" isConstructor="false" isStatic="false" isGetter="false" isSetter="false">
              <Summary numSequencePoints="3" visitedSequencePoints="0" numBranchPoints="1" visitedBranchPoints="0" sequenceCoverage="0" branchCoverage="0" maxCyclomaticComplexity="1" minCyclomaticComplexity="1" visitedClasses="0" numClasses="0" visitedMethods="0" numMethods="1" />
              <MetadataToken>100663475</MetadataToken>
              <Name>Puzzle.Core.Multitenancy.Internal.Logging.LibLog.Logger Puzzle.Core.Multitenancy.Internal.Logging.LibLog.LogProviders.ColoredConsoleLogProvider::GetLogger(System.String)</Name>
              <FileRef uid="57" />
              <SequencePoints>
                <SequencePoint vc="0" uspid="1239" ordinal="0" offset="13" sl="65" sc="9" el="65" ec="10" bec="0" bev="0" fileid="57" />
                <SequencePoint vc="0" uspid="1240" ordinal="1" offset="14" sl="66" sc="13" el="93" ec="15" bec="0" bev="0" fileid="57" />
                <SequencePoint vc="0" uspid="1241" ordinal="2" offset="29" sl="94" sc="9" el="94" ec="10" bec="0" bev="0" fileid="57" />
              </SequencePoints>
              <BranchPoints />
              <MethodPoint vc="0" uspid="1242" ordinal="0" offset="0" />
            </Method>
            <Method visited="false" cyclomaticComplexity="1" nPathComplexity="0" sequenceCoverage="0" branchCoverage="0" isConstructor="false" isStatic="false" isGetter="false" isSetter="false">
              <Summary numSequencePoints="3" visitedSequencePoints="0" numBranchPoints="1" visitedBranchPoints="0" sequenceCoverage="0" branchCoverage="0" maxCyclomaticComplexity="1" minCyclomaticComplexity="1" visitedClasses="0" numClasses="0" visitedMethods="0" numMethods="1" />
              <MetadataToken>100663476</MetadataToken>
              <Name>System.IDisposable Puzzle.Core.Multitenancy.Internal.Logging.LibLog.LogProviders.ColoredConsoleLogProvider::OpenNestedContext(System.String)</Name>
              <FileRef uid="57" />
              <SequencePoints>
                <SequencePoint vc="0" uspid="1243" ordinal="0" offset="0" sl="102" sc="9" el="102" ec="10" bec="0" bev="0" fileid="57" />
                <SequencePoint vc="0" uspid="1244" ordinal="1" offset="1" sl="103" sc="13" el="103" ec="44" bec="0" bev="0" fileid="57" />
                <SequencePoint vc="0" uspid="1245" ordinal="2" offset="9" sl="104" sc="9" el="104" ec="10" bec="0" bev="0" fileid="57" />
              </SequencePoints>
              <BranchPoints />
              <MethodPoint xsi:type="SequencePoint" vc="0" uspid="1243" ordinal="0" offset="0" sl="102" sc="9" el="102" ec="10" bec="0" bev="0" fileid="57" />
            </Method>
            <Method visited="false" cyclomaticComplexity="1" nPathComplexity="0" sequenceCoverage="0" branchCoverage="0" isConstructor="false" isStatic="false" isGetter="false" isSetter="false">
              <Summary numSequencePoints="3" visitedSequencePoints="0" numBranchPoints="1" visitedBranchPoints="0" sequenceCoverage="0" branchCoverage="0" maxCyclomaticComplexity="1" minCyclomaticComplexity="1" visitedClasses="0" numClasses="0" visitedMethods="0" numMethods="1" />
              <MetadataToken>100663477</MetadataToken>
              <Name>System.IDisposable Puzzle.Core.Multitenancy.Internal.Logging.LibLog.LogProviders.ColoredConsoleLogProvider::OpenMappedContext(System.String,System.String)</Name>
              <FileRef uid="57" />
              <SequencePoints>
                <SequencePoint vc="0" uspid="1246" ordinal="0" offset="0" sl="113" sc="9" el="113" ec="10" bec="0" bev="0" fileid="57" />
                <SequencePoint vc="0" uspid="1247" ordinal="1" offset="1" sl="114" sc="13" el="114" ec="44" bec="0" bev="0" fileid="57" />
                <SequencePoint vc="0" uspid="1248" ordinal="2" offset="9" sl="115" sc="9" el="115" ec="10" bec="0" bev="0" fileid="57" />
              </SequencePoints>
              <BranchPoints />
              <MethodPoint xsi:type="SequencePoint" vc="0" uspid="1246" ordinal="0" offset="0" sl="113" sc="9" el="113" ec="10" bec="0" bev="0" fileid="57" />
            </Method>
            <Method visited="false" cyclomaticComplexity="2" nPathComplexity="2" sequenceCoverage="0" branchCoverage="0" isConstructor="false" isStatic="true" isGetter="false" isSetter="false">
              <Summary numSequencePoints="8" visitedSequencePoints="0" numBranchPoints="3" visitedBranchPoints="0" sequenceCoverage="0" branchCoverage="0" maxCyclomaticComplexity="2" minCyclomaticComplexity="2" visitedClasses="0" numClasses="0" visitedMethods="0" numMethods="1" />
              <MetadataToken>100663478</MetadataToken>
              <Name>System.Void Puzzle.Core.Multitenancy.Internal.Logging.LibLog.LogProviders.ColoredConsoleLogProvider::WriteMessage(Puzzle.Core.Multitenancy.Internal.Logging.LibLog.LogLevel,System.String,System.Func`1&lt;System.String&gt;,System.Object[],System.Exception)</Name>
              <FileRef uid="57" />
              <SequencePoints>
                <SequencePoint vc="0" uspid="1249" ordinal="0" offset="0" sl="123" sc="9" el="123" ec="10" bec="0" bev="0" fileid="57" />
                <SequencePoint vc="0" uspid="1250" ordinal="1" offset="1" sl="124" sc="13" el="124" ec="107" bec="0" bev="0" fileid="57" />
                <SequencePoint vc="0" uspid="1251" ordinal="2" offset="19" sl="125" sc="13" el="125" ec="35" bec="2" bev="0" fileid="57" />
                <SequencePoint vc="0" uspid="1252" ordinal="3" offset="28" sl="126" sc="13" el="126" ec="14" bec="0" bev="0" fileid="57" />
                <SequencePoint vc="0" uspid="1253" ordinal="4" offset="29" sl="127" sc="17" el="127" ec="53" bec="0" bev="0" fileid="57" />
                <SequencePoint vc="0" uspid="1254" ordinal="5" offset="43" sl="128" sc="13" el="128" ec="14" bec="0" bev="0" fileid="57" />
                <SequencePoint vc="0" uspid="1255" ordinal="6" offset="44" sl="130" sc="13" el="130" ec="98" bec="0" bev="0" fileid="57" />
                <SequencePoint vc="0" uspid="1256" ordinal="7" offset="91" sl="131" sc="9" el="131" ec="10" bec="0" bev="0" fileid="57" />
              </SequencePoints>
              <BranchPoints>
                <BranchPoint vc="0" uspid="1257" ordinal="0" offset="26" sl="125" path="0" offsetend="28" fileid="57" />
                <BranchPoint vc="0" uspid="1258" ordinal="1" offset="26" sl="125" path="1" offsetend="44" fileid="57" />
              </BranchPoints>
              <MethodPoint xsi:type="SequencePoint" vc="0" uspid="1249" ordinal="0" offset="0" sl="123" sc="9" el="123" ec="10" bec="0" bev="0" fileid="57" />
            </Method>
            <Method visited="false" cyclomaticComplexity="1" nPathComplexity="0" sequenceCoverage="0" branchCoverage="0" isConstructor="true" isStatic="false" isGetter="false" isSetter="false">
              <Summary numSequencePoints="0" visitedSequencePoints="0" numBranchPoints="0" visitedBranchPoints="0" sequenceCoverage="0" branchCoverage="0" maxCyclomaticComplexity="1" minCyclomaticComplexity="1" visitedClasses="0" numClasses="0" visitedMethods="0" numMethods="0" />
              <MetadataToken>100663479</MetadataToken>
              <Name>System.Void Puzzle.Core.Multitenancy.Internal.Logging.LibLog.LogProviders.ColoredConsoleLogProvider::.ctor()</Name>
              <SequencePoints />
              <BranchPoints />
              <MethodPoint vc="0" uspid="1259" ordinal="0" offset="0" />
            </Method>
            <Method visited="false" cyclomaticComplexity="1" nPathComplexity="0" sequenceCoverage="0" branchCoverage="0" isConstructor="true" isStatic="true" isGetter="false" isSetter="false">
              <Summary numSequencePoints="1" visitedSequencePoints="0" numBranchPoints="1" visitedBranchPoints="0" sequenceCoverage="0" branchCoverage="0" maxCyclomaticComplexity="1" minCyclomaticComplexity="1" visitedClasses="0" numClasses="0" visitedMethods="0" numMethods="1" />
              <MetadataToken>100663480</MetadataToken>
              <Name>System.Void Puzzle.Core.Multitenancy.Internal.Logging.LibLog.LogProviders.ColoredConsoleLogProvider::.cctor()</Name>
              <FileRef uid="57" />
              <SequencePoints>
                <SequencePoint vc="0" uspid="1260" ordinal="0" offset="0" sl="49" sc="9" el="57" ec="11" bec="0" bev="0" fileid="57" />
              </SequencePoints>
              <BranchPoints />
              <MethodPoint xsi:type="SequencePoint" vc="0" uspid="1260" ordinal="0" offset="0" sl="49" sc="9" el="57" ec="11" bec="0" bev="0" fileid="57" />
            </Method>
          </Methods>
        </Class>
        <Class>
          <Summary numSequencePoints="3" visitedSequencePoints="0" numBranchPoints="2" visitedBranchPoints="0" sequenceCoverage="0" branchCoverage="0" maxCyclomaticComplexity="1" minCyclomaticComplexity="1" visitedClasses="0" numClasses="1" visitedMethods="0" numMethods="2" />
          <FullName>Puzzle.Core.Multitenancy.Internal.Logging.LibLog.LogProviders.ColoredConsoleLogProvider/NullDisposable</FullName>
          <Methods>
            <Method visited="false" cyclomaticComplexity="1" nPathComplexity="0" sequenceCoverage="0" branchCoverage="0" isConstructor="false" isStatic="false" isGetter="false" isSetter="false">
              <Summary numSequencePoints="2" visitedSequencePoints="0" numBranchPoints="1" visitedBranchPoints="0" sequenceCoverage="0" branchCoverage="0" maxCyclomaticComplexity="1" minCyclomaticComplexity="1" visitedClasses="0" numClasses="0" visitedMethods="0" numMethods="1" />
              <MetadataToken>100663663</MetadataToken>
              <Name>System.Void Puzzle.Core.Multitenancy.Internal.Logging.LibLog.LogProviders.ColoredConsoleLogProvider/NullDisposable::Dispose()</Name>
              <FileRef uid="57" />
              <SequencePoints>
                <SequencePoint vc="0" uspid="1261" ordinal="0" offset="0" sl="138" sc="13" el="138" ec="14" bec="0" bev="0" fileid="57" />
                <SequencePoint vc="0" uspid="1262" ordinal="1" offset="1" sl="139" sc="13" el="139" ec="14" bec="0" bev="0" fileid="57" />
              </SequencePoints>
              <BranchPoints />
              <MethodPoint xsi:type="SequencePoint" vc="0" uspid="1261" ordinal="0" offset="0" sl="138" sc="13" el="138" ec="14" bec="0" bev="0" fileid="57" />
            </Method>
            <Method visited="false" cyclomaticComplexity="1" nPathComplexity="0" sequenceCoverage="0" branchCoverage="0" isConstructor="true" isStatic="false" isGetter="false" isSetter="false">
              <Summary numSequencePoints="0" visitedSequencePoints="0" numBranchPoints="0" visitedBranchPoints="0" sequenceCoverage="0" branchCoverage="0" maxCyclomaticComplexity="1" minCyclomaticComplexity="1" visitedClasses="0" numClasses="0" visitedMethods="0" numMethods="0" />
              <MetadataToken>100663664</MetadataToken>
              <Name>System.Void Puzzle.Core.Multitenancy.Internal.Logging.LibLog.LogProviders.ColoredConsoleLogProvider/NullDisposable::.ctor()</Name>
              <SequencePoints />
              <BranchPoints />
              <MethodPoint vc="0" uspid="1263" ordinal="0" offset="0" />
            </Method>
            <Method visited="false" cyclomaticComplexity="1" nPathComplexity="0" sequenceCoverage="0" branchCoverage="0" isConstructor="true" isStatic="true" isGetter="false" isSetter="false">
              <Summary numSequencePoints="1" visitedSequencePoints="0" numBranchPoints="1" visitedBranchPoints="0" sequenceCoverage="0" branchCoverage="0" maxCyclomaticComplexity="1" minCyclomaticComplexity="1" visitedClasses="0" numClasses="0" visitedMethods="0" numMethods="1" />
              <MetadataToken>100663665</MetadataToken>
              <Name>System.Void Puzzle.Core.Multitenancy.Internal.Logging.LibLog.LogProviders.ColoredConsoleLogProvider/NullDisposable::.cctor()</Name>
              <FileRef uid="57" />
              <SequencePoints>
                <SequencePoint vc="0" uspid="1264" ordinal="0" offset="0" sl="135" sc="13" el="135" ec="82" bec="0" bev="0" fileid="57" />
              </SequencePoints>
              <BranchPoints />
              <MethodPoint xsi:type="SequencePoint" vc="0" uspid="1264" ordinal="0" offset="0" sl="135" sc="13" el="135" ec="82" bec="0" bev="0" fileid="57" />
            </Method>
          </Methods>
        </Class>
        <Class>
          <Summary numSequencePoints="20" visitedSequencePoints="0" numBranchPoints="5" visitedBranchPoints="0" sequenceCoverage="0" branchCoverage="0" maxCyclomaticComplexity="3" minCyclomaticComplexity="1" visitedClasses="0" numClasses="1" visitedMethods="0" numMethods="1" />
          <FullName>Puzzle.Core.Multitenancy.Internal.Logging.LibLog.LogProviders.ColoredConsoleLogProvider/&lt;&gt;c__DisplayClass1_0</FullName>
          <Methods>
            <Method visited="false" cyclomaticComplexity="1" nPathComplexity="0" sequenceCoverage="0" branchCoverage="0" isConstructor="true" isStatic="false" isGetter="false" isSetter="false">
              <Summary numSequencePoints="0" visitedSequencePoints="0" numBranchPoints="0" visitedBranchPoints="0" sequenceCoverage="0" branchCoverage="0" maxCyclomaticComplexity="1" minCyclomaticComplexity="1" visitedClasses="0" numClasses="0" visitedMethods="0" numMethods="0" />
              <MetadataToken>100663666</MetadataToken>
              <Name>System.Void Puzzle.Core.Multitenancy.Internal.Logging.LibLog.LogProviders.ColoredConsoleLogProvider/&lt;&gt;c__DisplayClass1_0::.ctor()</Name>
              <SequencePoints />
              <BranchPoints />
              <MethodPoint vc="0" uspid="1265" ordinal="0" offset="0" />
            </Method>
            <Method visited="false" cyclomaticComplexity="3" nPathComplexity="4" sequenceCoverage="0" branchCoverage="0" isConstructor="false" isStatic="false" isGetter="false" isSetter="false">
              <Summary numSequencePoints="20" visitedSequencePoints="0" numBranchPoints="5" visitedBranchPoints="0" sequenceCoverage="0" branchCoverage="0" maxCyclomaticComplexity="3" minCyclomaticComplexity="3" visitedClasses="0" numClasses="0" visitedMethods="0" numMethods="1" />
              <MetadataToken>100663667</MetadataToken>
              <Name>System.Boolean Puzzle.Core.Multitenancy.Internal.Logging.LibLog.LogProviders.ColoredConsoleLogProvider/&lt;&gt;c__DisplayClass1_0::&lt;GetLogger&gt;b__0(Puzzle.Core.Multitenancy.Internal.Logging.LibLog.LogLevel,System.Func`1&lt;System.String&gt;,System.Exception,System.Object[])</Name>
              <FileRef uid="57" />
              <SequencePoints>
                <SequencePoint vc="0" uspid="1266" ordinal="0" offset="0" sl="67" sc="13" el="67" ec="14" bec="0" bev="0" fileid="57" />
                <SequencePoint vc="0" uspid="1267" ordinal="1" offset="1" sl="68" sc="17" el="68" ec="41" bec="2" bev="0" fileid="57" />
                <SequencePoint vc="0" uspid="1268" ordinal="2" offset="9" sl="69" sc="17" el="69" ec="18" bec="0" bev="0" fileid="57" />
                <SequencePoint vc="0" uspid="1269" ordinal="3" offset="10" sl="70" sc="21" el="70" ec="33" bec="0" bev="0" fileid="57" />
                <SequencePoint vc="0" uspid="1270" ordinal="4" offset="14" sl="74" sc="17" el="74" ec="81" bec="2" bev="0" fileid="57" />
                <SequencePoint vc="0" uspid="1271" ordinal="5" offset="31" sl="75" sc="17" el="75" ec="18" bec="0" bev="0" fileid="57" />
                <SequencePoint vc="0" uspid="1272" ordinal="6" offset="32" sl="76" sc="21" el="76" ec="78" bec="0" bev="0" fileid="57" />
                <SequencePoint vc="0" uspid="1273" ordinal="7" offset="39" sl="78" sc="21" el="78" ec="22" bec="0" bev="0" fileid="57" />
                <SequencePoint vc="0" uspid="1274" ordinal="8" offset="40" sl="79" sc="25" el="79" ec="64" bec="0" bev="0" fileid="57" />
                <SequencePoint vc="0" uspid="1275" ordinal="9" offset="47" sl="80" sc="25" el="80" ec="96" bec="0" bev="0" fileid="57" />
                <SequencePoint vc="0" uspid="1276" ordinal="10" offset="64" sl="81" sc="21" el="81" ec="22" bec="0" bev="0" fileid="57" />
                <SequencePoint vc="0" uspid="1277" ordinal="11" offset="67" sl="83" sc="21" el="83" ec="22" bec="0" bev="0" fileid="57" />
                <SequencePoint vc="0" uspid="1278" ordinal="12" offset="68" sl="84" sc="25" el="84" ec="69" bec="0" bev="0" fileid="57" />
                <SequencePoint vc="0" uspid="1279" ordinal="13" offset="76" sl="85" sc="21" el="85" ec="22" bec="0" bev="0" fileid="57" />
                <SequencePoint vc="0" uspid="1280" ordinal="14" offset="78" sl="86" sc="17" el="86" ec="18" bec="0" bev="0" fileid="57" />
                <SequencePoint vc="0" uspid="1281" ordinal="15" offset="81" sl="88" sc="17" el="88" ec="18" bec="0" bev="0" fileid="57" />
                <SequencePoint vc="0" uspid="1282" ordinal="16" offset="82" sl="89" sc="21" el="89" ec="92" bec="0" bev="0" fileid="57" />
                <SequencePoint vc="0" uspid="1283" ordinal="17" offset="99" sl="90" sc="17" el="90" ec="18" bec="0" bev="0" fileid="57" />
                <SequencePoint vc="0" uspid="1284" ordinal="18" offset="100" sl="92" sc="17" el="92" ec="29" bec="0" bev="0" fileid="57" />
                <SequencePoint vc="0" uspid="1285" ordinal="19" offset="104" sl="93" sc="13" el="93" ec="14" bec="0" bev="0" fileid="57" />
              </SequencePoints>
              <BranchPoints>
                <BranchPoint vc="0" uspid="1286" ordinal="0" offset="7" sl="68" path="0" offsetend="9" fileid="57" />
                <BranchPoint vc="0" uspid="1287" ordinal="1" offset="7" sl="68" path="1" offsetend="14" fileid="57" />
                <BranchPoint vc="0" uspid="1288" ordinal="2" offset="29" sl="74" path="0" offsetend="31" fileid="57" />
                <BranchPoint vc="0" uspid="1289" ordinal="3" offset="29" sl="74" path="1" offsetend="81" fileid="57" />
              </BranchPoints>
              <MethodPoint xsi:type="SequencePoint" vc="0" uspid="1266" ordinal="0" offset="0" sl="67" sc="13" el="67" ec="14" bec="0" bev="0" fileid="57" />
            </Method>
          </Methods>
        </Class>
        <Class>
          <Summary numSequencePoints="51" visitedSequencePoints="0" numBranchPoints="13" visitedBranchPoints="0" sequenceCoverage="0" branchCoverage="0" maxCyclomaticComplexity="4" minCyclomaticComplexity="1" visitedClasses="0" numClasses="1" visitedMethods="0" numMethods="9" />
          <FullName>Puzzle.Core.Multitenancy.Internal.Logging.LibLog.LogProviders.EntLibLogProvider</FullName>
          <Methods>
            <Method visited="false" cyclomaticComplexity="1" nPathComplexity="0" sequenceCoverage="0" branchCoverage="0" isConstructor="false" isStatic="true" isGetter="true" isSetter="false">
              <Summary numSequencePoints="3" visitedSequencePoints="0" numBranchPoints="1" visitedBranchPoints="0" sequenceCoverage="0" branchCoverage="0" maxCyclomaticComplexity="1" minCyclomaticComplexity="1" visitedClasses="0" numClasses="0" visitedMethods="0" numMethods="1" />
              <MetadataToken>100663483</MetadataToken>
              <Name>System.Boolean Puzzle.Core.Multitenancy.Internal.Logging.LibLog.LogProviders.EntLibLogProvider::get_ProviderIsAvailableOverride()</Name>
              <FileRef uid="60" />
              <SequencePoints>
                <SequencePoint vc="0" uspid="1290" ordinal="0" offset="0" sl="85" sc="17" el="85" ec="18" bec="0" bev="0" fileid="60" />
                <SequencePoint vc="0" uspid="1291" ordinal="1" offset="1" sl="85" sc="19" el="85" ec="54" bec="0" bev="0" fileid="60" />
                <SequencePoint vc="0" uspid="1292" ordinal="2" offset="9" sl="85" sc="55" el="85" ec="56" bec="0" bev="0" fileid="60" />
              </SequencePoints>
              <BranchPoints />
              <MethodPoint xsi:type="SequencePoint" vc="0" uspid="1290" ordinal="0" offset="0" sl="85" sc="17" el="85" ec="18" bec="0" bev="0" fileid="60" />
            </Method>
            <Method visited="false" cyclomaticComplexity="1" nPathComplexity="0" sequenceCoverage="0" branchCoverage="0" isConstructor="false" isStatic="true" isGetter="false" isSetter="true">
              <Summary numSequencePoints="3" visitedSequencePoints="0" numBranchPoints="1" visitedBranchPoints="0" sequenceCoverage="0" branchCoverage="0" maxCyclomaticComplexity="1" minCyclomaticComplexity="1" visitedClasses="0" numClasses="0" visitedMethods="0" numMethods="1" />
              <MetadataToken>100663484</MetadataToken>
              <Name>System.Void Puzzle.Core.Multitenancy.Internal.Logging.LibLog.LogProviders.EntLibLogProvider::set_ProviderIsAvailableOverride(System.Boolean)</Name>
              <FileRef uid="60" />
              <SequencePoints>
                <SequencePoint vc="0" uspid="1293" ordinal="0" offset="0" sl="86" sc="17" el="86" ec="18" bec="0" bev="0" fileid="60" />
                <SequencePoint vc="0" uspid="1294" ordinal="1" offset="1" sl="86" sc="19" el="86" ec="55" bec="0" bev="0" fileid="60" />
                <SequencePoint vc="0" uspid="1295" ordinal="2" offset="7" sl="86" sc="56" el="86" ec="57" bec="0" bev="0" fileid="60" />
              </SequencePoints>
              <BranchPoints />
              <MethodPoint xsi:type="SequencePoint" vc="0" uspid="1293" ordinal="0" offset="0" sl="86" sc="17" el="86" ec="18" bec="0" bev="0" fileid="60" />
            </Method>
            <Method visited="false" cyclomaticComplexity="4" nPathComplexity="2" sequenceCoverage="0" branchCoverage="0" isConstructor="true" isStatic="true" isGetter="false" isSetter="false">
              <Summary numSequencePoints="11" visitedSequencePoints="0" numBranchPoints="3" visitedBranchPoints="0" sequenceCoverage="0" branchCoverage="0" maxCyclomaticComplexity="4" minCyclomaticComplexity="4" visitedClasses="0" numClasses="0" visitedMethods="0" numMethods="1" />
              <MetadataToken>100663481</MetadataToken>
              <Name>System.Void Puzzle.Core.Multitenancy.Internal.Logging.LibLog.LogProviders.EntLibLogProvider::.cctor()</Name>
              <FileRef uid="60" />
              <SequencePoints>
                <SequencePoint vc="0" uspid="1296" ordinal="0" offset="0" sl="55" sc="9" el="55" ec="64" bec="0" bev="0" fileid="60" />
                <SequencePoint vc="0" uspid="1297" ordinal="1" offset="6" sl="59" sc="9" el="59" ec="10" bec="0" bev="0" fileid="60" />
                <SequencePoint vc="0" uspid="1298" ordinal="2" offset="7" sl="60" sc="13" el="60" ec="112" bec="0" bev="0" fileid="60" />
                <SequencePoint vc="0" uspid="1299" ordinal="3" offset="37" sl="61" sc="13" el="61" ec="108" bec="0" bev="0" fileid="60" />
                <SequencePoint vc="0" uspid="1300" ordinal="4" offset="67" sl="62" sc="13" el="62" ec="60" bec="0" bev="0" fileid="60" />
                <SequencePoint vc="0" uspid="1301" ordinal="5" offset="77" sl="63" sc="13" el="65" ec="40" bec="2" bev="0" fileid="60" />
                <SequencePoint vc="0" uspid="1302" ordinal="6" offset="121" sl="66" sc="13" el="66" ec="14" bec="0" bev="0" fileid="60" />
                <SequencePoint vc="0" uspid="1303" ordinal="7" offset="122" sl="67" sc="17" el="67" ec="24" bec="0" bev="0" fileid="60" />
                <SequencePoint vc="0" uspid="1304" ordinal="8" offset="124" sl="70" sc="13" el="70" ec="48" bec="0" bev="0" fileid="60" />
                <SequencePoint vc="0" uspid="1305" ordinal="9" offset="134" sl="71" sc="13" el="71" ec="50" bec="0" bev="0" fileid="60" />
                <SequencePoint vc="0" uspid="1306" ordinal="10" offset="144" sl="72" sc="9" el="72" ec="10" bec="0" bev="0" fileid="60" />
              </SequencePoints>
              <BranchPoints>
                <BranchPoint vc="0" uspid="1311" ordinal="4" offset="119" sl="63" path="0" offsetend="121" fileid="60" />
                <BranchPoint vc="0" uspid="1312" ordinal="5" offset="119" sl="63" path="1" offsetend="124" fileid="60" />
              </BranchPoints>
              <MethodPoint xsi:type="SequencePoint" vc="0" uspid="1296" ordinal="0" offset="0" sl="55" sc="9" el="55" ec="64" bec="0" bev="0" fileid="60" />
            </Method>
            <Method visited="false" cyclomaticComplexity="2" nPathComplexity="2" sequenceCoverage="0" branchCoverage="0" isConstructor="true" isStatic="false" isGetter="false" isSetter="false">
              <Summary numSequencePoints="6" visitedSequencePoints="0" numBranchPoints="3" visitedBranchPoints="0" sequenceCoverage="0" branchCoverage="0" maxCyclomaticComplexity="2" minCyclomaticComplexity="2" visitedClasses="0" numClasses="0" visitedMethods="0" numMethods="1" />
              <MetadataToken>100663482</MetadataToken>
              <Name>System.Void Puzzle.Core.Multitenancy.Internal.Logging.LibLog.LogProviders.EntLibLogProvider::.ctor()</Name>
              <FileRef uid="60" />
              <SequencePoints>
                <SequencePoint vc="0" uspid="1313" ordinal="0" offset="0" sl="75" sc="9" el="75" ec="35" bec="0" bev="0" fileid="60" />
                <SequencePoint vc="0" uspid="1314" ordinal="1" offset="7" sl="76" sc="9" el="76" ec="10" bec="0" bev="0" fileid="60" />
                <SequencePoint vc="0" uspid="1315" ordinal="2" offset="8" sl="77" sc="13" el="77" ec="38" bec="2" bev="0" fileid="60" />
                <SequencePoint vc="0" uspid="1316" ordinal="3" offset="20" sl="78" sc="13" el="78" ec="14" bec="0" bev="0" fileid="60" />
                <SequencePoint vc="0" uspid="1317" ordinal="4" offset="21" sl="79" sc="17" el="79" ec="119" bec="0" bev="0" fileid="60" />
                <SequencePoint vc="0" uspid="1318" ordinal="5" offset="32" sl="81" sc="9" el="81" ec="10" bec="0" bev="0" fileid="60" />
              </SequencePoints>
              <BranchPoints>
                <BranchPoint vc="0" uspid="1319" ordinal="0" offset="18" sl="77" path="0" offsetend="20" fileid="60" />
                <BranchPoint vc="0" uspid="1320" ordinal="1" offset="18" sl="77" path="1" offsetend="32" fileid="60" />
              </BranchPoints>
              <MethodPoint xsi:type="SequencePoint" vc="0" uspid="1313" ordinal="0" offset="0" sl="75" sc="9" el="75" ec="35" bec="0" bev="0" fileid="60" />
            </Method>
            <Method visited="false" cyclomaticComplexity="1" nPathComplexity="0" sequenceCoverage="0" branchCoverage="0" isConstructor="false" isStatic="false" isGetter="false" isSetter="false">
              <Summary numSequencePoints="3" visitedSequencePoints="0" numBranchPoints="1" visitedBranchPoints="0" sequenceCoverage="0" branchCoverage="0" maxCyclomaticComplexity="1" minCyclomaticComplexity="1" visitedClasses="0" numClasses="0" visitedMethods="0" numMethods="1" />
              <MetadataToken>100663485</MetadataToken>
              <Name>Puzzle.Core.Multitenancy.Internal.Logging.LibLog.Logger Puzzle.Core.Multitenancy.Internal.Logging.LibLog.LogProviders.EntLibLogProvider::GetLogger(System.String)</Name>
              <FileRef uid="60" />
              <SequencePoints>
                <SequencePoint vc="0" uspid="1321" ordinal="0" offset="0" sl="90" sc="9" el="90" ec="10" bec="0" bev="0" fileid="60" />
                <SequencePoint vc="0" uspid="1322" ordinal="1" offset="1" sl="91" sc="13" el="91" ec="78" bec="0" bev="0" fileid="60" />
                <SequencePoint vc="0" uspid="1323" ordinal="2" offset="31" sl="92" sc="9" el="92" ec="10" bec="0" bev="0" fileid="60" />
              </SequencePoints>
              <BranchPoints />
              <MethodPoint xsi:type="SequencePoint" vc="0" uspid="1321" ordinal="0" offset="0" sl="90" sc="9" el="90" ec="10" bec="0" bev="0" fileid="60" />
            </Method>
            <Method visited="false" cyclomaticComplexity="3" nPathComplexity="0" sequenceCoverage="0" branchCoverage="0" isConstructor="false" isStatic="true" isGetter="false" isSetter="false">
              <Summary numSequencePoints="3" visitedSequencePoints="0" numBranchPoints="1" visitedBranchPoints="0" sequenceCoverage="0" branchCoverage="0" maxCyclomaticComplexity="3" minCyclomaticComplexity="3" visitedClasses="0" numClasses="0" visitedMethods="0" numMethods="1" />
              <MetadataToken>100663486</MetadataToken>
              <Name>System.Boolean Puzzle.Core.Multitenancy.Internal.Logging.LibLog.LogProviders.EntLibLogProvider::IsLoggerAvailable()</Name>
              <FileRef uid="60" />
              <SequencePoints>
                <SequencePoint vc="0" uspid="1324" ordinal="0" offset="0" sl="95" sc="9" el="95" ec="10" bec="0" bev="0" fileid="60" />
                <SequencePoint vc="0" uspid="1325" ordinal="1" offset="1" sl="96" sc="13" el="98" ec="42" bec="0" bev="0" fileid="60" />
                <SequencePoint vc="0" uspid="1326" ordinal="2" offset="38" sl="99" sc="9" el="99" ec="10" bec="0" bev="0" fileid="60" />
              </SequencePoints>
              <BranchPoints />
              <MethodPoint xsi:type="SequencePoint" vc="0" uspid="1324" ordinal="0" offset="0" sl="95" sc="9" el="95" ec="10" bec="0" bev="0" fileid="60" />
            </Method>
            <Method visited="false" cyclomaticComplexity="1" nPathComplexity="0" sequenceCoverage="0" branchCoverage="0" isConstructor="false" isStatic="true" isGetter="false" isSetter="false">
              <Summary numSequencePoints="9" visitedSequencePoints="0" numBranchPoints="1" visitedBranchPoints="0" sequenceCoverage="0" branchCoverage="0" maxCyclomaticComplexity="1" minCyclomaticComplexity="1" visitedClasses="0" numClasses="0" visitedMethods="0" numMethods="1" />
              <MetadataToken>100663487</MetadataToken>
              <Name>System.Action`3&lt;System.String,System.String,System.Int32&gt; Puzzle.Core.Multitenancy.Internal.Logging.LibLog.LogProviders.EntLibLogProvider::GetWriteLogEntry()</Name>
              <FileRef uid="60" />
              <SequencePoints>
                <SequencePoint vc="0" uspid="1331" ordinal="0" offset="0" sl="102" sc="9" el="102" ec="10" bec="0" bev="0" fileid="60" />
                <SequencePoint vc="0" uspid="1332" ordinal="1" offset="1" sl="104" sc="13" el="104" ec="100" bec="0" bev="0" fileid="60" />
                <SequencePoint vc="0" uspid="1333" ordinal="2" offset="22" sl="105" sc="13" el="105" ec="100" bec="0" bev="0" fileid="60" />
                <SequencePoint vc="0" uspid="1334" ordinal="3" offset="43" sl="106" sc="13" el="106" ec="99" bec="0" bev="0" fileid="60" />
                <SequencePoint vc="0" uspid="1335" ordinal="4" offset="64" sl="108" sc="13" el="111" ec="35" bec="0" bev="0" fileid="60" />
                <SequencePoint vc="0" uspid="1336" ordinal="5" offset="83" sl="114" sc="13" el="114" ec="98" bec="0" bev="0" fileid="60" />
                <SequencePoint vc="0" uspid="1337" ordinal="6" offset="114" sl="115" sc="13" el="115" ec="109" bec="0" bev="0" fileid="60" />
                <SequencePoint vc="0" uspid="1338" ordinal="7" offset="124" sl="117" sc="13" el="121" ec="46" bec="0" bev="0" fileid="60" />
                <SequencePoint vc="0" uspid="1339" ordinal="8" offset="158" sl="122" sc="9" el="122" ec="10" bec="0" bev="0" fileid="60" />
              </SequencePoints>
              <BranchPoints />
              <MethodPoint xsi:type="SequencePoint" vc="0" uspid="1331" ordinal="0" offset="0" sl="102" sc="9" el="102" ec="10" bec="0" bev="0" fileid="60" />
            </Method>
            <Method visited="false" cyclomaticComplexity="1" nPathComplexity="0" sequenceCoverage="0" branchCoverage="0" isConstructor="false" isStatic="true" isGetter="false" isSetter="false">
              <Summary numSequencePoints="8" visitedSequencePoints="0" numBranchPoints="1" visitedBranchPoints="0" sequenceCoverage="0" branchCoverage="0" maxCyclomaticComplexity="1" minCyclomaticComplexity="1" visitedClasses="0" numClasses="0" visitedMethods="0" numMethods="1" />
              <MetadataToken>100663488</MetadataToken>
              <Name>System.Func`3&lt;System.String,System.Int32,System.Boolean&gt; Puzzle.Core.Multitenancy.Internal.Logging.LibLog.LogProviders.EntLibLogProvider::GetShouldLogEntry()</Name>
              <FileRef uid="60" />
              <SequencePoints>
                <SequencePoint vc="0" uspid="1340" ordinal="0" offset="0" sl="125" sc="9" el="125" ec="10" bec="0" bev="0" fileid="60" />
                <SequencePoint vc="0" uspid="1341" ordinal="1" offset="1" sl="127" sc="13" el="127" ec="100" bec="0" bev="0" fileid="60" />
                <SequencePoint vc="0" uspid="1342" ordinal="2" offset="22" sl="128" sc="13" el="128" ec="99" bec="0" bev="0" fileid="60" />
                <SequencePoint vc="0" uspid="1343" ordinal="3" offset="43" sl="130" sc="13" el="133" ec="35" bec="0" bev="0" fileid="60" />
                <SequencePoint vc="0" uspid="1344" ordinal="4" offset="71" sl="136" sc="13" el="136" ec="102" bec="0" bev="0" fileid="60" />
                <SequencePoint vc="0" uspid="1345" ordinal="5" offset="101" sl="137" sc="13" el="137" ec="109" bec="0" bev="0" fileid="60" />
                <SequencePoint vc="0" uspid="1346" ordinal="6" offset="110" sl="139" sc="13" el="142" ec="46" bec="0" bev="0" fileid="60" />
                <SequencePoint vc="0" uspid="1347" ordinal="7" offset="140" sl="143" sc="9" el="143" ec="10" bec="0" bev="0" fileid="60" />
              </SequencePoints>
              <BranchPoints />
              <MethodPoint xsi:type="SequencePoint" vc="0" uspid="1340" ordinal="0" offset="0" sl="125" sc="9" el="125" ec="10" bec="0" bev="0" fileid="60" />
            </Method>
            <Method visited="false" cyclomaticComplexity="1" nPathComplexity="0" sequenceCoverage="0" branchCoverage="0" isConstructor="false" isStatic="true" isGetter="false" isSetter="false">
              <Summary numSequencePoints="5" visitedSequencePoints="0" numBranchPoints="1" visitedBranchPoints="0" sequenceCoverage="0" branchCoverage="0" maxCyclomaticComplexity="1" minCyclomaticComplexity="1" visitedClasses="0" numClasses="0" visitedMethods="0" numMethods="1" />
              <MetadataToken>100663489</MetadataToken>
              <Name>System.Linq.Expressions.MemberInitExpression Puzzle.Core.Multitenancy.Internal.Logging.LibLog.LogProviders.EntLibLogProvider::GetWriteLogExpression(System.Linq.Expressions.Expression,System.Linq.Expressions.Expression,System.Linq.Expressions.ParameterExpression)</Name>
              <FileRef uid="60" />
              <SequencePoints>
                <SequencePoint vc="0" uspid="1348" ordinal="0" offset="0" sl="149" sc="9" el="149" ec="10" bec="0" bev="0" fileid="60" />
                <SequencePoint vc="0" uspid="1349" ordinal="1" offset="1" sl="150" sc="13" el="150" ec="43" bec="0" bev="0" fileid="60" />
                <SequencePoint vc="0" uspid="1350" ordinal="2" offset="7" sl="151" sc="13" el="163" ec="45" bec="0" bev="0" fileid="60" />
                <SequencePoint vc="0" uspid="1351" ordinal="3" offset="198" sl="164" sc="13" el="164" ec="31" bec="0" bev="0" fileid="60" />
                <SequencePoint vc="0" uspid="1352" ordinal="4" offset="202" sl="165" sc="9" el="165" ec="10" bec="0" bev="0" fileid="60" />
              </SequencePoints>
              <BranchPoints />
              <MethodPoint xsi:type="SequencePoint" vc="0" uspid="1348" ordinal="0" offset="0" sl="149" sc="9" el="149" ec="10" bec="0" bev="0" fileid="60" />
            </Method>
          </Methods>
        </Class>
        <Class>
          <Summary numSequencePoints="32" visitedSequencePoints="0" numBranchPoints="13" visitedBranchPoints="0" sequenceCoverage="0" branchCoverage="0" maxCyclomaticComplexity="6" minCyclomaticComplexity="1" visitedClasses="0" numClasses="1" visitedMethods="0" numMethods="4" />
          <FullName>Puzzle.Core.Multitenancy.Internal.Logging.LibLog.LogProviders.EntLibLogProvider/EntLibLogger</FullName>
          <Methods>
            <Method visited="false" cyclomaticComplexity="1" nPathComplexity="0" sequenceCoverage="0" branchCoverage="0" isConstructor="true" isStatic="false" isGetter="false" isSetter="false">
              <Summary numSequencePoints="6" visitedSequencePoints="0" numBranchPoints="1" visitedBranchPoints="0" sequenceCoverage="0" branchCoverage="0" maxCyclomaticComplexity="1" minCyclomaticComplexity="1" visitedClasses="0" numClasses="0" visitedMethods="0" numMethods="1" />
              <MetadataToken>100663668</MetadataToken>
              <Name>System.Void Puzzle.Core.Multitenancy.Internal.Logging.LibLog.LogProviders.EntLibLogProvider/EntLibLogger::.ctor(System.String,System.Action`3&lt;System.String,System.String,System.Int32&gt;,System.Func`3&lt;System.String,System.Int32,System.Boolean&gt;)</Name>
              <FileRef uid="60" />
              <SequencePoints>
                <SequencePoint vc="0" uspid="1353" ordinal="0" offset="0" sl="173" sc="13" el="173" ec="126" bec="0" bev="0" fileid="60" />
                <SequencePoint vc="0" uspid="1354" ordinal="1" offset="7" sl="174" sc="13" el="174" ec="14" bec="0" bev="0" fileid="60" />
                <SequencePoint vc="0" uspid="1355" ordinal="2" offset="8" sl="175" sc="17" el="175" ec="46" bec="0" bev="0" fileid="60" />
                <SequencePoint vc="0" uspid="1356" ordinal="3" offset="15" sl="176" sc="17" el="176" ec="42" bec="0" bev="0" fileid="60" />
                <SequencePoint vc="0" uspid="1357" ordinal="4" offset="22" sl="177" sc="17" el="177" ec="44" bec="0" bev="0" fileid="60" />
                <SequencePoint vc="0" uspid="1358" ordinal="5" offset="29" sl="178" sc="13" el="178" ec="14" bec="0" bev="0" fileid="60" />
              </SequencePoints>
              <BranchPoints />
              <MethodPoint xsi:type="SequencePoint" vc="0" uspid="1353" ordinal="0" offset="0" sl="173" sc="13" el="173" ec="126" bec="0" bev="0" fileid="60" />
            </Method>
            <Method visited="false" cyclomaticComplexity="3" nPathComplexity="4" sequenceCoverage="0" branchCoverage="0" isConstructor="false" isStatic="false" isGetter="false" isSetter="false">
              <Summary numSequencePoints="12" visitedSequencePoints="0" numBranchPoints="5" visitedBranchPoints="0" sequenceCoverage="0" branchCoverage="0" maxCyclomaticComplexity="3" minCyclomaticComplexity="3" visitedClasses="0" numClasses="0" visitedMethods="0" numMethods="1" />
              <MetadataToken>100663669</MetadataToken>
              <Name>System.Boolean Puzzle.Core.Multitenancy.Internal.Logging.LibLog.LogProviders.EntLibLogProvider/EntLibLogger::Log(Puzzle.Core.Multitenancy.Internal.Logging.LibLog.LogLevel,System.Func`1&lt;System.String&gt;,System.Exception,System.Object[])</Name>
              <FileRef uid="60" />
              <SequencePoints>
                <SequencePoint vc="0" uspid="1359" ordinal="0" offset="0" sl="181" sc="13" el="181" ec="14" bec="0" bev="0" fileid="60" />
                <SequencePoint vc="0" uspid="1360" ordinal="1" offset="1" sl="182" sc="17" el="182" ec="54" bec="0" bev="0" fileid="60" />
                <SequencePoint vc="0" uspid="1361" ordinal="2" offset="8" sl="183" sc="17" el="183" ec="41" bec="2" bev="0" fileid="60" />
                <SequencePoint vc="0" uspid="1362" ordinal="3" offset="16" sl="184" sc="17" el="184" ec="18" bec="0" bev="0" fileid="60" />
                <SequencePoint vc="0" uspid="1363" ordinal="4" offset="17" sl="185" sc="21" el="185" ec="60" bec="0" bev="0" fileid="60" />
                <SequencePoint vc="0" uspid="1364" ordinal="5" offset="38" sl="188" sc="17" el="188" ec="108" bec="0" bev="0" fileid="60" />
                <SequencePoint vc="0" uspid="1365" ordinal="6" offset="48" sl="189" sc="17" el="189" ec="39" bec="2" bev="0" fileid="60" />
                <SequencePoint vc="0" uspid="1366" ordinal="7" offset="56" sl="190" sc="17" el="190" ec="18" bec="0" bev="0" fileid="60" />
                <SequencePoint vc="0" uspid="1367" ordinal="8" offset="57" sl="191" sc="21" el="191" ec="75" bec="0" bev="0" fileid="60" />
                <SequencePoint vc="0" uspid="1368" ordinal="9" offset="69" sl="194" sc="17" el="194" ec="63" bec="0" bev="0" fileid="60" />
                <SequencePoint vc="0" uspid="1369" ordinal="10" offset="94" sl="195" sc="17" el="195" ec="29" bec="0" bev="0" fileid="60" />
                <SequencePoint vc="0" uspid="1370" ordinal="11" offset="98" sl="196" sc="13" el="196" ec="14" bec="0" bev="0" fileid="60" />
              </SequencePoints>
              <BranchPoints>
                <BranchPoint vc="0" uspid="1371" ordinal="0" offset="14" sl="183" path="0" offsetend="16" fileid="60" />
                <BranchPoint vc="0" uspid="1372" ordinal="1" offset="14" sl="183" path="1" offsetend="38" fileid="60" />
                <BranchPoint vc="0" uspid="1373" ordinal="2" offset="54" sl="189" path="0" offsetend="56" fileid="60" />
                <BranchPoint vc="0" uspid="1374" ordinal="3" offset="54" sl="189" path="1" offsetend="69" fileid="60" />
              </BranchPoints>
              <MethodPoint xsi:type="SequencePoint" vc="0" uspid="1359" ordinal="0" offset="0" sl="181" sc="13" el="181" ec="14" bec="0" bev="0" fileid="60" />
            </Method>
            <Method visited="false" cyclomaticComplexity="1" nPathComplexity="0" sequenceCoverage="0" branchCoverage="0" isConstructor="false" isStatic="false" isGetter="false" isSetter="false">
              <Summary numSequencePoints="6" visitedSequencePoints="0" numBranchPoints="1" visitedBranchPoints="0" sequenceCoverage="0" branchCoverage="0" maxCyclomaticComplexity="1" minCyclomaticComplexity="1" visitedClasses="0" numClasses="0" visitedMethods="0" numMethods="1" />
              <MetadataToken>100663670</MetadataToken>
              <Name>System.Boolean Puzzle.Core.Multitenancy.Internal.Logging.LibLog.LogProviders.EntLibLogProvider/EntLibLogger::LogException(Puzzle.Core.Multitenancy.Internal.Logging.LibLog.LogLevel,System.Func`1&lt;System.String&gt;,System.Exception)</Name>
              <FileRef uid="60" />
              <SequencePoints>
                <SequencePoint vc="0" uspid="1375" ordinal="0" offset="0" sl="199" sc="13" el="199" ec="14" bec="0" bev="0" fileid="60" />
                <SequencePoint vc="0" uspid="1376" ordinal="1" offset="1" sl="200" sc="17" el="200" ec="54" bec="0" bev="0" fileid="60" />
                <SequencePoint vc="0" uspid="1377" ordinal="2" offset="8" sl="201" sc="17" el="201" ec="82" bec="0" bev="0" fileid="60" />
                <SequencePoint vc="0" uspid="1378" ordinal="3" offset="26" sl="202" sc="17" el="202" ec="57" bec="0" bev="0" fileid="60" />
                <SequencePoint vc="0" uspid="1379" ordinal="4" offset="46" sl="203" sc="17" el="203" ec="29" bec="0" bev="0" fileid="60" />
                <SequencePoint vc="0" uspid="1380" ordinal="5" offset="50" sl="204" sc="13" el="204" ec="14" bec="0" bev="0" fileid="60" />
              </SequencePoints>
              <BranchPoints />
              <MethodPoint xsi:type="SequencePoint" vc="0" uspid="1375" ordinal="0" offset="0" sl="199" sc="13" el="199" ec="14" bec="0" bev="0" fileid="60" />
            </Method>
            <Method visited="false" cyclomaticComplexity="6" nPathComplexity="5" sequenceCoverage="0" branchCoverage="0" isConstructor="false" isStatic="true" isGetter="false" isSetter="false">
              <Summary numSequencePoints="8" visitedSequencePoints="0" numBranchPoints="6" visitedBranchPoints="0" sequenceCoverage="0" branchCoverage="0" maxCyclomaticComplexity="6" minCyclomaticComplexity="6" visitedClasses="0" numClasses="0" visitedMethods="0" numMethods="1" />
              <MetadataToken>100663671</MetadataToken>
              <Name>System.Int32 Puzzle.Core.Multitenancy.Internal.Logging.LibLog.LogProviders.EntLibLogProvider/EntLibLogger::MapSeverity(Puzzle.Core.Multitenancy.Internal.Logging.LibLog.LogLevel)</Name>
              <FileRef uid="60" />
              <SequencePoints>
                <SequencePoint vc="0" uspid="1381" ordinal="0" offset="0" sl="207" sc="13" el="207" ec="14" bec="0" bev="0" fileid="60" />
                <SequencePoint vc="0" uspid="1382" ordinal="1" offset="1" sl="208" sc="17" el="208" ec="34" bec="5" bev="0" fileid="60" />
                <SequencePoint vc="0" uspid="1383" ordinal="2" offset="29" sl="211" sc="25" el="211" ec="62" bec="0" bev="0" fileid="60" />
                <SequencePoint vc="0" uspid="1384" ordinal="3" offset="37" sl="213" sc="25" el="213" ec="59" bec="0" bev="0" fileid="60" />
                <SequencePoint vc="0" uspid="1385" ordinal="4" offset="45" sl="215" sc="25" el="215" ec="61" bec="0" bev="0" fileid="60" />
                <SequencePoint vc="0" uspid="1386" ordinal="5" offset="53" sl="217" sc="25" el="217" ec="65" bec="0" bev="0" fileid="60" />
                <SequencePoint vc="0" uspid="1387" ordinal="6" offset="61" sl="219" sc="25" el="219" ec="61" bec="0" bev="0" fileid="60" />
                <SequencePoint vc="0" uspid="1388" ordinal="7" offset="69" sl="221" sc="13" el="221" ec="14" bec="0" bev="0" fileid="60" />
              </SequencePoints>
              <BranchPoints>
                <BranchPoint vc="0" uspid="1389" ordinal="0" offset="6" sl="208" path="0" offsetchain="27" offsetend="61" fileid="60" />
                <BranchPoint vc="0" uspid="1390" ordinal="1" offset="6" sl="208" path="1" offsetend="53" fileid="60" />
                <BranchPoint vc="0" uspid="1391" ordinal="2" offset="6" sl="208" path="2" offsetend="45" fileid="60" />
                <BranchPoint vc="0" uspid="1392" ordinal="3" offset="6" sl="208" path="3" offsetend="37" fileid="60" />
                <BranchPoint vc="0" uspid="1393" ordinal="4" offset="6" sl="208" path="4" offsetend="29" fileid="60" />
              </BranchPoints>
              <MethodPoint xsi:type="SequencePoint" vc="0" uspid="1381" ordinal="0" offset="0" sl="207" sc="13" el="207" ec="14" bec="0" bev="0" fileid="60" />
            </Method>
          </Methods>
        </Class>
        <Class>
          <Summary numSequencePoints="57" visitedSequencePoints="0" numBranchPoints="12" visitedBranchPoints="0" sequenceCoverage="0" branchCoverage="0" maxCyclomaticComplexity="2" minCyclomaticComplexity="1" visitedClasses="0" numClasses="1" visitedMethods="0" numMethods="10" />
          <FullName>Puzzle.Core.Multitenancy.Internal.Logging.LibLog.LogProviders.Log4NetLogProvider</FullName>
          <Methods>
            <Method visited="false" cyclomaticComplexity="1" nPathComplexity="0" sequenceCoverage="0" branchCoverage="0" isConstructor="false" isStatic="true" isGetter="true" isSetter="false">
              <Summary numSequencePoints="3" visitedSequencePoints="0" numBranchPoints="1" visitedBranchPoints="0" sequenceCoverage="0" branchCoverage="0" maxCyclomaticComplexity="1" minCyclomaticComplexity="1" visitedClasses="0" numClasses="0" visitedMethods="0" numMethods="1" />
              <MetadataToken>100663491</MetadataToken>
              <Name>System.Boolean Puzzle.Core.Multitenancy.Internal.Logging.LibLog.LogProviders.Log4NetLogProvider::get_ProviderIsAvailableOverride()</Name>
              <FileRef uid="62" />
              <SequencePoints>
                <SequencePoint vc="0" uspid="1394" ordinal="0" offset="0" sl="66" sc="17" el="66" ec="18" bec="0" bev="0" fileid="62" />
                <SequencePoint vc="0" uspid="1395" ordinal="1" offset="1" sl="66" sc="19" el="66" ec="54" bec="0" bev="0" fileid="62" />
                <SequencePoint vc="0" uspid="1396" ordinal="2" offset="9" sl="66" sc="55" el="66" ec="56" bec="0" bev="0" fileid="62" />
              </SequencePoints>
              <BranchPoints />
              <MethodPoint xsi:type="SequencePoint" vc="0" uspid="1394" ordinal="0" offset="0" sl="66" sc="17" el="66" ec="18" bec="0" bev="0" fileid="62" />
            </Method>
            <Method visited="false" cyclomaticComplexity="1" nPathComplexity="0" sequenceCoverage="0" branchCoverage="0" isConstructor="false" isStatic="true" isGetter="false" isSetter="true">
              <Summary numSequencePoints="3" visitedSequencePoints="0" numBranchPoints="1" visitedBranchPoints="0" sequenceCoverage="0" branchCoverage="0" maxCyclomaticComplexity="1" minCyclomaticComplexity="1" visitedClasses="0" numClasses="0" visitedMethods="0" numMethods="1" />
              <MetadataToken>100663492</MetadataToken>
              <Name>System.Void Puzzle.Core.Multitenancy.Internal.Logging.LibLog.LogProviders.Log4NetLogProvider::set_ProviderIsAvailableOverride(System.Boolean)</Name>
              <FileRef uid="62" />
              <SequencePoints>
                <SequencePoint vc="0" uspid="1397" ordinal="0" offset="0" sl="67" sc="17" el="67" ec="18" bec="0" bev="0" fileid="62" />
                <SequencePoint vc="0" uspid="1398" ordinal="1" offset="1" sl="67" sc="19" el="67" ec="55" bec="0" bev="0" fileid="62" />
                <SequencePoint vc="0" uspid="1399" ordinal="2" offset="7" sl="67" sc="56" el="67" ec="57" bec="0" bev="0" fileid="62" />
              </SequencePoints>
              <BranchPoints />
              <MethodPoint xsi:type="SequencePoint" vc="0" uspid="1397" ordinal="0" offset="0" sl="67" sc="17" el="67" ec="18" bec="0" bev="0" fileid="62" />
            </Method>
            <Method visited="false" cyclomaticComplexity="2" nPathComplexity="2" sequenceCoverage="0" branchCoverage="0" isConstructor="true" isStatic="false" isGetter="false" isSetter="false">
              <Summary numSequencePoints="7" visitedSequencePoints="0" numBranchPoints="3" visitedBranchPoints="0" sequenceCoverage="0" branchCoverage="0" maxCyclomaticComplexity="2" minCyclomaticComplexity="2" visitedClasses="0" numClasses="0" visitedMethods="0" numMethods="1" />
              <MetadataToken>100663490</MetadataToken>
              <Name>System.Void Puzzle.Core.Multitenancy.Internal.Logging.LibLog.LogProviders.Log4NetLogProvider::.ctor()</Name>
              <FileRef uid="62" />
              <SequencePoints>
                <SequencePoint vc="0" uspid="1400" ordinal="0" offset="0" sl="54" sc="9" el="54" ec="36" bec="0" bev="0" fileid="62" />
                <SequencePoint vc="0" uspid="1401" ordinal="1" offset="7" sl="55" sc="9" el="55" ec="10" bec="0" bev="0" fileid="62" />
                <SequencePoint vc="0" uspid="1402" ordinal="2" offset="8" sl="56" sc="13" el="56" ec="38" bec="2" bev="0" fileid="62" />
                <SequencePoint vc="0" uspid="1403" ordinal="3" offset="20" sl="57" sc="13" el="57" ec="14" bec="0" bev="0" fileid="62" />
                <SequencePoint vc="0" uspid="1404" ordinal="4" offset="21" sl="58" sc="17" el="58" ec="85" bec="0" bev="0" fileid="62" />
                <SequencePoint vc="0" uspid="1405" ordinal="5" offset="32" sl="61" sc="13" el="61" ec="64" bec="0" bev="0" fileid="62" />
                <SequencePoint vc="0" uspid="1406" ordinal="6" offset="43" sl="62" sc="9" el="62" ec="10" bec="0" bev="0" fileid="62" />
              </SequencePoints>
              <BranchPoints>
                <BranchPoint vc="0" uspid="1407" ordinal="0" offset="18" sl="56" path="0" offsetend="20" fileid="62" />
                <BranchPoint vc="0" uspid="1408" ordinal="1" offset="18" sl="56" path="1" offsetend="32" fileid="62" />
              </BranchPoints>
              <MethodPoint xsi:type="SequencePoint" vc="0" uspid="1400" ordinal="0" offset="0" sl="54" sc="9" el="54" ec="36" bec="0" bev="0" fileid="62" />
            </Method>
            <Method visited="false" cyclomaticComplexity="1" nPathComplexity="0" sequenceCoverage="0" branchCoverage="0" isConstructor="false" isStatic="false" isGetter="false" isSetter="false">
              <Summary numSequencePoints="3" visitedSequencePoints="0" numBranchPoints="1" visitedBranchPoints="0" sequenceCoverage="0" branchCoverage="0" maxCyclomaticComplexity="1" minCyclomaticComplexity="1" visitedClasses="0" numClasses="0" visitedMethods="0" numMethods="1" />
              <MetadataToken>100663493</MetadataToken>
              <Name>Puzzle.Core.Multitenancy.Internal.Logging.LibLog.Logger Puzzle.Core.Multitenancy.Internal.Logging.LibLog.LogProviders.Log4NetLogProvider::GetLogger(System.String)</Name>
              <FileRef uid="62" />
              <SequencePoints>
                <SequencePoint vc="0" uspid="1409" ordinal="0" offset="0" sl="71" sc="9" el="71" ec="10" bec="0" bev="0" fileid="62" />
                <SequencePoint vc="0" uspid="1410" ordinal="1" offset="1" sl="72" sc="13" el="72" ec="73" bec="0" bev="0" fileid="62" />
                <SequencePoint vc="0" uspid="1411" ordinal="2" offset="32" sl="73" sc="9" el="73" ec="10" bec="0" bev="0" fileid="62" />
              </SequencePoints>
              <BranchPoints />
              <MethodPoint xsi:type="SequencePoint" vc="0" uspid="1409" ordinal="0" offset="0" sl="71" sc="9" el="71" ec="10" bec="0" bev="0" fileid="62" />
            </Method>
            <Method visited="false" cyclomaticComplexity="2" nPathComplexity="0" sequenceCoverage="0" branchCoverage="0" isConstructor="false" isStatic="true" isGetter="false" isSetter="false">
              <Summary numSequencePoints="3" visitedSequencePoints="0" numBranchPoints="1" visitedBranchPoints="0" sequenceCoverage="0" branchCoverage="0" maxCyclomaticComplexity="2" minCyclomaticComplexity="2" visitedClasses="0" numClasses="0" visitedMethods="0" numMethods="1" />
              <MetadataToken>100663494</MetadataToken>
              <Name>System.Boolean Puzzle.Core.Multitenancy.Internal.Logging.LibLog.LogProviders.Log4NetLogProvider::IsLoggerAvailable()</Name>
              <FileRef uid="62" />
              <SequencePoints>
                <SequencePoint vc="0" uspid="1412" ordinal="0" offset="0" sl="76" sc="9" el="76" ec="10" bec="0" bev="0" fileid="62" />
                <SequencePoint vc="0" uspid="1413" ordinal="1" offset="1" sl="77" sc="13" el="77" ec="79" bec="0" bev="0" fileid="62" />
                <SequencePoint vc="0" uspid="1414" ordinal="2" offset="25" sl="78" sc="9" el="78" ec="10" bec="0" bev="0" fileid="62" />
              </SequencePoints>
              <BranchPoints />
              <MethodPoint xsi:type="SequencePoint" vc="0" uspid="1412" ordinal="0" offset="0" sl="76" sc="9" el="76" ec="10" bec="0" bev="0" fileid="62" />
            </Method>
            <Method visited="false" cyclomaticComplexity="1" nPathComplexity="0" sequenceCoverage="0" branchCoverage="0" isConstructor="false" isStatic="false" isGetter="false" isSetter="false">
              <Summary numSequencePoints="12" visitedSequencePoints="0" numBranchPoints="1" visitedBranchPoints="0" sequenceCoverage="0" branchCoverage="0" maxCyclomaticComplexity="1" minCyclomaticComplexity="1" visitedClasses="0" numClasses="0" visitedMethods="0" numMethods="1" />
              <MetadataToken>100663495</MetadataToken>
              <Name>Puzzle.Core.Multitenancy.Internal.Logging.LibLog.LogProviders.LogProviderBase/OpenNdc Puzzle.Core.Multitenancy.Internal.Logging.LibLog.LogProviders.Log4NetLogProvider::GetOpenNdcMethod()</Name>
              <FileRef uid="62" />
              <SequencePoints>
                <SequencePoint vc="0" uspid="1417" ordinal="0" offset="0" sl="81" sc="9" el="81" ec="10" bec="0" bev="0" fileid="62" />
                <SequencePoint vc="0" uspid="1418" ordinal="1" offset="1" sl="82" sc="13" el="82" ec="99" bec="0" bev="0" fileid="62" />
                <SequencePoint vc="0" uspid="1419" ordinal="2" offset="12" sl="83" sc="13" el="83" ec="98" bec="0" bev="0" fileid="62" />
                <SequencePoint vc="0" uspid="1420" ordinal="3" offset="24" sl="84" sc="13" el="84" ec="79" bec="0" bev="0" fileid="62" />
                <SequencePoint vc="0" uspid="1421" ordinal="4" offset="31" sl="85" sc="13" el="85" ec="109" bec="0" bev="0" fileid="62" />
                <SequencePoint vc="0" uspid="1422" ordinal="5" offset="43" sl="86" sc="13" el="86" ec="65" bec="0" bev="0" fileid="62" />
                <SequencePoint vc="0" uspid="1423" ordinal="6" offset="51" sl="87" sc="13" el="87" ec="73" bec="0" bev="0" fileid="62" />
                <SequencePoint vc="0" uspid="1424" ordinal="7" offset="65" sl="89" sc="13" el="90" ec="65" bec="0" bev="0" fileid="62" />
                <SequencePoint vc="0" uspid="1425" ordinal="8" offset="87" sl="93" sc="13" el="100" ec="39" bec="0" bev="0" fileid="62" />
                <SequencePoint vc="0" uspid="1426" ordinal="9" offset="139" sl="102" sc="13" el="104" ec="38" bec="0" bev="0" fileid="62" />
                <SequencePoint vc="0" uspid="1427" ordinal="10" offset="164" sl="106" sc="13" el="106" ec="27" bec="0" bev="0" fileid="62" />
                <SequencePoint vc="0" uspid="1428" ordinal="11" offset="170" sl="107" sc="9" el="107" ec="10" bec="0" bev="0" fileid="62" />
              </SequencePoints>
              <BranchPoints />
              <MethodPoint xsi:type="SequencePoint" vc="0" uspid="1417" ordinal="0" offset="0" sl="81" sc="9" el="81" ec="10" bec="0" bev="0" fileid="62" />
            </Method>
            <Method visited="false" cyclomaticComplexity="1" nPathComplexity="0" sequenceCoverage="0" branchCoverage="0" isConstructor="false" isStatic="false" isGetter="false" isSetter="false">
              <Summary numSequencePoints="15" visitedSequencePoints="0" numBranchPoints="1" visitedBranchPoints="0" sequenceCoverage="0" branchCoverage="0" maxCyclomaticComplexity="1" minCyclomaticComplexity="1" visitedClasses="0" numClasses="0" visitedMethods="0" numMethods="1" />
              <MetadataToken>100663496</MetadataToken>
              <Name>Puzzle.Core.Multitenancy.Internal.Logging.LibLog.LogProviders.LogProviderBase/OpenMdc Puzzle.Core.Multitenancy.Internal.Logging.LibLog.LogProviders.Log4NetLogProvider::GetOpenMdcMethod()</Name>
              <FileRef uid="62" />
              <SequencePoints>
                <SequencePoint vc="0" uspid="1429" ordinal="0" offset="6" sl="110" sc="9" el="110" ec="10" bec="0" bev="0" fileid="62" />
                <SequencePoint vc="0" uspid="1430" ordinal="1" offset="7" sl="111" sc="13" el="111" ec="99" bec="0" bev="0" fileid="62" />
                <SequencePoint vc="0" uspid="1431" ordinal="2" offset="18" sl="112" sc="13" el="112" ec="106" bec="0" bev="0" fileid="62" />
                <SequencePoint vc="0" uspid="1432" ordinal="3" offset="30" sl="113" sc="13" el="113" ec="87" bec="0" bev="0" fileid="62" />
                <SequencePoint vc="0" uspid="1433" ordinal="4" offset="37" sl="114" sc="13" el="114" ec="117" bec="0" bev="0" fileid="62" />
                <SequencePoint vc="0" uspid="1434" ordinal="5" offset="50" sl="116" sc="13" el="116" ec="102" bec="0" bev="0" fileid="62" />
                <SequencePoint vc="0" uspid="1435" ordinal="6" offset="63" sl="118" sc="13" el="118" ec="88" bec="0" bev="0" fileid="62" />
                <SequencePoint vc="0" uspid="1436" ordinal="7" offset="85" sl="119" sc="13" el="119" ec="92" bec="0" bev="0" fileid="62" />
                <SequencePoint vc="0" uspid="1437" ordinal="8" offset="107" sl="121" sc="13" el="121" ec="99" bec="0" bev="0" fileid="62" />
                <SequencePoint vc="0" uspid="1438" ordinal="9" offset="116" sl="124" sc="13" el="124" ec="156" bec="0" bev="0" fileid="62" />
                <SequencePoint vc="0" uspid="1439" ordinal="10" offset="145" sl="127" sc="13" el="127" ec="115" bec="0" bev="0" fileid="62" />
                <SequencePoint vc="0" uspid="1440" ordinal="11" offset="167" sl="129" sc="13" el="131" ec="28" bec="0" bev="0" fileid="62" />
                <SequencePoint vc="0" uspid="1441" ordinal="12" offset="201" sl="133" sc="13" el="135" ec="28" bec="0" bev="0" fileid="62" />
                <SequencePoint vc="0" uspid="1442" ordinal="13" offset="230" sl="137" sc="13" el="141" ec="15" bec="0" bev="0" fileid="62" />
                <SequencePoint vc="0" uspid="1443" ordinal="14" offset="246" sl="142" sc="9" el="142" ec="10" bec="0" bev="0" fileid="62" />
              </SequencePoints>
              <BranchPoints />
              <MethodPoint vc="0" uspid="1444" ordinal="0" offset="0" />
            </Method>
            <Method visited="false" cyclomaticComplexity="1" nPathComplexity="0" sequenceCoverage="0" branchCoverage="0" isConstructor="false" isStatic="true" isGetter="false" isSetter="false">
              <Summary numSequencePoints="3" visitedSequencePoints="0" numBranchPoints="1" visitedBranchPoints="0" sequenceCoverage="0" branchCoverage="0" maxCyclomaticComplexity="1" minCyclomaticComplexity="1" visitedClasses="0" numClasses="0" visitedMethods="0" numMethods="1" />
              <MetadataToken>100663497</MetadataToken>
              <Name>System.Type Puzzle.Core.Multitenancy.Internal.Logging.LibLog.LogProviders.Log4NetLogProvider::GetLogManagerType()</Name>
              <FileRef uid="62" />
              <SequencePoints>
                <SequencePoint vc="0" uspid="1445" ordinal="0" offset="0" sl="145" sc="9" el="145" ec="10" bec="0" bev="0" fileid="62" />
                <SequencePoint vc="0" uspid="1446" ordinal="1" offset="1" sl="146" sc="13" el="146" ec="64" bec="0" bev="0" fileid="62" />
                <SequencePoint vc="0" uspid="1447" ordinal="2" offset="14" sl="147" sc="9" el="147" ec="10" bec="0" bev="0" fileid="62" />
              </SequencePoints>
              <BranchPoints />
              <MethodPoint xsi:type="SequencePoint" vc="0" uspid="1445" ordinal="0" offset="0" sl="145" sc="9" el="145" ec="10" bec="0" bev="0" fileid="62" />
            </Method>
            <Method visited="false" cyclomaticComplexity="1" nPathComplexity="0" sequenceCoverage="0" branchCoverage="0" isConstructor="false" isStatic="true" isGetter="false" isSetter="false">
              <Summary numSequencePoints="7" visitedSequencePoints="0" numBranchPoints="1" visitedBranchPoints="0" sequenceCoverage="0" branchCoverage="0" maxCyclomaticComplexity="1" minCyclomaticComplexity="1" visitedClasses="0" numClasses="0" visitedMethods="0" numMethods="1" />
              <MetadataToken>100663498</MetadataToken>
              <Name>System.Func`2&lt;System.String,System.Object&gt; Puzzle.Core.Multitenancy.Internal.Logging.LibLog.LogProviders.Log4NetLogProvider::GetGetLoggerMethodCall()</Name>
              <FileRef uid="62" />
              <SequencePoints>
                <SequencePoint vc="0" uspid="1448" ordinal="0" offset="0" sl="150" sc="9" el="150" ec="10" bec="0" bev="0" fileid="62" />
                <SequencePoint vc="0" uspid="1449" ordinal="1" offset="1" sl="151" sc="13" el="151" ec="55" bec="0" bev="0" fileid="62" />
                <SequencePoint vc="0" uspid="1450" ordinal="2" offset="7" sl="152" sc="13" el="152" ec="95" bec="0" bev="0" fileid="62" />
                <SequencePoint vc="0" uspid="1451" ordinal="3" offset="38" sl="153" sc="13" el="153" ec="90" bec="0" bev="0" fileid="62" />
                <SequencePoint vc="0" uspid="1452" ordinal="4" offset="59" sl="154" sc="13" el="154" ec="88" bec="0" bev="0" fileid="62" />
                <SequencePoint vc="0" uspid="1453" ordinal="5" offset="77" sl="155" sc="13" el="155" ec="93" bec="0" bev="0" fileid="62" />
                <SequencePoint vc="0" uspid="1454" ordinal="6" offset="102" sl="156" sc="9" el="156" ec="10" bec="0" bev="0" fileid="62" />
              </SequencePoints>
              <BranchPoints />
              <MethodPoint xsi:type="SequencePoint" vc="0" uspid="1448" ordinal="0" offset="0" sl="150" sc="9" el="150" ec="10" bec="0" bev="0" fileid="62" />
            </Method>
            <Method visited="false" cyclomaticComplexity="1" nPathComplexity="0" sequenceCoverage="0" branchCoverage="0" isConstructor="true" isStatic="true" isGetter="false" isSetter="false">
              <Summary numSequencePoints="1" visitedSequencePoints="0" numBranchPoints="1" visitedBranchPoints="0" sequenceCoverage="0" branchCoverage="0" maxCyclomaticComplexity="1" minCyclomaticComplexity="1" visitedClasses="0" numClasses="0" visitedMethods="0" numMethods="1" />
              <MetadataToken>100663499</MetadataToken>
              <Name>System.Void Puzzle.Core.Multitenancy.Internal.Logging.LibLog.LogProviders.Log4NetLogProvider::.cctor()</Name>
              <FileRef uid="62" />
              <SequencePoints>
                <SequencePoint vc="0" uspid="1455" ordinal="0" offset="0" sl="49" sc="9" el="49" ec="64" bec="0" bev="0" fileid="62" />
              </SequencePoints>
              <BranchPoints />
              <MethodPoint xsi:type="SequencePoint" vc="0" uspid="1455" ordinal="0" offset="0" sl="49" sc="9" el="49" ec="64" bec="0" bev="0" fileid="62" />
            </Method>
          </Methods>
        </Class>
        <Class>
          <Summary numSequencePoints="118" visitedSequencePoints="0" numBranchPoints="32" visitedBranchPoints="0" sequenceCoverage="0" branchCoverage="0" maxCyclomaticComplexity="9" minCyclomaticComplexity="1" visitedClasses="0" numClasses="1" visitedMethods="0" numMethods="11" />
          <FullName>Puzzle.Core.Multitenancy.Internal.Logging.LibLog.LogProviders.Log4NetLogProvider/Log4NetLogger</FullName>
          <Methods>
            <Method visited="false" cyclomaticComplexity="9" nPathComplexity="4" sequenceCoverage="0" branchCoverage="0" isConstructor="true" isStatic="false" isGetter="false" isSetter="false">
              <Summary numSequencePoints="27" visitedSequencePoints="0" numBranchPoints="5" visitedBranchPoints="0" sequenceCoverage="0" branchCoverage="0" maxCyclomaticComplexity="9" minCyclomaticComplexity="9" visitedClasses="0" numClasses="0" visitedMethods="0" numMethods="1" />
              <MetadataToken>100663672</MetadataToken>
              <Name>System.Void Puzzle.Core.Multitenancy.Internal.Logging.LibLog.LogProviders.Log4NetLogProvider/Log4NetLogger::.ctor(System.Object)</Name>
              <FileRef uid="62" />
              <SequencePoints>
                <SequencePoint vc="0" uspid="1456" ordinal="0" offset="0" sl="176" sc="13" el="176" ec="51" bec="0" bev="0" fileid="62" />
                <SequencePoint vc="0" uspid="1457" ordinal="1" offset="7" sl="177" sc="13" el="177" ec="14" bec="0" bev="0" fileid="62" />
                <SequencePoint vc="0" uspid="1458" ordinal="2" offset="8" sl="178" sc="17" el="178" ec="45" bec="0" bev="0" fileid="62" />
                <SequencePoint vc="0" uspid="1459" ordinal="3" offset="91" sl="180" sc="17" el="180" ec="86" bec="0" bev="0" fileid="62" />
                <SequencePoint vc="0" uspid="1460" ordinal="4" offset="102" sl="181" sc="17" el="181" ec="47" bec="2" bev="0" fileid="62" />
                <SequencePoint vc="0" uspid="1461" ordinal="5" offset="115" sl="182" sc="17" el="182" ec="18" bec="0" bev="0" fileid="62" />
                <SequencePoint vc="0" uspid="1462" ordinal="6" offset="116" sl="183" sc="21" el="183" ec="99" bec="0" bev="0" fileid="62" />
                <SequencePoint vc="0" uspid="1463" ordinal="7" offset="127" sl="186" sc="17" el="186" ec="94" bec="0" bev="0" fileid="62" />
                <SequencePoint vc="0" uspid="1464" ordinal="8" offset="139" sl="187" sc="17" el="187" ec="87" bec="0" bev="0" fileid="62" />
                <SequencePoint vc="0" uspid="1465" ordinal="9" offset="188" sl="188" sc="17" el="188" ec="85" bec="0" bev="0" fileid="62" />
                <SequencePoint vc="0" uspid="1466" ordinal="10" offset="237" sl="189" sc="17" el="189" ec="85" bec="0" bev="0" fileid="62" />
                <SequencePoint vc="0" uspid="1467" ordinal="11" offset="286" sl="190" sc="17" el="190" ec="87" bec="0" bev="0" fileid="62" />
                <SequencePoint vc="0" uspid="1468" ordinal="12" offset="335" sl="191" sc="17" el="191" ec="87" bec="0" bev="0" fileid="62" />
                <SequencePoint vc="0" uspid="1469" ordinal="13" offset="384" sl="194" sc="17" el="194" ec="81" bec="0" bev="0" fileid="62" />
                <SequencePoint vc="0" uspid="1470" ordinal="14" offset="395" sl="195" sc="17" el="195" ec="40" bec="2" bev="0" fileid="62" />
                <SequencePoint vc="0" uspid="1471" ordinal="15" offset="408" sl="196" sc="17" el="196" ec="18" bec="0" bev="0" fileid="62" />
                <SequencePoint vc="0" uspid="1472" ordinal="16" offset="409" sl="197" sc="21" el="197" ec="102" bec="0" bev="0" fileid="62" />
                <SequencePoint vc="0" uspid="1473" ordinal="17" offset="420" sl="200" sc="17" el="200" ec="90" bec="0" bev="0" fileid="62" />
                <SequencePoint vc="0" uspid="1474" ordinal="18" offset="436" sl="201" sc="17" el="201" ec="94" bec="0" bev="0" fileid="62" />
                <SequencePoint vc="0" uspid="1475" ordinal="19" offset="445" sl="202" sc="17" el="202" ec="87" bec="0" bev="0" fileid="62" />
                <SequencePoint vc="0" uspid="1476" ordinal="20" offset="462" sl="203" sc="17" el="203" ec="95" bec="0" bev="0" fileid="62" />
                <SequencePoint vc="0" uspid="1477" ordinal="21" offset="472" sl="204" sc="17" el="204" ec="139" bec="0" bev="0" fileid="62" />
                <SequencePoint vc="0" uspid="1478" ordinal="22" offset="492" sl="206" sc="17" el="206" ec="92" bec="0" bev="0" fileid="62" />
                <SequencePoint vc="0" uspid="1479" ordinal="23" offset="504" sl="208" sc="17" el="208" ec="130" bec="0" bev="0" fileid="62" />
                <SequencePoint vc="0" uspid="1480" ordinal="24" offset="524" sl="210" sc="17" el="210" ec="105" bec="0" bev="0" fileid="62" />
                <SequencePoint vc="0" uspid="1481" ordinal="25" offset="541" sl="212" sc="17" el="212" ec="94" bec="0" bev="0" fileid="62" />
                <SequencePoint vc="0" uspid="1482" ordinal="26" offset="554" sl="213" sc="13" el="213" ec="14" bec="0" bev="0" fileid="62" />
              </SequencePoints>
              <BranchPoints>
                <BranchPoint vc="0" uspid="1485" ordinal="2" offset="113" sl="181" path="0" offsetend="115" fileid="62" />
                <BranchPoint vc="0" uspid="1486" ordinal="3" offset="113" sl="181" path="1" offsetend="127" fileid="62" />
                <BranchPoint vc="0" uspid="1497" ordinal="14" offset="406" sl="195" path="0" offsetend="408" fileid="62" />
                <BranchPoint vc="0" uspid="1498" ordinal="15" offset="406" sl="195" path="1" offsetend="420" fileid="62" />
              </BranchPoints>
              <MethodPoint xsi:type="SequencePoint" vc="0" uspid="1456" ordinal="0" offset="0" sl="176" sc="13" el="176" ec="51" bec="0" bev="0" fileid="62" />
            </Method>
            <Method visited="false" cyclomaticComplexity="7" nPathComplexity="8" sequenceCoverage="0" branchCoverage="0" isConstructor="false" isStatic="false" isGetter="false" isSetter="false">
              <Summary numSequencePoints="22" visitedSequencePoints="0" numBranchPoints="7" visitedBranchPoints="0" sequenceCoverage="0" branchCoverage="0" maxCyclomaticComplexity="7" minCyclomaticComplexity="7" visitedClasses="0" numClasses="0" visitedMethods="0" numMethods="1" />
              <MetadataToken>100663673</MetadataToken>
              <Name>System.Boolean Puzzle.Core.Multitenancy.Internal.Logging.LibLog.LogProviders.Log4NetLogProvider/Log4NetLogger::Log(Puzzle.Core.Multitenancy.Internal.Logging.LibLog.LogLevel,System.Func`1&lt;System.String&gt;,System.Exception,System.Object[])</Name>
              <FileRef uid="62" />
              <SequencePoints>
                <SequencePoint vc="0" uspid="1499" ordinal="0" offset="0" sl="216" sc="13" el="216" ec="14" bec="0" bev="0" fileid="62" />
                <SequencePoint vc="0" uspid="1500" ordinal="1" offset="1" sl="217" sc="17" el="217" ec="41" bec="2" bev="0" fileid="62" />
                <SequencePoint vc="0" uspid="1501" ordinal="2" offset="11" sl="218" sc="17" el="218" ec="18" bec="0" bev="0" fileid="62" />
                <SequencePoint vc="0" uspid="1502" ordinal="3" offset="12" sl="219" sc="21" el="219" ec="55" bec="0" bev="0" fileid="62" />
                <SequencePoint vc="0" uspid="1503" ordinal="4" offset="26" sl="222" sc="17" el="222" ec="49" bec="2" bev="0" fileid="62" />
                <SequencePoint vc="0" uspid="1504" ordinal="5" offset="42" sl="223" sc="17" el="223" ec="18" bec="0" bev="0" fileid="62" />
                <SequencePoint vc="0" uspid="1505" ordinal="6" offset="43" sl="224" sc="21" el="224" ec="34" bec="0" bev="0" fileid="62" />
                <SequencePoint vc="0" uspid="1506" ordinal="7" offset="51" sl="227" sc="17" el="227" ec="48" bec="0" bev="0" fileid="62" />
                <SequencePoint vc="0" uspid="1507" ordinal="8" offset="58" sl="229" sc="17" el="232" ec="61" bec="0" bev="0" fileid="62" />
                <SequencePoint vc="0" uspid="1508" ordinal="9" offset="69" sl="235" sc="17" el="235" ec="53" bec="2" bev="0" fileid="62" />
                <SequencePoint vc="0" uspid="1509" ordinal="10" offset="86" sl="236" sc="17" el="236" ec="18" bec="0" bev="0" fileid="62" />
                <SequencePoint vc="0" uspid="1510" ordinal="11" offset="87" sl="237" sc="21" el="237" ec="55" bec="0" bev="0" fileid="62" />
                <SequencePoint vc="0" uspid="1511" ordinal="12" offset="107" sl="238" sc="21" el="238" ec="22" bec="0" bev="0" fileid="62" />
                <SequencePoint vc="0" uspid="1512" ordinal="13" offset="108" sl="252" sc="25" el="252" ec="82" bec="0" bev="0" fileid="62" />
                <SequencePoint vc="0" uspid="1513" ordinal="14" offset="123" sl="254" sc="21" el="254" ec="22" bec="0" bev="0" fileid="62" />
                <SequencePoint vc="0" uspid="1514" ordinal="15" offset="139" sl="255" sc="17" el="255" ec="18" bec="0" bev="0" fileid="62" />
                <SequencePoint vc="0" uspid="1515" ordinal="16" offset="140" sl="257" sc="17" el="257" ec="67" bec="0" bev="0" fileid="62" />
                <SequencePoint vc="0" uspid="1516" ordinal="17" offset="148" sl="259" sc="17" el="259" ec="137" bec="0" bev="0" fileid="62" />
                <SequencePoint vc="0" uspid="1517" ordinal="18" offset="291" sl="261" sc="17" el="261" ec="84" bec="0" bev="0" fileid="62" />
                <SequencePoint vc="0" uspid="1518" ordinal="19" offset="303" sl="263" sc="17" el="263" ec="51" bec="0" bev="0" fileid="62" />
                <SequencePoint vc="0" uspid="1519" ordinal="20" offset="413" sl="265" sc="17" el="265" ec="29" bec="0" bev="0" fileid="62" />
                <SequencePoint vc="0" uspid="1520" ordinal="21" offset="418" sl="266" sc="13" el="266" ec="14" bec="0" bev="0" fileid="62" />
              </SequencePoints>
              <BranchPoints>
                <BranchPoint vc="0" uspid="1521" ordinal="0" offset="9" sl="217" path="0" offsetend="11" fileid="62" />
                <BranchPoint vc="0" uspid="1522" ordinal="1" offset="9" sl="217" path="1" offsetend="26" fileid="62" />
                <BranchPoint vc="0" uspid="1523" ordinal="2" offset="40" sl="222" path="0" offsetend="42" fileid="62" />
                <BranchPoint vc="0" uspid="1524" ordinal="3" offset="40" sl="222" path="1" offsetend="51" fileid="62" />
                <BranchPoint vc="0" uspid="1525" ordinal="4" offset="84" sl="235" path="0" offsetend="86" fileid="62" />
                <BranchPoint vc="0" uspid="1526" ordinal="5" offset="84" sl="235" path="1" offsetend="140" fileid="62" />
              </BranchPoints>
              <MethodPoint xsi:type="SequencePoint" vc="0" uspid="1499" ordinal="0" offset="0" sl="216" sc="13" el="216" ec="14" bec="0" bev="0" fileid="62" />
            </Method>
            <Method visited="false" cyclomaticComplexity="1" nPathComplexity="0" sequenceCoverage="0" branchCoverage="0" isConstructor="false" isStatic="true" isGetter="false" isSetter="false">
              <Summary numSequencePoints="8" visitedSequencePoints="0" numBranchPoints="1" visitedBranchPoints="0" sequenceCoverage="0" branchCoverage="0" maxCyclomaticComplexity="1" minCyclomaticComplexity="1" visitedClasses="0" numClasses="0" visitedMethods="0" numMethods="1" />
              <MetadataToken>100663674</MetadataToken>
              <Name>System.Action`2&lt;System.Object,System.Object&gt; Puzzle.Core.Multitenancy.Internal.Logging.LibLog.LogProviders.Log4NetLogProvider/Log4NetLogger::GetLogDelegate(System.Type,System.Type,System.Linq.Expressions.UnaryExpression,System.Linq.Expressions.ParameterExpression)</Name>
              <FileRef uid="62" />
              <SequencePoints>
                <SequencePoint vc="0" uspid="1531" ordinal="0" offset="0" sl="269" sc="13" el="269" ec="14" bec="0" bev="0" fileid="62" />
                <SequencePoint vc="0" uspid="1532" ordinal="1" offset="1" sl="272" sc="17" el="274" ec="39" bec="0" bev="0" fileid="62" />
                <SequencePoint vc="0" uspid="1533" ordinal="2" offset="23" sl="276" sc="17" el="277" ec="74" bec="0" bev="0" fileid="62" />
                <SequencePoint vc="0" uspid="1534" ordinal="3" offset="44" sl="279" sc="17" el="280" ec="81" bec="0" bev="0" fileid="62" />
                <SequencePoint vc="0" uspid="1535" ordinal="4" offset="52" sl="282" sc="17" el="285" ec="41" bec="0" bev="0" fileid="62" />
                <SequencePoint vc="0" uspid="1536" ordinal="5" offset="70" sl="287" sc="17" el="290" ec="82" bec="0" bev="0" fileid="62" />
                <SequencePoint vc="0" uspid="1537" ordinal="6" offset="97" sl="292" sc="17" el="292" ec="36" bec="0" bev="0" fileid="62" />
                <SequencePoint vc="0" uspid="1538" ordinal="7" offset="103" sl="293" sc="13" el="293" ec="14" bec="0" bev="0" fileid="62" />
              </SequencePoints>
              <BranchPoints />
              <MethodPoint xsi:type="SequencePoint" vc="0" uspid="1531" ordinal="0" offset="0" sl="269" sc="13" el="269" ec="14" bec="0" bev="0" fileid="62" />
            </Method>
            <Method visited="false" cyclomaticComplexity="1" nPathComplexity="0" sequenceCoverage="0" branchCoverage="0" isConstructor="false" isStatic="true" isGetter="false" isSetter="false">
              <Summary numSequencePoints="11" visitedSequencePoints="0" numBranchPoints="1" visitedBranchPoints="0" sequenceCoverage="0" branchCoverage="0" maxCyclomaticComplexity="1" minCyclomaticComplexity="1" visitedClasses="0" numClasses="0" visitedMethods="0" numMethods="1" />
              <MetadataToken>100663675</MetadataToken>
              <Name>System.Func`6&lt;System.Object,System.Type,System.Object,System.String,System.Exception,System.Object&gt; Puzzle.Core.Multitenancy.Internal.Logging.LibLog.LogProviders.Log4NetLogProvider/Log4NetLogger::GetCreateLoggingEvent(System.Linq.Expressions.ParameterExpression,System.Linq.Expressions.UnaryExpression,System.Linq.Expressions.ParameterExpression,System.Linq.Expressions.UnaryExpression,System.Type)</Name>
              <FileRef uid="62" />
              <SequencePoints>
                <SequencePoint vc="0" uspid="1539" ordinal="0" offset="0" sl="296" sc="13" el="296" ec="14" bec="0" bev="0" fileid="62" />
                <SequencePoint vc="0" uspid="1540" ordinal="1" offset="1" sl="297" sc="17" el="297" ec="112" bec="0" bev="0" fileid="62" />
                <SequencePoint vc="0" uspid="1541" ordinal="2" offset="17" sl="298" sc="17" el="298" ec="89" bec="0" bev="0" fileid="62" />
                <SequencePoint vc="0" uspid="1542" ordinal="3" offset="33" sl="299" sc="17" el="299" ec="94" bec="0" bev="0" fileid="62" />
                <SequencePoint vc="0" uspid="1543" ordinal="4" offset="49" sl="301" sc="17" el="301" ec="102" bec="0" bev="0" fileid="62" />
                <SequencePoint vc="0" uspid="1544" ordinal="5" offset="62" sl="302" sc="17" el="302" ec="92" bec="0" bev="0" fileid="62" />
                <SequencePoint vc="0" uspid="1545" ordinal="6" offset="76" sl="304" sc="17" el="305" ec="187" bec="0" bev="0" fileid="62" />
                <SequencePoint vc="0" uspid="1546" ordinal="7" offset="162" sl="309" sc="17" el="317" ec="41" bec="0" bev="0" fileid="62" />
                <SequencePoint vc="0" uspid="1547" ordinal="8" offset="221" sl="319" sc="17" el="327" ec="42" bec="0" bev="0" fileid="62" />
                <SequencePoint vc="0" uspid="1548" ordinal="9" offset="261" sl="329" sc="17" el="329" ec="43" bec="0" bev="0" fileid="62" />
                <SequencePoint vc="0" uspid="1549" ordinal="10" offset="267" sl="330" sc="13" el="330" ec="14" bec="0" bev="0" fileid="62" />
              </SequencePoints>
              <BranchPoints />
              <MethodPoint xsi:type="SequencePoint" vc="0" uspid="1539" ordinal="0" offset="0" sl="296" sc="13" el="296" ec="14" bec="0" bev="0" fileid="62" />
            </Method>
            <Method visited="false" cyclomaticComplexity="1" nPathComplexity="0" sequenceCoverage="0" branchCoverage="0" isConstructor="false" isStatic="true" isGetter="false" isSetter="false">
              <Summary numSequencePoints="6" visitedSequencePoints="0" numBranchPoints="1" visitedBranchPoints="0" sequenceCoverage="0" branchCoverage="0" maxCyclomaticComplexity="1" minCyclomaticComplexity="1" visitedClasses="0" numClasses="0" visitedMethods="0" numMethods="1" />
              <MetadataToken>100663676</MetadataToken>
              <Name>System.Func`3&lt;System.Object,System.Object,System.Boolean&gt; Puzzle.Core.Multitenancy.Internal.Logging.LibLog.LogProviders.Log4NetLogProvider/Log4NetLogger::GetIsEnabledFor(System.Type,System.Type,System.Linq.Expressions.UnaryExpression,System.Linq.Expressions.UnaryExpression,System.Linq.Expressions.ParameterExpression,System.Linq.Expressions.ParameterExpression)</Name>
              <FileRef uid="62" />
              <SequencePoints>
                <SequencePoint vc="0" uspid="1550" ordinal="0" offset="0" sl="339" sc="13" el="339" ec="14" bec="0" bev="0" fileid="62" />
                <SequencePoint vc="0" uspid="1551" ordinal="1" offset="1" sl="340" sc="17" el="340" ec="114" bec="0" bev="0" fileid="62" />
                <SequencePoint vc="0" uspid="1552" ordinal="2" offset="23" sl="341" sc="17" el="341" ec="122" bec="0" bev="0" fileid="62" />
                <SequencePoint vc="0" uspid="1553" ordinal="3" offset="41" sl="343" sc="17" el="345" ec="42" bec="0" bev="0" fileid="62" />
                <SequencePoint vc="0" uspid="1554" ordinal="4" offset="69" sl="347" sc="17" el="347" ec="31" bec="0" bev="0" fileid="62" />
                <SequencePoint vc="0" uspid="1555" ordinal="5" offset="73" sl="348" sc="13" el="348" ec="14" bec="0" bev="0" fileid="62" />
              </SequencePoints>
              <BranchPoints />
              <MethodPoint xsi:type="SequencePoint" vc="0" uspid="1550" ordinal="0" offset="0" sl="339" sc="13" el="339" ec="14" bec="0" bev="0" fileid="62" />
            </Method>
            <Method visited="false" cyclomaticComplexity="1" nPathComplexity="0" sequenceCoverage="0" branchCoverage="0" isConstructor="false" isStatic="true" isGetter="false" isSetter="false">
              <Summary numSequencePoints="10" visitedSequencePoints="0" numBranchPoints="1" visitedBranchPoints="0" sequenceCoverage="0" branchCoverage="0" maxCyclomaticComplexity="1" minCyclomaticComplexity="1" visitedClasses="0" numClasses="0" visitedMethods="0" numMethods="1" />
              <MetadataToken>100663677</MetadataToken>
              <Name>System.Action`3&lt;System.Object,System.String,System.Object&gt; Puzzle.Core.Multitenancy.Internal.Logging.LibLog.LogProviders.Log4NetLogProvider/Log4NetLogger::GetLoggingEventPropertySetter(System.Type)</Name>
              <FileRef uid="62" />
              <SequencePoints>
                <SequencePoint vc="0" uspid="1556" ordinal="0" offset="0" sl="351" sc="13" el="351" ec="14" bec="0" bev="0" fileid="62" />
                <SequencePoint vc="0" uspid="1557" ordinal="1" offset="1" sl="352" sc="17" el="352" ec="114" bec="0" bev="0" fileid="62" />
                <SequencePoint vc="0" uspid="1558" ordinal="2" offset="22" sl="353" sc="17" el="353" ec="96" bec="0" bev="0" fileid="62" />
                <SequencePoint vc="0" uspid="1559" ordinal="3" offset="43" sl="354" sc="17" el="354" ec="100" bec="0" bev="0" fileid="62" />
                <SequencePoint vc="0" uspid="1560" ordinal="4" offset="64" sl="356" sc="17" el="356" ec="102" bec="0" bev="0" fileid="62" />
                <SequencePoint vc="0" uspid="1561" ordinal="5" offset="76" sl="357" sc="17" el="357" ec="97" bec="0" bev="0" fileid="62" />
                <SequencePoint vc="0" uspid="1562" ordinal="6" offset="94" sl="360" sc="17" el="367" ec="60" bec="0" bev="0" fileid="62" />
                <SequencePoint vc="0" uspid="1563" ordinal="7" offset="132" sl="369" sc="17" el="371" ec="42" bec="0" bev="0" fileid="62" />
                <SequencePoint vc="0" uspid="1564" ordinal="8" offset="164" sl="373" sc="17" el="373" ec="31" bec="0" bev="0" fileid="62" />
                <SequencePoint vc="0" uspid="1565" ordinal="9" offset="170" sl="374" sc="13" el="374" ec="14" bec="0" bev="0" fileid="62" />
              </SequencePoints>
              <BranchPoints />
              <MethodPoint xsi:type="SequencePoint" vc="0" uspid="1556" ordinal="0" offset="0" sl="351" sc="13" el="351" ec="14" bec="0" bev="0" fileid="62" />
            </Method>
            <Method visited="false" cyclomaticComplexity="4" nPathComplexity="4" sequenceCoverage="0" branchCoverage="0" isConstructor="false" isStatic="true" isGetter="false" isSetter="false">
              <Summary numSequencePoints="10" visitedSequencePoints="0" numBranchPoints="5" visitedBranchPoints="0" sequenceCoverage="0" branchCoverage="0" maxCyclomaticComplexity="4" minCyclomaticComplexity="4" visitedClasses="0" numClasses="0" visitedMethods="0" numMethods="1" />
              <MetadataToken>100663678</MetadataToken>
              <Name>System.Boolean Puzzle.Core.Multitenancy.Internal.Logging.LibLog.LogProviders.Log4NetLogProvider/Log4NetLogger::IsInTypeHierarchy(System.Type,System.Type)</Name>
              <FileRef uid="62" />
              <SequencePoints>
                <SequencePoint vc="0" uspid="1566" ordinal="0" offset="0" sl="377" sc="13" el="377" ec="14" bec="0" bev="0" fileid="62" />
                <SequencePoint vc="0" uspid="1567" ordinal="1" offset="3" sl="379" sc="17" el="379" ec="18" bec="0" bev="0" fileid="62" />
                <SequencePoint vc="0" uspid="1568" ordinal="2" offset="4" sl="380" sc="21" el="380" ec="50" bec="2" bev="0" fileid="62" />
                <SequencePoint vc="0" uspid="1569" ordinal="3" offset="15" sl="381" sc="21" el="381" ec="22" bec="0" bev="0" fileid="62" />
                <SequencePoint vc="0" uspid="1570" ordinal="4" offset="16" sl="382" sc="25" el="382" ec="37" bec="0" bev="0" fileid="62" />
                <SequencePoint vc="0" uspid="1571" ordinal="5" offset="20" sl="385" sc="21" el="385" ec="69" bec="0" bev="0" fileid="62" />
                <SequencePoint vc="0" uspid="1572" ordinal="6" offset="28" sl="386" sc="17" el="386" ec="18" bec="0" bev="0" fileid="62" />
                <SequencePoint vc="0" uspid="1573" ordinal="7" offset="29" sl="378" sc="17" el="378" ec="77" bec="2" bev="0" fileid="62" />
                <SequencePoint vc="0" uspid="1574" ordinal="8" offset="61" sl="388" sc="17" el="388" ec="30" bec="0" bev="0" fileid="62" />
                <SequencePoint vc="0" uspid="1575" ordinal="9" offset="65" sl="389" sc="13" el="389" ec="14" bec="0" bev="0" fileid="62" />
              </SequencePoints>
              <BranchPoints>
                <BranchPoint vc="0" uspid="1576" ordinal="0" offset="13" sl="380" path="0" offsetend="15" fileid="62" />
                <BranchPoint vc="0" uspid="1577" ordinal="1" offset="13" sl="380" path="1" offsetend="20" fileid="62" />
                <BranchPoint vc="0" uspid="1580" ordinal="4" offset="59" sl="378" path="0" offsetend="61" fileid="62" />
                <BranchPoint vc="0" uspid="1581" ordinal="5" offset="59" sl="378" path="1" offsetend="3" fileid="62" />
              </BranchPoints>
              <MethodPoint xsi:type="SequencePoint" vc="0" uspid="1566" ordinal="0" offset="0" sl="377" sc="13" el="377" ec="14" bec="0" bev="0" fileid="62" />
            </Method>
            <Method visited="false" cyclomaticComplexity="4" nPathComplexity="0" sequenceCoverage="0" branchCoverage="0" isConstructor="false" isStatic="false" isGetter="false" isSetter="false">
              <Summary numSequencePoints="10" visitedSequencePoints="0" numBranchPoints="1" visitedBranchPoints="0" sequenceCoverage="0" branchCoverage="0" maxCyclomaticComplexity="4" minCyclomaticComplexity="4" visitedClasses="0" numClasses="0" visitedMethods="0" numMethods="1" />
              <MetadataToken>100663679</MetadataToken>
              <Name>System.Void Puzzle.Core.Multitenancy.Internal.Logging.LibLog.LogProviders.Log4NetLogProvider/Log4NetLogger::PopulateProperties(System.Object,System.Collections.Generic.IEnumerable`1&lt;System.String&gt;,System.Object[])</Name>
              <FileRef uid="62" />
              <SequencePoints>
                <SequencePoint vc="0" uspid="1582" ordinal="0" offset="0" sl="392" sc="13" el="392" ec="14" bec="0" bev="0" fileid="62" />
                <SequencePoint vc="0" uspid="1583" ordinal="1" offset="1" sl="393" sc="17" el="396" ec="87" bec="0" bev="0" fileid="62" />
                <SequencePoint vc="0" uspid="1584" ordinal="2" offset="40" sl="398" sc="17" el="398" ec="24" bec="0" bev="0" fileid="62" />
                <SequencePoint vc="0" uspid="1585" ordinal="3" offset="41" sl="398" sc="71" el="398" ec="81" bec="0" bev="0" fileid="62" />
                <SequencePoint vc="0" uspid="1586" ordinal="4" offset="50" sl="398" sc="26" el="398" ec="67" bec="0" bev="0" fileid="62" />
                <SequencePoint vc="0" uspid="1587" ordinal="5" offset="57" sl="399" sc="17" el="399" ec="18" bec="0" bev="0" fileid="62" />
                <SequencePoint vc="0" uspid="1588" ordinal="6" offset="58" sl="400" sc="21" el="400" ec="100" bec="0" bev="0" fileid="62" />
                <SequencePoint vc="0" uspid="1589" ordinal="7" offset="85" sl="401" sc="17" el="401" ec="18" bec="0" bev="0" fileid="62" />
                <SequencePoint vc="0" uspid="1590" ordinal="8" offset="86" sl="398" sc="68" el="398" ec="70" bec="0" bev="0" fileid="62" />
                <SequencePoint vc="0" uspid="1591" ordinal="9" offset="107" sl="402" sc="13" el="402" ec="14" bec="0" bev="0" fileid="62" />
              </SequencePoints>
              <BranchPoints />
              <MethodPoint xsi:type="SequencePoint" vc="0" uspid="1582" ordinal="0" offset="0" sl="392" sc="13" el="392" ec="14" bec="0" bev="0" fileid="62" />
            </Method>
            <Method visited="false" cyclomaticComplexity="3" nPathComplexity="0" sequenceCoverage="0" branchCoverage="0" isConstructor="false" isStatic="false" isGetter="false" isSetter="false">
              <Summary numSequencePoints="4" visitedSequencePoints="0" numBranchPoints="1" visitedBranchPoints="0" sequenceCoverage="0" branchCoverage="0" maxCyclomaticComplexity="3" minCyclomaticComplexity="3" visitedClasses="0" numClasses="0" visitedMethods="0" numMethods="1" />
              <MetadataToken>100663680</MetadataToken>
              <Name>System.Boolean Puzzle.Core.Multitenancy.Internal.Logging.LibLog.LogProviders.Log4NetLogProvider/Log4NetLogger::IsLogLevelEnable(Puzzle.Core.Multitenancy.Internal.Logging.LibLog.LogLevel)</Name>
              <FileRef uid="62" />
              <SequencePoints>
                <SequencePoint vc="0" uspid="1596" ordinal="0" offset="0" sl="405" sc="13" el="405" ec="14" bec="0" bev="0" fileid="62" />
                <SequencePoint vc="0" uspid="1597" ordinal="1" offset="1" sl="406" sc="17" el="406" ec="57" bec="0" bev="0" fileid="62" />
                <SequencePoint vc="0" uspid="1598" ordinal="2" offset="9" sl="407" sc="17" el="407" ec="60" bec="0" bev="0" fileid="62" />
                <SequencePoint vc="0" uspid="1599" ordinal="3" offset="181" sl="408" sc="13" el="408" ec="14" bec="0" bev="0" fileid="62" />
              </SequencePoints>
              <BranchPoints />
              <MethodPoint xsi:type="SequencePoint" vc="0" uspid="1596" ordinal="0" offset="0" sl="405" sc="13" el="405" ec="14" bec="0" bev="0" fileid="62" />
            </Method>
            <Method visited="false" cyclomaticComplexity="7" nPathComplexity="7" sequenceCoverage="0" branchCoverage="0" isConstructor="false" isStatic="false" isGetter="false" isSetter="false">
              <Summary numSequencePoints="9" visitedSequencePoints="0" numBranchPoints="8" visitedBranchPoints="0" sequenceCoverage="0" branchCoverage="0" maxCyclomaticComplexity="7" minCyclomaticComplexity="7" visitedClasses="0" numClasses="0" visitedMethods="0" numMethods="1" />
              <MetadataToken>100663681</MetadataToken>
              <Name>System.Object Puzzle.Core.Multitenancy.Internal.Logging.LibLog.LogProviders.Log4NetLogProvider/Log4NetLogger::TranslateLevel(Puzzle.Core.Multitenancy.Internal.Logging.LibLog.LogLevel)</Name>
              <FileRef uid="62" />
              <SequencePoints>
                <SequencePoint vc="0" uspid="1604" ordinal="0" offset="0" sl="411" sc="13" el="411" ec="14" bec="0" bev="0" fileid="62" />
                <SequencePoint vc="0" uspid="1605" ordinal="1" offset="1" sl="412" sc="17" el="412" ec="34" bec="6" bev="0" fileid="62" />
                <SequencePoint vc="0" uspid="1606" ordinal="2" offset="35" sl="416" sc="25" el="416" ec="43" bec="0" bev="0" fileid="62" />
                <SequencePoint vc="0" uspid="1607" ordinal="3" offset="44" sl="418" sc="25" el="418" ec="42" bec="0" bev="0" fileid="62" />
                <SequencePoint vc="0" uspid="1608" ordinal="4" offset="53" sl="420" sc="25" el="420" ec="42" bec="0" bev="0" fileid="62" />
                <SequencePoint vc="0" uspid="1609" ordinal="5" offset="62" sl="422" sc="25" el="422" ec="43" bec="0" bev="0" fileid="62" />
                <SequencePoint vc="0" uspid="1610" ordinal="6" offset="71" sl="424" sc="25" el="424" ec="43" bec="0" bev="0" fileid="62" />
                <SequencePoint vc="0" uspid="1611" ordinal="7" offset="80" sl="426" sc="25" el="426" ec="91" bec="0" bev="0" fileid="62" />
                <SequencePoint vc="0" uspid="1612" ordinal="8" offset="98" sl="428" sc="13" el="428" ec="14" bec="0" bev="0" fileid="62" />
              </SequencePoints>
              <BranchPoints>
                <BranchPoint vc="0" uspid="1613" ordinal="0" offset="4" sl="412" path="0" offsetchain="33" offsetend="80" fileid="62" />
                <BranchPoint vc="0" uspid="1614" ordinal="1" offset="4" sl="412" path="1" offsetend="35" fileid="62" />
                <BranchPoint vc="0" uspid="1615" ordinal="2" offset="4" sl="412" path="2" offsetend="35" fileid="62" />
                <BranchPoint vc="0" uspid="1616" ordinal="3" offset="4" sl="412" path="3" offsetend="44" fileid="62" />
                <BranchPoint vc="0" uspid="1617" ordinal="4" offset="4" sl="412" path="4" offsetend="53" fileid="62" />
                <BranchPoint vc="0" uspid="1618" ordinal="5" offset="4" sl="412" path="5" offsetend="62" fileid="62" />
                <BranchPoint vc="0" uspid="1619" ordinal="6" offset="4" sl="412" path="6" offsetend="71" fileid="62" />
              </BranchPoints>
              <MethodPoint xsi:type="SequencePoint" vc="0" uspid="1604" ordinal="0" offset="0" sl="411" sc="13" el="411" ec="14" bec="0" bev="0" fileid="62" />
            </Method>
            <Method visited="false" cyclomaticComplexity="1" nPathComplexity="0" sequenceCoverage="0" branchCoverage="0" isConstructor="true" isStatic="true" isGetter="false" isSetter="false">
              <Summary numSequencePoints="1" visitedSequencePoints="0" numBranchPoints="1" visitedBranchPoints="0" sequenceCoverage="0" branchCoverage="0" maxCyclomaticComplexity="1" minCyclomaticComplexity="1" visitedClasses="0" numClasses="0" visitedMethods="0" numMethods="1" />
              <MetadataToken>100663682</MetadataToken>
              <Name>System.Void Puzzle.Core.Multitenancy.Internal.Logging.LibLog.LogProviders.Log4NetLogProvider/Log4NetLogger::.cctor()</Name>
              <FileRef uid="62" />
              <SequencePoints>
                <SequencePoint vc="0" uspid="1620" ordinal="0" offset="0" sl="160" sc="13" el="160" ec="87" bec="0" bev="0" fileid="62" />
              </SequencePoints>
              <BranchPoints />
              <MethodPoint xsi:type="SequencePoint" vc="0" uspid="1620" ordinal="0" offset="0" sl="160" sc="13" el="160" ec="87" bec="0" bev="0" fileid="62" />
            </Method>
          </Methods>
        </Class>
        <Class>
          <Summary numSequencePoints="0" visitedSequencePoints="0" numBranchPoints="0" visitedBranchPoints="0" sequenceCoverage="0" branchCoverage="0" maxCyclomaticComplexity="0" minCyclomaticComplexity="0" visitedClasses="0" numClasses="0" visitedMethods="0" numMethods="0" />
          <FullName>Puzzle.Core.Multitenancy.Internal.Logging.LibLog.LogProviders.Log4NetLogProvider/Log4NetLogger/&lt;&gt;o__12</FullName>
          <Methods />
        </Class>
        <Class>
          <Summary numSequencePoints="6" visitedSequencePoints="0" numBranchPoints="6" visitedBranchPoints="0" sequenceCoverage="0" branchCoverage="0" maxCyclomaticComplexity="1" minCyclomaticComplexity="1" visitedClasses="0" numClasses="1" visitedMethods="0" numMethods="6" />
          <FullName>Puzzle.Core.Multitenancy.Internal.Logging.LibLog.LogProviders.Log4NetLogProvider/Log4NetLogger/&lt;&gt;c</FullName>
          <Methods>
            <Method visited="false" cyclomaticComplexity="1" nPathComplexity="0" sequenceCoverage="0" branchCoverage="0" isConstructor="true" isStatic="true" isGetter="false" isSetter="false">
              <Summary numSequencePoints="0" visitedSequencePoints="0" numBranchPoints="0" visitedBranchPoints="0" sequenceCoverage="0" branchCoverage="0" maxCyclomaticComplexity="1" minCyclomaticComplexity="1" visitedClasses="0" numClasses="0" visitedMethods="0" numMethods="0" />
              <MetadataToken>100663769</MetadataToken>
              <Name>System.Void Puzzle.Core.Multitenancy.Internal.Logging.LibLog.LogProviders.Log4NetLogProvider/Log4NetLogger/&lt;&gt;c::.cctor()</Name>
              <SequencePoints />
              <BranchPoints />
              <MethodPoint vc="0" uspid="1621" ordinal="0" offset="0" />
            </Method>
            <Method visited="false" cyclomaticComplexity="1" nPathComplexity="0" sequenceCoverage="0" branchCoverage="0" isConstructor="true" isStatic="false" isGetter="false" isSetter="false">
              <Summary numSequencePoints="0" visitedSequencePoints="0" numBranchPoints="0" visitedBranchPoints="0" sequenceCoverage="0" branchCoverage="0" maxCyclomaticComplexity="1" minCyclomaticComplexity="1" visitedClasses="0" numClasses="0" visitedMethods="0" numMethods="0" />
              <MetadataToken>100663770</MetadataToken>
              <Name>System.Void Puzzle.Core.Multitenancy.Internal.Logging.LibLog.LogProviders.Log4NetLogProvider/Log4NetLogger/&lt;&gt;c::.ctor()</Name>
              <SequencePoints />
              <BranchPoints />
              <MethodPoint vc="0" uspid="1622" ordinal="0" offset="0" />
            </Method>
            <Method visited="false" cyclomaticComplexity="1" nPathComplexity="0" sequenceCoverage="0" branchCoverage="0" isConstructor="false" isStatic="false" isGetter="false" isSetter="false">
              <Summary numSequencePoints="1" visitedSequencePoints="0" numBranchPoints="1" visitedBranchPoints="0" sequenceCoverage="0" branchCoverage="0" maxCyclomaticComplexity="1" minCyclomaticComplexity="1" visitedClasses="0" numClasses="0" visitedMethods="0" numMethods="1" />
              <MetadataToken>100663771</MetadataToken>
              <Name>System.Boolean Puzzle.Core.Multitenancy.Internal.Logging.LibLog.LogProviders.Log4NetLogProvider/Log4NetLogger/&lt;&gt;c::&lt;.ctor&gt;b__12_0(System.Reflection.FieldInfo)</Name>
              <FileRef uid="62" />
              <SequencePoints>
                <SequencePoint vc="0" uspid="1623" ordinal="0" offset="0" sl="187" sc="53" el="187" ec="70" bec="0" bev="0" fileid="62" />
              </SequencePoints>
              <BranchPoints />
              <MethodPoint xsi:type="SequencePoint" vc="0" uspid="1623" ordinal="0" offset="0" sl="187" sc="53" el="187" ec="70" bec="0" bev="0" fileid="62" />
            </Method>
            <Method visited="false" cyclomaticComplexity="1" nPathComplexity="0" sequenceCoverage="0" branchCoverage="0" isConstructor="false" isStatic="false" isGetter="false" isSetter="false">
              <Summary numSequencePoints="1" visitedSequencePoints="0" numBranchPoints="1" visitedBranchPoints="0" sequenceCoverage="0" branchCoverage="0" maxCyclomaticComplexity="1" minCyclomaticComplexity="1" visitedClasses="0" numClasses="0" visitedMethods="0" numMethods="1" />
              <MetadataToken>100663772</MetadataToken>
              <Name>System.Boolean Puzzle.Core.Multitenancy.Internal.Logging.LibLog.LogProviders.Log4NetLogProvider/Log4NetLogger/&lt;&gt;c::&lt;.ctor&gt;b__12_1(System.Reflection.FieldInfo)</Name>
              <FileRef uid="62" />
              <SequencePoints>
                <SequencePoint vc="0" uspid="1624" ordinal="0" offset="0" sl="188" sc="52" el="188" ec="68" bec="0" bev="0" fileid="62" />
              </SequencePoints>
              <BranchPoints />
              <MethodPoint xsi:type="SequencePoint" vc="0" uspid="1624" ordinal="0" offset="0" sl="188" sc="52" el="188" ec="68" bec="0" bev="0" fileid="62" />
            </Method>
            <Method visited="false" cyclomaticComplexity="1" nPathComplexity="0" sequenceCoverage="0" branchCoverage="0" isConstructor="false" isStatic="false" isGetter="false" isSetter="false">
              <Summary numSequencePoints="1" visitedSequencePoints="0" numBranchPoints="1" visitedBranchPoints="0" sequenceCoverage="0" branchCoverage="0" maxCyclomaticComplexity="1" minCyclomaticComplexity="1" visitedClasses="0" numClasses="0" visitedMethods="0" numMethods="1" />
              <MetadataToken>100663773</MetadataToken>
              <Name>System.Boolean Puzzle.Core.Multitenancy.Internal.Logging.LibLog.LogProviders.Log4NetLogProvider/Log4NetLogger/&lt;&gt;c::&lt;.ctor&gt;b__12_2(System.Reflection.FieldInfo)</Name>
              <FileRef uid="62" />
              <SequencePoints>
                <SequencePoint vc="0" uspid="1625" ordinal="0" offset="0" sl="189" sc="52" el="189" ec="68" bec="0" bev="0" fileid="62" />
              </SequencePoints>
              <BranchPoints />
              <MethodPoint xsi:type="SequencePoint" vc="0" uspid="1625" ordinal="0" offset="0" sl="189" sc="52" el="189" ec="68" bec="0" bev="0" fileid="62" />
            </Method>
            <Method visited="false" cyclomaticComplexity="1" nPathComplexity="0" sequenceCoverage="0" branchCoverage="0" isConstructor="false" isStatic="false" isGetter="false" isSetter="false">
              <Summary numSequencePoints="1" visitedSequencePoints="0" numBranchPoints="1" visitedBranchPoints="0" sequenceCoverage="0" branchCoverage="0" maxCyclomaticComplexity="1" minCyclomaticComplexity="1" visitedClasses="0" numClasses="0" visitedMethods="0" numMethods="1" />
              <MetadataToken>100663774</MetadataToken>
              <Name>System.Boolean Puzzle.Core.Multitenancy.Internal.Logging.LibLog.LogProviders.Log4NetLogProvider/Log4NetLogger/&lt;&gt;c::&lt;.ctor&gt;b__12_3(System.Reflection.FieldInfo)</Name>
              <FileRef uid="62" />
              <SequencePoints>
                <SequencePoint vc="0" uspid="1626" ordinal="0" offset="0" sl="190" sc="53" el="190" ec="70" bec="0" bev="0" fileid="62" />
              </SequencePoints>
              <BranchPoints />
              <MethodPoint xsi:type="SequencePoint" vc="0" uspid="1626" ordinal="0" offset="0" sl="190" sc="53" el="190" ec="70" bec="0" bev="0" fileid="62" />
            </Method>
            <Method visited="false" cyclomaticComplexity="1" nPathComplexity="0" sequenceCoverage="0" branchCoverage="0" isConstructor="false" isStatic="false" isGetter="false" isSetter="false">
              <Summary numSequencePoints="1" visitedSequencePoints="0" numBranchPoints="1" visitedBranchPoints="0" sequenceCoverage="0" branchCoverage="0" maxCyclomaticComplexity="1" minCyclomaticComplexity="1" visitedClasses="0" numClasses="0" visitedMethods="0" numMethods="1" />
              <MetadataToken>100663775</MetadataToken>
              <Name>System.Boolean Puzzle.Core.Multitenancy.Internal.Logging.LibLog.LogProviders.Log4NetLogProvider/Log4NetLogger/&lt;&gt;c::&lt;.ctor&gt;b__12_4(System.Reflection.FieldInfo)</Name>
              <FileRef uid="62" />
              <SequencePoints>
                <SequencePoint vc="0" uspid="1627" ordinal="0" offset="0" sl="191" sc="53" el="191" ec="70" bec="0" bev="0" fileid="62" />
              </SequencePoints>
              <BranchPoints />
              <MethodPoint xsi:type="SequencePoint" vc="0" uspid="1627" ordinal="0" offset="0" sl="191" sc="53" el="191" ec="70" bec="0" bev="0" fileid="62" />
            </Method>
            <Method visited="false" cyclomaticComplexity="1" nPathComplexity="0" sequenceCoverage="0" branchCoverage="0" isConstructor="false" isStatic="false" isGetter="false" isSetter="false">
              <Summary numSequencePoints="1" visitedSequencePoints="0" numBranchPoints="1" visitedBranchPoints="0" sequenceCoverage="0" branchCoverage="0" maxCyclomaticComplexity="1" minCyclomaticComplexity="1" visitedClasses="0" numClasses="0" visitedMethods="0" numMethods="1" />
              <MetadataToken>100663776</MetadataToken>
              <Name>System.Collections.Generic.KeyValuePair`2&lt;System.String,System.Object&gt; Puzzle.Core.Multitenancy.Internal.Logging.LibLog.LogProviders.Log4NetLogProvider/Log4NetLogger/&lt;&gt;c::&lt;PopulateProperties&gt;b__19_0(System.String,System.Object)</Name>
              <FileRef uid="62" />
              <SequencePoints>
                <SequencePoint vc="0" uspid="1628" ordinal="0" offset="0" sl="396" sc="41" el="396" ec="85" bec="0" bev="0" fileid="62" />
              </SequencePoints>
              <BranchPoints />
              <MethodPoint xsi:type="SequencePoint" vc="0" uspid="1628" ordinal="0" offset="0" sl="396" sc="41" el="396" ec="85" bec="0" bev="0" fileid="62" />
            </Method>
          </Methods>
        </Class>
        <Class>
          <Summary numSequencePoints="0" visitedSequencePoints="0" numBranchPoints="0" visitedBranchPoints="0" sequenceCoverage="0" branchCoverage="0" maxCyclomaticComplexity="0" minCyclomaticComplexity="0" visitedClasses="0" numClasses="0" visitedMethods="0" numMethods="0" />
          <FullName>Puzzle.Core.Multitenancy.Internal.Logging.LibLog.LogProviders.Log4NetLogProvider/Log4NetLogger/&lt;&gt;o__13</FullName>
          <Methods />
        </Class>
        <Class>
          <Summary numSequencePoints="0" visitedSequencePoints="0" numBranchPoints="0" visitedBranchPoints="0" sequenceCoverage="0" branchCoverage="0" maxCyclomaticComplexity="0" minCyclomaticComplexity="0" visitedClasses="0" numClasses="0" visitedMethods="0" numMethods="0" />
          <FullName>Puzzle.Core.Multitenancy.Internal.Logging.LibLog.LogProviders.Log4NetLogProvider/Log4NetLogger/&lt;&gt;o__20</FullName>
          <Methods />
        </Class>
        <Class>
          <Summary numSequencePoints="4" visitedSequencePoints="0" numBranchPoints="1" visitedBranchPoints="0" sequenceCoverage="0" branchCoverage="0" maxCyclomaticComplexity="1" minCyclomaticComplexity="1" visitedClasses="0" numClasses="1" visitedMethods="0" numMethods="1" />
          <FullName>Puzzle.Core.Multitenancy.Internal.Logging.LibLog.LogProviders.Log4NetLogProvider/&lt;&gt;c__DisplayClass9_0</FullName>
          <Methods>
            <Method visited="false" cyclomaticComplexity="1" nPathComplexity="0" sequenceCoverage="0" branchCoverage="0" isConstructor="true" isStatic="false" isGetter="false" isSetter="false">
              <Summary numSequencePoints="0" visitedSequencePoints="0" numBranchPoints="0" visitedBranchPoints="0" sequenceCoverage="0" branchCoverage="0" maxCyclomaticComplexity="1" minCyclomaticComplexity="1" visitedClasses="0" numClasses="0" visitedMethods="0" numMethods="0" />
              <MetadataToken>100663683</MetadataToken>
              <Name>System.Void Puzzle.Core.Multitenancy.Internal.Logging.LibLog.LogProviders.Log4NetLogProvider/&lt;&gt;c__DisplayClass9_0::.ctor()</Name>
              <SequencePoints />
              <BranchPoints />
              <MethodPoint vc="0" uspid="1629" ordinal="0" offset="0" />
            </Method>
            <Method visited="false" cyclomaticComplexity="1" nPathComplexity="0" sequenceCoverage="0" branchCoverage="0" isConstructor="false" isStatic="false" isGetter="false" isSetter="false">
              <Summary numSequencePoints="4" visitedSequencePoints="0" numBranchPoints="1" visitedBranchPoints="0" sequenceCoverage="0" branchCoverage="0" maxCyclomaticComplexity="1" minCyclomaticComplexity="1" visitedClasses="0" numClasses="0" visitedMethods="0" numMethods="1" />
              <MetadataToken>100663684</MetadataToken>
              <Name>System.IDisposable Puzzle.Core.Multitenancy.Internal.Logging.LibLog.LogProviders.Log4NetLogProvider/&lt;&gt;c__DisplayClass9_0::&lt;GetOpenMdcMethod&gt;b__0(System.String,System.String)</Name>
              <FileRef uid="62" />
              <SequencePoints>
                <SequencePoint vc="0" uspid="1630" ordinal="0" offset="20" sl="138" sc="13" el="138" ec="14" bec="0" bev="0" fileid="62" />
                <SequencePoint vc="0" uspid="1631" ordinal="1" offset="21" sl="139" sc="17" el="139" ec="33" bec="0" bev="0" fileid="62" />
                <SequencePoint vc="0" uspid="1632" ordinal="2" offset="40" sl="140" sc="17" el="140" ec="64" bec="0" bev="0" fileid="62" />
                <SequencePoint vc="0" uspid="1633" ordinal="3" offset="60" sl="141" sc="13" el="141" ec="14" bec="0" bev="0" fileid="62" />
              </SequencePoints>
              <BranchPoints />
              <MethodPoint vc="0" uspid="1634" ordinal="0" offset="0" />
            </Method>
          </Methods>
        </Class>
        <Class>
          <Summary numSequencePoints="1" visitedSequencePoints="0" numBranchPoints="1" visitedBranchPoints="0" sequenceCoverage="0" branchCoverage="0" maxCyclomaticComplexity="1" minCyclomaticComplexity="1" visitedClasses="0" numClasses="1" visitedMethods="0" numMethods="1" />
          <FullName>Puzzle.Core.Multitenancy.Internal.Logging.LibLog.LogProviders.Log4NetLogProvider/&lt;&gt;c__DisplayClass9_1</FullName>
          <Methods>
            <Method visited="false" cyclomaticComplexity="1" nPathComplexity="0" sequenceCoverage="0" branchCoverage="0" isConstructor="true" isStatic="false" isGetter="false" isSetter="false">
              <Summary numSequencePoints="0" visitedSequencePoints="0" numBranchPoints="0" visitedBranchPoints="0" sequenceCoverage="0" branchCoverage="0" maxCyclomaticComplexity="1" minCyclomaticComplexity="1" visitedClasses="0" numClasses="0" visitedMethods="0" numMethods="0" />
              <MetadataToken>100663685</MetadataToken>
              <Name>System.Void Puzzle.Core.Multitenancy.Internal.Logging.LibLog.LogProviders.Log4NetLogProvider/&lt;&gt;c__DisplayClass9_1::.ctor()</Name>
              <SequencePoints />
              <BranchPoints />
              <MethodPoint vc="0" uspid="1635" ordinal="0" offset="0" />
            </Method>
            <Method visited="false" cyclomaticComplexity="1" nPathComplexity="0" sequenceCoverage="0" branchCoverage="0" isConstructor="false" isStatic="false" isGetter="false" isSetter="false">
              <Summary numSequencePoints="1" visitedSequencePoints="0" numBranchPoints="1" visitedBranchPoints="0" sequenceCoverage="0" branchCoverage="0" maxCyclomaticComplexity="1" minCyclomaticComplexity="1" visitedClasses="0" numClasses="0" visitedMethods="0" numMethods="1" />
              <MetadataToken>100663686</MetadataToken>
              <Name>System.Void Puzzle.Core.Multitenancy.Internal.Logging.LibLog.LogProviders.Log4NetLogProvider/&lt;&gt;c__DisplayClass9_1::&lt;GetOpenMdcMethod&gt;b__1()</Name>
              <FileRef uid="62" />
              <SequencePoints>
                <SequencePoint vc="0" uspid="1636" ordinal="0" offset="0" sl="140" sc="51" el="140" ec="62" bec="0" bev="0" fileid="62" />
              </SequencePoints>
              <BranchPoints />
              <MethodPoint xsi:type="SequencePoint" vc="0" uspid="1636" ordinal="0" offset="0" sl="140" sc="51" el="140" ec="62" bec="0" bev="0" fileid="62" />
            </Method>
          </Methods>
        </Class>
        <Class>
          <Summary numSequencePoints="44" visitedSequencePoints="0" numBranchPoints="14" visitedBranchPoints="0" sequenceCoverage="0" branchCoverage="0" maxCyclomaticComplexity="6" minCyclomaticComplexity="1" visitedClasses="0" numClasses="1" visitedMethods="0" numMethods="4" />
          <FullName>Puzzle.Core.Multitenancy.Internal.Logging.LibLog.LogProviders.LogMessageFormatter</FullName>
          <Methods>
            <Method visited="false" cyclomaticComplexity="3" nPathComplexity="2" sequenceCoverage="0" branchCoverage="0" isConstructor="false" isStatic="true" isGetter="false" isSetter="false">
              <Summary numSequencePoints="6" visitedSequencePoints="0" numBranchPoints="3" visitedBranchPoints="0" sequenceCoverage="0" branchCoverage="0" maxCyclomaticComplexity="3" minCyclomaticComplexity="3" visitedClasses="0" numClasses="0" visitedMethods="0" numMethods="1" />
              <MetadataToken>100663500</MetadataToken>
              <Name>System.Func`1&lt;System.String&gt; Puzzle.Core.Multitenancy.Internal.Logging.LibLog.LogProviders.LogMessageFormatter::SimulateStructuredLogging(System.Func`1&lt;System.String&gt;,System.Object[])</Name>
              <FileRef uid="67" />
              <SequencePoints>
                <SequencePoint vc="0" uspid="1637" ordinal="0" offset="20" sl="63" sc="9" el="63" ec="10" bec="0" bev="0" fileid="67" />
                <SequencePoint vc="0" uspid="1638" ordinal="1" offset="21" sl="64" sc="13" el="64" ec="74" bec="2" bev="0" fileid="67" />
                <SequencePoint vc="0" uspid="1639" ordinal="2" offset="46" sl="65" sc="13" el="65" ec="14" bec="0" bev="0" fileid="67" />
                <SequencePoint vc="0" uspid="1640" ordinal="3" offset="47" sl="66" sc="17" el="66" ec="39" bec="0" bev="0" fileid="67" />
                <SequencePoint vc="0" uspid="1641" ordinal="4" offset="56" sl="69" sc="13" el="73" ec="15" bec="0" bev="0" fileid="67" />
                <SequencePoint vc="0" uspid="1642" ordinal="5" offset="71" sl="74" sc="9" el="74" ec="10" bec="0" bev="0" fileid="67" />
              </SequencePoints>
              <BranchPoints>
                <BranchPoint vc="0" uspid="1645" ordinal="2" offset="44" sl="64" path="0" offsetend="46" fileid="67" />
                <BranchPoint vc="0" uspid="1646" ordinal="3" offset="44" sl="64" path="1" offsetend="56" fileid="67" />
              </BranchPoints>
              <MethodPoint vc="0" uspid="1647" ordinal="0" offset="0" />
            </Method>
            <Method visited="false" cyclomaticComplexity="6" nPathComplexity="8" sequenceCoverage="0" branchCoverage="0" isConstructor="false" isStatic="true" isGetter="false" isSetter="false">
              <Summary numSequencePoints="30" visitedSequencePoints="0" numBranchPoints="7" visitedBranchPoints="0" sequenceCoverage="0" branchCoverage="0" maxCyclomaticComplexity="6" minCyclomaticComplexity="6" visitedClasses="0" numClasses="0" visitedMethods="0" numMethods="1" />
              <MetadataToken>100663501</MetadataToken>
              <Name>System.String Puzzle.Core.Multitenancy.Internal.Logging.LibLog.LogProviders.LogMessageFormatter::FormatStructuredMessage(System.String,System.Object[],System.Collections.Generic.IEnumerable`1&lt;System.String&gt;&amp;)</Name>
              <FileRef uid="67" />
              <SequencePoints>
                <SequencePoint vc="0" uspid="1648" ordinal="0" offset="0" sl="77" sc="9" el="77" ec="10" bec="0" bev="0" fileid="67" />
                <SequencePoint vc="0" uspid="1649" ordinal="1" offset="1" sl="78" sc="13" el="78" ec="46" bec="2" bev="0" fileid="67" />
                <SequencePoint vc="0" uspid="1650" ordinal="2" offset="10" sl="79" sc="13" el="79" ec="14" bec="0" bev="0" fileid="67" />
                <SequencePoint vc="0" uspid="1651" ordinal="3" offset="11" sl="80" sc="17" el="80" ec="61" bec="0" bev="0" fileid="67" />
                <SequencePoint vc="0" uspid="1652" ordinal="4" offset="18" sl="81" sc="17" el="81" ec="38" bec="0" bev="0" fileid="67" />
                <SequencePoint vc="0" uspid="1653" ordinal="5" offset="25" sl="84" sc="13" el="84" ec="66" bec="0" bev="0" fileid="67" />
                <SequencePoint vc="0" uspid="1654" ordinal="6" offset="31" sl="85" sc="13" el="85" ec="49" bec="0" bev="0" fileid="67" />
                <SequencePoint vc="0" uspid="1655" ordinal="7" offset="34" sl="87" sc="13" el="87" ec="20" bec="0" bev="0" fileid="67" />
                <SequencePoint vc="0" uspid="1656" ordinal="8" offset="35" sl="87" sc="37" el="87" ec="67" bec="0" bev="0" fileid="67" />
                <SequencePoint vc="0" uspid="1657" ordinal="9" offset="57" sl="87" sc="22" el="87" ec="33" bec="0" bev="0" fileid="67" />
                <SequencePoint vc="0" uspid="1658" ordinal="10" offset="70" sl="88" sc="13" el="88" ec="14" bec="0" bev="0" fileid="67" />
                <SequencePoint vc="0" uspid="1659" ordinal="11" offset="71" sl="89" sc="17" el="89" ec="56" bec="0" bev="0" fileid="67" />
                <SequencePoint vc="0" uspid="1660" ordinal="12" offset="95" sl="91" sc="17" el="91" ec="57" bec="2" bev="0" fileid="67" />
                <SequencePoint vc="0" uspid="1661" ordinal="13" offset="113" sl="92" sc="17" el="92" ec="18" bec="0" bev="0" fileid="67" />
                <SequencePoint vc="0" uspid="1662" ordinal="14" offset="114" sl="93" sc="21" el="93" ec="73" bec="0" bev="0" fileid="67" />
                <SequencePoint vc="0" uspid="1663" ordinal="15" offset="124" sl="94" sc="21" el="94" ec="45" bec="2" bev="0" fileid="67" />
                <SequencePoint vc="0" uspid="1664" ordinal="16" offset="135" sl="95" sc="21" el="95" ec="22" bec="0" bev="0" fileid="67" />
                <SequencePoint vc="0" uspid="1665" ordinal="17" offset="136" sl="96" sc="25" el="96" ec="66" bec="0" bev="0" fileid="67" />
                <SequencePoint vc="0" uspid="1666" ordinal="18" offset="144" sl="97" sc="25" el="97" ec="53" bec="0" bev="0" fileid="67" />
                <SequencePoint vc="0" uspid="1667" ordinal="19" offset="153" sl="98" sc="21" el="98" ec="22" bec="0" bev="0" fileid="67" />
                <SequencePoint vc="0" uspid="1668" ordinal="20" offset="154" sl="100" sc="21" el="100" ec="136" bec="0" bev="0" fileid="67" />
                <SequencePoint vc="0" uspid="1669" ordinal="21" offset="231" sl="101" sc="17" el="101" ec="18" bec="0" bev="0" fileid="67" />
                <SequencePoint vc="0" uspid="1670" ordinal="22" offset="232" sl="102" sc="13" el="102" ec="14" bec="0" bev="0" fileid="67" />
                <SequencePoint vc="0" uspid="1671" ordinal="23" offset="233" sl="87" sc="34" el="87" ec="36" bec="0" bev="0" fileid="67" />
                <SequencePoint vc="0" uspid="1672" ordinal="24" offset="268" sl="105" sc="13" el="105" ec="14" bec="0" bev="0" fileid="67" />
                <SequencePoint vc="0" uspid="1673" ordinal="25" offset="269" sl="106" sc="17" el="106" ec="101" bec="0" bev="0" fileid="67" />
                <SequencePoint vc="0" uspid="1674" ordinal="26" offset="284" sl="108" sc="13" el="108" ec="39" bec="0" bev="0" fileid="67" />
                <SequencePoint vc="0" uspid="1675" ordinal="27" offset="286" sl="109" sc="13" el="109" ec="14" bec="0" bev="0" fileid="67" />
                <SequencePoint vc="0" uspid="1676" ordinal="28" offset="287" sl="110" sc="17" el="110" ec="134" bec="0" bev="0" fileid="67" />
                <SequencePoint vc="0" uspid="1677" ordinal="29" offset="311" sl="112" sc="9" el="112" ec="10" bec="0" bev="0" fileid="67" />
              </SequencePoints>
              <BranchPoints>
                <BranchPoint vc="0" uspid="1678" ordinal="0" offset="8" sl="78" path="0" offsetend="10" fileid="67" />
                <BranchPoint vc="0" uspid="1679" ordinal="1" offset="8" sl="78" path="1" offsetend="25" fileid="67" />
                <BranchPoint vc="0" uspid="1680" ordinal="2" offset="111" sl="91" path="0" offsetend="113" fileid="67" />
                <BranchPoint vc="0" uspid="1681" ordinal="3" offset="111" sl="91" path="1" offsetend="232" fileid="67" />
                <BranchPoint vc="0" uspid="1682" ordinal="4" offset="133" sl="94" path="0" offsetend="135" fileid="67" />
                <BranchPoint vc="0" uspid="1683" ordinal="5" offset="133" sl="94" path="1" offsetend="154" fileid="67" />
              </BranchPoints>
              <MethodPoint xsi:type="SequencePoint" vc="0" uspid="1648" ordinal="0" offset="0" sl="77" sc="9" el="77" ec="10" bec="0" bev="0" fileid="67" />
            </Method>
            <Method visited="false" cyclomaticComplexity="2" nPathComplexity="2" sequenceCoverage="0" branchCoverage="0" isConstructor="false" isStatic="true" isGetter="false" isSetter="false">
              <Summary numSequencePoints="7" visitedSequencePoints="0" numBranchPoints="3" visitedBranchPoints="0" sequenceCoverage="0" branchCoverage="0" maxCyclomaticComplexity="2" minCyclomaticComplexity="2" visitedClasses="0" numClasses="0" visitedMethods="0" numMethods="1" />
              <MetadataToken>100663502</MetadataToken>
              <Name>System.String Puzzle.Core.Multitenancy.Internal.Logging.LibLog.LogProviders.LogMessageFormatter::ReplaceFirst(System.String,System.String,System.String)</Name>
              <FileRef uid="67" />
              <SequencePoints>
                <SequencePoint vc="0" uspid="1686" ordinal="0" offset="0" sl="115" sc="9" el="115" ec="10" bec="0" bev="0" fileid="67" />
                <SequencePoint vc="0" uspid="1687" ordinal="1" offset="1" sl="116" sc="13" el="116" ec="70" bec="0" bev="0" fileid="67" />
                <SequencePoint vc="0" uspid="1688" ordinal="2" offset="10" sl="117" sc="13" el="117" ec="25" bec="2" bev="0" fileid="67" />
                <SequencePoint vc="0" uspid="1689" ordinal="3" offset="18" sl="118" sc="13" el="118" ec="14" bec="0" bev="0" fileid="67" />
                <SequencePoint vc="0" uspid="1690" ordinal="4" offset="19" sl="119" sc="17" el="119" ec="29" bec="0" bev="0" fileid="67" />
                <SequencePoint vc="0" uspid="1691" ordinal="5" offset="23" sl="122" sc="13" el="122" ec="91" bec="0" bev="0" fileid="67" />
                <SequencePoint vc="0" uspid="1692" ordinal="6" offset="54" sl="123" sc="9" el="123" ec="10" bec="0" bev="0" fileid="67" />
              </SequencePoints>
              <BranchPoints>
                <BranchPoint vc="0" uspid="1693" ordinal="0" offset="16" sl="117" path="0" offsetend="18" fileid="67" />
                <BranchPoint vc="0" uspid="1694" ordinal="1" offset="16" sl="117" path="1" offsetend="23" fileid="67" />
              </BranchPoints>
              <MethodPoint xsi:type="SequencePoint" vc="0" uspid="1686" ordinal="0" offset="0" sl="115" sc="9" el="115" ec="10" bec="0" bev="0" fileid="67" />
            </Method>
            <Method visited="false" cyclomaticComplexity="1" nPathComplexity="0" sequenceCoverage="0" branchCoverage="0" isConstructor="true" isStatic="true" isGetter="false" isSetter="false">
              <Summary numSequencePoints="1" visitedSequencePoints="0" numBranchPoints="1" visitedBranchPoints="0" sequenceCoverage="0" branchCoverage="0" maxCyclomaticComplexity="1" minCyclomaticComplexity="1" visitedClasses="0" numClasses="0" visitedMethods="0" numMethods="1" />
              <MetadataToken>100663503</MetadataToken>
              <Name>System.Void Puzzle.Core.Multitenancy.Internal.Logging.LibLog.LogProviders.LogMessageFormatter::.cctor()</Name>
              <FileRef uid="67" />
              <SequencePoints>
                <SequencePoint vc="0" uspid="1695" ordinal="0" offset="0" sl="48" sc="9" el="48" ec="94" bec="0" bev="0" fileid="67" />
              </SequencePoints>
              <BranchPoints />
              <MethodPoint xsi:type="SequencePoint" vc="0" uspid="1695" ordinal="0" offset="0" sl="48" sc="9" el="48" ec="94" bec="0" bev="0" fileid="67" />
            </Method>
          </Methods>
        </Class>
        <Class>
          <Summary numSequencePoints="4" visitedSequencePoints="0" numBranchPoints="1" visitedBranchPoints="0" sequenceCoverage="0" branchCoverage="0" maxCyclomaticComplexity="1" minCyclomaticComplexity="1" visitedClasses="0" numClasses="1" visitedMethods="0" numMethods="1" />
          <FullName>Puzzle.Core.Multitenancy.Internal.Logging.LibLog.LogProviders.LogMessageFormatter/&lt;&gt;c__DisplayClass1_0</FullName>
          <Methods>
            <Method visited="false" cyclomaticComplexity="1" nPathComplexity="0" sequenceCoverage="0" branchCoverage="0" isConstructor="true" isStatic="false" isGetter="false" isSetter="false">
              <Summary numSequencePoints="0" visitedSequencePoints="0" numBranchPoints="0" visitedBranchPoints="0" sequenceCoverage="0" branchCoverage="0" maxCyclomaticComplexity="1" minCyclomaticComplexity="1" visitedClasses="0" numClasses="0" visitedMethods="0" numMethods="0" />
              <MetadataToken>100663687</MetadataToken>
              <Name>System.Void Puzzle.Core.Multitenancy.Internal.Logging.LibLog.LogProviders.LogMessageFormatter/&lt;&gt;c__DisplayClass1_0::.ctor()</Name>
              <SequencePoints />
              <BranchPoints />
              <MethodPoint vc="0" uspid="1696" ordinal="0" offset="0" />
            </Method>
            <Method visited="false" cyclomaticComplexity="1" nPathComplexity="0" sequenceCoverage="0" branchCoverage="0" isConstructor="false" isStatic="false" isGetter="false" isSetter="false">
              <Summary numSequencePoints="4" visitedSequencePoints="0" numBranchPoints="1" visitedBranchPoints="0" sequenceCoverage="0" branchCoverage="0" maxCyclomaticComplexity="1" minCyclomaticComplexity="1" visitedClasses="0" numClasses="0" visitedMethods="0" numMethods="1" />
              <MetadataToken>100663688</MetadataToken>
              <Name>System.String Puzzle.Core.Multitenancy.Internal.Logging.LibLog.LogProviders.LogMessageFormatter/&lt;&gt;c__DisplayClass1_0::&lt;SimulateStructuredLogging&gt;b__0()</Name>
              <FileRef uid="67" />
              <SequencePoints>
                <SequencePoint vc="0" uspid="1697" ordinal="0" offset="0" sl="70" sc="13" el="70" ec="14" bec="0" bev="0" fileid="67" />
                <SequencePoint vc="0" uspid="1698" ordinal="1" offset="1" sl="71" sc="17" el="71" ec="57" bec="0" bev="0" fileid="67" />
                <SequencePoint vc="0" uspid="1699" ordinal="2" offset="13" sl="72" sc="17" el="72" ec="121" bec="0" bev="0" fileid="67" />
                <SequencePoint vc="0" uspid="1700" ordinal="3" offset="30" sl="73" sc="13" el="73" ec="14" bec="0" bev="0" fileid="67" />
              </SequencePoints>
              <BranchPoints />
              <MethodPoint xsi:type="SequencePoint" vc="0" uspid="1697" ordinal="0" offset="0" sl="70" sc="13" el="70" ec="14" bec="0" bev="0" fileid="67" />
            </Method>
          </Methods>
        </Class>
        <Class>
          <Summary numSequencePoints="18" visitedSequencePoints="5" numBranchPoints="6" visitedBranchPoints="1" sequenceCoverage="27.78" branchCoverage="16.67" maxCyclomaticComplexity="2" minCyclomaticComplexity="1" visitedClasses="1" numClasses="1" visitedMethods="1" numMethods="6" />
          <FullName>Puzzle.Core.Multitenancy.Internal.Logging.LibLog.LogProviders.LogProviderBase</FullName>
          <Methods>
            <Method visited="true" cyclomaticComplexity="1" nPathComplexity="0" sequenceCoverage="100" branchCoverage="100" isConstructor="true" isStatic="false" isGetter="false" isSetter="false">
              <Summary numSequencePoints="5" visitedSequencePoints="5" numBranchPoints="1" visitedBranchPoints="1" sequenceCoverage="100" branchCoverage="100" maxCyclomaticComplexity="1" minCyclomaticComplexity="1" visitedClasses="0" numClasses="0" visitedMethods="1" numMethods="1" />
              <MetadataToken>100663504</MetadataToken>
              <Name>System.Void Puzzle.Core.Multitenancy.Internal.Logging.LibLog.LogProviders.LogProviderBase::.ctor()</Name>
              <FileRef uid="69" />
              <SequencePoints>
                <SequencePoint vc="152" uspid="1701" ordinal="0" offset="0" sl="51" sc="9" el="51" ec="36" bec="0" bev="0" fileid="69" />
                <SequencePoint vc="152" uspid="1702" ordinal="1" offset="7" sl="52" sc="9" el="52" ec="10" bec="0" bev="0" fileid="69" />
                <SequencePoint vc="152" uspid="1703" ordinal="2" offset="8" sl="53" sc="13" el="53" ec="69" bec="0" bev="0" fileid="69" />
                <SequencePoint vc="152" uspid="1704" ordinal="3" offset="32" sl="54" sc="13" el="54" ec="69" bec="0" bev="0" fileid="69" />
                <SequencePoint vc="152" uspid="1705" ordinal="4" offset="56" sl="55" sc="9" el="55" ec="10" bec="0" bev="0" fileid="69" />
              </SequencePoints>
              <BranchPoints />
              <MethodPoint xsi:type="SequencePoint" vc="152" uspid="1701" ordinal="0" offset="0" sl="51" sc="9" el="51" ec="36" bec="0" bev="0" fileid="69" />
            </Method>
            <Method visited="false" cyclomaticComplexity="1" nPathComplexity="0" sequenceCoverage="0" branchCoverage="0" isConstructor="false" isStatic="false" isGetter="false" isSetter="false">
              <Summary numSequencePoints="3" visitedSequencePoints="0" numBranchPoints="1" visitedBranchPoints="0" sequenceCoverage="0" branchCoverage="0" maxCyclomaticComplexity="1" minCyclomaticComplexity="1" visitedClasses="0" numClasses="0" visitedMethods="0" numMethods="1" />
              <MetadataToken>100663506</MetadataToken>
              <Name>System.IDisposable Puzzle.Core.Multitenancy.Internal.Logging.LibLog.LogProviders.LogProviderBase::OpenNestedContext(System.String)</Name>
              <FileRef uid="69" />
              <SequencePoints>
                <SequencePoint vc="0" uspid="1706" ordinal="0" offset="0" sl="64" sc="9" el="64" ec="10" bec="0" bev="0" fileid="69" />
                <SequencePoint vc="0" uspid="1707" ordinal="1" offset="1" sl="65" sc="13" el="65" ec="53" bec="0" bev="0" fileid="69" />
                <SequencePoint vc="0" uspid="1708" ordinal="2" offset="21" sl="66" sc="9" el="66" ec="10" bec="0" bev="0" fileid="69" />
              </SequencePoints>
              <BranchPoints />
              <MethodPoint xsi:type="SequencePoint" vc="0" uspid="1706" ordinal="0" offset="0" sl="64" sc="9" el="64" ec="10" bec="0" bev="0" fileid="69" />
            </Method>
            <Method visited="false" cyclomaticComplexity="1" nPathComplexity="0" sequenceCoverage="0" branchCoverage="0" isConstructor="false" isStatic="false" isGetter="false" isSetter="false">
              <Summary numSequencePoints="3" visitedSequencePoints="0" numBranchPoints="1" visitedBranchPoints="0" sequenceCoverage="0" branchCoverage="0" maxCyclomaticComplexity="1" minCyclomaticComplexity="1" visitedClasses="0" numClasses="0" visitedMethods="0" numMethods="1" />
              <MetadataToken>100663507</MetadataToken>
              <Name>System.IDisposable Puzzle.Core.Multitenancy.Internal.Logging.LibLog.LogProviders.LogProviderBase::OpenMappedContext(System.String,System.String)</Name>
              <FileRef uid="69" />
              <SequencePoints>
                <SequencePoint vc="0" uspid="1709" ordinal="0" offset="0" sl="69" sc="9" el="69" ec="10" bec="0" bev="0" fileid="69" />
                <SequencePoint vc="0" uspid="1710" ordinal="1" offset="1" sl="70" sc="13" el="70" ec="56" bec="0" bev="0" fileid="69" />
                <SequencePoint vc="0" uspid="1711" ordinal="2" offset="22" sl="71" sc="9" el="71" ec="10" bec="0" bev="0" fileid="69" />
              </SequencePoints>
              <BranchPoints />
              <MethodPoint xsi:type="SequencePoint" vc="0" uspid="1709" ordinal="0" offset="0" sl="69" sc="9" el="69" ec="10" bec="0" bev="0" fileid="69" />
            </Method>
            <Method visited="false" cyclomaticComplexity="2" nPathComplexity="0" sequenceCoverage="0" branchCoverage="0" isConstructor="false" isStatic="false" isGetter="false" isSetter="false">
              <Summary numSequencePoints="3" visitedSequencePoints="0" numBranchPoints="1" visitedBranchPoints="0" sequenceCoverage="0" branchCoverage="0" maxCyclomaticComplexity="2" minCyclomaticComplexity="2" visitedClasses="0" numClasses="0" visitedMethods="0" numMethods="1" />
              <MetadataToken>100663508</MetadataToken>
              <Name>Puzzle.Core.Multitenancy.Internal.Logging.LibLog.LogProviders.LogProviderBase/OpenNdc Puzzle.Core.Multitenancy.Internal.Logging.LibLog.LogProviders.LogProviderBase::GetOpenNdcMethod()</Name>
              <FileRef uid="69" />
              <SequencePoints>
                <SequencePoint vc="0" uspid="1712" ordinal="0" offset="0" sl="74" sc="9" el="74" ec="10" bec="0" bev="0" fileid="69" />
                <SequencePoint vc="0" uspid="1713" ordinal="1" offset="1" sl="75" sc="13" el="75" ec="48" bec="0" bev="0" fileid="69" />
                <SequencePoint vc="0" uspid="1714" ordinal="2" offset="35" sl="76" sc="9" el="76" ec="10" bec="0" bev="0" fileid="69" />
              </SequencePoints>
              <BranchPoints />
              <MethodPoint xsi:type="SequencePoint" vc="0" uspid="1712" ordinal="0" offset="0" sl="74" sc="9" el="74" ec="10" bec="0" bev="0" fileid="69" />
            </Method>
            <Method visited="false" cyclomaticComplexity="2" nPathComplexity="0" sequenceCoverage="0" branchCoverage="0" isConstructor="false" isStatic="false" isGetter="false" isSetter="false">
              <Summary numSequencePoints="3" visitedSequencePoints="0" numBranchPoints="1" visitedBranchPoints="0" sequenceCoverage="0" branchCoverage="0" maxCyclomaticComplexity="2" minCyclomaticComplexity="2" visitedClasses="0" numClasses="0" visitedMethods="0" numMethods="1" />
              <MetadataToken>100663509</MetadataToken>
              <Name>Puzzle.Core.Multitenancy.Internal.Logging.LibLog.LogProviders.LogProviderBase/OpenMdc Puzzle.Core.Multitenancy.Internal.Logging.LibLog.LogProviders.LogProviderBase::GetOpenMdcMethod()</Name>
              <FileRef uid="69" />
              <SequencePoints>
                <SequencePoint vc="0" uspid="1717" ordinal="0" offset="0" sl="79" sc="9" el="79" ec="10" bec="0" bev="0" fileid="69" />
                <SequencePoint vc="0" uspid="1718" ordinal="1" offset="1" sl="81" sc="13" el="81" ec="54" bec="0" bev="0" fileid="69" />
                <SequencePoint vc="0" uspid="1719" ordinal="2" offset="35" sl="83" sc="9" el="83" ec="10" bec="0" bev="0" fileid="69" />
              </SequencePoints>
              <BranchPoints />
              <MethodPoint xsi:type="SequencePoint" vc="0" uspid="1717" ordinal="0" offset="0" sl="79" sc="9" el="79" ec="10" bec="0" bev="0" fileid="69" />
            </Method>
            <Method visited="false" cyclomaticComplexity="1" nPathComplexity="0" sequenceCoverage="0" branchCoverage="0" isConstructor="true" isStatic="true" isGetter="false" isSetter="false">
              <Summary numSequencePoints="1" visitedSequencePoints="0" numBranchPoints="1" visitedBranchPoints="0" sequenceCoverage="0" branchCoverage="0" maxCyclomaticComplexity="1" minCyclomaticComplexity="1" visitedClasses="0" numClasses="0" visitedMethods="0" numMethods="1" />
              <MetadataToken>100663510</MetadataToken>
              <Name>System.Void Puzzle.Core.Multitenancy.Internal.Logging.LibLog.LogProviders.LogProviderBase::.cctor()</Name>
              <FileRef uid="69" />
              <SequencePoints>
                <SequencePoint vc="0" uspid="1722" ordinal="0" offset="0" sl="45" sc="9" el="45" ec="93" bec="0" bev="0" fileid="69" />
              </SequencePoints>
              <BranchPoints />
              <MethodPoint xsi:type="SequencePoint" vc="0" uspid="1722" ordinal="0" offset="0" sl="45" sc="9" el="45" ec="93" bec="0" bev="0" fileid="69" />
            </Method>
          </Methods>
        </Class>
        <Class>
          <Summary numSequencePoints="0" visitedSequencePoints="0" numBranchPoints="0" visitedBranchPoints="0" sequenceCoverage="0" branchCoverage="0" maxCyclomaticComplexity="0" minCyclomaticComplexity="0" visitedClasses="0" numClasses="0" visitedMethods="0" numMethods="0" />
          <FullName>Puzzle.Core.Multitenancy.Internal.Logging.LibLog.LogProviders.LogProviderBase/OpenNdc</FullName>
          <Methods>
            <Method skippedDueTo="Unknown" visited="false" cyclomaticComplexity="0" nPathComplexity="0" sequenceCoverage="0" branchCoverage="0" isConstructor="true" isStatic="false" isGetter="false" isSetter="false">
              <MetadataToken>100663689</MetadataToken>
              <Name>System.Void Puzzle.Core.Multitenancy.Internal.Logging.LibLog.LogProviders.LogProviderBase/OpenNdc::.ctor(System.Object,System.IntPtr)</Name>
              <SequencePoints />
              <BranchPoints />
            </Method>
            <Method skippedDueTo="Unknown" visited="false" cyclomaticComplexity="0" nPathComplexity="0" sequenceCoverage="0" branchCoverage="0" isConstructor="false" isStatic="false" isGetter="false" isSetter="false">
              <MetadataToken>100663690</MetadataToken>
              <Name>System.IDisposable Puzzle.Core.Multitenancy.Internal.Logging.LibLog.LogProviders.LogProviderBase/OpenNdc::Invoke(System.String)</Name>
              <SequencePoints />
              <BranchPoints />
            </Method>
            <Method skippedDueTo="Unknown" visited="false" cyclomaticComplexity="0" nPathComplexity="0" sequenceCoverage="0" branchCoverage="0" isConstructor="false" isStatic="false" isGetter="false" isSetter="false">
              <MetadataToken>100663691</MetadataToken>
              <Name>System.IAsyncResult Puzzle.Core.Multitenancy.Internal.Logging.LibLog.LogProviders.LogProviderBase/OpenNdc::BeginInvoke(System.String,System.AsyncCallback,System.Object)</Name>
              <SequencePoints />
              <BranchPoints />
            </Method>
            <Method skippedDueTo="Unknown" visited="false" cyclomaticComplexity="0" nPathComplexity="0" sequenceCoverage="0" branchCoverage="0" isConstructor="false" isStatic="false" isGetter="false" isSetter="false">
              <MetadataToken>100663692</MetadataToken>
              <Name>System.IDisposable Puzzle.Core.Multitenancy.Internal.Logging.LibLog.LogProviders.LogProviderBase/OpenNdc::EndInvoke(System.IAsyncResult)</Name>
              <SequencePoints />
              <BranchPoints />
            </Method>
          </Methods>
        </Class>
        <Class>
          <Summary numSequencePoints="0" visitedSequencePoints="0" numBranchPoints="0" visitedBranchPoints="0" sequenceCoverage="0" branchCoverage="0" maxCyclomaticComplexity="0" minCyclomaticComplexity="0" visitedClasses="0" numClasses="0" visitedMethods="0" numMethods="0" />
          <FullName>Puzzle.Core.Multitenancy.Internal.Logging.LibLog.LogProviders.LogProviderBase/OpenMdc</FullName>
          <Methods>
            <Method skippedDueTo="Unknown" visited="false" cyclomaticComplexity="0" nPathComplexity="0" sequenceCoverage="0" branchCoverage="0" isConstructor="true" isStatic="false" isGetter="false" isSetter="false">
              <MetadataToken>100663693</MetadataToken>
              <Name>System.Void Puzzle.Core.Multitenancy.Internal.Logging.LibLog.LogProviders.LogProviderBase/OpenMdc::.ctor(System.Object,System.IntPtr)</Name>
              <SequencePoints />
              <BranchPoints />
            </Method>
            <Method skippedDueTo="Unknown" visited="false" cyclomaticComplexity="0" nPathComplexity="0" sequenceCoverage="0" branchCoverage="0" isConstructor="false" isStatic="false" isGetter="false" isSetter="false">
              <MetadataToken>100663694</MetadataToken>
              <Name>System.IDisposable Puzzle.Core.Multitenancy.Internal.Logging.LibLog.LogProviders.LogProviderBase/OpenMdc::Invoke(System.String,System.String)</Name>
              <SequencePoints />
              <BranchPoints />
            </Method>
            <Method skippedDueTo="Unknown" visited="false" cyclomaticComplexity="0" nPathComplexity="0" sequenceCoverage="0" branchCoverage="0" isConstructor="false" isStatic="false" isGetter="false" isSetter="false">
              <MetadataToken>100663695</MetadataToken>
              <Name>System.IAsyncResult Puzzle.Core.Multitenancy.Internal.Logging.LibLog.LogProviders.LogProviderBase/OpenMdc::BeginInvoke(System.String,System.String,System.AsyncCallback,System.Object)</Name>
              <SequencePoints />
              <BranchPoints />
            </Method>
            <Method skippedDueTo="Unknown" visited="false" cyclomaticComplexity="0" nPathComplexity="0" sequenceCoverage="0" branchCoverage="0" isConstructor="false" isStatic="false" isGetter="false" isSetter="false">
              <MetadataToken>100663696</MetadataToken>
              <Name>System.IDisposable Puzzle.Core.Multitenancy.Internal.Logging.LibLog.LogProviders.LogProviderBase/OpenMdc::EndInvoke(System.IAsyncResult)</Name>
              <SequencePoints />
              <BranchPoints />
            </Method>
          </Methods>
        </Class>
        <Class>
          <Summary numSequencePoints="2" visitedSequencePoints="0" numBranchPoints="2" visitedBranchPoints="0" sequenceCoverage="0" branchCoverage="0" maxCyclomaticComplexity="1" minCyclomaticComplexity="1" visitedClasses="0" numClasses="1" visitedMethods="0" numMethods="2" />
          <FullName>Puzzle.Core.Multitenancy.Internal.Logging.LibLog.LogProviders.LogProviderBase/&lt;&gt;c</FullName>
          <Methods>
            <Method visited="false" cyclomaticComplexity="1" nPathComplexity="0" sequenceCoverage="0" branchCoverage="0" isConstructor="true" isStatic="true" isGetter="false" isSetter="false">
              <Summary numSequencePoints="0" visitedSequencePoints="0" numBranchPoints="0" visitedBranchPoints="0" sequenceCoverage="0" branchCoverage="0" maxCyclomaticComplexity="1" minCyclomaticComplexity="1" visitedClasses="0" numClasses="0" visitedMethods="0" numMethods="0" />
              <MetadataToken>100663697</MetadataToken>
              <Name>System.Void Puzzle.Core.Multitenancy.Internal.Logging.LibLog.LogProviders.LogProviderBase/&lt;&gt;c::.cctor()</Name>
              <SequencePoints />
              <BranchPoints />
              <MethodPoint vc="0" uspid="1723" ordinal="0" offset="0" />
            </Method>
            <Method visited="false" cyclomaticComplexity="1" nPathComplexity="0" sequenceCoverage="0" branchCoverage="0" isConstructor="true" isStatic="false" isGetter="false" isSetter="false">
              <Summary numSequencePoints="0" visitedSequencePoints="0" numBranchPoints="0" visitedBranchPoints="0" sequenceCoverage="0" branchCoverage="0" maxCyclomaticComplexity="1" minCyclomaticComplexity="1" visitedClasses="0" numClasses="0" visitedMethods="0" numMethods="0" />
              <MetadataToken>100663698</MetadataToken>
              <Name>System.Void Puzzle.Core.Multitenancy.Internal.Logging.LibLog.LogProviders.LogProviderBase/&lt;&gt;c::.ctor()</Name>
              <SequencePoints />
              <BranchPoints />
              <MethodPoint vc="0" uspid="1724" ordinal="0" offset="0" />
            </Method>
            <Method visited="false" cyclomaticComplexity="1" nPathComplexity="0" sequenceCoverage="0" branchCoverage="0" isConstructor="false" isStatic="false" isGetter="false" isSetter="false">
              <Summary numSequencePoints="1" visitedSequencePoints="0" numBranchPoints="1" visitedBranchPoints="0" sequenceCoverage="0" branchCoverage="0" maxCyclomaticComplexity="1" minCyclomaticComplexity="1" visitedClasses="0" numClasses="0" visitedMethods="0" numMethods="1" />
              <MetadataToken>100663699</MetadataToken>
              <Name>System.IDisposable Puzzle.Core.Multitenancy.Internal.Logging.LibLog.LogProviders.LogProviderBase/&lt;&gt;c::&lt;GetOpenNdcMethod&gt;b__9_0(System.String)</Name>
              <FileRef uid="69" />
              <SequencePoints>
                <SequencePoint vc="0" uspid="1725" ordinal="0" offset="0" sl="75" sc="25" el="75" ec="47" bec="0" bev="0" fileid="69" />
              </SequencePoints>
              <BranchPoints />
              <MethodPoint xsi:type="SequencePoint" vc="0" uspid="1725" ordinal="0" offset="0" sl="75" sc="25" el="75" ec="47" bec="0" bev="0" fileid="69" />
            </Method>
            <Method visited="false" cyclomaticComplexity="1" nPathComplexity="0" sequenceCoverage="0" branchCoverage="0" isConstructor="false" isStatic="false" isGetter="false" isSetter="false">
              <Summary numSequencePoints="1" visitedSequencePoints="0" numBranchPoints="1" visitedBranchPoints="0" sequenceCoverage="0" branchCoverage="0" maxCyclomaticComplexity="1" minCyclomaticComplexity="1" visitedClasses="0" numClasses="0" visitedMethods="0" numMethods="1" />
              <MetadataToken>100663700</MetadataToken>
              <Name>System.IDisposable Puzzle.Core.Multitenancy.Internal.Logging.LibLog.LogProviders.LogProviderBase/&lt;&gt;c::&lt;GetOpenMdcMethod&gt;b__10_0(System.String,System.String)</Name>
              <FileRef uid="69" />
              <SequencePoints>
                <SequencePoint vc="0" uspid="1726" ordinal="0" offset="0" sl="81" sc="31" el="81" ec="53" bec="0" bev="0" fileid="69" />
              </SequencePoints>
              <BranchPoints />
              <MethodPoint xsi:type="SequencePoint" vc="0" uspid="1726" ordinal="0" offset="0" sl="81" sc="31" el="81" ec="53" bec="0" bev="0" fileid="69" />
            </Method>
          </Methods>
        </Class>
        <Class>
          <Summary numSequencePoints="31" visitedSequencePoints="0" numBranchPoints="10" visitedBranchPoints="0" sequenceCoverage="0" branchCoverage="0" maxCyclomaticComplexity="2" minCyclomaticComplexity="1" visitedClasses="0" numClasses="1" visitedMethods="0" numMethods="8" />
          <FullName>Puzzle.Core.Multitenancy.Internal.Logging.LibLog.LogProviders.LoupeLogProvider</FullName>
          <Methods>
            <Method visited="false" cyclomaticComplexity="1" nPathComplexity="0" sequenceCoverage="0" branchCoverage="0" isConstructor="false" isStatic="true" isGetter="true" isSetter="false">
              <Summary numSequencePoints="3" visitedSequencePoints="0" numBranchPoints="1" visitedBranchPoints="0" sequenceCoverage="0" branchCoverage="0" maxCyclomaticComplexity="1" minCyclomaticComplexity="1" visitedClasses="0" numClasses="0" visitedMethods="0" numMethods="1" />
              <MetadataToken>100663512</MetadataToken>
              <Name>System.Boolean Puzzle.Core.Multitenancy.Internal.Logging.LibLog.LogProviders.LoupeLogProvider::get_ProviderIsAvailableOverride()</Name>
              <FileRef uid="71" />
              <SequencePoints>
                <SequencePoint vc="0" uspid="1727" ordinal="0" offset="0" sl="94" sc="17" el="94" ec="18" bec="0" bev="0" fileid="71" />
                <SequencePoint vc="0" uspid="1728" ordinal="1" offset="1" sl="94" sc="19" el="94" ec="54" bec="0" bev="0" fileid="71" />
                <SequencePoint vc="0" uspid="1729" ordinal="2" offset="9" sl="94" sc="55" el="94" ec="56" bec="0" bev="0" fileid="71" />
              </SequencePoints>
              <BranchPoints />
              <MethodPoint xsi:type="SequencePoint" vc="0" uspid="1727" ordinal="0" offset="0" sl="94" sc="17" el="94" ec="18" bec="0" bev="0" fileid="71" />
            </Method>
            <Method visited="false" cyclomaticComplexity="1" nPathComplexity="0" sequenceCoverage="0" branchCoverage="0" isConstructor="false" isStatic="true" isGetter="false" isSetter="true">
              <Summary numSequencePoints="3" visitedSequencePoints="0" numBranchPoints="1" visitedBranchPoints="0" sequenceCoverage="0" branchCoverage="0" maxCyclomaticComplexity="1" minCyclomaticComplexity="1" visitedClasses="0" numClasses="0" visitedMethods="0" numMethods="1" />
              <MetadataToken>100663513</MetadataToken>
              <Name>System.Void Puzzle.Core.Multitenancy.Internal.Logging.LibLog.LogProviders.LoupeLogProvider::set_ProviderIsAvailableOverride(System.Boolean)</Name>
              <FileRef uid="71" />
              <SequencePoints>
                <SequencePoint vc="0" uspid="1730" ordinal="0" offset="0" sl="95" sc="17" el="95" ec="18" bec="0" bev="0" fileid="71" />
                <SequencePoint vc="0" uspid="1731" ordinal="1" offset="1" sl="95" sc="19" el="95" ec="55" bec="0" bev="0" fileid="71" />
                <SequencePoint vc="0" uspid="1732" ordinal="2" offset="7" sl="95" sc="56" el="95" ec="57" bec="0" bev="0" fileid="71" />
              </SequencePoints>
              <BranchPoints />
              <MethodPoint xsi:type="SequencePoint" vc="0" uspid="1730" ordinal="0" offset="0" sl="95" sc="17" el="95" ec="18" bec="0" bev="0" fileid="71" />
            </Method>
            <Method visited="false" cyclomaticComplexity="2" nPathComplexity="2" sequenceCoverage="0" branchCoverage="0" isConstructor="true" isStatic="false" isGetter="false" isSetter="false">
              <Summary numSequencePoints="7" visitedSequencePoints="0" numBranchPoints="3" visitedBranchPoints="0" sequenceCoverage="0" branchCoverage="0" maxCyclomaticComplexity="2" minCyclomaticComplexity="2" visitedClasses="0" numClasses="0" visitedMethods="0" numMethods="1" />
              <MetadataToken>100663511</MetadataToken>
              <Name>System.Void Puzzle.Core.Multitenancy.Internal.Logging.LibLog.LogProviders.LoupeLogProvider::.ctor()</Name>
              <FileRef uid="71" />
              <SequencePoints>
                <SequencePoint vc="0" uspid="1733" ordinal="0" offset="0" sl="49" sc="9" el="49" ec="34" bec="0" bev="0" fileid="71" />
                <SequencePoint vc="0" uspid="1734" ordinal="1" offset="7" sl="50" sc="9" el="50" ec="10" bec="0" bev="0" fileid="71" />
                <SequencePoint vc="0" uspid="1735" ordinal="2" offset="8" sl="51" sc="13" el="51" ec="38" bec="2" bev="0" fileid="71" />
                <SequencePoint vc="0" uspid="1736" ordinal="3" offset="20" sl="52" sc="13" el="52" ec="14" bec="0" bev="0" fileid="71" />
                <SequencePoint vc="0" uspid="1737" ordinal="4" offset="21" sl="53" sc="17" el="53" ec="94" bec="0" bev="0" fileid="71" />
                <SequencePoint vc="0" uspid="1738" ordinal="5" offset="32" sl="56" sc="13" el="56" ec="54" bec="0" bev="0" fileid="71" />
                <SequencePoint vc="0" uspid="1739" ordinal="6" offset="43" sl="57" sc="9" el="57" ec="10" bec="0" bev="0" fileid="71" />
              </SequencePoints>
              <BranchPoints>
                <BranchPoint vc="0" uspid="1740" ordinal="0" offset="18" sl="51" path="0" offsetend="20" fileid="71" />
                <BranchPoint vc="0" uspid="1741" ordinal="1" offset="18" sl="51" path="1" offsetend="32" fileid="71" />
              </BranchPoints>
              <MethodPoint xsi:type="SequencePoint" vc="0" uspid="1733" ordinal="0" offset="0" sl="49" sc="9" el="49" ec="34" bec="0" bev="0" fileid="71" />
            </Method>
            <Method visited="false" cyclomaticComplexity="2" nPathComplexity="0" sequenceCoverage="0" branchCoverage="0" isConstructor="false" isStatic="true" isGetter="false" isSetter="false">
              <Summary numSequencePoints="3" visitedSequencePoints="0" numBranchPoints="1" visitedBranchPoints="0" sequenceCoverage="0" branchCoverage="0" maxCyclomaticComplexity="2" minCyclomaticComplexity="2" visitedClasses="0" numClasses="0" visitedMethods="0" numMethods="1" />
              <MetadataToken>100663514</MetadataToken>
              <Name>System.Boolean Puzzle.Core.Multitenancy.Internal.Logging.LibLog.LogProviders.LoupeLogProvider::IsLoggerAvailable()</Name>
              <FileRef uid="71" />
              <SequencePoints>
                <SequencePoint vc="0" uspid="1742" ordinal="0" offset="0" sl="99" sc="9" el="99" ec="10" bec="0" bev="0" fileid="71" />
                <SequencePoint vc="0" uspid="1743" ordinal="1" offset="1" sl="100" sc="13" el="100" ec="79" bec="0" bev="0" fileid="71" />
                <SequencePoint vc="0" uspid="1744" ordinal="2" offset="25" sl="101" sc="9" el="101" ec="10" bec="0" bev="0" fileid="71" />
              </SequencePoints>
              <BranchPoints />
              <MethodPoint xsi:type="SequencePoint" vc="0" uspid="1742" ordinal="0" offset="0" sl="99" sc="9" el="99" ec="10" bec="0" bev="0" fileid="71" />
            </Method>
            <Method visited="false" cyclomaticComplexity="1" nPathComplexity="0" sequenceCoverage="0" branchCoverage="0" isConstructor="false" isStatic="false" isGetter="false" isSetter="false">
              <Summary numSequencePoints="3" visitedSequencePoints="0" numBranchPoints="1" visitedBranchPoints="0" sequenceCoverage="0" branchCoverage="0" maxCyclomaticComplexity="1" minCyclomaticComplexity="1" visitedClasses="0" numClasses="0" visitedMethods="0" numMethods="1" />
              <MetadataToken>100663515</MetadataToken>
              <Name>Puzzle.Core.Multitenancy.Internal.Logging.LibLog.Logger Puzzle.Core.Multitenancy.Internal.Logging.LibLog.LogProviders.LoupeLogProvider::GetLogger(System.String)</Name>
              <FileRef uid="71" />
              <SequencePoints>
                <SequencePoint vc="0" uspid="1747" ordinal="0" offset="0" sl="104" sc="9" el="104" ec="10" bec="0" bev="0" fileid="71" />
                <SequencePoint vc="0" uspid="1748" ordinal="1" offset="1" sl="105" sc="13" el="105" ec="64" bec="0" bev="0" fileid="71" />
                <SequencePoint vc="0" uspid="1749" ordinal="2" offset="27" sl="106" sc="9" el="106" ec="10" bec="0" bev="0" fileid="71" />
              </SequencePoints>
              <BranchPoints />
              <MethodPoint xsi:type="SequencePoint" vc="0" uspid="1747" ordinal="0" offset="0" sl="104" sc="9" el="104" ec="10" bec="0" bev="0" fileid="71" />
            </Method>
            <Method visited="false" cyclomaticComplexity="1" nPathComplexity="0" sequenceCoverage="0" branchCoverage="0" isConstructor="false" isStatic="true" isGetter="false" isSetter="false">
              <Summary numSequencePoints="3" visitedSequencePoints="0" numBranchPoints="1" visitedBranchPoints="0" sequenceCoverage="0" branchCoverage="0" maxCyclomaticComplexity="1" minCyclomaticComplexity="1" visitedClasses="0" numClasses="0" visitedMethods="0" numMethods="1" />
              <MetadataToken>100663516</MetadataToken>
              <Name>System.Type Puzzle.Core.Multitenancy.Internal.Logging.LibLog.LogProviders.LoupeLogProvider::GetLogManagerType()</Name>
              <FileRef uid="71" />
              <SequencePoints>
                <SequencePoint vc="0" uspid="1750" ordinal="0" offset="0" sl="109" sc="9" el="109" ec="10" bec="0" bev="0" fileid="71" />
                <SequencePoint vc="0" uspid="1751" ordinal="1" offset="1" sl="110" sc="13" el="110" ec="73" bec="0" bev="0" fileid="71" />
                <SequencePoint vc="0" uspid="1752" ordinal="2" offset="14" sl="111" sc="9" el="111" ec="10" bec="0" bev="0" fileid="71" />
              </SequencePoints>
              <BranchPoints />
              <MethodPoint xsi:type="SequencePoint" vc="0" uspid="1750" ordinal="0" offset="0" sl="109" sc="9" el="109" ec="10" bec="0" bev="0" fileid="71" />
            </Method>
            <Method visited="false" cyclomaticComplexity="1" nPathComplexity="0" sequenceCoverage="0" branchCoverage="0" isConstructor="false" isStatic="true" isGetter="false" isSetter="false">
              <Summary numSequencePoints="8" visitedSequencePoints="0" numBranchPoints="1" visitedBranchPoints="0" sequenceCoverage="0" branchCoverage="0" maxCyclomaticComplexity="1" minCyclomaticComplexity="1" visitedClasses="0" numClasses="0" visitedMethods="0" numMethods="1" />
              <MetadataToken>100663517</MetadataToken>
              <Name>Puzzle.Core.Multitenancy.Internal.Logging.LibLog.LogProviders.LoupeLogProvider/WriteDelegate Puzzle.Core.Multitenancy.Internal.Logging.LibLog.LogProviders.LoupeLogProvider::GetLogWriteDelegate()</Name>
              <FileRef uid="71" />
              <SequencePoints>
                <SequencePoint vc="0" uspid="1753" ordinal="0" offset="0" sl="114" sc="9" el="114" ec="10" bec="0" bev="0" fileid="71" />
                <SequencePoint vc="0" uspid="1754" ordinal="1" offset="1" sl="115" sc="13" el="115" ec="55" bec="0" bev="0" fileid="71" />
                <SequencePoint vc="0" uspid="1755" ordinal="2" offset="7" sl="116" sc="13" el="116" ec="111" bec="0" bev="0" fileid="71" />
                <SequencePoint vc="0" uspid="1756" ordinal="3" offset="18" sl="117" sc="13" el="117" ec="99" bec="0" bev="0" fileid="71" />
                <SequencePoint vc="0" uspid="1757" ordinal="4" offset="29" sl="119" sc="13" el="131" ec="35" bec="0" bev="0" fileid="71" />
                <SequencePoint vc="0" uspid="1758" ordinal="5" offset="175" sl="133" sc="13" el="133" ec="102" bec="0" bev="0" fileid="71" />
                <SequencePoint vc="0" uspid="1759" ordinal="6" offset="198" sl="134" sc="13" el="134" ec="33" bec="0" bev="0" fileid="71" />
                <SequencePoint vc="0" uspid="1760" ordinal="7" offset="204" sl="135" sc="9" el="135" ec="10" bec="0" bev="0" fileid="71" />
              </SequencePoints>
              <BranchPoints />
              <MethodPoint xsi:type="SequencePoint" vc="0" uspid="1753" ordinal="0" offset="0" sl="114" sc="9" el="114" ec="10" bec="0" bev="0" fileid="71" />
            </Method>
            <Method visited="false" cyclomaticComplexity="1" nPathComplexity="0" sequenceCoverage="0" branchCoverage="0" isConstructor="true" isStatic="true" isGetter="false" isSetter="false">
              <Summary numSequencePoints="1" visitedSequencePoints="0" numBranchPoints="1" visitedBranchPoints="0" sequenceCoverage="0" branchCoverage="0" maxCyclomaticComplexity="1" minCyclomaticComplexity="1" visitedClasses="0" numClasses="0" visitedMethods="0" numMethods="1" />
              <MetadataToken>100663518</MetadataToken>
              <Name>System.Void Puzzle.Core.Multitenancy.Internal.Logging.LibLog.LogProviders.LoupeLogProvider::.cctor()</Name>
              <FileRef uid="71" />
              <SequencePoints>
                <SequencePoint vc="0" uspid="1761" ordinal="0" offset="0" sl="46" sc="9" el="46" ec="64" bec="0" bev="0" fileid="71" />
              </SequencePoints>
              <BranchPoints />
              <MethodPoint xsi:type="SequencePoint" vc="0" uspid="1761" ordinal="0" offset="0" sl="46" sc="9" el="46" ec="64" bec="0" bev="0" fileid="71" />
            </Method>
          </Methods>
        </Class>
        <Class>
          <Summary numSequencePoints="0" visitedSequencePoints="0" numBranchPoints="0" visitedBranchPoints="0" sequenceCoverage="0" branchCoverage="0" maxCyclomaticComplexity="0" minCyclomaticComplexity="0" visitedClasses="0" numClasses="0" visitedMethods="0" numMethods="0" />
          <FullName>Puzzle.Core.Multitenancy.Internal.Logging.LibLog.LogProviders.LoupeLogProvider/WriteDelegate</FullName>
          <Methods>
            <Method skippedDueTo="Unknown" visited="false" cyclomaticComplexity="0" nPathComplexity="0" sequenceCoverage="0" branchCoverage="0" isConstructor="true" isStatic="false" isGetter="false" isSetter="false">
              <MetadataToken>100663701</MetadataToken>
              <Name>System.Void Puzzle.Core.Multitenancy.Internal.Logging.LibLog.LogProviders.LoupeLogProvider/WriteDelegate::.ctor(System.Object,System.IntPtr)</Name>
              <SequencePoints />
              <BranchPoints />
            </Method>
            <Method skippedDueTo="Unknown" visited="false" cyclomaticComplexity="0" nPathComplexity="0" sequenceCoverage="0" branchCoverage="0" isConstructor="false" isStatic="false" isGetter="false" isSetter="false">
              <MetadataToken>100663702</MetadataToken>
              <Name>System.Void Puzzle.Core.Multitenancy.Internal.Logging.LibLog.LogProviders.LoupeLogProvider/WriteDelegate::Invoke(System.Int32,System.String,System.Int32,System.Exception,System.Boolean,System.Int32,System.String,System.String,System.String,System.String,System.Object[])</Name>
              <SequencePoints />
              <BranchPoints />
            </Method>
            <Method skippedDueTo="Unknown" visited="false" cyclomaticComplexity="0" nPathComplexity="0" sequenceCoverage="0" branchCoverage="0" isConstructor="false" isStatic="false" isGetter="false" isSetter="false">
              <MetadataToken>100663703</MetadataToken>
              <Name>System.IAsyncResult Puzzle.Core.Multitenancy.Internal.Logging.LibLog.LogProviders.LoupeLogProvider/WriteDelegate::BeginInvoke(System.Int32,System.String,System.Int32,System.Exception,System.Boolean,System.Int32,System.String,System.String,System.String,System.String,System.Object[],System.AsyncCallback,System.Object)</Name>
              <SequencePoints />
              <BranchPoints />
            </Method>
            <Method skippedDueTo="Unknown" visited="false" cyclomaticComplexity="0" nPathComplexity="0" sequenceCoverage="0" branchCoverage="0" isConstructor="false" isStatic="false" isGetter="false" isSetter="false">
              <MetadataToken>100663704</MetadataToken>
              <Name>System.Void Puzzle.Core.Multitenancy.Internal.Logging.LibLog.LogProviders.LoupeLogProvider/WriteDelegate::EndInvoke(System.IAsyncResult)</Name>
              <SequencePoints />
              <BranchPoints />
            </Method>
          </Methods>
        </Class>
        <Class>
          <Summary numSequencePoints="24" visitedSequencePoints="0" numBranchPoints="12" visitedBranchPoints="0" sequenceCoverage="0" branchCoverage="0" maxCyclomaticComplexity="8" minCyclomaticComplexity="1" visitedClasses="0" numClasses="1" visitedMethods="0" numMethods="3" />
          <FullName>Puzzle.Core.Multitenancy.Internal.Logging.LibLog.LogProviders.LoupeLogProvider/LoupeLogger</FullName>
          <Methods>
            <Method visited="false" cyclomaticComplexity="1" nPathComplexity="0" sequenceCoverage="0" branchCoverage="0" isConstructor="true" isStatic="false" isGetter="false" isSetter="false">
              <Summary numSequencePoints="6" visitedSequencePoints="0" numBranchPoints="1" visitedBranchPoints="0" sequenceCoverage="0" branchCoverage="0" maxCyclomaticComplexity="1" minCyclomaticComplexity="1" visitedClasses="0" numClasses="0" visitedMethods="0" numMethods="1" />
              <MetadataToken>100663705</MetadataToken>
              <Name>System.Void Puzzle.Core.Multitenancy.Internal.Logging.LibLog.LogProviders.LoupeLogProvider/LoupeLogger::.ctor(System.String,Puzzle.Core.Multitenancy.Internal.Logging.LibLog.LogProviders.LoupeLogProvider/WriteDelegate)</Name>
              <FileRef uid="71" />
              <SequencePoints>
                <SequencePoint vc="0" uspid="1762" ordinal="0" offset="0" sl="145" sc="13" el="145" ec="82" bec="0" bev="0" fileid="71" />
                <SequencePoint vc="0" uspid="1763" ordinal="1" offset="7" sl="146" sc="13" el="146" ec="14" bec="0" bev="0" fileid="71" />
                <SequencePoint vc="0" uspid="1764" ordinal="2" offset="8" sl="147" sc="17" el="147" ec="42" bec="0" bev="0" fileid="71" />
                <SequencePoint vc="0" uspid="1765" ordinal="3" offset="15" sl="148" sc="17" el="148" ec="58" bec="0" bev="0" fileid="71" />
                <SequencePoint vc="0" uspid="1766" ordinal="4" offset="22" sl="150" sc="17" el="150" ec="31" bec="0" bev="0" fileid="71" />
                <SequencePoint vc="0" uspid="1767" ordinal="5" offset="29" sl="154" sc="13" el="154" ec="14" bec="0" bev="0" fileid="71" />
              </SequencePoints>
              <BranchPoints />
              <MethodPoint xsi:type="SequencePoint" vc="0" uspid="1762" ordinal="0" offset="0" sl="145" sc="13" el="145" ec="82" bec="0" bev="0" fileid="71" />
            </Method>
            <Method visited="false" cyclomaticComplexity="2" nPathComplexity="2" sequenceCoverage="0" branchCoverage="0" isConstructor="false" isStatic="false" isGetter="false" isSetter="false">
              <Summary numSequencePoints="8" visitedSequencePoints="0" numBranchPoints="3" visitedBranchPoints="0" sequenceCoverage="0" branchCoverage="0" maxCyclomaticComplexity="2" minCyclomaticComplexity="2" visitedClasses="0" numClasses="0" visitedMethods="0" numMethods="1" />
              <MetadataToken>100663706</MetadataToken>
              <Name>System.Boolean Puzzle.Core.Multitenancy.Internal.Logging.LibLog.LogProviders.LoupeLogProvider/LoupeLogger::Log(Puzzle.Core.Multitenancy.Internal.Logging.LibLog.LogLevel,System.Func`1&lt;System.String&gt;,System.Exception,System.Object[])</Name>
              <FileRef uid="71" />
              <SequencePoints>
                <SequencePoint vc="0" uspid="1768" ordinal="0" offset="0" sl="157" sc="13" el="157" ec="14" bec="0" bev="0" fileid="71" />
                <SequencePoint vc="0" uspid="1769" ordinal="1" offset="1" sl="158" sc="17" el="158" ec="41" bec="2" bev="0" fileid="71" />
                <SequencePoint vc="0" uspid="1770" ordinal="2" offset="9" sl="159" sc="17" el="159" ec="18" bec="0" bev="0" fileid="71" />
                <SequencePoint vc="0" uspid="1771" ordinal="3" offset="10" sl="161" sc="21" el="161" ec="33" bec="0" bev="0" fileid="71" />
                <SequencePoint vc="0" uspid="1772" ordinal="4" offset="14" sl="164" sc="17" el="164" ec="108" bec="0" bev="0" fileid="71" />
                <SequencePoint vc="0" uspid="1773" ordinal="5" offset="24" sl="166" sc="17" el="176" ec="43" bec="0" bev="0" fileid="71" />
                <SequencePoint vc="0" uspid="1774" ordinal="6" offset="75" sl="178" sc="17" el="178" ec="29" bec="0" bev="0" fileid="71" />
                <SequencePoint vc="0" uspid="1775" ordinal="7" offset="79" sl="179" sc="13" el="179" ec="14" bec="0" bev="0" fileid="71" />
              </SequencePoints>
              <BranchPoints>
                <BranchPoint vc="0" uspid="1776" ordinal="0" offset="7" sl="158" path="0" offsetend="9" fileid="71" />
                <BranchPoint vc="0" uspid="1777" ordinal="1" offset="7" sl="158" path="1" offsetend="14" fileid="71" />
              </BranchPoints>
              <MethodPoint xsi:type="SequencePoint" vc="0" uspid="1768" ordinal="0" offset="0" sl="157" sc="13" el="157" ec="14" bec="0" bev="0" fileid="71" />
            </Method>
            <Method visited="false" cyclomaticComplexity="8" nPathComplexity="7" sequenceCoverage="0" branchCoverage="0" isConstructor="false" isStatic="true" isGetter="false" isSetter="false">
              <Summary numSequencePoints="10" visitedSequencePoints="0" numBranchPoints="8" visitedBranchPoints="0" sequenceCoverage="0" branchCoverage="0" maxCyclomaticComplexity="8" minCyclomaticComplexity="8" visitedClasses="0" numClasses="0" visitedMethods="0" numMethods="1" />
              <MetadataToken>100663707</MetadataToken>
              <Name>System.Int32 Puzzle.Core.Multitenancy.Internal.Logging.LibLog.LogProviders.LoupeLogProvider/LoupeLogger::ToLogMessageSeverity(Puzzle.Core.Multitenancy.Internal.Logging.LibLog.LogLevel)</Name>
              <FileRef uid="71" />
              <SequencePoints>
                <SequencePoint vc="0" uspid="1778" ordinal="0" offset="0" sl="182" sc="13" el="182" ec="14" bec="0" bev="0" fileid="71" />
                <SequencePoint vc="0" uspid="1779" ordinal="1" offset="1" sl="183" sc="17" el="183" ec="34" bec="7" bev="0" fileid="71" />
                <SequencePoint vc="0" uspid="1780" ordinal="2" offset="35" sl="186" sc="25" el="186" ec="61" bec="0" bev="0" fileid="71" />
                <SequencePoint vc="0" uspid="1781" ordinal="3" offset="43" sl="188" sc="25" el="188" ec="61" bec="0" bev="0" fileid="71" />
                <SequencePoint vc="0" uspid="1782" ordinal="4" offset="51" sl="190" sc="25" el="190" ec="65" bec="0" bev="0" fileid="71" />
                <SequencePoint vc="0" uspid="1783" ordinal="5" offset="59" sl="192" sc="25" el="192" ec="61" bec="0" bev="0" fileid="71" />
                <SequencePoint vc="0" uspid="1784" ordinal="6" offset="67" sl="194" sc="25" el="194" ec="59" bec="0" bev="0" fileid="71" />
                <SequencePoint vc="0" uspid="1785" ordinal="7" offset="75" sl="196" sc="25" el="196" ec="62" bec="0" bev="0" fileid="71" />
                <SequencePoint vc="0" uspid="1786" ordinal="8" offset="83" sl="198" sc="25" el="198" ec="75" bec="0" bev="0" fileid="71" />
                <SequencePoint vc="0" uspid="1787" ordinal="9" offset="94" sl="200" sc="13" el="200" ec="14" bec="0" bev="0" fileid="71" />
              </SequencePoints>
              <BranchPoints>
                <BranchPoint vc="0" uspid="1788" ordinal="0" offset="4" sl="183" path="0" offsetchain="33" offsetend="83" fileid="71" />
                <BranchPoint vc="0" uspid="1789" ordinal="1" offset="4" sl="183" path="1" offsetend="35" fileid="71" />
                <BranchPoint vc="0" uspid="1790" ordinal="2" offset="4" sl="183" path="2" offsetend="43" fileid="71" />
                <BranchPoint vc="0" uspid="1791" ordinal="3" offset="4" sl="183" path="3" offsetend="51" fileid="71" />
                <BranchPoint vc="0" uspid="1792" ordinal="4" offset="4" sl="183" path="4" offsetend="59" fileid="71" />
                <BranchPoint vc="0" uspid="1793" ordinal="5" offset="4" sl="183" path="5" offsetend="67" fileid="71" />
                <BranchPoint vc="0" uspid="1794" ordinal="6" offset="4" sl="183" path="6" offsetend="75" fileid="71" />
              </BranchPoints>
              <MethodPoint xsi:type="SequencePoint" vc="0" uspid="1778" ordinal="0" offset="0" sl="182" sc="13" el="182" ec="14" bec="0" bev="0" fileid="71" />
            </Method>
          </Methods>
        </Class>
        <Class>
          <Summary numSequencePoints="49" visitedSequencePoints="0" numBranchPoints="12" visitedBranchPoints="0" sequenceCoverage="0" branchCoverage="0" maxCyclomaticComplexity="2" minCyclomaticComplexity="1" visitedClasses="0" numClasses="1" visitedMethods="0" numMethods="10" />
          <FullName>Puzzle.Core.Multitenancy.Internal.Logging.LibLog.LogProviders.NLogLogProvider</FullName>
          <Methods>
            <Method visited="false" cyclomaticComplexity="1" nPathComplexity="0" sequenceCoverage="0" branchCoverage="0" isConstructor="false" isStatic="true" isGetter="true" isSetter="false">
              <Summary numSequencePoints="3" visitedSequencePoints="0" numBranchPoints="1" visitedBranchPoints="0" sequenceCoverage="0" branchCoverage="0" maxCyclomaticComplexity="1" minCyclomaticComplexity="1" visitedClasses="0" numClasses="0" visitedMethods="0" numMethods="1" />
              <MetadataToken>100663520</MetadataToken>
              <Name>System.Boolean Puzzle.Core.Multitenancy.Internal.Logging.LibLog.LogProviders.NLogLogProvider::get_ProviderIsAvailableOverride()</Name>
              <FileRef uid="73" />
              <SequencePoints>
                <SequencePoint vc="0" uspid="1795" ordinal="0" offset="0" sl="66" sc="17" el="66" ec="18" bec="0" bev="0" fileid="73" />
                <SequencePoint vc="0" uspid="1796" ordinal="1" offset="1" sl="66" sc="19" el="66" ec="54" bec="0" bev="0" fileid="73" />
                <SequencePoint vc="0" uspid="1797" ordinal="2" offset="9" sl="66" sc="55" el="66" ec="56" bec="0" bev="0" fileid="73" />
              </SequencePoints>
              <BranchPoints />
              <MethodPoint xsi:type="SequencePoint" vc="0" uspid="1795" ordinal="0" offset="0" sl="66" sc="17" el="66" ec="18" bec="0" bev="0" fileid="73" />
            </Method>
            <Method visited="false" cyclomaticComplexity="1" nPathComplexity="0" sequenceCoverage="0" branchCoverage="0" isConstructor="false" isStatic="true" isGetter="false" isSetter="true">
              <Summary numSequencePoints="3" visitedSequencePoints="0" numBranchPoints="1" visitedBranchPoints="0" sequenceCoverage="0" branchCoverage="0" maxCyclomaticComplexity="1" minCyclomaticComplexity="1" visitedClasses="0" numClasses="0" visitedMethods="0" numMethods="1" />
              <MetadataToken>100663521</MetadataToken>
              <Name>System.Void Puzzle.Core.Multitenancy.Internal.Logging.LibLog.LogProviders.NLogLogProvider::set_ProviderIsAvailableOverride(System.Boolean)</Name>
              <FileRef uid="73" />
              <SequencePoints>
                <SequencePoint vc="0" uspid="1798" ordinal="0" offset="0" sl="67" sc="17" el="67" ec="18" bec="0" bev="0" fileid="73" />
                <SequencePoint vc="0" uspid="1799" ordinal="1" offset="1" sl="67" sc="19" el="67" ec="55" bec="0" bev="0" fileid="73" />
                <SequencePoint vc="0" uspid="1800" ordinal="2" offset="7" sl="67" sc="56" el="67" ec="57" bec="0" bev="0" fileid="73" />
              </SequencePoints>
              <BranchPoints />
              <MethodPoint xsi:type="SequencePoint" vc="0" uspid="1798" ordinal="0" offset="0" sl="67" sc="17" el="67" ec="18" bec="0" bev="0" fileid="73" />
            </Method>
            <Method visited="false" cyclomaticComplexity="2" nPathComplexity="2" sequenceCoverage="0" branchCoverage="0" isConstructor="true" isStatic="false" isGetter="false" isSetter="false">
              <Summary numSequencePoints="7" visitedSequencePoints="0" numBranchPoints="3" visitedBranchPoints="0" sequenceCoverage="0" branchCoverage="0" maxCyclomaticComplexity="2" minCyclomaticComplexity="2" visitedClasses="0" numClasses="0" visitedMethods="0" numMethods="1" />
              <MetadataToken>100663519</MetadataToken>
              <Name>System.Void Puzzle.Core.Multitenancy.Internal.Logging.LibLog.LogProviders.NLogLogProvider::.ctor()</Name>
              <FileRef uid="73" />
              <SequencePoints>
                <SequencePoint vc="0" uspid="1801" ordinal="0" offset="0" sl="54" sc="9" el="54" ec="33" bec="0" bev="0" fileid="73" />
                <SequencePoint vc="0" uspid="1802" ordinal="1" offset="7" sl="55" sc="9" el="55" ec="10" bec="0" bev="0" fileid="73" />
                <SequencePoint vc="0" uspid="1803" ordinal="2" offset="8" sl="56" sc="13" el="56" ec="38" bec="2" bev="0" fileid="73" />
                <SequencePoint vc="0" uspid="1804" ordinal="3" offset="20" sl="57" sc="13" el="57" ec="14" bec="0" bev="0" fileid="73" />
                <SequencePoint vc="0" uspid="1805" ordinal="4" offset="21" sl="58" sc="17" el="58" ec="82" bec="0" bev="0" fileid="73" />
                <SequencePoint vc="0" uspid="1806" ordinal="5" offset="32" sl="61" sc="13" el="61" ec="64" bec="0" bev="0" fileid="73" />
                <SequencePoint vc="0" uspid="1807" ordinal="6" offset="43" sl="62" sc="9" el="62" ec="10" bec="0" bev="0" fileid="73" />
              </SequencePoints>
              <BranchPoints>
                <BranchPoint vc="0" uspid="1808" ordinal="0" offset="18" sl="56" path="0" offsetend="20" fileid="73" />
                <BranchPoint vc="0" uspid="1809" ordinal="1" offset="18" sl="56" path="1" offsetend="32" fileid="73" />
              </BranchPoints>
              <MethodPoint xsi:type="SequencePoint" vc="0" uspid="1801" ordinal="0" offset="0" sl="54" sc="9" el="54" ec="33" bec="0" bev="0" fileid="73" />
            </Method>
            <Method visited="false" cyclomaticComplexity="2" nPathComplexity="0" sequenceCoverage="0" branchCoverage="0" isConstructor="false" isStatic="true" isGetter="false" isSetter="false">
              <Summary numSequencePoints="3" visitedSequencePoints="0" numBranchPoints="1" visitedBranchPoints="0" sequenceCoverage="0" branchCoverage="0" maxCyclomaticComplexity="2" minCyclomaticComplexity="2" visitedClasses="0" numClasses="0" visitedMethods="0" numMethods="1" />
              <MetadataToken>100663522</MetadataToken>
              <Name>System.Boolean Puzzle.Core.Multitenancy.Internal.Logging.LibLog.LogProviders.NLogLogProvider::IsLoggerAvailable()</Name>
              <FileRef uid="73" />
              <SequencePoints>
                <SequencePoint vc="0" uspid="1810" ordinal="0" offset="0" sl="71" sc="9" el="71" ec="10" bec="0" bev="0" fileid="73" />
                <SequencePoint vc="0" uspid="1811" ordinal="1" offset="1" sl="72" sc="13" el="72" ec="79" bec="0" bev="0" fileid="73" />
                <SequencePoint vc="0" uspid="1812" ordinal="2" offset="25" sl="73" sc="9" el="73" ec="10" bec="0" bev="0" fileid="73" />
              </SequencePoints>
              <BranchPoints />
              <MethodPoint xsi:type="SequencePoint" vc="0" uspid="1810" ordinal="0" offset="0" sl="71" sc="9" el="71" ec="10" bec="0" bev="0" fileid="73" />
            </Method>
            <Method visited="false" cyclomaticComplexity="1" nPathComplexity="0" sequenceCoverage="0" branchCoverage="0" isConstructor="false" isStatic="false" isGetter="false" isSetter="false">
              <Summary numSequencePoints="3" visitedSequencePoints="0" numBranchPoints="1" visitedBranchPoints="0" sequenceCoverage="0" branchCoverage="0" maxCyclomaticComplexity="1" minCyclomaticComplexity="1" visitedClasses="0" numClasses="0" visitedMethods="0" numMethods="1" />
              <MetadataToken>100663523</MetadataToken>
              <Name>Puzzle.Core.Multitenancy.Internal.Logging.LibLog.Logger Puzzle.Core.Multitenancy.Internal.Logging.LibLog.LogProviders.NLogLogProvider::GetLogger(System.String)</Name>
              <FileRef uid="73" />
              <SequencePoints>
                <SequencePoint vc="0" uspid="1815" ordinal="0" offset="0" sl="76" sc="9" el="76" ec="10" bec="0" bev="0" fileid="73" />
                <SequencePoint vc="0" uspid="1816" ordinal="1" offset="1" sl="77" sc="13" el="77" ec="70" bec="0" bev="0" fileid="73" />
                <SequencePoint vc="0" uspid="1817" ordinal="2" offset="32" sl="78" sc="9" el="78" ec="10" bec="0" bev="0" fileid="73" />
              </SequencePoints>
              <BranchPoints />
              <MethodPoint xsi:type="SequencePoint" vc="0" uspid="1815" ordinal="0" offset="0" sl="76" sc="9" el="76" ec="10" bec="0" bev="0" fileid="73" />
            </Method>
            <Method visited="false" cyclomaticComplexity="1" nPathComplexity="0" sequenceCoverage="0" branchCoverage="0" isConstructor="false" isStatic="false" isGetter="false" isSetter="false">
              <Summary numSequencePoints="7" visitedSequencePoints="0" numBranchPoints="1" visitedBranchPoints="0" sequenceCoverage="0" branchCoverage="0" maxCyclomaticComplexity="1" minCyclomaticComplexity="1" visitedClasses="0" numClasses="0" visitedMethods="0" numMethods="1" />
              <MetadataToken>100663524</MetadataToken>
              <Name>Puzzle.Core.Multitenancy.Internal.Logging.LibLog.LogProviders.LogProviderBase/OpenNdc Puzzle.Core.Multitenancy.Internal.Logging.LibLog.LogProviders.NLogLogProvider::GetOpenNdcMethod()</Name>
              <FileRef uid="73" />
              <SequencePoints>
                <SequencePoint vc="0" uspid="1818" ordinal="0" offset="0" sl="81" sc="9" el="81" ec="10" bec="0" bev="0" fileid="73" />
                <SequencePoint vc="0" uspid="1819" ordinal="1" offset="1" sl="82" sc="13" el="82" ec="87" bec="0" bev="0" fileid="73" />
                <SequencePoint vc="0" uspid="1820" ordinal="2" offset="12" sl="83" sc="13" el="83" ec="94" bec="0" bev="0" fileid="73" />
                <SequencePoint vc="0" uspid="1821" ordinal="3" offset="43" sl="84" sc="13" el="84" ec="96" bec="0" bev="0" fileid="73" />
                <SequencePoint vc="0" uspid="1822" ordinal="4" offset="64" sl="85" sc="13" el="85" ec="99" bec="0" bev="0" fileid="73" />
                <SequencePoint vc="0" uspid="1823" ordinal="5" offset="82" sl="86" sc="13" el="86" ec="87" bec="0" bev="0" fileid="73" />
                <SequencePoint vc="0" uspid="1824" ordinal="6" offset="107" sl="87" sc="9" el="87" ec="10" bec="0" bev="0" fileid="73" />
              </SequencePoints>
              <BranchPoints />
              <MethodPoint xsi:type="SequencePoint" vc="0" uspid="1818" ordinal="0" offset="0" sl="81" sc="9" el="81" ec="10" bec="0" bev="0" fileid="73" />
            </Method>
            <Method visited="false" cyclomaticComplexity="1" nPathComplexity="0" sequenceCoverage="0" branchCoverage="0" isConstructor="false" isStatic="false" isGetter="false" isSetter="false">
              <Summary numSequencePoints="12" visitedSequencePoints="0" numBranchPoints="1" visitedBranchPoints="0" sequenceCoverage="0" branchCoverage="0" maxCyclomaticComplexity="1" minCyclomaticComplexity="1" visitedClasses="0" numClasses="0" visitedMethods="0" numMethods="1" />
              <MetadataToken>100663525</MetadataToken>
              <Name>Puzzle.Core.Multitenancy.Internal.Logging.LibLog.LogProviders.LogProviderBase/OpenMdc Puzzle.Core.Multitenancy.Internal.Logging.LibLog.LogProviders.NLogLogProvider::GetOpenMdcMethod()</Name>
              <FileRef uid="73" />
              <SequencePoints>
                <SequencePoint vc="0" uspid="1825" ordinal="0" offset="6" sl="90" sc="9" el="90" ec="10" bec="0" bev="0" fileid="73" />
                <SequencePoint vc="0" uspid="1826" ordinal="1" offset="7" sl="91" sc="13" el="91" ec="87" bec="0" bev="0" fileid="73" />
                <SequencePoint vc="0" uspid="1827" ordinal="2" offset="18" sl="93" sc="13" el="93" ec="108" bec="0" bev="0" fileid="73" />
                <SequencePoint vc="0" uspid="1828" ordinal="3" offset="62" sl="94" sc="13" el="94" ec="98" bec="0" bev="0" fileid="73" />
                <SequencePoint vc="0" uspid="1829" ordinal="4" offset="93" sl="95" sc="13" el="95" ec="88" bec="0" bev="0" fileid="73" />
                <SequencePoint vc="0" uspid="1830" ordinal="5" offset="115" sl="96" sc="13" el="96" ec="92" bec="0" bev="0" fileid="73" />
                <SequencePoint vc="0" uspid="1831" ordinal="6" offset="137" sl="98" sc="13" el="98" ec="105" bec="0" bev="0" fileid="73" />
                <SequencePoint vc="0" uspid="1832" ordinal="7" offset="150" sl="99" sc="13" el="99" ec="99" bec="0" bev="0" fileid="73" />
                <SequencePoint vc="0" uspid="1833" ordinal="8" offset="170" sl="101" sc="13" el="103" ec="28" bec="0" bev="0" fileid="73" />
                <SequencePoint vc="0" uspid="1834" ordinal="9" offset="204" sl="104" sc="13" el="106" ec="28" bec="0" bev="0" fileid="73" />
                <SequencePoint vc="0" uspid="1835" ordinal="10" offset="233" sl="108" sc="13" el="112" ec="15" bec="0" bev="0" fileid="73" />
                <SequencePoint vc="0" uspid="1836" ordinal="11" offset="249" sl="113" sc="9" el="113" ec="10" bec="0" bev="0" fileid="73" />
              </SequencePoints>
              <BranchPoints />
              <MethodPoint vc="0" uspid="1837" ordinal="0" offset="0" />
            </Method>
            <Method visited="false" cyclomaticComplexity="1" nPathComplexity="0" sequenceCoverage="0" branchCoverage="0" isConstructor="false" isStatic="true" isGetter="false" isSetter="false">
              <Summary numSequencePoints="3" visitedSequencePoints="0" numBranchPoints="1" visitedBranchPoints="0" sequenceCoverage="0" branchCoverage="0" maxCyclomaticComplexity="1" minCyclomaticComplexity="1" visitedClasses="0" numClasses="0" visitedMethods="0" numMethods="1" />
              <MetadataToken>100663526</MetadataToken>
              <Name>System.Type Puzzle.Core.Multitenancy.Internal.Logging.LibLog.LogProviders.NLogLogProvider::GetLogManagerType()</Name>
              <FileRef uid="73" />
              <SequencePoints>
                <SequencePoint vc="0" uspid="1838" ordinal="0" offset="0" sl="116" sc="9" el="116" ec="10" bec="0" bev="0" fileid="73" />
                <SequencePoint vc="0" uspid="1839" ordinal="1" offset="1" sl="117" sc="13" el="117" ec="58" bec="0" bev="0" fileid="73" />
                <SequencePoint vc="0" uspid="1840" ordinal="2" offset="14" sl="118" sc="9" el="118" ec="10" bec="0" bev="0" fileid="73" />
              </SequencePoints>
              <BranchPoints />
              <MethodPoint xsi:type="SequencePoint" vc="0" uspid="1838" ordinal="0" offset="0" sl="116" sc="9" el="116" ec="10" bec="0" bev="0" fileid="73" />
            </Method>
            <Method visited="false" cyclomaticComplexity="1" nPathComplexity="0" sequenceCoverage="0" branchCoverage="0" isConstructor="false" isStatic="true" isGetter="false" isSetter="false">
              <Summary numSequencePoints="7" visitedSequencePoints="0" numBranchPoints="1" visitedBranchPoints="0" sequenceCoverage="0" branchCoverage="0" maxCyclomaticComplexity="1" minCyclomaticComplexity="1" visitedClasses="0" numClasses="0" visitedMethods="0" numMethods="1" />
              <MetadataToken>100663527</MetadataToken>
              <Name>System.Func`2&lt;System.String,System.Object&gt; Puzzle.Core.Multitenancy.Internal.Logging.LibLog.LogProviders.NLogLogProvider::GetGetLoggerMethodCall()</Name>
              <FileRef uid="73" />
              <SequencePoints>
                <SequencePoint vc="0" uspid="1841" ordinal="0" offset="0" sl="121" sc="9" el="121" ec="10" bec="0" bev="0" fileid="73" />
                <SequencePoint vc="0" uspid="1842" ordinal="1" offset="1" sl="122" sc="13" el="122" ec="55" bec="0" bev="0" fileid="73" />
                <SequencePoint vc="0" uspid="1843" ordinal="2" offset="7" sl="123" sc="13" el="123" ec="95" bec="0" bev="0" fileid="73" />
                <SequencePoint vc="0" uspid="1844" ordinal="3" offset="38" sl="124" sc="13" el="124" ec="90" bec="0" bev="0" fileid="73" />
                <SequencePoint vc="0" uspid="1845" ordinal="4" offset="59" sl="125" sc="13" el="125" ec="88" bec="0" bev="0" fileid="73" />
                <SequencePoint vc="0" uspid="1846" ordinal="5" offset="77" sl="126" sc="13" el="126" ec="93" bec="0" bev="0" fileid="73" />
                <SequencePoint vc="0" uspid="1847" ordinal="6" offset="102" sl="127" sc="9" el="127" ec="10" bec="0" bev="0" fileid="73" />
              </SequencePoints>
              <BranchPoints />
              <MethodPoint xsi:type="SequencePoint" vc="0" uspid="1841" ordinal="0" offset="0" sl="121" sc="9" el="121" ec="10" bec="0" bev="0" fileid="73" />
            </Method>
            <Method visited="false" cyclomaticComplexity="1" nPathComplexity="0" sequenceCoverage="0" branchCoverage="0" isConstructor="true" isStatic="true" isGetter="false" isSetter="false">
              <Summary numSequencePoints="1" visitedSequencePoints="0" numBranchPoints="1" visitedBranchPoints="0" sequenceCoverage="0" branchCoverage="0" maxCyclomaticComplexity="1" minCyclomaticComplexity="1" visitedClasses="0" numClasses="0" visitedMethods="0" numMethods="1" />
              <MetadataToken>100663528</MetadataToken>
              <Name>System.Void Puzzle.Core.Multitenancy.Internal.Logging.LibLog.LogProviders.NLogLogProvider::.cctor()</Name>
              <FileRef uid="73" />
              <SequencePoints>
                <SequencePoint vc="0" uspid="1848" ordinal="0" offset="0" sl="49" sc="9" el="49" ec="64" bec="0" bev="0" fileid="73" />
              </SequencePoints>
              <BranchPoints />
              <MethodPoint xsi:type="SequencePoint" vc="0" uspid="1848" ordinal="0" offset="0" sl="49" sc="9" el="49" ec="64" bec="0" bev="0" fileid="73" />
            </Method>
          </Methods>
        </Class>
        <Class>
          <Summary numSequencePoints="153" visitedSequencePoints="0" numBranchPoints="74" visitedBranchPoints="0" sequenceCoverage="0" branchCoverage="0" maxCyclomaticComplexity="42" minCyclomaticComplexity="1" visitedClasses="0" numClasses="1" visitedMethods="0" numMethods="7" />
          <FullName>Puzzle.Core.Multitenancy.Internal.Logging.LibLog.LogProviders.NLogLogProvider/NLogLogger</FullName>
          <Methods>
            <Method visited="false" cyclomaticComplexity="3" nPathComplexity="4" sequenceCoverage="0" branchCoverage="0" isConstructor="true" isStatic="true" isGetter="false" isSetter="false">
              <Summary numSequencePoints="30" visitedSequencePoints="0" numBranchPoints="5" visitedBranchPoints="0" sequenceCoverage="0" branchCoverage="0" maxCyclomaticComplexity="3" minCyclomaticComplexity="3" visitedClasses="0" numClasses="0" visitedMethods="0" numMethods="1" />
              <MetadataToken>100663708</MetadataToken>
              <Name>System.Void Puzzle.Core.Multitenancy.Internal.Logging.LibLog.LogProviders.NLogLogProvider/NLogLogger::.cctor()</Name>
              <FileRef uid="73" />
              <SequencePoints>
                <SequencePoint vc="0" uspid="1849" ordinal="0" offset="0" sl="143" sc="13" el="143" ec="14" bec="0" bev="0" fileid="73" />
                <SequencePoint vc="0" uspid="1850" ordinal="1" offset="1" sl="145" sc="17" el="145" ec="18" bec="0" bev="0" fileid="73" />
                <SequencePoint vc="0" uspid="1851" ordinal="2" offset="2" sl="146" sc="21" el="146" ec="82" bec="0" bev="0" fileid="73" />
                <SequencePoint vc="0" uspid="1852" ordinal="3" offset="13" sl="147" sc="21" el="147" ec="51" bec="2" bev="0" fileid="73" />
                <SequencePoint vc="0" uspid="1853" ordinal="4" offset="26" sl="148" sc="21" el="148" ec="22" bec="0" bev="0" fileid="73" />
                <SequencePoint vc="0" uspid="1854" ordinal="5" offset="27" sl="149" sc="25" el="149" ec="98" bec="0" bev="0" fileid="73" />
                <SequencePoint vc="0" uspid="1855" ordinal="6" offset="38" sl="152" sc="21" el="152" ec="98" bec="0" bev="0" fileid="73" />
                <SequencePoint vc="0" uspid="1856" ordinal="7" offset="50" sl="153" sc="21" el="153" ec="91" bec="0" bev="0" fileid="73" />
                <SequencePoint vc="0" uspid="1857" ordinal="8" offset="83" sl="154" sc="21" el="154" ec="91" bec="0" bev="0" fileid="73" />
                <SequencePoint vc="0" uspid="1858" ordinal="9" offset="116" sl="155" sc="21" el="155" ec="89" bec="0" bev="0" fileid="73" />
                <SequencePoint vc="0" uspid="1859" ordinal="10" offset="149" sl="156" sc="21" el="156" ec="89" bec="0" bev="0" fileid="73" />
                <SequencePoint vc="0" uspid="1860" ordinal="11" offset="182" sl="157" sc="21" el="157" ec="91" bec="0" bev="0" fileid="73" />
                <SequencePoint vc="0" uspid="1861" ordinal="12" offset="215" sl="158" sc="21" el="158" ec="91" bec="0" bev="0" fileid="73" />
                <SequencePoint vc="0" uspid="1862" ordinal="13" offset="248" sl="160" sc="21" el="160" ec="85" bec="0" bev="0" fileid="73" />
                <SequencePoint vc="0" uspid="1863" ordinal="14" offset="259" sl="161" sc="21" el="161" ec="50" bec="2" bev="0" fileid="73" />
                <SequencePoint vc="0" uspid="1864" ordinal="15" offset="272" sl="162" sc="21" el="162" ec="22" bec="0" bev="0" fileid="73" />
                <SequencePoint vc="0" uspid="1865" ordinal="16" offset="273" sl="163" sc="25" el="163" ec="102" bec="0" bev="0" fileid="73" />
                <SequencePoint vc="0" uspid="1866" ordinal="17" offset="284" sl="166" sc="21" el="173" ec="43" bec="0" bev="0" fileid="73" />
                <SequencePoint vc="0" uspid="1867" ordinal="18" offset="371" sl="174" sc="21" el="174" ec="96" bec="0" bev="0" fileid="73" />
                <SequencePoint vc="0" uspid="1868" ordinal="19" offset="388" sl="175" sc="21" el="175" ec="91" bec="0" bev="0" fileid="73" />
                <SequencePoint vc="0" uspid="1869" ordinal="20" offset="405" sl="176" sc="21" el="176" ec="93" bec="0" bev="0" fileid="73" />
                <SequencePoint vc="0" uspid="1870" ordinal="21" offset="422" sl="177" sc="21" el="177" ec="98" bec="0" bev="0" fileid="73" />
                <SequencePoint vc="0" uspid="1871" ordinal="22" offset="439" sl="178" sc="21" el="178" ec="99" bec="0" bev="0" fileid="73" />
                <SequencePoint vc="0" uspid="1872" ordinal="23" offset="449" sl="179" sc="21" el="189" ec="70" bec="0" bev="0" fileid="73" />
                <SequencePoint vc="0" uspid="1873" ordinal="24" offset="522" sl="190" sc="21" el="195" ec="51" bec="0" bev="0" fileid="73" />
                <SequencePoint vc="0" uspid="1874" ordinal="25" offset="565" sl="196" sc="17" el="196" ec="18" bec="0" bev="0" fileid="73" />
                <SequencePoint vc="0" uspid="1875" ordinal="26" offset="568" sl="197" sc="17" el="197" ec="22" bec="0" bev="0" fileid="73" />
                <SequencePoint vc="0" uspid="1876" ordinal="27" offset="569" sl="198" sc="17" el="198" ec="18" bec="0" bev="0" fileid="73" />
                <SequencePoint vc="0" uspid="1877" ordinal="28" offset="570" sl="199" sc="17" el="199" ec="18" bec="0" bev="0" fileid="73" />
                <SequencePoint vc="0" uspid="1878" ordinal="29" offset="573" sl="200" sc="13" el="200" ec="14" bec="0" bev="0" fileid="73" />
              </SequencePoints>
              <BranchPoints>
                <BranchPoint vc="0" uspid="1879" ordinal="0" offset="24" sl="147" path="0" offsetend="26" fileid="73" />
                <BranchPoint vc="0" uspid="1880" ordinal="1" offset="24" sl="147" path="1" offsetend="38" fileid="73" />
                <BranchPoint vc="0" uspid="1881" ordinal="2" offset="270" sl="161" path="0" offsetend="272" fileid="73" />
                <BranchPoint vc="0" uspid="1882" ordinal="3" offset="270" sl="161" path="1" offsetend="284" fileid="73" />
              </BranchPoints>
              <MethodPoint xsi:type="SequencePoint" vc="0" uspid="1849" ordinal="0" offset="0" sl="143" sc="13" el="143" ec="14" bec="0" bev="0" fileid="73" />
            </Method>
            <Method visited="false" cyclomaticComplexity="1" nPathComplexity="0" sequenceCoverage="0" branchCoverage="0" isConstructor="true" isStatic="false" isGetter="false" isSetter="false">
              <Summary numSequencePoints="4" visitedSequencePoints="0" numBranchPoints="1" visitedBranchPoints="0" sequenceCoverage="0" branchCoverage="0" maxCyclomaticComplexity="1" minCyclomaticComplexity="1" visitedClasses="0" numClasses="0" visitedMethods="0" numMethods="1" />
              <MetadataToken>100663709</MetadataToken>
              <Name>System.Void Puzzle.Core.Multitenancy.Internal.Logging.LibLog.LogProviders.NLogLogProvider/NLogLogger::.ctor(System.Object)</Name>
              <FileRef uid="73" />
              <SequencePoints>
                <SequencePoint vc="0" uspid="1883" ordinal="0" offset="0" sl="202" sc="13" el="202" ec="48" bec="0" bev="0" fileid="73" />
                <SequencePoint vc="0" uspid="1884" ordinal="1" offset="7" sl="203" sc="13" el="203" ec="14" bec="0" bev="0" fileid="73" />
                <SequencePoint vc="0" uspid="1885" ordinal="2" offset="8" sl="204" sc="17" el="204" ec="38" bec="0" bev="0" fileid="73" />
                <SequencePoint vc="0" uspid="1886" ordinal="3" offset="15" sl="205" sc="13" el="205" ec="14" bec="0" bev="0" fileid="73" />
              </SequencePoints>
              <BranchPoints />
              <MethodPoint xsi:type="SequencePoint" vc="0" uspid="1883" ordinal="0" offset="0" sl="202" sc="13" el="202" ec="48" bec="0" bev="0" fileid="73" />
            </Method>
            <Method visited="false" cyclomaticComplexity="42" nPathComplexity="12288" sequenceCoverage="0" branchCoverage="0" isConstructor="false" isStatic="false" isGetter="false" isSetter="false">
              <Summary numSequencePoints="56" visitedSequencePoints="0" numBranchPoints="29" visitedBranchPoints="0" sequenceCoverage="0" branchCoverage="0" maxCyclomaticComplexity="42" minCyclomaticComplexity="42" visitedClasses="0" numClasses="0" visitedMethods="0" numMethods="1" />
              <MetadataToken>100663710</MetadataToken>
              <Name>System.Boolean Puzzle.Core.Multitenancy.Internal.Logging.LibLog.LogProviders.NLogLogProvider/NLogLogger::Log(Puzzle.Core.Multitenancy.Internal.Logging.LibLog.LogLevel,System.Func`1&lt;System.String&gt;,System.Exception,System.Object[])</Name>
              <FileRef uid="73" />
              <SequencePoints>
                <SequencePoint vc="0" uspid="1887" ordinal="0" offset="0" sl="209" sc="13" el="209" ec="14" bec="0" bev="0" fileid="73" />
                <SequencePoint vc="0" uspid="1888" ordinal="1" offset="1" sl="210" sc="17" el="210" ec="41" bec="2" bev="0" fileid="73" />
                <SequencePoint vc="0" uspid="1889" ordinal="2" offset="9" sl="211" sc="17" el="211" ec="18" bec="0" bev="0" fileid="73" />
                <SequencePoint vc="0" uspid="1890" ordinal="3" offset="10" sl="212" sc="21" el="212" ec="55" bec="0" bev="0" fileid="73" />
                <SequencePoint vc="0" uspid="1891" ordinal="4" offset="23" sl="215" sc="17" el="215" ec="108" bec="0" bev="0" fileid="73" />
                <SequencePoint vc="0" uspid="1892" ordinal="5" offset="33" sl="217" sc="17" el="217" ec="46" bec="2" bev="0" fileid="73" />
                <SequencePoint vc="0" uspid="1893" ordinal="6" offset="48" sl="218" sc="17" el="218" ec="18" bec="0" bev="0" fileid="73" />
                <SequencePoint vc="0" uspid="1894" ordinal="7" offset="49" sl="219" sc="21" el="219" ec="52" bec="2" bev="0" fileid="73" />
                <SequencePoint vc="0" uspid="1895" ordinal="8" offset="63" sl="220" sc="21" el="220" ec="22" bec="0" bev="0" fileid="73" />
                <SequencePoint vc="0" uspid="1896" ordinal="9" offset="64" sl="221" sc="25" el="221" ec="69" bec="0" bev="0" fileid="73" />
                <SequencePoint vc="0" uspid="1897" ordinal="10" offset="73" sl="243" sc="25" el="243" ec="58" bec="0" bev="0" fileid="73" />
                <SequencePoint vc="0" uspid="1898" ordinal="11" offset="76" sl="245" sc="25" el="245" ec="63" bec="2" bev="0" fileid="73" />
                <SequencePoint vc="0" uspid="1899" ordinal="12" offset="93" sl="246" sc="25" el="246" ec="26" bec="0" bev="0" fileid="73" />
                <SequencePoint vc="0" uspid="1900" ordinal="13" offset="94" sl="247" sc="29" el="247" ec="135" bec="0" bev="0" fileid="73" />
                <SequencePoint vc="0" uspid="1901" ordinal="14" offset="411" sl="248" sc="25" el="248" ec="26" bec="0" bev="0" fileid="73" />
                <SequencePoint vc="0" uspid="1902" ordinal="15" offset="417" sl="250" sc="25" el="250" ec="26" bec="0" bev="0" fileid="73" />
                <SequencePoint vc="0" uspid="1903" ordinal="16" offset="418" sl="251" sc="29" el="251" ec="108" bec="0" bev="0" fileid="73" />
                <SequencePoint vc="0" uspid="1904" ordinal="17" offset="723" sl="252" sc="25" el="252" ec="26" bec="0" bev="0" fileid="73" />
                <SequencePoint vc="0" uspid="1905" ordinal="18" offset="724" sl="254" sc="25" el="254" ec="37" bec="0" bev="0" fileid="73" />
                <SequencePoint vc="0" uspid="1906" ordinal="19" offset="731" sl="257" sc="21" el="257" ec="34" bec="0" bev="0" fileid="73" />
                <SequencePoint vc="0" uspid="1907" ordinal="20" offset="738" sl="260" sc="17" el="260" ec="39" bec="2" bev="0" fileid="73" />
                <SequencePoint vc="0" uspid="1908" ordinal="21" offset="748" sl="261" sc="17" el="261" ec="18" bec="0" bev="0" fileid="73" />
                <SequencePoint vc="0" uspid="1909" ordinal="22" offset="749" sl="262" sc="21" el="262" ec="75" bec="0" bev="0" fileid="73" />
                <SequencePoint vc="0" uspid="1910" ordinal="23" offset="764" sl="265" sc="17" el="265" ec="34" bec="6" bev="0" fileid="73" />
                <SequencePoint vc="0" uspid="1911" ordinal="24" offset="801" sl="268" sc="25" el="268" ec="51" bec="2" bev="0" fileid="73" />
                <SequencePoint vc="0" uspid="1912" ordinal="25" offset="962" sl="269" sc="25" el="269" ec="26" bec="0" bev="0" fileid="73" />
                <SequencePoint vc="0" uspid="1913" ordinal="26" offset="963" sl="270" sc="29" el="270" ec="57" bec="0" bev="0" fileid="73" />
                <SequencePoint vc="0" uspid="1914" ordinal="27" offset="1067" sl="271" sc="29" el="271" ec="41" bec="0" bev="0" fileid="73" />
                <SequencePoint vc="0" uspid="1915" ordinal="28" offset="1074" sl="274" sc="25" el="274" ec="31" bec="0" bev="0" fileid="73" />
                <SequencePoint vc="0" uspid="1916" ordinal="29" offset="1079" sl="276" sc="25" el="276" ec="50" bec="2" bev="0" fileid="73" />
                <SequencePoint vc="0" uspid="1917" ordinal="30" offset="1240" sl="277" sc="25" el="277" ec="26" bec="0" bev="0" fileid="73" />
                <SequencePoint vc="0" uspid="1918" ordinal="31" offset="1241" sl="278" sc="29" el="278" ec="56" bec="0" bev="0" fileid="73" />
                <SequencePoint vc="0" uspid="1919" ordinal="32" offset="1345" sl="279" sc="29" el="279" ec="41" bec="0" bev="0" fileid="73" />
                <SequencePoint vc="0" uspid="1920" ordinal="33" offset="1352" sl="282" sc="25" el="282" ec="31" bec="0" bev="0" fileid="73" />
                <SequencePoint vc="0" uspid="1921" ordinal="34" offset="1357" sl="284" sc="25" el="284" ec="50" bec="2" bev="0" fileid="73" />
                <SequencePoint vc="0" uspid="1922" ordinal="35" offset="1518" sl="285" sc="25" el="285" ec="26" bec="0" bev="0" fileid="73" />
                <SequencePoint vc="0" uspid="1923" ordinal="36" offset="1519" sl="286" sc="29" el="286" ec="56" bec="0" bev="0" fileid="73" />
                <SequencePoint vc="0" uspid="1924" ordinal="37" offset="1623" sl="287" sc="29" el="287" ec="41" bec="0" bev="0" fileid="73" />
                <SequencePoint vc="0" uspid="1925" ordinal="38" offset="1630" sl="290" sc="25" el="290" ec="31" bec="0" bev="0" fileid="73" />
                <SequencePoint vc="0" uspid="1926" ordinal="39" offset="1635" sl="292" sc="25" el="292" ec="51" bec="2" bev="0" fileid="73" />
                <SequencePoint vc="0" uspid="1927" ordinal="40" offset="1796" sl="293" sc="25" el="293" ec="26" bec="0" bev="0" fileid="73" />
                <SequencePoint vc="0" uspid="1928" ordinal="41" offset="1797" sl="294" sc="29" el="294" ec="57" bec="0" bev="0" fileid="73" />
                <SequencePoint vc="0" uspid="1929" ordinal="42" offset="1901" sl="295" sc="29" el="295" ec="41" bec="0" bev="0" fileid="73" />
                <SequencePoint vc="0" uspid="1930" ordinal="43" offset="1908" sl="298" sc="25" el="298" ec="31" bec="0" bev="0" fileid="73" />
                <SequencePoint vc="0" uspid="1931" ordinal="44" offset="1913" sl="300" sc="25" el="300" ec="51" bec="2" bev="0" fileid="73" />
                <SequencePoint vc="0" uspid="1932" ordinal="45" offset="2074" sl="301" sc="25" el="301" ec="26" bec="0" bev="0" fileid="73" />
                <SequencePoint vc="0" uspid="1933" ordinal="46" offset="2075" sl="302" sc="29" el="302" ec="57" bec="0" bev="0" fileid="73" />
                <SequencePoint vc="0" uspid="1934" ordinal="47" offset="2179" sl="303" sc="29" el="303" ec="41" bec="0" bev="0" fileid="73" />
                <SequencePoint vc="0" uspid="1935" ordinal="48" offset="2186" sl="306" sc="25" el="306" ec="31" bec="0" bev="0" fileid="73" />
                <SequencePoint vc="0" uspid="1936" ordinal="49" offset="2191" sl="308" sc="25" el="308" ec="51" bec="2" bev="0" fileid="73" />
                <SequencePoint vc="0" uspid="1937" ordinal="50" offset="2352" sl="309" sc="25" el="309" ec="26" bec="0" bev="0" fileid="73" />
                <SequencePoint vc="0" uspid="1938" ordinal="51" offset="2353" sl="310" sc="29" el="310" ec="57" bec="0" bev="0" fileid="73" />
                <SequencePoint vc="0" uspid="1939" ordinal="52" offset="2457" sl="311" sc="29" el="311" ec="41" bec="0" bev="0" fileid="73" />
                <SequencePoint vc="0" uspid="1940" ordinal="53" offset="2461" sl="314" sc="25" el="314" ec="31" bec="0" bev="0" fileid="73" />
                <SequencePoint vc="0" uspid="1941" ordinal="54" offset="2463" sl="317" sc="17" el="317" ec="30" bec="0" bev="0" fileid="73" />
                <SequencePoint vc="0" uspid="1942" ordinal="55" offset="2467" sl="318" sc="13" el="318" ec="14" bec="0" bev="0" fileid="73" />
              </SequencePoints>
              <BranchPoints>
                <BranchPoint vc="0" uspid="1943" ordinal="0" offset="7" sl="210" path="0" offsetend="9" fileid="73" />
                <BranchPoint vc="0" uspid="1944" ordinal="1" offset="7" sl="210" path="1" offsetend="23" fileid="73" />
                <BranchPoint vc="0" uspid="1945" ordinal="2" offset="43" sl="217" path="0" offsetend="48" fileid="73" />
                <BranchPoint vc="0" uspid="1946" ordinal="3" offset="43" sl="217" path="1" offsetend="738" fileid="73" />
                <BranchPoint vc="0" uspid="1947" ordinal="4" offset="58" sl="219" path="0" offsetend="63" fileid="73" />
                <BranchPoint vc="0" uspid="1948" ordinal="5" offset="58" sl="219" path="1" offsetend="731" fileid="73" />
                <BranchPoint vc="0" uspid="1949" ordinal="6" offset="88" sl="245" path="0" offsetend="93" fileid="73" />
                <BranchPoint vc="0" uspid="1950" ordinal="7" offset="88" sl="245" path="1" offsetend="417" fileid="73" />
                <BranchPoint vc="0" uspid="1963" ordinal="20" offset="746" sl="260" path="0" offsetend="748" fileid="73" />
                <BranchPoint vc="0" uspid="1964" ordinal="21" offset="746" sl="260" path="1" offsetend="764" fileid="73" />
                <BranchPoint vc="0" uspid="1965" ordinal="22" offset="771" sl="265" path="0" offsetchain="796" offsetend="2191" fileid="73" />
                <BranchPoint vc="0" uspid="1966" ordinal="23" offset="771" sl="265" path="1" offsetend="801" fileid="73" />
                <BranchPoint vc="0" uspid="1967" ordinal="24" offset="771" sl="265" path="2" offsetend="1079" fileid="73" />
                <BranchPoint vc="0" uspid="1968" ordinal="25" offset="771" sl="265" path="3" offsetend="1357" fileid="73" />
                <BranchPoint vc="0" uspid="1969" ordinal="26" offset="771" sl="265" path="4" offsetend="1635" fileid="73" />
                <BranchPoint vc="0" uspid="1970" ordinal="27" offset="771" sl="265" path="5" offsetend="1913" fileid="73" />
                <BranchPoint vc="0" uspid="1975" ordinal="32" offset="960" sl="268" path="0" offsetend="962" fileid="73" />
                <BranchPoint vc="0" uspid="1976" ordinal="33" offset="960" sl="268" path="1" offsetchain="1074" offsetend="2463" fileid="73" />
                <BranchPoint vc="0" uspid="1983" ordinal="40" offset="1238" sl="276" path="0" offsetend="1240" fileid="73" />
                <BranchPoint vc="0" uspid="1984" ordinal="41" offset="1238" sl="276" path="1" offsetchain="1352" offsetend="2463" fileid="73" />
                <BranchPoint vc="0" uspid="1991" ordinal="48" offset="1516" sl="284" path="0" offsetend="1518" fileid="73" />
                <BranchPoint vc="0" uspid="1992" ordinal="49" offset="1516" sl="284" path="1" offsetchain="1630" offsetend="2463" fileid="73" />
                <BranchPoint vc="0" uspid="1999" ordinal="56" offset="1794" sl="292" path="0" offsetend="1796" fileid="73" />
                <BranchPoint vc="0" uspid="2000" ordinal="57" offset="1794" sl="292" path="1" offsetchain="1908" offsetend="2463" fileid="73" />
                <BranchPoint vc="0" uspid="2007" ordinal="64" offset="2072" sl="300" path="0" offsetend="2074" fileid="73" />
                <BranchPoint vc="0" uspid="2008" ordinal="65" offset="2072" sl="300" path="1" offsetchain="2186" offsetend="2463" fileid="73" />
                <BranchPoint vc="0" uspid="2015" ordinal="72" offset="2350" sl="308" path="0" offsetend="2352" fileid="73" />
                <BranchPoint vc="0" uspid="2016" ordinal="73" offset="2350" sl="308" path="1" offsetchain="2461" offsetend="2463" fileid="73" />
              </BranchPoints>
              <MethodPoint xsi:type="SequencePoint" vc="0" uspid="1887" ordinal="0" offset="0" sl="209" sc="13" el="209" ec="14" bec="0" bev="0" fileid="73" />
            </Method>
            <Method visited="false" cyclomaticComplexity="4" nPathComplexity="4" sequenceCoverage="0" branchCoverage="0" isConstructor="false" isStatic="true" isGetter="false" isSetter="false">
              <Summary numSequencePoints="10" visitedSequencePoints="0" numBranchPoints="5" visitedBranchPoints="0" sequenceCoverage="0" branchCoverage="0" maxCyclomaticComplexity="4" minCyclomaticComplexity="4" visitedClasses="0" numClasses="0" visitedMethods="0" numMethods="1" />
              <MetadataToken>100663711</MetadataToken>
              <Name>System.Boolean Puzzle.Core.Multitenancy.Internal.Logging.LibLog.LogProviders.NLogLogProvider/NLogLogger::IsInTypeHierarchy(System.Type,System.Type)</Name>
              <FileRef uid="73" />
              <SequencePoints>
                <SequencePoint vc="0" uspid="2019" ordinal="0" offset="0" sl="321" sc="13" el="321" ec="14" bec="0" bev="0" fileid="73" />
                <SequencePoint vc="0" uspid="2020" ordinal="1" offset="3" sl="323" sc="17" el="323" ec="18" bec="0" bev="0" fileid="73" />
                <SequencePoint vc="0" uspid="2021" ordinal="2" offset="4" sl="324" sc="21" el="324" ec="50" bec="2" bev="0" fileid="73" />
                <SequencePoint vc="0" uspid="2022" ordinal="3" offset="15" sl="325" sc="21" el="325" ec="22" bec="0" bev="0" fileid="73" />
                <SequencePoint vc="0" uspid="2023" ordinal="4" offset="16" sl="326" sc="25" el="326" ec="37" bec="0" bev="0" fileid="73" />
                <SequencePoint vc="0" uspid="2024" ordinal="5" offset="20" sl="329" sc="21" el="329" ec="69" bec="0" bev="0" fileid="73" />
                <SequencePoint vc="0" uspid="2025" ordinal="6" offset="28" sl="330" sc="17" el="330" ec="18" bec="0" bev="0" fileid="73" />
                <SequencePoint vc="0" uspid="2026" ordinal="7" offset="29" sl="322" sc="17" el="322" ec="77" bec="2" bev="0" fileid="73" />
                <SequencePoint vc="0" uspid="2027" ordinal="8" offset="61" sl="332" sc="17" el="332" ec="30" bec="0" bev="0" fileid="73" />
                <SequencePoint vc="0" uspid="2028" ordinal="9" offset="65" sl="333" sc="13" el="333" ec="14" bec="0" bev="0" fileid="73" />
              </SequencePoints>
              <BranchPoints>
                <BranchPoint vc="0" uspid="2029" ordinal="0" offset="13" sl="324" path="0" offsetend="15" fileid="73" />
                <BranchPoint vc="0" uspid="2030" ordinal="1" offset="13" sl="324" path="1" offsetend="20" fileid="73" />
                <BranchPoint vc="0" uspid="2033" ordinal="4" offset="59" sl="322" path="0" offsetend="61" fileid="73" />
                <BranchPoint vc="0" uspid="2034" ordinal="5" offset="59" sl="322" path="1" offsetend="3" fileid="73" />
              </BranchPoints>
              <MethodPoint xsi:type="SequencePoint" vc="0" uspid="2019" ordinal="0" offset="0" sl="321" sc="13" el="321" ec="14" bec="0" bev="0" fileid="73" />
            </Method>
            <Method visited="false" cyclomaticComplexity="31" nPathComplexity="384" sequenceCoverage="0" branchCoverage="0" isConstructor="false" isStatic="false" isGetter="false" isSetter="false">
              <Summary numSequencePoints="34" visitedSequencePoints="0" numBranchPoints="19" visitedBranchPoints="0" sequenceCoverage="0" branchCoverage="0" maxCyclomaticComplexity="31" minCyclomaticComplexity="31" visitedClasses="0" numClasses="0" visitedMethods="0" numMethods="1" />
              <MetadataToken>100663712</MetadataToken>
              <Name>System.Boolean Puzzle.Core.Multitenancy.Internal.Logging.LibLog.LogProviders.NLogLogProvider/NLogLogger::LogException(Puzzle.Core.Multitenancy.Internal.Logging.LibLog.LogLevel,System.Func`1&lt;System.String&gt;,System.Exception)</Name>
              <FileRef uid="73" />
              <SequencePoints>
                <SequencePoint vc="0" uspid="2035" ordinal="0" offset="0" sl="337" sc="13" el="337" ec="14" bec="0" bev="0" fileid="73" />
                <SequencePoint vc="0" uspid="2036" ordinal="1" offset="1" sl="338" sc="17" el="338" ec="34" bec="6" bev="0" fileid="73" />
                <SequencePoint vc="0" uspid="2037" ordinal="2" offset="36" sl="341" sc="25" el="341" ec="51" bec="2" bev="0" fileid="73" />
                <SequencePoint vc="0" uspid="2038" ordinal="3" offset="195" sl="342" sc="25" el="342" ec="26" bec="0" bev="0" fileid="73" />
                <SequencePoint vc="0" uspid="2039" ordinal="4" offset="196" sl="343" sc="29" el="343" ec="77" bec="0" bev="0" fileid="73" />
                <SequencePoint vc="0" uspid="2040" ordinal="5" offset="311" sl="344" sc="29" el="344" ec="41" bec="0" bev="0" fileid="73" />
                <SequencePoint vc="0" uspid="2041" ordinal="6" offset="318" sl="347" sc="25" el="347" ec="31" bec="0" bev="0" fileid="73" />
                <SequencePoint vc="0" uspid="2042" ordinal="7" offset="323" sl="349" sc="25" el="349" ec="50" bec="2" bev="0" fileid="73" />
                <SequencePoint vc="0" uspid="2043" ordinal="8" offset="482" sl="350" sc="25" el="350" ec="26" bec="0" bev="0" fileid="73" />
                <SequencePoint vc="0" uspid="2044" ordinal="9" offset="483" sl="351" sc="29" el="351" ec="76" bec="0" bev="0" fileid="73" />
                <SequencePoint vc="0" uspid="2045" ordinal="10" offset="598" sl="352" sc="29" el="352" ec="41" bec="0" bev="0" fileid="73" />
                <SequencePoint vc="0" uspid="2046" ordinal="11" offset="605" sl="355" sc="25" el="355" ec="31" bec="0" bev="0" fileid="73" />
                <SequencePoint vc="0" uspid="2047" ordinal="12" offset="610" sl="357" sc="25" el="357" ec="50" bec="2" bev="0" fileid="73" />
                <SequencePoint vc="0" uspid="2048" ordinal="13" offset="771" sl="358" sc="25" el="358" ec="26" bec="0" bev="0" fileid="73" />
                <SequencePoint vc="0" uspid="2049" ordinal="14" offset="772" sl="359" sc="29" el="359" ec="76" bec="0" bev="0" fileid="73" />
                <SequencePoint vc="0" uspid="2050" ordinal="15" offset="887" sl="360" sc="29" el="360" ec="41" bec="0" bev="0" fileid="73" />
                <SequencePoint vc="0" uspid="2051" ordinal="16" offset="894" sl="363" sc="25" el="363" ec="31" bec="0" bev="0" fileid="73" />
                <SequencePoint vc="0" uspid="2052" ordinal="17" offset="899" sl="365" sc="25" el="365" ec="51" bec="2" bev="0" fileid="73" />
                <SequencePoint vc="0" uspid="2053" ordinal="18" offset="1060" sl="366" sc="25" el="366" ec="26" bec="0" bev="0" fileid="73" />
                <SequencePoint vc="0" uspid="2054" ordinal="19" offset="1061" sl="367" sc="29" el="367" ec="77" bec="0" bev="0" fileid="73" />
                <SequencePoint vc="0" uspid="2055" ordinal="20" offset="1176" sl="368" sc="29" el="368" ec="41" bec="0" bev="0" fileid="73" />
                <SequencePoint vc="0" uspid="2056" ordinal="21" offset="1183" sl="371" sc="25" el="371" ec="31" bec="0" bev="0" fileid="73" />
                <SequencePoint vc="0" uspid="2057" ordinal="22" offset="1188" sl="373" sc="25" el="373" ec="51" bec="2" bev="0" fileid="73" />
                <SequencePoint vc="0" uspid="2058" ordinal="23" offset="1349" sl="374" sc="25" el="374" ec="26" bec="0" bev="0" fileid="73" />
                <SequencePoint vc="0" uspid="2059" ordinal="24" offset="1350" sl="375" sc="29" el="375" ec="77" bec="0" bev="0" fileid="73" />
                <SequencePoint vc="0" uspid="2060" ordinal="25" offset="1465" sl="376" sc="29" el="376" ec="41" bec="0" bev="0" fileid="73" />
                <SequencePoint vc="0" uspid="2061" ordinal="26" offset="1472" sl="379" sc="25" el="379" ec="31" bec="0" bev="0" fileid="73" />
                <SequencePoint vc="0" uspid="2062" ordinal="27" offset="1477" sl="381" sc="25" el="381" ec="51" bec="2" bev="0" fileid="73" />
                <SequencePoint vc="0" uspid="2063" ordinal="28" offset="1638" sl="382" sc="25" el="382" ec="26" bec="0" bev="0" fileid="73" />
                <SequencePoint vc="0" uspid="2064" ordinal="29" offset="1639" sl="383" sc="29" el="383" ec="77" bec="0" bev="0" fileid="73" />
                <SequencePoint vc="0" uspid="2065" ordinal="30" offset="1754" sl="384" sc="29" el="384" ec="41" bec="0" bev="0" fileid="73" />
                <SequencePoint vc="0" uspid="2066" ordinal="31" offset="1758" sl="387" sc="25" el="387" ec="31" bec="0" bev="0" fileid="73" />
                <SequencePoint vc="0" uspid="2067" ordinal="32" offset="1760" sl="390" sc="17" el="390" ec="30" bec="0" bev="0" fileid="73" />
                <SequencePoint vc="0" uspid="2068" ordinal="33" offset="1764" sl="391" sc="13" el="391" ec="14" bec="0" bev="0" fileid="73" />
              </SequencePoints>
              <BranchPoints>
                <BranchPoint vc="0" uspid="2069" ordinal="0" offset="6" sl="338" path="0" offsetchain="31" offsetend="1477" fileid="73" />
                <BranchPoint vc="0" uspid="2070" ordinal="1" offset="6" sl="338" path="1" offsetend="36" fileid="73" />
                <BranchPoint vc="0" uspid="2071" ordinal="2" offset="6" sl="338" path="2" offsetend="323" fileid="73" />
                <BranchPoint vc="0" uspid="2072" ordinal="3" offset="6" sl="338" path="3" offsetend="610" fileid="73" />
                <BranchPoint vc="0" uspid="2073" ordinal="4" offset="6" sl="338" path="4" offsetend="899" fileid="73" />
                <BranchPoint vc="0" uspid="2074" ordinal="5" offset="6" sl="338" path="5" offsetend="1188" fileid="73" />
                <BranchPoint vc="0" uspid="2079" ordinal="10" offset="193" sl="341" path="0" offsetend="195" fileid="73" />
                <BranchPoint vc="0" uspid="2080" ordinal="11" offset="193" sl="341" path="1" offsetchain="318" offsetend="1760" fileid="73" />
                <BranchPoint vc="0" uspid="2087" ordinal="18" offset="480" sl="349" path="0" offsetend="482" fileid="73" />
                <BranchPoint vc="0" uspid="2088" ordinal="19" offset="480" sl="349" path="1" offsetchain="605" offsetend="1760" fileid="73" />
                <BranchPoint vc="0" uspid="2095" ordinal="26" offset="769" sl="357" path="0" offsetend="771" fileid="73" />
                <BranchPoint vc="0" uspid="2096" ordinal="27" offset="769" sl="357" path="1" offsetchain="894" offsetend="1760" fileid="73" />
                <BranchPoint vc="0" uspid="2103" ordinal="34" offset="1058" sl="365" path="0" offsetend="1060" fileid="73" />
                <BranchPoint vc="0" uspid="2104" ordinal="35" offset="1058" sl="365" path="1" offsetchain="1183" offsetend="1760" fileid="73" />
                <BranchPoint vc="0" uspid="2111" ordinal="42" offset="1347" sl="373" path="0" offsetend="1349" fileid="73" />
                <BranchPoint vc="0" uspid="2112" ordinal="43" offset="1347" sl="373" path="1" offsetchain="1472" offsetend="1760" fileid="73" />
                <BranchPoint vc="0" uspid="2119" ordinal="50" offset="1636" sl="381" path="0" offsetend="1638" fileid="73" />
                <BranchPoint vc="0" uspid="2120" ordinal="51" offset="1636" sl="381" path="1" offsetchain="1758" offsetend="1760" fileid="73" />
              </BranchPoints>
              <MethodPoint xsi:type="SequencePoint" vc="0" uspid="2035" ordinal="0" offset="0" sl="337" sc="13" el="337" ec="14" bec="0" bev="0" fileid="73" />
            </Method>
            <Method visited="false" cyclomaticComplexity="19" nPathComplexity="6" sequenceCoverage="0" branchCoverage="0" isConstructor="false" isStatic="false" isGetter="false" isSetter="false">
              <Summary numSequencePoints="9" visitedSequencePoints="0" numBranchPoints="7" visitedBranchPoints="0" sequenceCoverage="0" branchCoverage="0" maxCyclomaticComplexity="19" minCyclomaticComplexity="19" visitedClasses="0" numClasses="0" visitedMethods="0" numMethods="1" />
              <MetadataToken>100663713</MetadataToken>
              <Name>System.Boolean Puzzle.Core.Multitenancy.Internal.Logging.LibLog.LogProviders.NLogLogProvider/NLogLogger::IsLogLevelEnable(Puzzle.Core.Multitenancy.Internal.Logging.LibLog.LogLevel)</Name>
              <FileRef uid="73" />
              <SequencePoints>
                <SequencePoint vc="0" uspid="2123" ordinal="0" offset="0" sl="394" sc="13" el="394" ec="14" bec="0" bev="0" fileid="73" />
                <SequencePoint vc="0" uspid="2124" ordinal="1" offset="1" sl="395" sc="17" el="395" ec="34" bec="6" bev="0" fileid="73" />
                <SequencePoint vc="0" uspid="2125" ordinal="2" offset="36" sl="398" sc="25" el="398" ec="54" bec="0" bev="0" fileid="73" />
                <SequencePoint vc="0" uspid="2126" ordinal="3" offset="189" sl="400" sc="25" el="400" ec="53" bec="0" bev="0" fileid="73" />
                <SequencePoint vc="0" uspid="2127" ordinal="4" offset="342" sl="402" sc="25" el="402" ec="53" bec="0" bev="0" fileid="73" />
                <SequencePoint vc="0" uspid="2128" ordinal="5" offset="495" sl="404" sc="25" el="404" ec="54" bec="0" bev="0" fileid="73" />
                <SequencePoint vc="0" uspid="2129" ordinal="6" offset="648" sl="406" sc="25" el="406" ec="54" bec="0" bev="0" fileid="73" />
                <SequencePoint vc="0" uspid="2130" ordinal="7" offset="801" sl="408" sc="25" el="408" ec="54" bec="0" bev="0" fileid="73" />
                <SequencePoint vc="0" uspid="2131" ordinal="8" offset="951" sl="410" sc="13" el="410" ec="14" bec="0" bev="0" fileid="73" />
              </SequencePoints>
              <BranchPoints>
                <BranchPoint vc="0" uspid="2132" ordinal="0" offset="6" sl="395" path="0" offsetchain="31" offsetend="801" fileid="73" />
                <BranchPoint vc="0" uspid="2133" ordinal="1" offset="6" sl="395" path="1" offsetend="36" fileid="73" />
                <BranchPoint vc="0" uspid="2134" ordinal="2" offset="6" sl="395" path="2" offsetend="189" fileid="73" />
                <BranchPoint vc="0" uspid="2135" ordinal="3" offset="6" sl="395" path="3" offsetend="342" fileid="73" />
                <BranchPoint vc="0" uspid="2136" ordinal="4" offset="6" sl="395" path="4" offsetend="495" fileid="73" />
                <BranchPoint vc="0" uspid="2137" ordinal="5" offset="6" sl="395" path="5" offsetend="648" fileid="73" />
              </BranchPoints>
              <MethodPoint xsi:type="SequencePoint" vc="0" uspid="2123" ordinal="0" offset="0" sl="394" sc="13" el="394" ec="14" bec="0" bev="0" fileid="73" />
            </Method>
            <Method visited="false" cyclomaticComplexity="8" nPathComplexity="7" sequenceCoverage="0" branchCoverage="0" isConstructor="false" isStatic="false" isGetter="false" isSetter="false">
              <Summary numSequencePoints="10" visitedSequencePoints="0" numBranchPoints="8" visitedBranchPoints="0" sequenceCoverage="0" branchCoverage="0" maxCyclomaticComplexity="8" minCyclomaticComplexity="8" visitedClasses="0" numClasses="0" visitedMethods="0" numMethods="1" />
              <MetadataToken>100663714</MetadataToken>
              <Name>System.Object Puzzle.Core.Multitenancy.Internal.Logging.LibLog.LogProviders.NLogLogProvider/NLogLogger::TranslateLevel(Puzzle.Core.Multitenancy.Internal.Logging.LibLog.LogLevel)</Name>
              <FileRef uid="73" />
              <SequencePoints>
                <SequencePoint vc="0" uspid="2162" ordinal="0" offset="0" sl="413" sc="13" el="413" ec="14" bec="0" bev="0" fileid="73" />
                <SequencePoint vc="0" uspid="2163" ordinal="1" offset="1" sl="414" sc="17" el="414" ec="34" bec="7" bev="0" fileid="73" />
                <SequencePoint vc="0" uspid="2164" ordinal="2" offset="35" sl="417" sc="25" el="417" ec="43" bec="0" bev="0" fileid="73" />
                <SequencePoint vc="0" uspid="2165" ordinal="3" offset="43" sl="419" sc="25" el="419" ec="43" bec="0" bev="0" fileid="73" />
                <SequencePoint vc="0" uspid="2166" ordinal="4" offset="51" sl="421" sc="25" el="421" ec="42" bec="0" bev="0" fileid="73" />
                <SequencePoint vc="0" uspid="2167" ordinal="5" offset="59" sl="423" sc="25" el="423" ec="42" bec="0" bev="0" fileid="73" />
                <SequencePoint vc="0" uspid="2168" ordinal="6" offset="67" sl="425" sc="25" el="425" ec="43" bec="0" bev="0" fileid="73" />
                <SequencePoint vc="0" uspid="2169" ordinal="7" offset="75" sl="427" sc="25" el="427" ec="43" bec="0" bev="0" fileid="73" />
                <SequencePoint vc="0" uspid="2170" ordinal="8" offset="83" sl="429" sc="25" el="429" ec="91" bec="0" bev="0" fileid="73" />
                <SequencePoint vc="0" uspid="2171" ordinal="9" offset="101" sl="431" sc="13" el="431" ec="14" bec="0" bev="0" fileid="73" />
              </SequencePoints>
              <BranchPoints>
                <BranchPoint vc="0" uspid="2172" ordinal="0" offset="4" sl="414" path="0" offsetchain="33" offsetend="83" fileid="73" />
                <BranchPoint vc="0" uspid="2173" ordinal="1" offset="4" sl="414" path="1" offsetend="35" fileid="73" />
                <BranchPoint vc="0" uspid="2174" ordinal="2" offset="4" sl="414" path="2" offsetend="43" fileid="73" />
                <BranchPoint vc="0" uspid="2175" ordinal="3" offset="4" sl="414" path="3" offsetend="51" fileid="73" />
                <BranchPoint vc="0" uspid="2176" ordinal="4" offset="4" sl="414" path="4" offsetend="59" fileid="73" />
                <BranchPoint vc="0" uspid="2177" ordinal="5" offset="4" sl="414" path="5" offsetend="67" fileid="73" />
                <BranchPoint vc="0" uspid="2178" ordinal="6" offset="4" sl="414" path="6" offsetend="75" fileid="73" />
              </BranchPoints>
              <MethodPoint xsi:type="SequencePoint" vc="0" uspid="2162" ordinal="0" offset="0" sl="413" sc="13" el="413" ec="14" bec="0" bev="0" fileid="73" />
            </Method>
          </Methods>
        </Class>
        <Class>
          <Summary numSequencePoints="6" visitedSequencePoints="0" numBranchPoints="6" visitedBranchPoints="0" sequenceCoverage="0" branchCoverage="0" maxCyclomaticComplexity="1" minCyclomaticComplexity="1" visitedClasses="0" numClasses="1" visitedMethods="0" numMethods="6" />
          <FullName>Puzzle.Core.Multitenancy.Internal.Logging.LibLog.LogProviders.NLogLogProvider/NLogLogger/&lt;&gt;c</FullName>
          <Methods>
            <Method visited="false" cyclomaticComplexity="1" nPathComplexity="0" sequenceCoverage="0" branchCoverage="0" isConstructor="true" isStatic="true" isGetter="false" isSetter="false">
              <Summary numSequencePoints="0" visitedSequencePoints="0" numBranchPoints="0" visitedBranchPoints="0" sequenceCoverage="0" branchCoverage="0" maxCyclomaticComplexity="1" minCyclomaticComplexity="1" visitedClasses="0" numClasses="0" visitedMethods="0" numMethods="0" />
              <MetadataToken>100663777</MetadataToken>
              <Name>System.Void Puzzle.Core.Multitenancy.Internal.Logging.LibLog.LogProviders.NLogLogProvider/NLogLogger/&lt;&gt;c::.cctor()</Name>
              <SequencePoints />
              <BranchPoints />
              <MethodPoint vc="0" uspid="2179" ordinal="0" offset="0" />
            </Method>
            <Method visited="false" cyclomaticComplexity="1" nPathComplexity="0" sequenceCoverage="0" branchCoverage="0" isConstructor="true" isStatic="false" isGetter="false" isSetter="false">
              <Summary numSequencePoints="0" visitedSequencePoints="0" numBranchPoints="0" visitedBranchPoints="0" sequenceCoverage="0" branchCoverage="0" maxCyclomaticComplexity="1" minCyclomaticComplexity="1" visitedClasses="0" numClasses="0" visitedMethods="0" numMethods="0" />
              <MetadataToken>100663778</MetadataToken>
              <Name>System.Void Puzzle.Core.Multitenancy.Internal.Logging.LibLog.LogProviders.NLogLogProvider/NLogLogger/&lt;&gt;c::.ctor()</Name>
              <SequencePoints />
              <BranchPoints />
              <MethodPoint vc="0" uspid="2180" ordinal="0" offset="0" />
            </Method>
            <Method visited="false" cyclomaticComplexity="1" nPathComplexity="0" sequenceCoverage="0" branchCoverage="0" isConstructor="false" isStatic="false" isGetter="false" isSetter="false">
              <Summary numSequencePoints="1" visitedSequencePoints="0" numBranchPoints="1" visitedBranchPoints="0" sequenceCoverage="0" branchCoverage="0" maxCyclomaticComplexity="1" minCyclomaticComplexity="1" visitedClasses="0" numClasses="0" visitedMethods="0" numMethods="1" />
              <MetadataToken>100663779</MetadataToken>
              <Name>System.Boolean Puzzle.Core.Multitenancy.Internal.Logging.LibLog.LogProviders.NLogLogProvider/NLogLogger/&lt;&gt;c::&lt;.cctor&gt;b__8_0(System.Reflection.FieldInfo)</Name>
              <FileRef uid="73" />
              <SequencePoints>
                <SequencePoint vc="0" uspid="2181" ordinal="0" offset="0" sl="153" sc="57" el="153" ec="74" bec="0" bev="0" fileid="73" />
              </SequencePoints>
              <BranchPoints />
              <MethodPoint xsi:type="SequencePoint" vc="0" uspid="2181" ordinal="0" offset="0" sl="153" sc="57" el="153" ec="74" bec="0" bev="0" fileid="73" />
            </Method>
            <Method visited="false" cyclomaticComplexity="1" nPathComplexity="0" sequenceCoverage="0" branchCoverage="0" isConstructor="false" isStatic="false" isGetter="false" isSetter="false">
              <Summary numSequencePoints="1" visitedSequencePoints="0" numBranchPoints="1" visitedBranchPoints="0" sequenceCoverage="0" branchCoverage="0" maxCyclomaticComplexity="1" minCyclomaticComplexity="1" visitedClasses="0" numClasses="0" visitedMethods="0" numMethods="1" />
              <MetadataToken>100663780</MetadataToken>
              <Name>System.Boolean Puzzle.Core.Multitenancy.Internal.Logging.LibLog.LogProviders.NLogLogProvider/NLogLogger/&lt;&gt;c::&lt;.cctor&gt;b__8_1(System.Reflection.FieldInfo)</Name>
              <FileRef uid="73" />
              <SequencePoints>
                <SequencePoint vc="0" uspid="2182" ordinal="0" offset="0" sl="154" sc="57" el="154" ec="74" bec="0" bev="0" fileid="73" />
              </SequencePoints>
              <BranchPoints />
              <MethodPoint xsi:type="SequencePoint" vc="0" uspid="2182" ordinal="0" offset="0" sl="154" sc="57" el="154" ec="74" bec="0" bev="0" fileid="73" />
            </Method>
            <Method visited="false" cyclomaticComplexity="1" nPathComplexity="0" sequenceCoverage="0" branchCoverage="0" isConstructor="false" isStatic="false" isGetter="false" isSetter="false">
              <Summary numSequencePoints="1" visitedSequencePoints="0" numBranchPoints="1" visitedBranchPoints="0" sequenceCoverage="0" branchCoverage="0" maxCyclomaticComplexity="1" minCyclomaticComplexity="1" visitedClasses="0" numClasses="0" visitedMethods="0" numMethods="1" />
              <MetadataToken>100663781</MetadataToken>
              <Name>System.Boolean Puzzle.Core.Multitenancy.Internal.Logging.LibLog.LogProviders.NLogLogProvider/NLogLogger/&lt;&gt;c::&lt;.cctor&gt;b__8_2(System.Reflection.FieldInfo)</Name>
              <FileRef uid="73" />
              <SequencePoints>
                <SequencePoint vc="0" uspid="2183" ordinal="0" offset="0" sl="155" sc="56" el="155" ec="72" bec="0" bev="0" fileid="73" />
              </SequencePoints>
              <BranchPoints />
              <MethodPoint xsi:type="SequencePoint" vc="0" uspid="2183" ordinal="0" offset="0" sl="155" sc="56" el="155" ec="72" bec="0" bev="0" fileid="73" />
            </Method>
            <Method visited="false" cyclomaticComplexity="1" nPathComplexity="0" sequenceCoverage="0" branchCoverage="0" isConstructor="false" isStatic="false" isGetter="false" isSetter="false">
              <Summary numSequencePoints="1" visitedSequencePoints="0" numBranchPoints="1" visitedBranchPoints="0" sequenceCoverage="0" branchCoverage="0" maxCyclomaticComplexity="1" minCyclomaticComplexity="1" visitedClasses="0" numClasses="0" visitedMethods="0" numMethods="1" />
              <MetadataToken>100663782</MetadataToken>
              <Name>System.Boolean Puzzle.Core.Multitenancy.Internal.Logging.LibLog.LogProviders.NLogLogProvider/NLogLogger/&lt;&gt;c::&lt;.cctor&gt;b__8_3(System.Reflection.FieldInfo)</Name>
              <FileRef uid="73" />
              <SequencePoints>
                <SequencePoint vc="0" uspid="2184" ordinal="0" offset="0" sl="156" sc="56" el="156" ec="72" bec="0" bev="0" fileid="73" />
              </SequencePoints>
              <BranchPoints />
              <MethodPoint xsi:type="SequencePoint" vc="0" uspid="2184" ordinal="0" offset="0" sl="156" sc="56" el="156" ec="72" bec="0" bev="0" fileid="73" />
            </Method>
            <Method visited="false" cyclomaticComplexity="1" nPathComplexity="0" sequenceCoverage="0" branchCoverage="0" isConstructor="false" isStatic="false" isGetter="false" isSetter="false">
              <Summary numSequencePoints="1" visitedSequencePoints="0" numBranchPoints="1" visitedBranchPoints="0" sequenceCoverage="0" branchCoverage="0" maxCyclomaticComplexity="1" minCyclomaticComplexity="1" visitedClasses="0" numClasses="0" visitedMethods="0" numMethods="1" />
              <MetadataToken>100663783</MetadataToken>
              <Name>System.Boolean Puzzle.Core.Multitenancy.Internal.Logging.LibLog.LogProviders.NLogLogProvider/NLogLogger/&lt;&gt;c::&lt;.cctor&gt;b__8_4(System.Reflection.FieldInfo)</Name>
              <FileRef uid="73" />
              <SequencePoints>
                <SequencePoint vc="0" uspid="2185" ordinal="0" offset="0" sl="157" sc="57" el="157" ec="74" bec="0" bev="0" fileid="73" />
              </SequencePoints>
              <BranchPoints />
              <MethodPoint xsi:type="SequencePoint" vc="0" uspid="2185" ordinal="0" offset="0" sl="157" sc="57" el="157" ec="74" bec="0" bev="0" fileid="73" />
            </Method>
            <Method visited="false" cyclomaticComplexity="1" nPathComplexity="0" sequenceCoverage="0" branchCoverage="0" isConstructor="false" isStatic="false" isGetter="false" isSetter="false">
              <Summary numSequencePoints="1" visitedSequencePoints="0" numBranchPoints="1" visitedBranchPoints="0" sequenceCoverage="0" branchCoverage="0" maxCyclomaticComplexity="1" minCyclomaticComplexity="1" visitedClasses="0" numClasses="0" visitedMethods="0" numMethods="1" />
              <MetadataToken>100663784</MetadataToken>
              <Name>System.Boolean Puzzle.Core.Multitenancy.Internal.Logging.LibLog.LogProviders.NLogLogProvider/NLogLogger/&lt;&gt;c::&lt;.cctor&gt;b__8_5(System.Reflection.FieldInfo)</Name>
              <FileRef uid="73" />
              <SequencePoints>
                <SequencePoint vc="0" uspid="2186" ordinal="0" offset="0" sl="158" sc="57" el="158" ec="74" bec="0" bev="0" fileid="73" />
              </SequencePoints>
              <BranchPoints />
              <MethodPoint xsi:type="SequencePoint" vc="0" uspid="2186" ordinal="0" offset="0" sl="158" sc="57" el="158" ec="74" bec="0" bev="0" fileid="73" />
            </Method>
          </Methods>
        </Class>
        <Class>
          <Summary numSequencePoints="0" visitedSequencePoints="0" numBranchPoints="0" visitedBranchPoints="0" sequenceCoverage="0" branchCoverage="0" maxCyclomaticComplexity="0" minCyclomaticComplexity="0" visitedClasses="0" numClasses="0" visitedMethods="0" numMethods="0" />
          <FullName>Puzzle.Core.Multitenancy.Internal.Logging.LibLog.LogProviders.NLogLogProvider/NLogLogger/&lt;&gt;o__10</FullName>
          <Methods />
        </Class>
        <Class>
          <Summary numSequencePoints="0" visitedSequencePoints="0" numBranchPoints="0" visitedBranchPoints="0" sequenceCoverage="0" branchCoverage="0" maxCyclomaticComplexity="0" minCyclomaticComplexity="0" visitedClasses="0" numClasses="0" visitedMethods="0" numMethods="0" />
          <FullName>Puzzle.Core.Multitenancy.Internal.Logging.LibLog.LogProviders.NLogLogProvider/NLogLogger/&lt;&gt;o__12</FullName>
          <Methods />
        </Class>
        <Class>
          <Summary numSequencePoints="0" visitedSequencePoints="0" numBranchPoints="0" visitedBranchPoints="0" sequenceCoverage="0" branchCoverage="0" maxCyclomaticComplexity="0" minCyclomaticComplexity="0" visitedClasses="0" numClasses="0" visitedMethods="0" numMethods="0" />
          <FullName>Puzzle.Core.Multitenancy.Internal.Logging.LibLog.LogProviders.NLogLogProvider/NLogLogger/&lt;&gt;o__13</FullName>
          <Methods />
        </Class>
        <Class>
          <Summary numSequencePoints="4" visitedSequencePoints="0" numBranchPoints="1" visitedBranchPoints="0" sequenceCoverage="0" branchCoverage="0" maxCyclomaticComplexity="1" minCyclomaticComplexity="1" visitedClasses="0" numClasses="1" visitedMethods="0" numMethods="1" />
          <FullName>Puzzle.Core.Multitenancy.Internal.Logging.LibLog.LogProviders.NLogLogProvider/&lt;&gt;c__DisplayClass9_0</FullName>
          <Methods>
            <Method visited="false" cyclomaticComplexity="1" nPathComplexity="0" sequenceCoverage="0" branchCoverage="0" isConstructor="true" isStatic="false" isGetter="false" isSetter="false">
              <Summary numSequencePoints="0" visitedSequencePoints="0" numBranchPoints="0" visitedBranchPoints="0" sequenceCoverage="0" branchCoverage="0" maxCyclomaticComplexity="1" minCyclomaticComplexity="1" visitedClasses="0" numClasses="0" visitedMethods="0" numMethods="0" />
              <MetadataToken>100663715</MetadataToken>
              <Name>System.Void Puzzle.Core.Multitenancy.Internal.Logging.LibLog.LogProviders.NLogLogProvider/&lt;&gt;c__DisplayClass9_0::.ctor()</Name>
              <SequencePoints />
              <BranchPoints />
              <MethodPoint vc="0" uspid="2187" ordinal="0" offset="0" />
            </Method>
            <Method visited="false" cyclomaticComplexity="1" nPathComplexity="0" sequenceCoverage="0" branchCoverage="0" isConstructor="false" isStatic="false" isGetter="false" isSetter="false">
              <Summary numSequencePoints="4" visitedSequencePoints="0" numBranchPoints="1" visitedBranchPoints="0" sequenceCoverage="0" branchCoverage="0" maxCyclomaticComplexity="1" minCyclomaticComplexity="1" visitedClasses="0" numClasses="0" visitedMethods="0" numMethods="1" />
              <MetadataToken>100663716</MetadataToken>
              <Name>System.IDisposable Puzzle.Core.Multitenancy.Internal.Logging.LibLog.LogProviders.NLogLogProvider/&lt;&gt;c__DisplayClass9_0::&lt;GetOpenMdcMethod&gt;b__0(System.String,System.String)</Name>
              <FileRef uid="73" />
              <SequencePoints>
                <SequencePoint vc="0" uspid="2188" ordinal="0" offset="20" sl="109" sc="13" el="109" ec="14" bec="0" bev="0" fileid="73" />
                <SequencePoint vc="0" uspid="2189" ordinal="1" offset="21" sl="110" sc="17" el="110" ec="33" bec="0" bev="0" fileid="73" />
                <SequencePoint vc="0" uspid="2190" ordinal="2" offset="40" sl="111" sc="17" el="111" ec="64" bec="0" bev="0" fileid="73" />
                <SequencePoint vc="0" uspid="2191" ordinal="3" offset="60" sl="112" sc="13" el="112" ec="14" bec="0" bev="0" fileid="73" />
              </SequencePoints>
              <BranchPoints />
              <MethodPoint vc="0" uspid="2192" ordinal="0" offset="0" />
            </Method>
          </Methods>
        </Class>
        <Class>
          <Summary numSequencePoints="1" visitedSequencePoints="0" numBranchPoints="1" visitedBranchPoints="0" sequenceCoverage="0" branchCoverage="0" maxCyclomaticComplexity="1" minCyclomaticComplexity="1" visitedClasses="0" numClasses="1" visitedMethods="0" numMethods="1" />
          <FullName>Puzzle.Core.Multitenancy.Internal.Logging.LibLog.LogProviders.NLogLogProvider/&lt;&gt;c__DisplayClass9_1</FullName>
          <Methods>
            <Method visited="false" cyclomaticComplexity="1" nPathComplexity="0" sequenceCoverage="0" branchCoverage="0" isConstructor="true" isStatic="false" isGetter="false" isSetter="false">
              <Summary numSequencePoints="0" visitedSequencePoints="0" numBranchPoints="0" visitedBranchPoints="0" sequenceCoverage="0" branchCoverage="0" maxCyclomaticComplexity="1" minCyclomaticComplexity="1" visitedClasses="0" numClasses="0" visitedMethods="0" numMethods="0" />
              <MetadataToken>100663717</MetadataToken>
              <Name>System.Void Puzzle.Core.Multitenancy.Internal.Logging.LibLog.LogProviders.NLogLogProvider/&lt;&gt;c__DisplayClass9_1::.ctor()</Name>
              <SequencePoints />
              <BranchPoints />
              <MethodPoint vc="0" uspid="2193" ordinal="0" offset="0" />
            </Method>
            <Method visited="false" cyclomaticComplexity="1" nPathComplexity="0" sequenceCoverage="0" branchCoverage="0" isConstructor="false" isStatic="false" isGetter="false" isSetter="false">
              <Summary numSequencePoints="1" visitedSequencePoints="0" numBranchPoints="1" visitedBranchPoints="0" sequenceCoverage="0" branchCoverage="0" maxCyclomaticComplexity="1" minCyclomaticComplexity="1" visitedClasses="0" numClasses="0" visitedMethods="0" numMethods="1" />
              <MetadataToken>100663718</MetadataToken>
              <Name>System.Void Puzzle.Core.Multitenancy.Internal.Logging.LibLog.LogProviders.NLogLogProvider/&lt;&gt;c__DisplayClass9_1::&lt;GetOpenMdcMethod&gt;b__1()</Name>
              <FileRef uid="73" />
              <SequencePoints>
                <SequencePoint vc="0" uspid="2194" ordinal="0" offset="0" sl="111" sc="51" el="111" ec="62" bec="0" bev="0" fileid="73" />
              </SequencePoints>
              <BranchPoints />
              <MethodPoint xsi:type="SequencePoint" vc="0" uspid="2194" ordinal="0" offset="0" sl="111" sc="51" el="111" ec="62" bec="0" bev="0" fileid="73" />
            </Method>
          </Methods>
        </Class>
        <Class>
          <Summary numSequencePoints="49" visitedSequencePoints="28" numBranchPoints="15" visitedBranchPoints="8" sequenceCoverage="57.14" branchCoverage="53.33" maxCyclomaticComplexity="2" minCyclomaticComplexity="1" visitedClasses="1" numClasses="1" visitedMethods="7" numMethods="11" />
          <FullName>Puzzle.Core.Multitenancy.Internal.Logging.LibLog.LogProviders.SerilogLogProvider</FullName>
          <Methods>
            <Method visited="true" cyclomaticComplexity="1" nPathComplexity="0" sequenceCoverage="100" branchCoverage="100" isConstructor="false" isStatic="true" isGetter="true" isSetter="false">
              <Summary numSequencePoints="3" visitedSequencePoints="3" numBranchPoints="1" visitedBranchPoints="1" sequenceCoverage="100" branchCoverage="100" maxCyclomaticComplexity="1" minCyclomaticComplexity="1" visitedClasses="0" numClasses="0" visitedMethods="1" numMethods="1" />
              <MetadataToken>100663530</MetadataToken>
              <Name>System.Boolean Puzzle.Core.Multitenancy.Internal.Logging.LibLog.LogProviders.SerilogLogProvider::get_ProviderIsAvailableOverride()</Name>
              <FileRef uid="78" />
              <SequencePoints>
                <SequencePoint vc="304" uspid="2195" ordinal="0" offset="0" sl="64" sc="17" el="64" ec="18" bec="0" bev="0" fileid="78" />
                <SequencePoint vc="304" uspid="2196" ordinal="1" offset="1" sl="64" sc="19" el="64" ec="54" bec="0" bev="0" fileid="78" />
                <SequencePoint vc="304" uspid="2197" ordinal="2" offset="9" sl="64" sc="55" el="64" ec="56" bec="0" bev="0" fileid="78" />
              </SequencePoints>
              <BranchPoints />
              <MethodPoint xsi:type="SequencePoint" vc="304" uspid="2195" ordinal="0" offset="0" sl="64" sc="17" el="64" ec="18" bec="0" bev="0" fileid="78" />
            </Method>
            <Method visited="false" cyclomaticComplexity="1" nPathComplexity="0" sequenceCoverage="0" branchCoverage="0" isConstructor="false" isStatic="true" isGetter="false" isSetter="true">
              <Summary numSequencePoints="3" visitedSequencePoints="0" numBranchPoints="1" visitedBranchPoints="0" sequenceCoverage="0" branchCoverage="0" maxCyclomaticComplexity="1" minCyclomaticComplexity="1" visitedClasses="0" numClasses="0" visitedMethods="0" numMethods="1" />
              <MetadataToken>100663531</MetadataToken>
              <Name>System.Void Puzzle.Core.Multitenancy.Internal.Logging.LibLog.LogProviders.SerilogLogProvider::set_ProviderIsAvailableOverride(System.Boolean)</Name>
              <FileRef uid="78" />
              <SequencePoints>
                <SequencePoint vc="0" uspid="2198" ordinal="0" offset="0" sl="65" sc="17" el="65" ec="18" bec="0" bev="0" fileid="78" />
                <SequencePoint vc="0" uspid="2199" ordinal="1" offset="1" sl="65" sc="19" el="65" ec="55" bec="0" bev="0" fileid="78" />
                <SequencePoint vc="0" uspid="2200" ordinal="2" offset="7" sl="65" sc="56" el="65" ec="57" bec="0" bev="0" fileid="78" />
              </SequencePoints>
              <BranchPoints />
              <MethodPoint xsi:type="SequencePoint" vc="0" uspid="2198" ordinal="0" offset="0" sl="65" sc="17" el="65" ec="18" bec="0" bev="0" fileid="78" />
            </Method>
            <Method visited="true" cyclomaticComplexity="2" nPathComplexity="2" sequenceCoverage="71.43" branchCoverage="66.67" isConstructor="true" isStatic="false" isGetter="false" isSetter="false">
              <Summary numSequencePoints="7" visitedSequencePoints="5" numBranchPoints="3" visitedBranchPoints="2" sequenceCoverage="71.43" branchCoverage="66.67" maxCyclomaticComplexity="2" minCyclomaticComplexity="2" visitedClasses="0" numClasses="0" visitedMethods="1" numMethods="1" />
              <MetadataToken>100663529</MetadataToken>
              <Name>System.Void Puzzle.Core.Multitenancy.Internal.Logging.LibLog.LogProviders.SerilogLogProvider::.ctor()</Name>
              <FileRef uid="78" />
              <SequencePoints>
                <SequencePoint vc="152" uspid="2201" ordinal="0" offset="0" sl="52" sc="9" el="52" ec="36" bec="0" bev="0" fileid="78" />
                <SequencePoint vc="152" uspid="2202" ordinal="1" offset="7" sl="53" sc="9" el="53" ec="10" bec="0" bev="0" fileid="78" />
                <SequencePoint vc="152" uspid="2203" ordinal="2" offset="8" sl="54" sc="13" el="54" ec="38" bec="2" bev="1" fileid="78" />
                <SequencePoint vc="0" uspid="2204" ordinal="3" offset="20" sl="55" sc="13" el="55" ec="14" bec="0" bev="0" fileid="78" />
                <SequencePoint vc="0" uspid="2205" ordinal="4" offset="21" sl="56" sc="17" el="56" ec="78" bec="0" bev="0" fileid="78" />
                <SequencePoint vc="152" uspid="2206" ordinal="5" offset="32" sl="59" sc="13" el="59" ec="65" bec="0" bev="0" fileid="78" />
                <SequencePoint vc="152" uspid="2207" ordinal="6" offset="43" sl="60" sc="9" el="60" ec="10" bec="0" bev="0" fileid="78" />
              </SequencePoints>
              <BranchPoints>
                <BranchPoint vc="0" uspid="2208" ordinal="0" offset="18" sl="54" path="0" offsetend="20" fileid="78" />
                <BranchPoint vc="152" uspid="2209" ordinal="1" offset="18" sl="54" path="1" offsetend="32" fileid="78" />
              </BranchPoints>
              <MethodPoint xsi:type="SequencePoint" vc="152" uspid="2201" ordinal="0" offset="0" sl="52" sc="9" el="52" ec="36" bec="0" bev="0" fileid="78" />
            </Method>
            <Method visited="true" cyclomaticComplexity="1" nPathComplexity="0" sequenceCoverage="100" branchCoverage="100" isConstructor="false" isStatic="false" isGetter="false" isSetter="false">
              <Summary numSequencePoints="3" visitedSequencePoints="3" numBranchPoints="1" visitedBranchPoints="1" sequenceCoverage="100" branchCoverage="100" maxCyclomaticComplexity="1" minCyclomaticComplexity="1" visitedClasses="0" numClasses="0" visitedMethods="1" numMethods="1" />
              <MetadataToken>100663532</MetadataToken>
              <Name>Puzzle.Core.Multitenancy.Internal.Logging.LibLog.Logger Puzzle.Core.Multitenancy.Internal.Logging.LibLog.LogProviders.SerilogLogProvider::GetLogger(System.String)</Name>
              <FileRef uid="78" />
              <SequencePoints>
                <SequencePoint vc="152" uspid="2210" ordinal="0" offset="0" sl="69" sc="9" el="69" ec="10" bec="0" bev="0" fileid="78" />
                <SequencePoint vc="152" uspid="2211" ordinal="1" offset="1" sl="70" sc="13" el="70" ec="73" bec="0" bev="0" fileid="78" />
                <SequencePoint vc="152" uspid="2212" ordinal="2" offset="32" sl="71" sc="9" el="71" ec="10" bec="0" bev="0" fileid="78" />
              </SequencePoints>
              <BranchPoints />
              <MethodPoint xsi:type="SequencePoint" vc="152" uspid="2210" ordinal="0" offset="0" sl="69" sc="9" el="69" ec="10" bec="0" bev="0" fileid="78" />
            </Method>
            <Method visited="true" cyclomaticComplexity="2" nPathComplexity="0" sequenceCoverage="100" branchCoverage="100" isConstructor="false" isStatic="true" isGetter="false" isSetter="false">
              <Summary numSequencePoints="3" visitedSequencePoints="3" numBranchPoints="1" visitedBranchPoints="1" sequenceCoverage="100" branchCoverage="100" maxCyclomaticComplexity="2" minCyclomaticComplexity="2" visitedClasses="0" numClasses="0" visitedMethods="1" numMethods="1" />
              <MetadataToken>100663533</MetadataToken>
              <Name>System.Boolean Puzzle.Core.Multitenancy.Internal.Logging.LibLog.LogProviders.SerilogLogProvider::IsLoggerAvailable()</Name>
              <FileRef uid="78" />
              <SequencePoints>
                <SequencePoint vc="304" uspid="2213" ordinal="0" offset="0" sl="74" sc="9" el="74" ec="10" bec="0" bev="0" fileid="78" />
                <SequencePoint vc="304" uspid="2214" ordinal="1" offset="1" sl="75" sc="13" el="75" ec="79" bec="0" bev="0" fileid="78" />
                <SequencePoint vc="304" uspid="2215" ordinal="2" offset="25" sl="76" sc="9" el="76" ec="10" bec="0" bev="0" fileid="78" />
              </SequencePoints>
              <BranchPoints />
              <MethodPoint xsi:type="SequencePoint" vc="304" uspid="2213" ordinal="0" offset="0" sl="74" sc="9" el="74" ec="10" bec="0" bev="0" fileid="78" />
            </Method>
            <Method visited="false" cyclomaticComplexity="2" nPathComplexity="0" sequenceCoverage="0" branchCoverage="0" isConstructor="false" isStatic="false" isGetter="false" isSetter="false">
              <Summary numSequencePoints="3" visitedSequencePoints="0" numBranchPoints="1" visitedBranchPoints="0" sequenceCoverage="0" branchCoverage="0" maxCyclomaticComplexity="2" minCyclomaticComplexity="2" visitedClasses="0" numClasses="0" visitedMethods="0" numMethods="1" />
              <MetadataToken>100663534</MetadataToken>
              <Name>Puzzle.Core.Multitenancy.Internal.Logging.LibLog.LogProviders.LogProviderBase/OpenNdc Puzzle.Core.Multitenancy.Internal.Logging.LibLog.LogProviders.SerilogLogProvider::GetOpenNdcMethod()</Name>
              <FileRef uid="78" />
              <SequencePoints>
                <SequencePoint vc="0" uspid="2218" ordinal="0" offset="0" sl="79" sc="9" el="79" ec="10" bec="0" bev="0" fileid="78" />
                <SequencePoint vc="0" uspid="2219" ordinal="1" offset="1" sl="80" sc="13" el="80" ec="65" bec="0" bev="0" fileid="78" />
                <SequencePoint vc="0" uspid="2220" ordinal="2" offset="35" sl="81" sc="9" el="81" ec="10" bec="0" bev="0" fileid="78" />
              </SequencePoints>
              <BranchPoints />
              <MethodPoint xsi:type="SequencePoint" vc="0" uspid="2218" ordinal="0" offset="0" sl="79" sc="9" el="79" ec="10" bec="0" bev="0" fileid="78" />
            </Method>
            <Method visited="false" cyclomaticComplexity="2" nPathComplexity="0" sequenceCoverage="0" branchCoverage="0" isConstructor="false" isStatic="false" isGetter="false" isSetter="false">
              <Summary numSequencePoints="3" visitedSequencePoints="0" numBranchPoints="1" visitedBranchPoints="0" sequenceCoverage="0" branchCoverage="0" maxCyclomaticComplexity="2" minCyclomaticComplexity="2" visitedClasses="0" numClasses="0" visitedMethods="0" numMethods="1" />
              <MetadataToken>100663535</MetadataToken>
              <Name>Puzzle.Core.Multitenancy.Internal.Logging.LibLog.LogProviders.LogProviderBase/OpenMdc Puzzle.Core.Multitenancy.Internal.Logging.LibLog.LogProviders.SerilogLogProvider::GetOpenMdcMethod()</Name>
              <FileRef uid="78" />
              <SequencePoints>
                <SequencePoint vc="0" uspid="2223" ordinal="0" offset="0" sl="84" sc="9" el="84" ec="10" bec="0" bev="0" fileid="78" />
                <SequencePoint vc="0" uspid="2224" ordinal="1" offset="1" sl="85" sc="13" el="85" ec="66" bec="0" bev="0" fileid="78" />
                <SequencePoint vc="0" uspid="2225" ordinal="2" offset="35" sl="86" sc="9" el="86" ec="10" bec="0" bev="0" fileid="78" />
              </SequencePoints>
              <BranchPoints />
              <MethodPoint xsi:type="SequencePoint" vc="0" uspid="2223" ordinal="0" offset="0" sl="84" sc="9" el="84" ec="10" bec="0" bev="0" fileid="78" />
            </Method>
            <Method visited="false" cyclomaticComplexity="2" nPathComplexity="2" sequenceCoverage="0" branchCoverage="0" isConstructor="false" isStatic="true" isGetter="false" isSetter="false">
              <Summary numSequencePoints="10" visitedSequencePoints="0" numBranchPoints="3" visitedBranchPoints="0" sequenceCoverage="0" branchCoverage="0" maxCyclomaticComplexity="2" minCyclomaticComplexity="2" visitedClasses="0" numClasses="0" visitedMethods="0" numMethods="1" />
              <MetadataToken>100663536</MetadataToken>
              <Name>System.Func`3&lt;System.String,System.String,System.IDisposable&gt; Puzzle.Core.Multitenancy.Internal.Logging.LibLog.LogProviders.SerilogLogProvider::GetPushProperty()</Name>
              <FileRef uid="78" />
              <SequencePoints>
                <SequencePoint vc="0" uspid="2228" ordinal="0" offset="6" sl="89" sc="9" el="89" ec="10" bec="0" bev="0" fileid="78" />
                <SequencePoint vc="0" uspid="2229" ordinal="1" offset="7" sl="90" sc="13" el="91" ec="97" bec="2" bev="0" fileid="78" />
                <SequencePoint vc="0" uspid="2230" ordinal="2" offset="32" sl="93" sc="13" el="97" ec="31" bec="0" bev="0" fileid="78" />
                <SequencePoint vc="0" uspid="2231" ordinal="3" offset="89" sl="99" sc="13" el="99" ec="90" bec="0" bev="0" fileid="78" />
                <SequencePoint vc="0" uspid="2232" ordinal="4" offset="110" sl="100" sc="13" el="100" ec="92" bec="0" bev="0" fileid="78" />
                <SequencePoint vc="0" uspid="2233" ordinal="5" offset="132" sl="101" sc="13" el="101" ec="115" bec="0" bev="0" fileid="78" />
                <SequencePoint vc="0" uspid="2234" ordinal="6" offset="154" sl="102" sc="13" el="103" ec="96" bec="0" bev="0" fileid="78" />
                <SequencePoint vc="0" uspid="2235" ordinal="7" offset="168" sl="104" sc="13" el="110" ec="28" bec="0" bev="0" fileid="78" />
                <SequencePoint vc="0" uspid="2236" ordinal="8" offset="206" sl="112" sc="13" el="112" ec="68" bec="0" bev="0" fileid="78" />
                <SequencePoint vc="0" uspid="2237" ordinal="9" offset="222" sl="113" sc="9" el="113" ec="10" bec="0" bev="0" fileid="78" />
              </SequencePoints>
              <BranchPoints>
                <BranchPoint vc="0" uspid="2238" ordinal="0" offset="18" sl="90" path="0" offsetend="20" fileid="78" />
                <BranchPoint vc="0" uspid="2239" ordinal="1" offset="18" sl="90" path="1" offsetend="31" fileid="78" />
              </BranchPoints>
              <MethodPoint vc="0" uspid="2240" ordinal="0" offset="0" />
            </Method>
            <Method visited="true" cyclomaticComplexity="1" nPathComplexity="0" sequenceCoverage="100" branchCoverage="100" isConstructor="false" isStatic="true" isGetter="false" isSetter="false">
              <Summary numSequencePoints="3" visitedSequencePoints="3" numBranchPoints="1" visitedBranchPoints="1" sequenceCoverage="100" branchCoverage="100" maxCyclomaticComplexity="1" minCyclomaticComplexity="1" visitedClasses="0" numClasses="0" visitedMethods="1" numMethods="1" />
              <MetadataToken>100663537</MetadataToken>
              <Name>System.Type Puzzle.Core.Multitenancy.Internal.Logging.LibLog.LogProviders.SerilogLogProvider::GetLogManagerType()</Name>
              <FileRef uid="78" />
              <SequencePoints>
                <SequencePoint vc="456" uspid="2241" ordinal="0" offset="0" sl="116" sc="9" el="116" ec="10" bec="0" bev="0" fileid="78" />
                <SequencePoint vc="456" uspid="2242" ordinal="1" offset="1" sl="117" sc="13" el="117" ec="57" bec="0" bev="0" fileid="78" />
                <SequencePoint vc="456" uspid="2243" ordinal="2" offset="14" sl="118" sc="9" el="118" ec="10" bec="0" bev="0" fileid="78" />
              </SequencePoints>
              <BranchPoints />
              <MethodPoint xsi:type="SequencePoint" vc="456" uspid="2241" ordinal="0" offset="0" sl="116" sc="9" el="116" ec="10" bec="0" bev="0" fileid="78" />
            </Method>
            <Method visited="true" cyclomaticComplexity="1" nPathComplexity="0" sequenceCoverage="100" branchCoverage="100" isConstructor="false" isStatic="true" isGetter="false" isSetter="false">
              <Summary numSequencePoints="10" visitedSequencePoints="10" numBranchPoints="1" visitedBranchPoints="1" sequenceCoverage="100" branchCoverage="100" maxCyclomaticComplexity="1" minCyclomaticComplexity="1" visitedClasses="0" numClasses="0" visitedMethods="1" numMethods="1" />
              <MetadataToken>100663538</MetadataToken>
              <Name>System.Func`2&lt;System.String,System.Object&gt; Puzzle.Core.Multitenancy.Internal.Logging.LibLog.LogProviders.SerilogLogProvider::GetForContextMethodCall()</Name>
              <FileRef uid="78" />
              <SequencePoints>
                <SequencePoint vc="152" uspid="2244" ordinal="0" offset="6" sl="121" sc="9" el="121" ec="10" bec="0" bev="0" fileid="78" />
                <SequencePoint vc="152" uspid="2245" ordinal="1" offset="7" sl="122" sc="13" el="122" ec="55" bec="0" bev="0" fileid="78" />
                <SequencePoint vc="152" uspid="2246" ordinal="2" offset="13" sl="123" sc="13" el="123" ec="126" bec="0" bev="0" fileid="78" />
                <SequencePoint vc="152" uspid="2247" ordinal="3" offset="70" sl="124" sc="13" el="124" ec="106" bec="0" bev="0" fileid="78" />
                <SequencePoint vc="152" uspid="2248" ordinal="4" offset="91" sl="125" sc="13" el="125" ec="92" bec="0" bev="0" fileid="78" />
                <SequencePoint vc="152" uspid="2249" ordinal="5" offset="113" sl="126" sc="13" el="126" ec="116" bec="0" bev="0" fileid="78" />
                <SequencePoint vc="152" uspid="2250" ordinal="6" offset="135" sl="127" sc="13" el="130" ec="90" bec="0" bev="0" fileid="78" />
                <SequencePoint vc="152" uspid="2251" ordinal="7" offset="164" sl="131" sc="13" el="136" ec="28" bec="0" bev="0" fileid="78" />
                <SequencePoint vc="152" uspid="2252" ordinal="8" offset="202" sl="137" sc="13" el="137" ec="63" bec="0" bev="0" fileid="78" />
                <SequencePoint vc="152" uspid="2253" ordinal="9" offset="218" sl="138" sc="9" el="138" ec="10" bec="0" bev="0" fileid="78" />
              </SequencePoints>
              <BranchPoints />
              <MethodPoint vc="152" uspid="2254" ordinal="0" offset="0" />
            </Method>
            <Method visited="true" cyclomaticComplexity="1" nPathComplexity="0" sequenceCoverage="100" branchCoverage="100" isConstructor="true" isStatic="true" isGetter="false" isSetter="false">
              <Summary numSequencePoints="1" visitedSequencePoints="1" numBranchPoints="1" visitedBranchPoints="1" sequenceCoverage="100" branchCoverage="100" maxCyclomaticComplexity="1" minCyclomaticComplexity="1" visitedClasses="0" numClasses="0" visitedMethods="1" numMethods="1" />
              <MetadataToken>100663539</MetadataToken>
              <Name>System.Void Puzzle.Core.Multitenancy.Internal.Logging.LibLog.LogProviders.SerilogLogProvider::.cctor()</Name>
              <FileRef uid="78" />
              <SequencePoints>
                <SequencePoint vc="2" uspid="2255" ordinal="0" offset="0" sl="48" sc="9" el="48" ec="64" bec="0" bev="0" fileid="78" />
              </SequencePoints>
              <BranchPoints />
              <MethodPoint xsi:type="SequencePoint" vc="2" uspid="2255" ordinal="0" offset="0" sl="48" sc="9" el="48" ec="64" bec="0" bev="0" fileid="78" />
            </Method>
          </Methods>
        </Class>
        <Class>
          <Summary numSequencePoints="69" visitedSequencePoints="33" numBranchPoints="23" visitedBranchPoints="4" sequenceCoverage="47.83" branchCoverage="17.39" maxCyclomaticComplexity="7" minCyclomaticComplexity="1" visitedClasses="1" numClasses="1" visitedMethods="2" numMethods="6" />
          <FullName>Puzzle.Core.Multitenancy.Internal.Logging.LibLog.LogProviders.SerilogLogProvider/SerilogLogger</FullName>
          <Methods>
            <Method visited="true" cyclomaticComplexity="3" nPathComplexity="4" sequenceCoverage="87.88" branchCoverage="60" isConstructor="true" isStatic="true" isGetter="false" isSetter="false">
              <Summary numSequencePoints="33" visitedSequencePoints="29" numBranchPoints="5" visitedBranchPoints="3" sequenceCoverage="87.88" branchCoverage="60" maxCyclomaticComplexity="3" minCyclomaticComplexity="3" visitedClasses="0" numClasses="0" visitedMethods="1" numMethods="1" />
              <MetadataToken>100663719</MetadataToken>
              <Name>System.Void Puzzle.Core.Multitenancy.Internal.Logging.LibLog.LogProviders.SerilogLogProvider/SerilogLogger::.cctor()</Name>
              <FileRef uid="78" />
              <SequencePoints>
                <SequencePoint vc="2" uspid="2256" ordinal="0" offset="0" sl="159" sc="13" el="159" ec="14" bec="0" bev="0" fileid="78" />
                <SequencePoint vc="2" uspid="2257" ordinal="1" offset="1" sl="160" sc="17" el="160" ec="96" bec="0" bev="0" fileid="78" />
                <SequencePoint vc="2" uspid="2258" ordinal="2" offset="12" sl="161" sc="17" el="161" ec="47" bec="2" bev="1" fileid="78" />
                <SequencePoint vc="0" uspid="2259" ordinal="3" offset="25" sl="162" sc="17" el="162" ec="18" bec="0" bev="0" fileid="78" />
                <SequencePoint vc="0" uspid="2260" ordinal="4" offset="26" sl="163" sc="21" el="163" ec="109" bec="0" bev="0" fileid="78" />
                <SequencePoint vc="2" uspid="2261" ordinal="5" offset="37" sl="166" sc="17" el="166" ec="76" bec="0" bev="0" fileid="78" />
                <SequencePoint vc="2" uspid="2262" ordinal="6" offset="54" sl="167" sc="17" el="167" ec="76" bec="0" bev="0" fileid="78" />
                <SequencePoint vc="2" uspid="2263" ordinal="7" offset="71" sl="168" sc="17" el="168" ec="76" bec="0" bev="0" fileid="78" />
                <SequencePoint vc="2" uspid="2264" ordinal="8" offset="88" sl="169" sc="17" el="169" ec="88" bec="0" bev="0" fileid="78" />
                <SequencePoint vc="2" uspid="2265" ordinal="9" offset="105" sl="170" sc="17" el="170" ec="80" bec="0" bev="0" fileid="78" />
                <SequencePoint vc="2" uspid="2266" ordinal="10" offset="122" sl="171" sc="17" el="171" ec="80" bec="0" bev="0" fileid="78" />
                <SequencePoint vc="2" uspid="2267" ordinal="11" offset="139" sl="174" sc="17" el="174" ec="76" bec="0" bev="0" fileid="78" />
                <SequencePoint vc="2" uspid="2268" ordinal="12" offset="150" sl="175" sc="17" el="175" ec="40" bec="2" bev="1" fileid="78" />
                <SequencePoint vc="0" uspid="2269" ordinal="13" offset="163" sl="176" sc="17" el="176" ec="18" bec="0" bev="0" fileid="78" />
                <SequencePoint vc="0" uspid="2270" ordinal="14" offset="164" sl="177" sc="21" el="177" ec="96" bec="0" bev="0" fileid="78" />
                <SequencePoint vc="2" uspid="2271" ordinal="15" offset="175" sl="180" sc="17" el="180" ec="111" bec="0" bev="0" fileid="78" />
                <SequencePoint vc="2" uspid="2272" ordinal="16" offset="197" sl="181" sc="17" el="181" ec="90" bec="0" bev="0" fileid="78" />
                <SequencePoint vc="2" uspid="2273" ordinal="17" offset="213" sl="182" sc="17" el="182" ec="94" bec="0" bev="0" fileid="78" />
                <SequencePoint vc="2" uspid="2274" ordinal="18" offset="222" sl="183" sc="17" el="183" ec="87" bec="0" bev="0" fileid="78" />
                <SequencePoint vc="2" uspid="2275" ordinal="19" offset="239" sl="184" sc="17" el="184" ec="95" bec="0" bev="0" fileid="78" />
                <SequencePoint vc="2" uspid="2276" ordinal="20" offset="249" sl="185" sc="17" el="185" ec="122" bec="0" bev="0" fileid="78" />
                <SequencePoint vc="2" uspid="2277" ordinal="21" offset="270" sl="186" sc="17" el="186" ec="133" bec="0" bev="0" fileid="78" />
                <SequencePoint vc="2" uspid="2278" ordinal="22" offset="302" sl="190" sc="17" el="190" ec="137" bec="0" bev="0" fileid="78" />
                <SequencePoint vc="2" uspid="2279" ordinal="23" offset="351" sl="191" sc="17" el="191" ec="89" bec="0" bev="0" fileid="78" />
                <SequencePoint vc="2" uspid="2280" ordinal="24" offset="368" sl="192" sc="17" el="192" ec="98" bec="0" bev="0" fileid="78" />
                <SequencePoint vc="2" uspid="2281" ordinal="25" offset="385" sl="193" sc="17" el="198" ec="42" bec="0" bev="0" fileid="78" />
                <SequencePoint vc="2" uspid="2282" ordinal="26" offset="402" sl="199" sc="17" el="204" ec="42" bec="0" bev="0" fileid="78" />
                <SequencePoint vc="2" uspid="2283" ordinal="27" offset="436" sl="205" sc="17" el="205" ec="46" bec="0" bev="0" fileid="78" />
                <SequencePoint vc="2" uspid="2284" ordinal="28" offset="448" sl="209" sc="17" el="214" ec="39" bec="0" bev="0" fileid="78" />
                <SequencePoint vc="2" uspid="2285" ordinal="29" offset="510" sl="215" sc="17" el="215" ec="94" bec="0" bev="0" fileid="78" />
                <SequencePoint vc="2" uspid="2286" ordinal="30" offset="527" sl="216" sc="17" el="222" ec="42" bec="0" bev="0" fileid="78" />
                <SequencePoint vc="2" uspid="2287" ordinal="31" offset="564" sl="223" sc="17" el="229" ec="52" bec="0" bev="0" fileid="78" />
                <SequencePoint vc="2" uspid="2288" ordinal="32" offset="611" sl="230" sc="13" el="230" ec="14" bec="0" bev="0" fileid="78" />
              </SequencePoints>
              <BranchPoints>
                <BranchPoint vc="0" uspid="2289" ordinal="0" offset="23" sl="161" path="0" offsetend="25" fileid="78" />
                <BranchPoint vc="2" uspid="2290" ordinal="1" offset="23" sl="161" path="1" offsetend="37" fileid="78" />
                <BranchPoint vc="0" uspid="2291" ordinal="2" offset="161" sl="175" path="0" offsetend="163" fileid="78" />
                <BranchPoint vc="2" uspid="2292" ordinal="3" offset="161" sl="175" path="1" offsetend="175" fileid="78" />
              </BranchPoints>
              <MethodPoint xsi:type="SequencePoint" vc="2" uspid="2256" ordinal="0" offset="0" sl="159" sc="13" el="159" ec="14" bec="0" bev="0" fileid="78" />
            </Method>
            <Method visited="true" cyclomaticComplexity="1" nPathComplexity="0" sequenceCoverage="100" branchCoverage="100" isConstructor="true" isStatic="false" isGetter="false" isSetter="false">
              <Summary numSequencePoints="4" visitedSequencePoints="4" numBranchPoints="1" visitedBranchPoints="1" sequenceCoverage="100" branchCoverage="100" maxCyclomaticComplexity="1" minCyclomaticComplexity="1" visitedClasses="0" numClasses="0" visitedMethods="1" numMethods="1" />
              <MetadataToken>100663720</MetadataToken>
              <Name>System.Void Puzzle.Core.Multitenancy.Internal.Logging.LibLog.LogProviders.SerilogLogProvider/SerilogLogger::.ctor(System.Object)</Name>
              <FileRef uid="78" />
              <SequencePoints>
                <SequencePoint vc="152" uspid="2293" ordinal="0" offset="0" sl="232" sc="13" el="232" ec="50" bec="0" bev="0" fileid="78" />
                <SequencePoint vc="152" uspid="2294" ordinal="1" offset="7" sl="233" sc="13" el="233" ec="14" bec="0" bev="0" fileid="78" />
                <SequencePoint vc="152" uspid="2295" ordinal="2" offset="8" sl="234" sc="17" el="234" ec="38" bec="0" bev="0" fileid="78" />
                <SequencePoint vc="152" uspid="2296" ordinal="3" offset="15" sl="235" sc="13" el="235" ec="14" bec="0" bev="0" fileid="78" />
              </SequencePoints>
              <BranchPoints />
              <MethodPoint xsi:type="SequencePoint" vc="152" uspid="2293" ordinal="0" offset="0" sl="232" sc="13" el="232" ec="50" bec="0" bev="0" fileid="78" />
            </Method>
            <Method visited="false" cyclomaticComplexity="4" nPathComplexity="8" sequenceCoverage="0" branchCoverage="0" isConstructor="false" isStatic="false" isGetter="false" isSetter="false">
              <Summary numSequencePoints="17" visitedSequencePoints="0" numBranchPoints="7" visitedBranchPoints="0" sequenceCoverage="0" branchCoverage="0" maxCyclomaticComplexity="4" minCyclomaticComplexity="4" visitedClasses="0" numClasses="0" visitedMethods="0" numMethods="1" />
              <MetadataToken>100663721</MetadataToken>
              <Name>System.Boolean Puzzle.Core.Multitenancy.Internal.Logging.LibLog.LogProviders.SerilogLogProvider/SerilogLogger::Log(Puzzle.Core.Multitenancy.Internal.Logging.LibLog.LogLevel,System.Func`1&lt;System.String&gt;,System.Exception,System.Object[])</Name>
              <FileRef uid="78" />
              <SequencePoints>
                <SequencePoint vc="0" uspid="2297" ordinal="0" offset="0" sl="238" sc="13" el="238" ec="14" bec="0" bev="0" fileid="78" />
                <SequencePoint vc="0" uspid="2298" ordinal="1" offset="1" sl="239" sc="17" el="239" ec="67" bec="0" bev="0" fileid="78" />
                <SequencePoint vc="0" uspid="2299" ordinal="2" offset="8" sl="240" sc="17" el="240" ec="41" bec="2" bev="0" fileid="78" />
                <SequencePoint vc="0" uspid="2300" ordinal="3" offset="16" sl="241" sc="17" el="241" ec="18" bec="0" bev="0" fileid="78" />
                <SequencePoint vc="0" uspid="2301" ordinal="4" offset="17" sl="242" sc="21" el="242" ec="63" bec="0" bev="0" fileid="78" />
                <SequencePoint vc="0" uspid="2302" ordinal="5" offset="37" sl="245" sc="17" el="245" ec="57" bec="2" bev="0" fileid="78" />
                <SequencePoint vc="0" uspid="2303" ordinal="6" offset="61" sl="246" sc="17" el="246" ec="18" bec="0" bev="0" fileid="78" />
                <SequencePoint vc="0" uspid="2304" ordinal="7" offset="62" sl="247" sc="21" el="247" ec="34" bec="0" bev="0" fileid="78" />
                <SequencePoint vc="0" uspid="2305" ordinal="8" offset="66" sl="250" sc="17" el="250" ec="39" bec="2" bev="0" fileid="78" />
                <SequencePoint vc="0" uspid="2306" ordinal="9" offset="76" sl="251" sc="17" el="251" ec="18" bec="0" bev="0" fileid="78" />
                <SequencePoint vc="0" uspid="2307" ordinal="10" offset="77" sl="252" sc="21" el="252" ec="93" bec="0" bev="0" fileid="78" />
                <SequencePoint vc="0" uspid="2308" ordinal="11" offset="89" sl="253" sc="17" el="253" ec="18" bec="0" bev="0" fileid="78" />
                <SequencePoint vc="0" uspid="2309" ordinal="12" offset="92" sl="255" sc="17" el="255" ec="18" bec="0" bev="0" fileid="78" />
                <SequencePoint vc="0" uspid="2310" ordinal="13" offset="93" sl="256" sc="21" el="256" ec="80" bec="0" bev="0" fileid="78" />
                <SequencePoint vc="0" uspid="2311" ordinal="14" offset="104" sl="257" sc="17" el="257" ec="18" bec="0" bev="0" fileid="78" />
                <SequencePoint vc="0" uspid="2312" ordinal="15" offset="105" sl="259" sc="17" el="259" ec="29" bec="0" bev="0" fileid="78" />
                <SequencePoint vc="0" uspid="2313" ordinal="16" offset="109" sl="260" sc="13" el="260" ec="14" bec="0" bev="0" fileid="78" />
              </SequencePoints>
              <BranchPoints>
                <BranchPoint vc="0" uspid="2314" ordinal="0" offset="14" sl="240" path="0" offsetend="16" fileid="78" />
                <BranchPoint vc="0" uspid="2315" ordinal="1" offset="14" sl="240" path="1" offsetend="37" fileid="78" />
                <BranchPoint vc="0" uspid="2316" ordinal="2" offset="59" sl="245" path="0" offsetend="61" fileid="78" />
                <BranchPoint vc="0" uspid="2317" ordinal="3" offset="59" sl="245" path="1" offsetend="66" fileid="78" />
                <BranchPoint vc="0" uspid="2318" ordinal="4" offset="74" sl="250" path="0" offsetend="76" fileid="78" />
                <BranchPoint vc="0" uspid="2319" ordinal="5" offset="74" sl="250" path="1" offsetend="92" fileid="78" />
              </BranchPoints>
              <MethodPoint xsi:type="SequencePoint" vc="0" uspid="2297" ordinal="0" offset="0" sl="238" sc="13" el="238" ec="14" bec="0" bev="0" fileid="78" />
            </Method>
            <Method visited="false" cyclomaticComplexity="7" nPathComplexity="7" sequenceCoverage="0" branchCoverage="0" isConstructor="false" isStatic="true" isGetter="false" isSetter="false">
              <Summary numSequencePoints="9" visitedSequencePoints="0" numBranchPoints="8" visitedBranchPoints="0" sequenceCoverage="0" branchCoverage="0" maxCyclomaticComplexity="7" minCyclomaticComplexity="7" visitedClasses="0" numClasses="0" visitedMethods="0" numMethods="1" />
              <MetadataToken>100663722</MetadataToken>
              <Name>System.Object Puzzle.Core.Multitenancy.Internal.Logging.LibLog.LogProviders.SerilogLogProvider/SerilogLogger::TranslateLevel(Puzzle.Core.Multitenancy.Internal.Logging.LibLog.LogLevel)</Name>
              <FileRef uid="78" />
              <SequencePoints>
                <SequencePoint vc="0" uspid="2320" ordinal="0" offset="0" sl="263" sc="13" el="263" ec="14" bec="0" bev="0" fileid="78" />
                <SequencePoint vc="0" uspid="2321" ordinal="1" offset="1" sl="264" sc="17" el="264" ec="34" bec="6" bev="0" fileid="78" />
                <SequencePoint vc="0" uspid="2322" ordinal="2" offset="35" sl="267" sc="25" el="267" ec="43" bec="0" bev="0" fileid="78" />
                <SequencePoint vc="0" uspid="2323" ordinal="3" offset="43" sl="269" sc="25" el="269" ec="43" bec="0" bev="0" fileid="78" />
                <SequencePoint vc="0" uspid="2324" ordinal="4" offset="51" sl="271" sc="25" el="271" ec="45" bec="0" bev="0" fileid="78" />
                <SequencePoint vc="0" uspid="2325" ordinal="5" offset="59" sl="273" sc="25" el="273" ec="49" bec="0" bev="0" fileid="78" />
                <SequencePoint vc="0" uspid="2326" ordinal="6" offset="67" sl="275" sc="25" el="275" ec="45" bec="0" bev="0" fileid="78" />
                <SequencePoint vc="0" uspid="2327" ordinal="7" offset="75" sl="277" sc="25" el="277" ec="43" bec="0" bev="0" fileid="78" />
                <SequencePoint vc="0" uspid="2328" ordinal="8" offset="83" sl="279" sc="13" el="279" ec="14" bec="0" bev="0" fileid="78" />
              </SequencePoints>
              <BranchPoints>
                <BranchPoint vc="0" uspid="2329" ordinal="0" offset="4" sl="264" path="0" offsetchain="33" offsetend="75" fileid="78" />
                <BranchPoint vc="0" uspid="2330" ordinal="1" offset="4" sl="264" path="1" offsetend="67" fileid="78" />
                <BranchPoint vc="0" uspid="2331" ordinal="2" offset="4" sl="264" path="2" offsetend="75" fileid="78" />
                <BranchPoint vc="0" uspid="2332" ordinal="3" offset="4" sl="264" path="3" offsetend="59" fileid="78" />
                <BranchPoint vc="0" uspid="2333" ordinal="4" offset="4" sl="264" path="4" offsetend="51" fileid="78" />
                <BranchPoint vc="0" uspid="2334" ordinal="5" offset="4" sl="264" path="5" offsetend="43" fileid="78" />
                <BranchPoint vc="0" uspid="2335" ordinal="6" offset="4" sl="264" path="6" offsetend="35" fileid="78" />
              </BranchPoints>
              <MethodPoint xsi:type="SequencePoint" vc="0" uspid="2320" ordinal="0" offset="0" sl="263" sc="13" el="263" ec="14" bec="0" bev="0" fileid="78" />
            </Method>
            <Method visited="false" cyclomaticComplexity="1" nPathComplexity="0" sequenceCoverage="0" branchCoverage="0" isConstructor="false" isStatic="false" isGetter="false" isSetter="false">
              <Summary numSequencePoints="3" visitedSequencePoints="0" numBranchPoints="1" visitedBranchPoints="0" sequenceCoverage="0" branchCoverage="0" maxCyclomaticComplexity="1" minCyclomaticComplexity="1" visitedClasses="0" numClasses="0" visitedMethods="0" numMethods="1" />
              <MetadataToken>100663723</MetadataToken>
              <Name>System.Void Puzzle.Core.Multitenancy.Internal.Logging.LibLog.LogProviders.SerilogLogProvider/SerilogLogger::LogMessage(System.Object,System.Func`1&lt;System.String&gt;,System.Object[])</Name>
              <FileRef uid="78" />
              <SequencePoints>
                <SequencePoint vc="0" uspid="2336" ordinal="0" offset="0" sl="282" sc="13" el="282" ec="14" bec="0" bev="0" fileid="78" />
                <SequencePoint vc="0" uspid="2337" ordinal="1" offset="1" sl="283" sc="17" el="283" ec="81" bec="0" bev="0" fileid="78" />
                <SequencePoint vc="0" uspid="2338" ordinal="2" offset="26" sl="284" sc="13" el="284" ec="14" bec="0" bev="0" fileid="78" />
              </SequencePoints>
              <BranchPoints />
              <MethodPoint xsi:type="SequencePoint" vc="0" uspid="2336" ordinal="0" offset="0" sl="282" sc="13" el="282" ec="14" bec="0" bev="0" fileid="78" />
            </Method>
            <Method visited="false" cyclomaticComplexity="1" nPathComplexity="0" sequenceCoverage="0" branchCoverage="0" isConstructor="false" isStatic="false" isGetter="false" isSetter="false">
              <Summary numSequencePoints="3" visitedSequencePoints="0" numBranchPoints="1" visitedBranchPoints="0" sequenceCoverage="0" branchCoverage="0" maxCyclomaticComplexity="1" minCyclomaticComplexity="1" visitedClasses="0" numClasses="0" visitedMethods="0" numMethods="1" />
              <MetadataToken>100663724</MetadataToken>
              <Name>System.Void Puzzle.Core.Multitenancy.Internal.Logging.LibLog.LogProviders.SerilogLogProvider/SerilogLogger::LogException(System.Object,System.Func`1&lt;System.String&gt;,System.Exception,System.Object[])</Name>
              <FileRef uid="78" />
              <SequencePoints>
                <SequencePoint vc="0" uspid="2339" ordinal="0" offset="0" sl="287" sc="13" el="287" ec="14" bec="0" bev="0" fileid="78" />
                <SequencePoint vc="0" uspid="2340" ordinal="1" offset="1" sl="288" sc="17" el="288" ec="90" bec="0" bev="0" fileid="78" />
                <SequencePoint vc="0" uspid="2341" ordinal="2" offset="28" sl="289" sc="13" el="289" ec="14" bec="0" bev="0" fileid="78" />
              </SequencePoints>
              <BranchPoints />
              <MethodPoint xsi:type="SequencePoint" vc="0" uspid="2339" ordinal="0" offset="0" sl="287" sc="13" el="287" ec="14" bec="0" bev="0" fileid="78" />
            </Method>
          </Methods>
        </Class>
        <Class>
          <Summary numSequencePoints="2" visitedSequencePoints="0" numBranchPoints="2" visitedBranchPoints="0" sequenceCoverage="0" branchCoverage="0" maxCyclomaticComplexity="1" minCyclomaticComplexity="1" visitedClasses="0" numClasses="1" visitedMethods="0" numMethods="2" />
          <FullName>Puzzle.Core.Multitenancy.Internal.Logging.LibLog.LogProviders.SerilogLogProvider/&lt;&gt;c</FullName>
          <Methods>
            <Method visited="false" cyclomaticComplexity="1" nPathComplexity="0" sequenceCoverage="0" branchCoverage="0" isConstructor="true" isStatic="true" isGetter="false" isSetter="false">
              <Summary numSequencePoints="0" visitedSequencePoints="0" numBranchPoints="0" visitedBranchPoints="0" sequenceCoverage="0" branchCoverage="0" maxCyclomaticComplexity="1" minCyclomaticComplexity="1" visitedClasses="0" numClasses="0" visitedMethods="0" numMethods="0" />
              <MetadataToken>100663725</MetadataToken>
              <Name>System.Void Puzzle.Core.Multitenancy.Internal.Logging.LibLog.LogProviders.SerilogLogProvider/&lt;&gt;c::.cctor()</Name>
              <SequencePoints />
              <BranchPoints />
              <MethodPoint vc="0" uspid="2342" ordinal="0" offset="0" />
            </Method>
            <Method visited="false" cyclomaticComplexity="1" nPathComplexity="0" sequenceCoverage="0" branchCoverage="0" isConstructor="true" isStatic="false" isGetter="false" isSetter="false">
              <Summary numSequencePoints="0" visitedSequencePoints="0" numBranchPoints="0" visitedBranchPoints="0" sequenceCoverage="0" branchCoverage="0" maxCyclomaticComplexity="1" minCyclomaticComplexity="1" visitedClasses="0" numClasses="0" visitedMethods="0" numMethods="0" />
              <MetadataToken>100663726</MetadataToken>
              <Name>System.Void Puzzle.Core.Multitenancy.Internal.Logging.LibLog.LogProviders.SerilogLogProvider/&lt;&gt;c::.ctor()</Name>
              <SequencePoints />
              <BranchPoints />
              <MethodPoint vc="0" uspid="2343" ordinal="0" offset="0" />
            </Method>
            <Method visited="false" cyclomaticComplexity="1" nPathComplexity="0" sequenceCoverage="0" branchCoverage="0" isConstructor="false" isStatic="false" isGetter="false" isSetter="false">
              <Summary numSequencePoints="1" visitedSequencePoints="0" numBranchPoints="1" visitedBranchPoints="0" sequenceCoverage="0" branchCoverage="0" maxCyclomaticComplexity="1" minCyclomaticComplexity="1" visitedClasses="0" numClasses="0" visitedMethods="0" numMethods="1" />
              <MetadataToken>100663727</MetadataToken>
              <Name>System.IDisposable Puzzle.Core.Multitenancy.Internal.Logging.LibLog.LogProviders.SerilogLogProvider/&lt;&gt;c::&lt;GetOpenNdcMethod&gt;b__8_0(System.String)</Name>
              <FileRef uid="78" />
              <SequencePoints>
                <SequencePoint vc="0" uspid="2344" ordinal="0" offset="0" sl="80" sc="31" el="80" ec="64" bec="0" bev="0" fileid="78" />
              </SequencePoints>
              <BranchPoints />
              <MethodPoint xsi:type="SequencePoint" vc="0" uspid="2344" ordinal="0" offset="0" sl="80" sc="31" el="80" ec="64" bec="0" bev="0" fileid="78" />
            </Method>
            <Method visited="false" cyclomaticComplexity="1" nPathComplexity="0" sequenceCoverage="0" branchCoverage="0" isConstructor="false" isStatic="false" isGetter="false" isSetter="false">
              <Summary numSequencePoints="1" visitedSequencePoints="0" numBranchPoints="1" visitedBranchPoints="0" sequenceCoverage="0" branchCoverage="0" maxCyclomaticComplexity="1" minCyclomaticComplexity="1" visitedClasses="0" numClasses="0" visitedMethods="0" numMethods="1" />
              <MetadataToken>100663728</MetadataToken>
              <Name>System.IDisposable Puzzle.Core.Multitenancy.Internal.Logging.LibLog.LogProviders.SerilogLogProvider/&lt;&gt;c::&lt;GetOpenMdcMethod&gt;b__9_0(System.String,System.String)</Name>
              <FileRef uid="78" />
              <SequencePoints>
                <SequencePoint vc="0" uspid="2345" ordinal="0" offset="0" sl="85" sc="36" el="85" ec="65" bec="0" bev="0" fileid="78" />
              </SequencePoints>
              <BranchPoints />
              <MethodPoint xsi:type="SequencePoint" vc="0" uspid="2345" ordinal="0" offset="0" sl="85" sc="36" el="85" ec="65" bec="0" bev="0" fileid="78" />
            </Method>
          </Methods>
        </Class>
        <Class>
          <Summary numSequencePoints="1" visitedSequencePoints="0" numBranchPoints="1" visitedBranchPoints="0" sequenceCoverage="0" branchCoverage="0" maxCyclomaticComplexity="1" minCyclomaticComplexity="1" visitedClasses="0" numClasses="1" visitedMethods="0" numMethods="1" />
          <FullName>Puzzle.Core.Multitenancy.Internal.Logging.LibLog.LogProviders.SerilogLogProvider/&lt;&gt;c__DisplayClass10_0</FullName>
          <Methods>
            <Method visited="false" cyclomaticComplexity="1" nPathComplexity="0" sequenceCoverage="0" branchCoverage="0" isConstructor="true" isStatic="false" isGetter="false" isSetter="false">
              <Summary numSequencePoints="0" visitedSequencePoints="0" numBranchPoints="0" visitedBranchPoints="0" sequenceCoverage="0" branchCoverage="0" maxCyclomaticComplexity="1" minCyclomaticComplexity="1" visitedClasses="0" numClasses="0" visitedMethods="0" numMethods="0" />
              <MetadataToken>100663729</MetadataToken>
              <Name>System.Void Puzzle.Core.Multitenancy.Internal.Logging.LibLog.LogProviders.SerilogLogProvider/&lt;&gt;c__DisplayClass10_0::.ctor()</Name>
              <SequencePoints />
              <BranchPoints />
              <MethodPoint vc="0" uspid="2346" ordinal="0" offset="0" />
            </Method>
            <Method visited="false" cyclomaticComplexity="1" nPathComplexity="0" sequenceCoverage="0" branchCoverage="0" isConstructor="false" isStatic="false" isGetter="false" isSetter="false">
              <Summary numSequencePoints="1" visitedSequencePoints="0" numBranchPoints="1" visitedBranchPoints="0" sequenceCoverage="0" branchCoverage="0" maxCyclomaticComplexity="1" minCyclomaticComplexity="1" visitedClasses="0" numClasses="0" visitedMethods="0" numMethods="1" />
              <MetadataToken>100663730</MetadataToken>
              <Name>System.IDisposable Puzzle.Core.Multitenancy.Internal.Logging.LibLog.LogProviders.SerilogLogProvider/&lt;&gt;c__DisplayClass10_0::&lt;GetPushProperty&gt;b__0(System.String,System.String)</Name>
              <FileRef uid="78" />
              <SequencePoints>
                <SequencePoint vc="0" uspid="2347" ordinal="0" offset="0" sl="112" sc="36" el="112" ec="67" bec="0" bev="0" fileid="78" />
              </SequencePoints>
              <BranchPoints />
              <MethodPoint xsi:type="SequencePoint" vc="0" uspid="2347" ordinal="0" offset="0" sl="112" sc="36" el="112" ec="67" bec="0" bev="0" fileid="78" />
            </Method>
          </Methods>
        </Class>
        <Class>
          <Summary numSequencePoints="1" visitedSequencePoints="1" numBranchPoints="1" visitedBranchPoints="1" sequenceCoverage="100" branchCoverage="100" maxCyclomaticComplexity="1" minCyclomaticComplexity="1" visitedClasses="1" numClasses="1" visitedMethods="1" numMethods="1" />
          <FullName>Puzzle.Core.Multitenancy.Internal.Logging.LibLog.LogProviders.SerilogLogProvider/&lt;&gt;c__DisplayClass12_0</FullName>
          <Methods>
            <Method visited="true" cyclomaticComplexity="1" nPathComplexity="0" sequenceCoverage="0" branchCoverage="0" isConstructor="true" isStatic="false" isGetter="false" isSetter="false">
              <Summary numSequencePoints="0" visitedSequencePoints="0" numBranchPoints="0" visitedBranchPoints="0" sequenceCoverage="0" branchCoverage="0" maxCyclomaticComplexity="1" minCyclomaticComplexity="1" visitedClasses="0" numClasses="0" visitedMethods="0" numMethods="0" />
              <MetadataToken>100663731</MetadataToken>
              <Name>System.Void Puzzle.Core.Multitenancy.Internal.Logging.LibLog.LogProviders.SerilogLogProvider/&lt;&gt;c__DisplayClass12_0::.ctor()</Name>
              <SequencePoints />
              <BranchPoints />
              <MethodPoint vc="152" uspid="2348" ordinal="0" offset="0" />
            </Method>
            <Method visited="true" cyclomaticComplexity="1" nPathComplexity="0" sequenceCoverage="100" branchCoverage="100" isConstructor="false" isStatic="false" isGetter="false" isSetter="false">
              <Summary numSequencePoints="1" visitedSequencePoints="1" numBranchPoints="1" visitedBranchPoints="1" sequenceCoverage="100" branchCoverage="100" maxCyclomaticComplexity="1" minCyclomaticComplexity="1" visitedClasses="0" numClasses="0" visitedMethods="1" numMethods="1" />
              <MetadataToken>100663732</MetadataToken>
              <Name>System.Object Puzzle.Core.Multitenancy.Internal.Logging.LibLog.LogProviders.SerilogLogProvider/&lt;&gt;c__DisplayClass12_0::&lt;GetForContextMethodCall&gt;b__0(System.String)</Name>
              <FileRef uid="78" />
              <SequencePoints>
                <SequencePoint vc="152" uspid="2349" ordinal="0" offset="0" sl="137" sc="28" el="137" ec="62" bec="0" bev="0" fileid="78" />
              </SequencePoints>
              <BranchPoints />
              <MethodPoint xsi:type="SequencePoint" vc="152" uspid="2349" ordinal="0" offset="0" sl="137" sc="28" el="137" ec="62" bec="0" bev="0" fileid="78" />
            </Method>
          </Methods>
        </Class>
        <Class>
          <Summary numSequencePoints="15" visitedSequencePoints="0" numBranchPoints="5" visitedBranchPoints="0" sequenceCoverage="0" branchCoverage="0" maxCyclomaticComplexity="3" minCyclomaticComplexity="3" visitedClasses="0" numClasses="1" visitedMethods="0" numMethods="1" />
          <FullName>Puzzle.Core.Multitenancy.Internal.Logging.LibLog.LogProviders.TraceEventTypeValues</FullName>
          <Methods>
            <Method visited="false" cyclomaticComplexity="3" nPathComplexity="4" sequenceCoverage="0" branchCoverage="0" isConstructor="true" isStatic="true" isGetter="false" isSetter="false">
              <Summary numSequencePoints="15" visitedSequencePoints="0" numBranchPoints="5" visitedBranchPoints="0" sequenceCoverage="0" branchCoverage="0" maxCyclomaticComplexity="3" minCyclomaticComplexity="3" visitedClasses="0" numClasses="0" visitedMethods="0" numMethods="1" />
              <MetadataToken>100663540</MetadataToken>
              <Name>System.Void Puzzle.Core.Multitenancy.Internal.Logging.LibLog.LogProviders.TraceEventTypeValues::.cctor()</Name>
              <FileRef uid="83" />
              <SequencePoints>
                <SequencePoint vc="0" uspid="2350" ordinal="0" offset="0" sl="56" sc="9" el="56" ec="10" bec="0" bev="0" fileid="83" />
                <SequencePoint vc="0" uspid="2351" ordinal="1" offset="1" sl="57" sc="13" el="57" ec="67" bec="0" bev="0" fileid="83" />
                <SequencePoint vc="0" uspid="2352" ordinal="2" offset="17" sl="58" sc="13" el="58" ec="34" bec="2" bev="0" fileid="83" />
                <SequencePoint vc="0" uspid="2353" ordinal="3" offset="28" sl="59" sc="13" el="59" ec="14" bec="0" bev="0" fileid="83" />
                <SequencePoint vc="0" uspid="2354" ordinal="4" offset="29" sl="60" sc="17" el="60" ec="24" bec="0" bev="0" fileid="83" />
                <SequencePoint vc="0" uspid="2355" ordinal="5" offset="34" sl="63" sc="13" el="63" ec="74" bec="0" bev="0" fileid="83" />
                <SequencePoint vc="0" uspid="2356" ordinal="6" offset="50" sl="64" sc="13" el="64" ec="30" bec="2" bev="0" fileid="83" />
                <SequencePoint vc="0" uspid="2357" ordinal="7" offset="65" sl="65" sc="13" el="65" ec="14" bec="0" bev="0" fileid="83" />
                <SequencePoint vc="0" uspid="2358" ordinal="8" offset="66" sl="66" sc="17" el="66" ec="24" bec="0" bev="0" fileid="83" />
                <SequencePoint vc="0" uspid="2359" ordinal="9" offset="71" sl="69" sc="13" el="69" ec="63" bec="0" bev="0" fileid="83" />
                <SequencePoint vc="0" uspid="2360" ordinal="10" offset="97" sl="70" sc="13" el="70" ec="71" bec="0" bev="0" fileid="83" />
                <SequencePoint vc="0" uspid="2361" ordinal="11" offset="123" sl="71" sc="13" el="71" ec="63" bec="0" bev="0" fileid="83" />
                <SequencePoint vc="0" uspid="2362" ordinal="12" offset="149" sl="72" sc="13" el="72" ec="59" bec="0" bev="0" fileid="83" />
                <SequencePoint vc="0" uspid="2363" ordinal="13" offset="175" sl="73" sc="13" el="73" ec="65" bec="0" bev="0" fileid="83" />
                <SequencePoint vc="0" uspid="2364" ordinal="14" offset="201" sl="74" sc="9" el="74" ec="10" bec="0" bev="0" fileid="83" />
              </SequencePoints>
              <BranchPoints>
                <BranchPoint vc="0" uspid="2365" ordinal="0" offset="26" sl="58" path="0" offsetend="28" fileid="83" />
                <BranchPoint vc="0" uspid="2366" ordinal="1" offset="26" sl="58" path="1" offsetend="34" fileid="83" />
                <BranchPoint vc="0" uspid="2367" ordinal="2" offset="63" sl="64" path="0" offsetend="65" fileid="83" />
                <BranchPoint vc="0" uspid="2368" ordinal="3" offset="63" sl="64" path="1" offsetend="71" fileid="83" />
              </BranchPoints>
              <MethodPoint xsi:type="SequencePoint" vc="0" uspid="2350" ordinal="0" offset="0" sl="56" sc="9" el="56" ec="10" bec="0" bev="0" fileid="83" />
            </Method>
          </Methods>
        </Class>
        <Class>
          <Summary numSequencePoints="27" visitedSequencePoints="3" numBranchPoints="9" visitedBranchPoints="1" sequenceCoverage="11.11" branchCoverage="11.11" maxCyclomaticComplexity="1" minCyclomaticComplexity="1" visitedClasses="1" numClasses="1" visitedMethods="1" numMethods="9" />
          <FullName>Puzzle.Core.Multitenancy.Internal.Logging.LibLog.LogProviders.TypeExtensions</FullName>
          <Methods>
            <Method visited="false" cyclomaticComplexity="1" nPathComplexity="0" sequenceCoverage="0" branchCoverage="0" isConstructor="false" isStatic="true" isGetter="false" isSetter="false">
              <Summary numSequencePoints="3" visitedSequencePoints="0" numBranchPoints="1" visitedBranchPoints="0" sequenceCoverage="0" branchCoverage="0" maxCyclomaticComplexity="1" minCyclomaticComplexity="1" visitedClasses="0" numClasses="0" visitedMethods="0" numMethods="1" />
              <MetadataToken>100663541</MetadataToken>
              <Name>System.Reflection.ConstructorInfo Puzzle.Core.Multitenancy.Internal.Logging.LibLog.LogProviders.TypeExtensions::GetConstructorPortable(System.Type,System.Type[])</Name>
              <FileRef uid="84" />
              <SequencePoints>
                <SequencePoint vc="0" uspid="2369" ordinal="0" offset="13" sl="48" sc="9" el="48" ec="10" bec="0" bev="0" fileid="84" />
                <SequencePoint vc="0" uspid="2370" ordinal="1" offset="14" sl="50" sc="13" el="53" ec="63" bec="0" bev="0" fileid="84" />
                <SequencePoint vc="0" uspid="2371" ordinal="2" offset="45" sl="57" sc="9" el="57" ec="10" bec="0" bev="0" fileid="84" />
              </SequencePoints>
              <BranchPoints />
              <MethodPoint vc="0" uspid="2372" ordinal="0" offset="0" />
            </Method>
            <Method visited="false" cyclomaticComplexity="1" nPathComplexity="0" sequenceCoverage="0" branchCoverage="0" isConstructor="false" isStatic="true" isGetter="false" isSetter="false">
              <Summary numSequencePoints="3" visitedSequencePoints="0" numBranchPoints="1" visitedBranchPoints="0" sequenceCoverage="0" branchCoverage="0" maxCyclomaticComplexity="1" minCyclomaticComplexity="1" visitedClasses="0" numClasses="0" visitedMethods="0" numMethods="1" />
              <MetadataToken>100663542</MetadataToken>
              <Name>System.Reflection.MethodInfo Puzzle.Core.Multitenancy.Internal.Logging.LibLog.LogProviders.TypeExtensions::GetMethodPortable(System.Type,System.String)</Name>
              <FileRef uid="84" />
              <SequencePoints>
                <SequencePoint vc="0" uspid="2373" ordinal="0" offset="13" sl="60" sc="9" el="60" ec="10" bec="0" bev="0" fileid="84" />
                <SequencePoint vc="0" uspid="2374" ordinal="1" offset="14" sl="62" sc="13" el="62" ec="82" bec="0" bev="0" fileid="84" />
                <SequencePoint vc="0" uspid="2375" ordinal="2" offset="40" sl="66" sc="9" el="66" ec="10" bec="0" bev="0" fileid="84" />
              </SequencePoints>
              <BranchPoints />
              <MethodPoint vc="0" uspid="2376" ordinal="0" offset="0" />
            </Method>
            <Method visited="true" cyclomaticComplexity="1" nPathComplexity="0" sequenceCoverage="100" branchCoverage="100" isConstructor="false" isStatic="true" isGetter="false" isSetter="false">
              <Summary numSequencePoints="3" visitedSequencePoints="3" numBranchPoints="1" visitedBranchPoints="1" sequenceCoverage="100" branchCoverage="100" maxCyclomaticComplexity="1" minCyclomaticComplexity="1" visitedClasses="0" numClasses="0" visitedMethods="1" numMethods="1" />
              <MetadataToken>100663543</MetadataToken>
              <Name>System.Reflection.MethodInfo Puzzle.Core.Multitenancy.Internal.Logging.LibLog.LogProviders.TypeExtensions::GetMethodPortable(System.Type,System.String,System.Type[])</Name>
              <FileRef uid="84" />
              <SequencePoints>
                <SequencePoint vc="158" uspid="2377" ordinal="0" offset="0" sl="69" sc="9" el="69" ec="10" bec="0" bev="0" fileid="84" />
                <SequencePoint vc="158" uspid="2378" ordinal="1" offset="1" sl="71" sc="13" el="71" ec="55" bec="0" bev="0" fileid="84" />
                <SequencePoint vc="158" uspid="2379" ordinal="2" offset="12" sl="75" sc="9" el="75" ec="10" bec="0" bev="0" fileid="84" />
              </SequencePoints>
              <BranchPoints />
              <MethodPoint xsi:type="SequencePoint" vc="158" uspid="2377" ordinal="0" offset="0" sl="69" sc="9" el="69" ec="10" bec="0" bev="0" fileid="84" />
            </Method>
            <Method visited="false" cyclomaticComplexity="1" nPathComplexity="0" sequenceCoverage="0" branchCoverage="0" isConstructor="false" isStatic="true" isGetter="false" isSetter="false">
              <Summary numSequencePoints="3" visitedSequencePoints="0" numBranchPoints="1" visitedBranchPoints="0" sequenceCoverage="0" branchCoverage="0" maxCyclomaticComplexity="1" minCyclomaticComplexity="1" visitedClasses="0" numClasses="0" visitedMethods="0" numMethods="1" />
              <MetadataToken>100663544</MetadataToken>
              <Name>System.Reflection.PropertyInfo Puzzle.Core.Multitenancy.Internal.Logging.LibLog.LogProviders.TypeExtensions::GetPropertyPortable(System.Type,System.String)</Name>
              <FileRef uid="84" />
              <SequencePoints>
                <SequencePoint vc="0" uspid="2380" ordinal="0" offset="0" sl="78" sc="9" el="78" ec="10" bec="0" bev="0" fileid="84" />
                <SequencePoint vc="0" uspid="2381" ordinal="1" offset="1" sl="80" sc="13" el="80" ec="50" bec="0" bev="0" fileid="84" />
                <SequencePoint vc="0" uspid="2382" ordinal="2" offset="11" sl="84" sc="9" el="84" ec="10" bec="0" bev="0" fileid="84" />
              </SequencePoints>
              <BranchPoints />
              <MethodPoint xsi:type="SequencePoint" vc="0" uspid="2380" ordinal="0" offset="0" sl="78" sc="9" el="78" ec="10" bec="0" bev="0" fileid="84" />
            </Method>
            <Method visited="false" cyclomaticComplexity="1" nPathComplexity="0" sequenceCoverage="0" branchCoverage="0" isConstructor="false" isStatic="true" isGetter="false" isSetter="false">
              <Summary numSequencePoints="3" visitedSequencePoints="0" numBranchPoints="1" visitedBranchPoints="0" sequenceCoverage="0" branchCoverage="0" maxCyclomaticComplexity="1" minCyclomaticComplexity="1" visitedClasses="0" numClasses="0" visitedMethods="0" numMethods="1" />
              <MetadataToken>100663545</MetadataToken>
              <Name>System.Collections.Generic.IEnumerable`1&lt;System.Reflection.FieldInfo&gt; Puzzle.Core.Multitenancy.Internal.Logging.LibLog.LogProviders.TypeExtensions::GetFieldsPortable(System.Type)</Name>
              <FileRef uid="84" />
              <SequencePoints>
                <SequencePoint vc="0" uspid="2383" ordinal="0" offset="0" sl="87" sc="9" el="87" ec="10" bec="0" bev="0" fileid="84" />
                <SequencePoint vc="0" uspid="2384" ordinal="1" offset="1" sl="89" sc="13" el="89" ec="44" bec="0" bev="0" fileid="84" />
                <SequencePoint vc="0" uspid="2385" ordinal="2" offset="10" sl="93" sc="9" el="93" ec="10" bec="0" bev="0" fileid="84" />
              </SequencePoints>
              <BranchPoints />
              <MethodPoint xsi:type="SequencePoint" vc="0" uspid="2383" ordinal="0" offset="0" sl="87" sc="9" el="87" ec="10" bec="0" bev="0" fileid="84" />
            </Method>
            <Method visited="false" cyclomaticComplexity="1" nPathComplexity="0" sequenceCoverage="0" branchCoverage="0" isConstructor="false" isStatic="true" isGetter="false" isSetter="false">
              <Summary numSequencePoints="3" visitedSequencePoints="0" numBranchPoints="1" visitedBranchPoints="0" sequenceCoverage="0" branchCoverage="0" maxCyclomaticComplexity="1" minCyclomaticComplexity="1" visitedClasses="0" numClasses="0" visitedMethods="0" numMethods="1" />
              <MetadataToken>100663546</MetadataToken>
              <Name>System.Type Puzzle.Core.Multitenancy.Internal.Logging.LibLog.LogProviders.TypeExtensions::GetBaseTypePortable(System.Type)</Name>
              <FileRef uid="84" />
              <SequencePoints>
                <SequencePoint vc="0" uspid="2386" ordinal="0" offset="0" sl="96" sc="9" el="96" ec="10" bec="0" bev="0" fileid="84" />
                <SequencePoint vc="0" uspid="2387" ordinal="1" offset="1" sl="98" sc="13" el="98" ec="48" bec="0" bev="0" fileid="84" />
                <SequencePoint vc="0" uspid="2388" ordinal="2" offset="15" sl="102" sc="9" el="102" ec="10" bec="0" bev="0" fileid="84" />
              </SequencePoints>
              <BranchPoints />
              <MethodPoint xsi:type="SequencePoint" vc="0" uspid="2386" ordinal="0" offset="0" sl="96" sc="9" el="96" ec="10" bec="0" bev="0" fileid="84" />
            </Method>
            <Method visited="false" cyclomaticComplexity="1" nPathComplexity="0" sequenceCoverage="0" branchCoverage="0" isConstructor="false" isStatic="true" isGetter="false" isSetter="false">
              <Summary numSequencePoints="3" visitedSequencePoints="0" numBranchPoints="1" visitedBranchPoints="0" sequenceCoverage="0" branchCoverage="0" maxCyclomaticComplexity="1" minCyclomaticComplexity="1" visitedClasses="0" numClasses="0" visitedMethods="0" numMethods="1" />
              <MetadataToken>100663547</MetadataToken>
              <Name>System.Reflection.MethodInfo Puzzle.Core.Multitenancy.Internal.Logging.LibLog.LogProviders.TypeExtensions::GetGetMethod(System.Reflection.PropertyInfo)</Name>
              <FileRef uid="84" />
              <SequencePoints>
                <SequencePoint vc="0" uspid="2389" ordinal="0" offset="0" sl="106" sc="9" el="106" ec="10" bec="0" bev="0" fileid="84" />
                <SequencePoint vc="0" uspid="2390" ordinal="1" offset="1" sl="107" sc="13" el="107" ec="43" bec="0" bev="0" fileid="84" />
                <SequencePoint vc="0" uspid="2391" ordinal="2" offset="10" sl="108" sc="9" el="108" ec="10" bec="0" bev="0" fileid="84" />
              </SequencePoints>
              <BranchPoints />
              <MethodPoint xsi:type="SequencePoint" vc="0" uspid="2389" ordinal="0" offset="0" sl="106" sc="9" el="106" ec="10" bec="0" bev="0" fileid="84" />
            </Method>
            <Method visited="false" cyclomaticComplexity="1" nPathComplexity="0" sequenceCoverage="0" branchCoverage="0" isConstructor="false" isStatic="true" isGetter="false" isSetter="false">
              <Summary numSequencePoints="3" visitedSequencePoints="0" numBranchPoints="1" visitedBranchPoints="0" sequenceCoverage="0" branchCoverage="0" maxCyclomaticComplexity="1" minCyclomaticComplexity="1" visitedClasses="0" numClasses="0" visitedMethods="0" numMethods="1" />
              <MetadataToken>100663548</MetadataToken>
              <Name>System.Reflection.MethodInfo Puzzle.Core.Multitenancy.Internal.Logging.LibLog.LogProviders.TypeExtensions::GetSetMethod(System.Reflection.PropertyInfo)</Name>
              <FileRef uid="84" />
              <SequencePoints>
                <SequencePoint vc="0" uspid="2392" ordinal="0" offset="0" sl="111" sc="9" el="111" ec="10" bec="0" bev="0" fileid="84" />
                <SequencePoint vc="0" uspid="2393" ordinal="1" offset="1" sl="112" sc="13" el="112" ec="43" bec="0" bev="0" fileid="84" />
                <SequencePoint vc="0" uspid="2394" ordinal="2" offset="10" sl="113" sc="9" el="113" ec="10" bec="0" bev="0" fileid="84" />
              </SequencePoints>
              <BranchPoints />
              <MethodPoint xsi:type="SequencePoint" vc="0" uspid="2392" ordinal="0" offset="0" sl="111" sc="9" el="111" ec="10" bec="0" bev="0" fileid="84" />
            </Method>
            <Method visited="false" cyclomaticComplexity="1" nPathComplexity="0" sequenceCoverage="0" branchCoverage="0" isConstructor="false" isStatic="true" isGetter="false" isSetter="false">
              <Summary numSequencePoints="3" visitedSequencePoints="0" numBranchPoints="1" visitedBranchPoints="0" sequenceCoverage="0" branchCoverage="0" maxCyclomaticComplexity="1" minCyclomaticComplexity="1" visitedClasses="0" numClasses="0" visitedMethods="0" numMethods="1" />
              <MetadataToken>100663549</MetadataToken>
              <Name>System.Reflection.Assembly Puzzle.Core.Multitenancy.Internal.Logging.LibLog.LogProviders.TypeExtensions::GetAssemblyPortable(System.Type)</Name>
              <FileRef uid="84" />
              <SequencePoints>
                <SequencePoint vc="0" uspid="2395" ordinal="0" offset="0" sl="124" sc="9" el="124" ec="10" bec="0" bev="0" fileid="84" />
                <SequencePoint vc="0" uspid="2396" ordinal="1" offset="1" sl="126" sc="13" el="126" ec="48" bec="0" bev="0" fileid="84" />
                <SequencePoint vc="0" uspid="2397" ordinal="2" offset="15" sl="130" sc="9" el="130" ec="10" bec="0" bev="0" fileid="84" />
              </SequencePoints>
              <BranchPoints />
              <MethodPoint xsi:type="SequencePoint" vc="0" uspid="2395" ordinal="0" offset="0" sl="124" sc="9" el="124" ec="10" bec="0" bev="0" fileid="84" />
            </Method>
          </Methods>
        </Class>
        <Class>
          <Summary numSequencePoints="1" visitedSequencePoints="0" numBranchPoints="1" visitedBranchPoints="0" sequenceCoverage="0" branchCoverage="0" maxCyclomaticComplexity="2" minCyclomaticComplexity="1" visitedClasses="0" numClasses="1" visitedMethods="0" numMethods="1" />
          <FullName>Puzzle.Core.Multitenancy.Internal.Logging.LibLog.LogProviders.TypeExtensions/&lt;&gt;c__DisplayClass0_0</FullName>
          <Methods>
            <Method visited="false" cyclomaticComplexity="1" nPathComplexity="0" sequenceCoverage="0" branchCoverage="0" isConstructor="true" isStatic="false" isGetter="false" isSetter="false">
              <Summary numSequencePoints="0" visitedSequencePoints="0" numBranchPoints="0" visitedBranchPoints="0" sequenceCoverage="0" branchCoverage="0" maxCyclomaticComplexity="1" minCyclomaticComplexity="1" visitedClasses="0" numClasses="0" visitedMethods="0" numMethods="0" />
              <MetadataToken>100663733</MetadataToken>
              <Name>System.Void Puzzle.Core.Multitenancy.Internal.Logging.LibLog.LogProviders.TypeExtensions/&lt;&gt;c__DisplayClass0_0::.ctor()</Name>
              <SequencePoints />
              <BranchPoints />
              <MethodPoint vc="0" uspid="2398" ordinal="0" offset="0" />
            </Method>
            <Method visited="false" cyclomaticComplexity="2" nPathComplexity="0" sequenceCoverage="0" branchCoverage="0" isConstructor="false" isStatic="false" isGetter="false" isSetter="false">
              <Summary numSequencePoints="1" visitedSequencePoints="0" numBranchPoints="1" visitedBranchPoints="0" sequenceCoverage="0" branchCoverage="0" maxCyclomaticComplexity="2" minCyclomaticComplexity="2" visitedClasses="0" numClasses="0" visitedMethods="0" numMethods="1" />
              <MetadataToken>100663734</MetadataToken>
              <Name>System.Boolean Puzzle.Core.Multitenancy.Internal.Logging.LibLog.LogProviders.TypeExtensions/&lt;&gt;c__DisplayClass0_0::&lt;GetConstructorPortable&gt;b__0(System.Reflection.ConstructorInfo)</Name>
              <FileRef uid="84" />
              <SequencePoints>
                <SequencePoint vc="0" uspid="2399" ordinal="0" offset="0" sl="51" sc="29" el="53" ec="61" bec="0" bev="0" fileid="84" />
              </SequencePoints>
              <BranchPoints />
              <MethodPoint xsi:type="SequencePoint" vc="0" uspid="2399" ordinal="0" offset="0" sl="51" sc="29" el="53" ec="61" bec="0" bev="0" fileid="84" />
            </Method>
          </Methods>
        </Class>
        <Class>
          <Summary numSequencePoints="1" visitedSequencePoints="0" numBranchPoints="1" visitedBranchPoints="0" sequenceCoverage="0" branchCoverage="0" maxCyclomaticComplexity="1" minCyclomaticComplexity="1" visitedClasses="0" numClasses="1" visitedMethods="0" numMethods="1" />
          <FullName>Puzzle.Core.Multitenancy.Internal.Logging.LibLog.LogProviders.TypeExtensions/&lt;&gt;c</FullName>
          <Methods>
            <Method visited="false" cyclomaticComplexity="1" nPathComplexity="0" sequenceCoverage="0" branchCoverage="0" isConstructor="true" isStatic="true" isGetter="false" isSetter="false">
              <Summary numSequencePoints="0" visitedSequencePoints="0" numBranchPoints="0" visitedBranchPoints="0" sequenceCoverage="0" branchCoverage="0" maxCyclomaticComplexity="1" minCyclomaticComplexity="1" visitedClasses="0" numClasses="0" visitedMethods="0" numMethods="0" />
              <MetadataToken>100663735</MetadataToken>
              <Name>System.Void Puzzle.Core.Multitenancy.Internal.Logging.LibLog.LogProviders.TypeExtensions/&lt;&gt;c::.cctor()</Name>
              <SequencePoints />
              <BranchPoints />
              <MethodPoint vc="0" uspid="2402" ordinal="0" offset="0" />
            </Method>
            <Method visited="false" cyclomaticComplexity="1" nPathComplexity="0" sequenceCoverage="0" branchCoverage="0" isConstructor="true" isStatic="false" isGetter="false" isSetter="false">
              <Summary numSequencePoints="0" visitedSequencePoints="0" numBranchPoints="0" visitedBranchPoints="0" sequenceCoverage="0" branchCoverage="0" maxCyclomaticComplexity="1" minCyclomaticComplexity="1" visitedClasses="0" numClasses="0" visitedMethods="0" numMethods="0" />
              <MetadataToken>100663736</MetadataToken>
              <Name>System.Void Puzzle.Core.Multitenancy.Internal.Logging.LibLog.LogProviders.TypeExtensions/&lt;&gt;c::.ctor()</Name>
              <SequencePoints />
              <BranchPoints />
              <MethodPoint vc="0" uspid="2403" ordinal="0" offset="0" />
            </Method>
            <Method visited="false" cyclomaticComplexity="1" nPathComplexity="0" sequenceCoverage="0" branchCoverage="0" isConstructor="false" isStatic="false" isGetter="false" isSetter="false">
              <Summary numSequencePoints="1" visitedSequencePoints="0" numBranchPoints="1" visitedBranchPoints="0" sequenceCoverage="0" branchCoverage="0" maxCyclomaticComplexity="1" minCyclomaticComplexity="1" visitedClasses="0" numClasses="0" visitedMethods="0" numMethods="1" />
              <MetadataToken>100663737</MetadataToken>
              <Name>System.Type Puzzle.Core.Multitenancy.Internal.Logging.LibLog.LogProviders.TypeExtensions/&lt;&gt;c::&lt;GetConstructorPortable&gt;b__0_1(System.Reflection.ParameterInfo)</Name>
              <FileRef uid="84" />
              <SequencePoints>
                <SequencePoint vc="0" uspid="2404" ordinal="0" offset="0" sl="52" sc="61" el="52" ec="84" bec="0" bev="0" fileid="84" />
              </SequencePoints>
              <BranchPoints />
              <MethodPoint xsi:type="SequencePoint" vc="0" uspid="2404" ordinal="0" offset="0" sl="52" sc="61" el="52" ec="84" bec="0" bev="0" fileid="84" />
            </Method>
          </Methods>
        </Class>
        <Class>
          <Summary numSequencePoints="1" visitedSequencePoints="0" numBranchPoints="1" visitedBranchPoints="0" sequenceCoverage="0" branchCoverage="0" maxCyclomaticComplexity="1" minCyclomaticComplexity="1" visitedClasses="0" numClasses="1" visitedMethods="0" numMethods="1" />
          <FullName>Puzzle.Core.Multitenancy.Internal.Logging.LibLog.LogProviders.TypeExtensions/&lt;&gt;c__DisplayClass1_0</FullName>
          <Methods>
            <Method visited="false" cyclomaticComplexity="1" nPathComplexity="0" sequenceCoverage="0" branchCoverage="0" isConstructor="true" isStatic="false" isGetter="false" isSetter="false">
              <Summary numSequencePoints="0" visitedSequencePoints="0" numBranchPoints="0" visitedBranchPoints="0" sequenceCoverage="0" branchCoverage="0" maxCyclomaticComplexity="1" minCyclomaticComplexity="1" visitedClasses="0" numClasses="0" visitedMethods="0" numMethods="0" />
              <MetadataToken>100663738</MetadataToken>
              <Name>System.Void Puzzle.Core.Multitenancy.Internal.Logging.LibLog.LogProviders.TypeExtensions/&lt;&gt;c__DisplayClass1_0::.ctor()</Name>
              <SequencePoints />
              <BranchPoints />
              <MethodPoint vc="0" uspid="2405" ordinal="0" offset="0" />
            </Method>
            <Method visited="false" cyclomaticComplexity="1" nPathComplexity="0" sequenceCoverage="0" branchCoverage="0" isConstructor="false" isStatic="false" isGetter="false" isSetter="false">
              <Summary numSequencePoints="1" visitedSequencePoints="0" numBranchPoints="1" visitedBranchPoints="0" sequenceCoverage="0" branchCoverage="0" maxCyclomaticComplexity="1" minCyclomaticComplexity="1" visitedClasses="0" numClasses="0" visitedMethods="0" numMethods="1" />
              <MetadataToken>100663739</MetadataToken>
              <Name>System.Boolean Puzzle.Core.Multitenancy.Internal.Logging.LibLog.LogProviders.TypeExtensions/&lt;&gt;c__DisplayClass1_0::&lt;GetMethodPortable&gt;b__0(System.Reflection.MethodInfo)</Name>
              <FileRef uid="84" />
              <SequencePoints>
                <SequencePoint vc="0" uspid="2406" ordinal="0" offset="0" sl="62" sc="66" el="62" ec="80" bec="0" bev="0" fileid="84" />
              </SequencePoints>
              <BranchPoints />
              <MethodPoint xsi:type="SequencePoint" vc="0" uspid="2406" ordinal="0" offset="0" sl="62" sc="66" el="62" ec="80" bec="0" bev="0" fileid="84" />
            </Method>
          </Methods>
        </Class>
        <Class>
          <Summary numSequencePoints="17" visitedSequencePoints="17" numBranchPoints="6" visitedBranchPoints="6" sequenceCoverage="100" branchCoverage="100" maxCyclomaticComplexity="2" minCyclomaticComplexity="1" visitedClasses="1" numClasses="1" visitedMethods="6" numMethods="6" />
          <FullName>Puzzle.Core.Multitenancy.Internal.Configurations.MultiTenancyConfig</FullName>
          <Methods>
            <Method skippedDueTo="AutoImplementedProperty" visited="false" cyclomaticComplexity="1" nPathComplexity="0" sequenceCoverage="0" branchCoverage="0" isConstructor="false" isStatic="false" isGetter="true" isSetter="false">
              <MetadataToken>100663552</MetadataToken>
              <Name>Microsoft.Extensions.Configuration.IConfiguration Puzzle.Core.Multitenancy.Internal.Configurations.MultiTenancyConfig::get_Config()</Name>
              <FileRef uid="88" />
              <SequencePoints />
              <BranchPoints />
            </Method>
            <Method skippedDueTo="AutoImplementedProperty" visited="false" cyclomaticComplexity="1" nPathComplexity="0" sequenceCoverage="0" branchCoverage="0" isConstructor="false" isStatic="false" isGetter="false" isSetter="true">
              <MetadataToken>100663553</MetadataToken>
              <Name>System.Void Puzzle.Core.Multitenancy.Internal.Configurations.MultiTenancyConfig::set_Config(Microsoft.Extensions.Configuration.IConfiguration)</Name>
              <FileRef uid="88" />
              <SequencePoints />
              <BranchPoints />
            </Method>
            <Method visited="true" cyclomaticComplexity="1" nPathComplexity="0" sequenceCoverage="100" branchCoverage="100" isConstructor="false" isStatic="false" isGetter="true" isSetter="false">
              <Summary numSequencePoints="1" visitedSequencePoints="1" numBranchPoints="1" visitedBranchPoints="1" sequenceCoverage="100" branchCoverage="100" maxCyclomaticComplexity="1" minCyclomaticComplexity="1" visitedClasses="0" numClasses="0" visitedMethods="1" numMethods="1" />
              <MetadataToken>100663554</MetadataToken>
              <Name>Puzzle.Core.Multitenancy.Internal.Options.MultitenancyOptions Puzzle.Core.Multitenancy.Internal.Configurations.MultiTenancyConfig::get_CurrentMultiTenacyOptionsValue()</Name>
              <FileRef uid="88" />
              <SequencePoints>
                <SequencePoint vc="32" uspid="2407" ordinal="0" offset="0" sl="23" sc="70" el="23" ec="143" bec="0" bev="0" fileid="88" />
              </SequencePoints>
              <BranchPoints />
              <MethodPoint xsi:type="SequencePoint" vc="32" uspid="2407" ordinal="0" offset="0" sl="23" sc="70" el="23" ec="143" bec="0" bev="0" fileid="88" />
            </Method>
            <Method visited="true" cyclomaticComplexity="1" nPathComplexity="0" sequenceCoverage="100" branchCoverage="100" isConstructor="false" isStatic="false" isGetter="true" isSetter="false">
              <Summary numSequencePoints="1" visitedSequencePoints="1" numBranchPoints="1" visitedBranchPoints="1" sequenceCoverage="100" branchCoverage="100" maxCyclomaticComplexity="1" minCyclomaticComplexity="1" visitedClasses="0" numClasses="0" visitedMethods="1" numMethods="1" />
              <MetadataToken>100663555</MetadataToken>
              <Name>System.Char Puzzle.Core.Multitenancy.Internal.Configurations.MultiTenancyConfig::get_Ds()</Name>
              <FileRef uid="88" />
              <SequencePoints>
                <SequencePoint vc="32" uspid="2408" ordinal="0" offset="0" sl="25" sc="30" el="25" ec="67" bec="0" bev="0" fileid="88" />
              </SequencePoints>
              <BranchPoints />
              <MethodPoint xsi:type="SequencePoint" vc="32" uspid="2408" ordinal="0" offset="0" sl="25" sc="30" el="25" ec="67" bec="0" bev="0" fileid="88" />
            </Method>
            <Method visited="true" cyclomaticComplexity="1" nPathComplexity="0" sequenceCoverage="100" branchCoverage="100" isConstructor="true" isStatic="false" isGetter="false" isSetter="false">
              <Summary numSequencePoints="5" visitedSequencePoints="5" numBranchPoints="1" visitedBranchPoints="1" sequenceCoverage="100" branchCoverage="100" maxCyclomaticComplexity="1" minCyclomaticComplexity="1" visitedClasses="0" numClasses="0" visitedMethods="1" numMethods="1" />
              <MetadataToken>100663550</MetadataToken>
              <Name>System.Void Puzzle.Core.Multitenancy.Internal.Configurations.MultiTenancyConfig::.ctor(System.String,Microsoft.Extensions.Configuration.IConfiguration)</Name>
              <FileRef uid="88" />
              <SequencePoints>
                <SequencePoint vc="32" uspid="2409" ordinal="0" offset="0" sl="13" sc="9" el="13" ec="103" bec="0" bev="0" fileid="88" />
                <SequencePoint vc="32" uspid="2410" ordinal="1" offset="7" sl="14" sc="9" el="14" ec="10" bec="0" bev="0" fileid="88" />
                <SequencePoint vc="32" uspid="2411" ordinal="2" offset="8" sl="15" sc="13" el="15" ec="44" bec="0" bev="0" fileid="88" />
                <SequencePoint vc="32" uspid="2412" ordinal="3" offset="15" sl="16" sc="13" el="16" ec="85" bec="0" bev="0" fileid="88" />
                <SequencePoint vc="32" uspid="2413" ordinal="4" offset="35" sl="17" sc="9" el="17" ec="10" bec="0" bev="0" fileid="88" />
              </SequencePoints>
              <BranchPoints />
              <MethodPoint xsi:type="SequencePoint" vc="32" uspid="2409" ordinal="0" offset="0" sl="13" sc="9" el="13" ec="103" bec="0" bev="0" fileid="88" />
            </Method>
            <Method visited="true" cyclomaticComplexity="1" nPathComplexity="0" sequenceCoverage="100" branchCoverage="100" isConstructor="true" isStatic="false" isGetter="false" isSetter="false">
              <Summary numSequencePoints="2" visitedSequencePoints="2" numBranchPoints="1" visitedBranchPoints="1" sequenceCoverage="100" branchCoverage="100" maxCyclomaticComplexity="1" minCyclomaticComplexity="1" visitedClasses="0" numClasses="0" visitedMethods="1" numMethods="1" />
              <MetadataToken>100663551</MetadataToken>
              <Name>System.Void Puzzle.Core.Multitenancy.Internal.Configurations.MultiTenancyConfig::.ctor(Microsoft.AspNetCore.Hosting.IHostingEnvironment)</Name>
              <FileRef uid="88" />
              <SequencePoints>
                <SequencePoint vc="2" uspid="2414" ordinal="0" offset="0" sl="19" sc="9" el="19" ec="59" bec="0" bev="0" fileid="88" />
                <SequencePoint vc="2" uspid="2415" ordinal="1" offset="7" sl="19" sc="63" el="19" ec="98" bec="0" bev="0" fileid="88" />
              </SequencePoints>
              <BranchPoints />
              <MethodPoint xsi:type="SequencePoint" vc="2" uspid="2414" ordinal="0" offset="0" sl="19" sc="9" el="19" ec="59" bec="0" bev="0" fileid="88" />
            </Method>
            <Method visited="true" cyclomaticComplexity="2" nPathComplexity="0" sequenceCoverage="100" branchCoverage="100" isConstructor="false" isStatic="true" isGetter="false" isSetter="false">
              <Summary numSequencePoints="3" visitedSequencePoints="3" numBranchPoints="1" visitedBranchPoints="1" sequenceCoverage="100" branchCoverage="100" maxCyclomaticComplexity="2" minCyclomaticComplexity="2" visitedClasses="0" numClasses="0" visitedMethods="1" numMethods="1" />
              <MetadataToken>100663556</MetadataToken>
              <Name>Microsoft.Extensions.Configuration.IConfiguration Puzzle.Core.Multitenancy.Internal.Configurations.MultiTenancyConfig::BuildConfiguration(System.Char,System.String,Microsoft.Extensions.Configuration.IConfiguration)</Name>
              <FileRef uid="88" />
              <SequencePoints>
                <SequencePoint vc="32" uspid="2416" ordinal="0" offset="8" sl="30" sc="9" el="30" ec="10" bec="0" bev="0" fileid="88" />
                <SequencePoint vc="32" uspid="2417" ordinal="1" offset="10" sl="48" sc="13" el="48" ec="118" bec="0" bev="0" fileid="88" />
                <SequencePoint vc="32" uspid="2418" ordinal="2" offset="29" sl="49" sc="9" el="49" ec="10" bec="0" bev="0" fileid="88" />
              </SequencePoints>
              <BranchPoints />
              <MethodPoint vc="32" uspid="2421" ordinal="0" offset="0" />
            </Method>
            <Method visited="true" cyclomaticComplexity="1" nPathComplexity="0" sequenceCoverage="100" branchCoverage="100" isConstructor="false" isStatic="true" isGetter="false" isSetter="false">
              <Summary numSequencePoints="5" visitedSequencePoints="5" numBranchPoints="1" visitedBranchPoints="1" sequenceCoverage="100" branchCoverage="100" maxCyclomaticComplexity="1" minCyclomaticComplexity="1" visitedClasses="0" numClasses="0" visitedMethods="1" numMethods="1" />
              <MetadataToken>100663557</MetadataToken>
              <Name>Microsoft.Extensions.Configuration.IConfiguration Puzzle.Core.Multitenancy.Internal.Configurations.MultiTenancyConfig::&lt;BuildConfiguration&gt;g__BuildDefaultConfiguration|11_0(System.String,Puzzle.Core.Multitenancy.Internal.Configurations.MultiTenancyConfig/&lt;&gt;c__DisplayClass11_0&amp;)</Name>
              <FileRef uid="88" />
              <SequencePoints>
                <SequencePoint vc="4" uspid="2422" ordinal="0" offset="0" sl="35" sc="13" el="35" ec="14" bec="0" bev="0" fileid="88" />
                <SequencePoint vc="4" uspid="2423" ordinal="1" offset="1" sl="36" sc="17" el="36" ec="130" bec="0" bev="0" fileid="88" />
                <SequencePoint vc="4" uspid="2424" ordinal="2" offset="7" sl="37" sc="17" el="43" ec="22" bec="0" bev="0" fileid="88" />
                <SequencePoint vc="4" uspid="2425" ordinal="3" offset="154" sl="45" sc="17" el="45" ec="31" bec="0" bev="0" fileid="88" />
                <SequencePoint vc="4" uspid="2426" ordinal="4" offset="158" sl="46" sc="13" el="46" ec="14" bec="0" bev="0" fileid="88" />
              </SequencePoints>
              <BranchPoints />
              <MethodPoint xsi:type="SequencePoint" vc="4" uspid="2422" ordinal="0" offset="0" sl="35" sc="13" el="35" ec="14" bec="0" bev="0" fileid="88" />
            </Method>
          </Methods>
        </Class>
        <Class>
          <Summary numSequencePoints="3" visitedSequencePoints="3" numBranchPoints="1" visitedBranchPoints="1" sequenceCoverage="100" branchCoverage="100" maxCyclomaticComplexity="1" minCyclomaticComplexity="1" visitedClasses="1" numClasses="1" visitedMethods="1" numMethods="1" />
          <FullName>Puzzle.Core.Multitenancy.Internal.Configurations.MultiTenancyConfig/HostingStartupConfigurationExtensions</FullName>
          <Methods>
            <Method visited="true" cyclomaticComplexity="1" nPathComplexity="0" sequenceCoverage="100" branchCoverage="100" isConstructor="false" isStatic="true" isGetter="false" isSetter="false">
              <Summary numSequencePoints="3" visitedSequencePoints="3" numBranchPoints="1" visitedBranchPoints="1" sequenceCoverage="100" branchCoverage="100" maxCyclomaticComplexity="1" minCyclomaticComplexity="1" visitedClasses="0" numClasses="0" visitedMethods="1" numMethods="1" />
              <MetadataToken>100663740</MetadataToken>
              <Name>Microsoft.Extensions.Configuration.IConfigurationBuilder Puzzle.Core.Multitenancy.Internal.Configurations.MultiTenancyConfig/HostingStartupConfigurationExtensions::GetBaseConfigurationBuilder()</Name>
              <FileRef uid="88" />
              <SequencePoints>
                <SequencePoint vc="4" uspid="2427" ordinal="0" offset="0" sl="54" sc="13" el="54" ec="14" bec="0" bev="0" fileid="88" />
                <SequencePoint vc="4" uspid="2428" ordinal="1" offset="1" sl="55" sc="17" el="57" ec="22" bec="0" bev="0" fileid="88" />
                <SequencePoint vc="4" uspid="2429" ordinal="2" offset="19" sl="58" sc="13" el="58" ec="14" bec="0" bev="0" fileid="88" />
              </SequencePoints>
              <BranchPoints />
              <MethodPoint xsi:type="SequencePoint" vc="4" uspid="2427" ordinal="0" offset="0" sl="54" sc="13" el="54" ec="14" bec="0" bev="0" fileid="88" />
            </Method>
          </Methods>
        </Class>
        <Class>
          <Summary numSequencePoints="8" visitedSequencePoints="0" numBranchPoints="2" visitedBranchPoints="0" sequenceCoverage="0" branchCoverage="0" maxCyclomaticComplexity="1" minCyclomaticComplexity="1" visitedClasses="0" numClasses="1" visitedMethods="0" numMethods="2" />
          <FullName>Puzzle.Core.Multitenancy.Extensions.LoggerFactoryExtensions</FullName>
          <Methods>
            <Method visited="false" cyclomaticComplexity="1" nPathComplexity="0" sequenceCoverage="0" branchCoverage="0" isConstructor="false" isStatic="true" isGetter="false" isSetter="false">
              <Summary numSequencePoints="5" visitedSequencePoints="0" numBranchPoints="1" visitedBranchPoints="0" sequenceCoverage="0" branchCoverage="0" maxCyclomaticComplexity="1" minCyclomaticComplexity="1" visitedClasses="0" numClasses="0" visitedMethods="0" numMethods="1" />
              <MetadataToken>100663558</MetadataToken>
              <Name>Microsoft.Extensions.Logging.ILoggerFactory Puzzle.Core.Multitenancy.Extensions.LoggerFactoryExtensions::AddTenantLogger(Microsoft.Extensions.Logging.ILoggerFactory,TTenant,System.IServiceProvider,Microsoft.Extensions.Logging.LogLevel)</Name>
              <FileRef uid="90" />
              <SequencePoints>
                <SequencePoint vc="0" uspid="2430" ordinal="0" offset="13" sl="18" sc="9" el="18" ec="10" bec="0" bev="0" fileid="90" />
                <SequencePoint vc="0" uspid="2431" ordinal="1" offset="14" sl="19" sc="13" el="19" ec="107" bec="0" bev="0" fileid="90" />
                <SequencePoint vc="0" uspid="2432" ordinal="2" offset="21" sl="20" sc="13" el="24" ec="56" bec="0" bev="0" fileid="90" />
                <SequencePoint vc="0" uspid="2433" ordinal="3" offset="42" sl="26" sc="13" el="26" ec="28" bec="0" bev="0" fileid="90" />
                <SequencePoint vc="0" uspid="2434" ordinal="4" offset="46" sl="27" sc="9" el="27" ec="10" bec="0" bev="0" fileid="90" />
              </SequencePoints>
              <BranchPoints />
              <MethodPoint vc="0" uspid="2435" ordinal="0" offset="0" />
            </Method>
            <Method visited="false" cyclomaticComplexity="1" nPathComplexity="0" sequenceCoverage="0" branchCoverage="0" isConstructor="false" isStatic="true" isGetter="false" isSetter="false">
              <Summary numSequencePoints="3" visitedSequencePoints="0" numBranchPoints="1" visitedBranchPoints="0" sequenceCoverage="0" branchCoverage="0" maxCyclomaticComplexity="1" minCyclomaticComplexity="1" visitedClasses="0" numClasses="0" visitedMethods="0" numMethods="1" />
              <MetadataToken>100663559</MetadataToken>
              <Name>Microsoft.Extensions.Logging.ILoggerFactory Puzzle.Core.Multitenancy.Extensions.LoggerFactoryExtensions::AddTenantLogger(Microsoft.Extensions.Logging.ILoggerFactory,TTenant,Microsoft.AspNetCore.Http.IHttpContextAccessor,System.Func`3&lt;System.String,Microsoft.Extensions.Logging.LogLevel,System.Boolean&gt;)</Name>
              <FileRef uid="90" />
              <SequencePoints>
                <SequencePoint vc="0" uspid="2436" ordinal="0" offset="0" sl="34" sc="9" el="34" ec="10" bec="0" bev="0" fileid="90" />
                <SequencePoint vc="0" uspid="2437" ordinal="1" offset="1" sl="39" sc="13" el="39" ec="28" bec="0" bev="0" fileid="90" />
                <SequencePoint vc="0" uspid="2438" ordinal="2" offset="5" sl="40" sc="9" el="40" ec="10" bec="0" bev="0" fileid="90" />
              </SequencePoints>
              <BranchPoints />
              <MethodPoint xsi:type="SequencePoint" vc="0" uspid="2436" ordinal="0" offset="0" sl="34" sc="9" el="34" ec="10" bec="0" bev="0" fileid="90" />
            </Method>
          </Methods>
        </Class>
        <Class>
          <Summary numSequencePoints="1" visitedSequencePoints="0" numBranchPoints="1" visitedBranchPoints="0" sequenceCoverage="0" branchCoverage="0" maxCyclomaticComplexity="1" minCyclomaticComplexity="1" visitedClasses="0" numClasses="1" visitedMethods="0" numMethods="1" />
          <FullName>Puzzle.Core.Multitenancy.Extensions.LoggerFactoryExtensions/&lt;&gt;c__DisplayClass0_0`1</FullName>
          <Methods>
            <Method visited="false" cyclomaticComplexity="1" nPathComplexity="0" sequenceCoverage="0" branchCoverage="0" isConstructor="true" isStatic="false" isGetter="false" isSetter="false">
              <Summary numSequencePoints="0" visitedSequencePoints="0" numBranchPoints="0" visitedBranchPoints="0" sequenceCoverage="0" branchCoverage="0" maxCyclomaticComplexity="1" minCyclomaticComplexity="1" visitedClasses="0" numClasses="0" visitedMethods="0" numMethods="0" />
              <MetadataToken>100663741</MetadataToken>
              <Name>System.Void Puzzle.Core.Multitenancy.Extensions.LoggerFactoryExtensions/&lt;&gt;c__DisplayClass0_0`1::.ctor()</Name>
              <SequencePoints />
              <BranchPoints />
              <MethodPoint vc="0" uspid="2439" ordinal="0" offset="0" />
            </Method>
            <Method visited="false" cyclomaticComplexity="1" nPathComplexity="0" sequenceCoverage="0" branchCoverage="0" isConstructor="false" isStatic="false" isGetter="false" isSetter="false">
              <Summary numSequencePoints="1" visitedSequencePoints="0" numBranchPoints="1" visitedBranchPoints="0" sequenceCoverage="0" branchCoverage="0" maxCyclomaticComplexity="1" minCyclomaticComplexity="1" visitedClasses="0" numClasses="0" visitedMethods="0" numMethods="1" />
              <MetadataToken>100663742</MetadataToken>
              <Name>System.Boolean Puzzle.Core.Multitenancy.Extensions.LoggerFactoryExtensions/&lt;&gt;c__DisplayClass0_0`1::&lt;AddTenantLogger&gt;b__0(System.String,Microsoft.Extensions.Logging.LogLevel)</Name>
              <FileRef uid="90" />
              <SequencePoints>
                <SequencePoint vc="0" uspid="2440" ordinal="0" offset="0" sl="24" sc="34" el="24" ec="54" bec="0" bev="0" fileid="90" />
              </SequencePoints>
              <BranchPoints />
              <MethodPoint xsi:type="SequencePoint" vc="0" uspid="2440" ordinal="0" offset="0" sl="24" sc="34" el="24" ec="54" bec="0" bev="0" fileid="90" />
            </Method>
          </Methods>
        </Class>
        <Class>
          <Summary numSequencePoints="11" visitedSequencePoints="11" numBranchPoints="3" visitedBranchPoints="3" sequenceCoverage="100" branchCoverage="100" maxCyclomaticComplexity="3" minCyclomaticComplexity="3" visitedClasses="1" numClasses="1" visitedMethods="1" numMethods="1" />
          <FullName>Puzzle.Core.Multitenancy.Extensions.MultitenancyApplicationBuilderExtensions</FullName>
          <Methods>
            <Method visited="true" cyclomaticComplexity="3" nPathComplexity="2" sequenceCoverage="100" branchCoverage="100" isConstructor="false" isStatic="true" isGetter="false" isSetter="false">
              <Summary numSequencePoints="11" visitedSequencePoints="11" numBranchPoints="3" visitedBranchPoints="3" sequenceCoverage="100" branchCoverage="100" maxCyclomaticComplexity="3" minCyclomaticComplexity="3" visitedClasses="0" numClasses="0" visitedMethods="1" numMethods="1" />
              <MetadataToken>100663560</MetadataToken>
              <Name>Microsoft.AspNetCore.Builder.IApplicationBuilder Puzzle.Core.Multitenancy.Extensions.MultitenancyApplicationBuilderExtensions::UseMultitenancy(Microsoft.AspNetCore.Builder.IApplicationBuilder)</Name>
              <FileRef uid="92" />
              <SequencePoints>
                <SequencePoint vc="26" uspid="2441" ordinal="0" offset="0" sl="14" sc="9" el="14" ec="10" bec="0" bev="0" fileid="92" />
                <SequencePoint vc="26" uspid="2442" ordinal="1" offset="1" sl="15" sc="13" el="15" ec="29" bec="2" bev="2" fileid="92" />
                <SequencePoint vc="2" uspid="2443" ordinal="2" offset="9" sl="16" sc="13" el="16" ec="14" bec="0" bev="0" fileid="92" />
                <SequencePoint vc="2" uspid="2444" ordinal="3" offset="10" sl="17" sc="17" el="17" ec="93" bec="0" bev="0" fileid="92" />
                <SequencePoint vc="24" uspid="2445" ordinal="4" offset="31" sl="20" sc="20" el="20" ec="129" bec="0" bev="0" fileid="92" />
                <SequencePoint vc="24" uspid="2446" ordinal="5" offset="54" sl="21" sc="13" el="21" ec="14" bec="0" bev="0" fileid="92" />
                <SequencePoint vc="24" uspid="2447" ordinal="6" offset="55" sl="22" sc="17" el="22" ec="156" bec="0" bev="0" fileid="92" />
                <SequencePoint vc="24" uspid="2448" ordinal="7" offset="72" sl="23" sc="17" el="23" ec="135" bec="0" bev="0" fileid="92" />
                <SequencePoint vc="24" uspid="2449" ordinal="8" offset="89" sl="24" sc="17" el="24" ec="111" bec="0" bev="0" fileid="92" />
                <SequencePoint vc="24" uspid="2450" ordinal="9" offset="108" sl="25" sc="17" el="25" ec="28" bec="0" bev="0" fileid="92" />
                <SequencePoint vc="24" uspid="2451" ordinal="10" offset="123" sl="27" sc="9" el="27" ec="10" bec="0" bev="0" fileid="92" />
              </SequencePoints>
              <BranchPoints>
                <BranchPoint vc="2" uspid="2452" ordinal="0" offset="7" sl="15" path="0" offsetend="9" fileid="92" />
                <BranchPoint vc="24" uspid="2453" ordinal="1" offset="7" sl="15" path="1" offsetend="31" fileid="92" />
              </BranchPoints>
              <MethodPoint xsi:type="SequencePoint" vc="26" uspid="2441" ordinal="0" offset="0" sl="14" sc="9" el="14" ec="10" bec="0" bev="0" fileid="92" />
            </Method>
          </Methods>
        </Class>
        <Class>
          <Summary numSequencePoints="1" visitedSequencePoints="1" numBranchPoints="1" visitedBranchPoints="1" sequenceCoverage="100" branchCoverage="100" maxCyclomaticComplexity="1" minCyclomaticComplexity="1" visitedClasses="1" numClasses="1" visitedMethods="1" numMethods="1" />
          <FullName>Puzzle.Core.Multitenancy.Extensions.MultitenancyApplicationBuilderExtensions/&lt;&gt;c__DisplayClass0_0`1</FullName>
          <Methods>
            <Method visited="true" cyclomaticComplexity="1" nPathComplexity="0" sequenceCoverage="0" branchCoverage="0" isConstructor="true" isStatic="false" isGetter="false" isSetter="false">
              <Summary numSequencePoints="0" visitedSequencePoints="0" numBranchPoints="0" visitedBranchPoints="0" sequenceCoverage="0" branchCoverage="0" maxCyclomaticComplexity="1" minCyclomaticComplexity="1" visitedClasses="0" numClasses="0" visitedMethods="0" numMethods="0" />
              <MetadataToken>100663743</MetadataToken>
              <Name>System.Void Puzzle.Core.Multitenancy.Extensions.MultitenancyApplicationBuilderExtensions/&lt;&gt;c__DisplayClass0_0`1::.ctor()</Name>
              <SequencePoints />
              <BranchPoints />
              <MethodPoint vc="24" uspid="2454" ordinal="0" offset="0" />
            </Method>
            <Method visited="true" cyclomaticComplexity="1" nPathComplexity="0" sequenceCoverage="100" branchCoverage="100" isConstructor="false" isStatic="false" isGetter="false" isSetter="false">
              <Summary numSequencePoints="1" visitedSequencePoints="1" numBranchPoints="1" visitedBranchPoints="1" sequenceCoverage="100" branchCoverage="100" maxCyclomaticComplexity="1" minCyclomaticComplexity="1" visitedClasses="0" numClasses="0" visitedMethods="1" numMethods="1" />
              <MetadataToken>100663744</MetadataToken>
              <Name>Microsoft.AspNetCore.Http.RequestDelegate Puzzle.Core.Multitenancy.Extensions.MultitenancyApplicationBuilderExtensions/&lt;&gt;c__DisplayClass0_0`1::&lt;UseMultitenancy&gt;b__0(Microsoft.AspNetCore.Http.RequestDelegate)</Name>
              <FileRef uid="92" />
              <SequencePoints>
                <SequencePoint vc="20" uspid="2455" ordinal="0" offset="0" sl="24" sc="33" el="24" ec="109" bec="0" bev="0" fileid="92" />
              </SequencePoints>
              <BranchPoints />
              <MethodPoint xsi:type="SequencePoint" vc="20" uspid="2455" ordinal="0" offset="0" sl="24" sc="33" el="24" ec="109" bec="0" bev="0" fileid="92" />
            </Method>
          </Methods>
        </Class>
        <Class>
          <Summary numSequencePoints="52" visitedSequencePoints="0" numBranchPoints="26" visitedBranchPoints="0" sequenceCoverage="0" branchCoverage="0" maxCyclomaticComplexity="4" minCyclomaticComplexity="2" visitedClasses="0" numClasses="1" visitedMethods="0" numMethods="8" />
          <FullName>Puzzle.Core.Multitenancy.Extensions.MultiTenancyConfigExtensions</FullName>
          <Methods>
            <Method visited="false" cyclomaticComplexity="4" nPathComplexity="4" sequenceCoverage="0" branchCoverage="0" isConstructor="false" isStatic="true" isGetter="false" isSetter="false">
              <Summary numSequencePoints="9" visitedSequencePoints="0" numBranchPoints="5" visitedBranchPoints="0" sequenceCoverage="0" branchCoverage="0" maxCyclomaticComplexity="4" minCyclomaticComplexity="4" visitedClasses="0" numClasses="0" visitedMethods="0" numMethods="1" />
              <MetadataToken>100663561</MetadataToken>
              <Name>Puzzle.Core.Multitenancy.Internal.Configurations.MultiTenancyConfig Puzzle.Core.Multitenancy.Extensions.MultiTenancyConfigExtensions::UseLogProvider(Puzzle.Core.Multitenancy.Internal.Configurations.MultiTenancyConfig,TLogProvider)</Name>
              <FileRef uid="94" />
              <SequencePoints>
                <SequencePoint vc="0" uspid="2456" ordinal="0" offset="0" sl="15" sc="9" el="15" ec="10" bec="0" bev="0" fileid="94" />
                <SequencePoint vc="0" uspid="2457" ordinal="1" offset="1" sl="16" sc="13" el="16" ec="39" bec="2" bev="0" fileid="94" />
                <SequencePoint vc="0" uspid="2458" ordinal="2" offset="9" sl="17" sc="13" el="17" ec="14" bec="0" bev="0" fileid="94" />
                <SequencePoint vc="0" uspid="2459" ordinal="3" offset="10" sl="18" sc="17" el="18" ec="72" bec="0" bev="0" fileid="94" />
                <SequencePoint vc="0" uspid="2460" ordinal="4" offset="21" sl="21" sc="13" el="21" ec="34" bec="2" bev="0" fileid="94" />
                <SequencePoint vc="0" uspid="2461" ordinal="5" offset="34" sl="22" sc="13" el="22" ec="14" bec="0" bev="0" fileid="94" />
                <SequencePoint vc="0" uspid="2462" ordinal="6" offset="35" sl="23" sc="17" el="23" ec="67" bec="0" bev="0" fileid="94" />
                <SequencePoint vc="0" uspid="2463" ordinal="7" offset="46" sl="26" sc="13" el="26" ec="91" bec="0" bev="0" fileid="94" />
                <SequencePoint vc="0" uspid="2464" ordinal="8" offset="87" sl="27" sc="9" el="27" ec="10" bec="0" bev="0" fileid="94" />
              </SequencePoints>
              <BranchPoints>
                <BranchPoint vc="0" uspid="2465" ordinal="0" offset="7" sl="16" path="0" offsetend="9" fileid="94" />
                <BranchPoint vc="0" uspid="2466" ordinal="1" offset="7" sl="16" path="1" offsetend="21" fileid="94" />
                <BranchPoint vc="0" uspid="2467" ordinal="2" offset="32" sl="21" path="0" offsetend="34" fileid="94" />
                <BranchPoint vc="0" uspid="2468" ordinal="3" offset="32" sl="21" path="1" offsetend="46" fileid="94" />
              </BranchPoints>
              <MethodPoint xsi:type="SequencePoint" vc="0" uspid="2456" ordinal="0" offset="0" sl="15" sc="9" el="15" ec="10" bec="0" bev="0" fileid="94" />
            </Method>
            <Method visited="false" cyclomaticComplexity="2" nPathComplexity="2" sequenceCoverage="0" branchCoverage="0" isConstructor="false" isStatic="true" isGetter="false" isSetter="false">
              <Summary numSequencePoints="6" visitedSequencePoints="0" numBranchPoints="3" visitedBranchPoints="0" sequenceCoverage="0" branchCoverage="0" maxCyclomaticComplexity="2" minCyclomaticComplexity="2" visitedClasses="0" numClasses="0" visitedMethods="0" numMethods="1" />
              <MetadataToken>100663562</MetadataToken>
              <Name>Puzzle.Core.Multitenancy.Internal.Configurations.MultiTenancyConfig Puzzle.Core.Multitenancy.Extensions.MultiTenancyConfigExtensions::UseNLogLogProvider(Puzzle.Core.Multitenancy.Internal.Configurations.MultiTenancyConfig)</Name>
              <FileRef uid="94" />
              <SequencePoints>
                <SequencePoint vc="0" uspid="2471" ordinal="0" offset="0" sl="30" sc="9" el="30" ec="10" bec="0" bev="0" fileid="94" />
                <SequencePoint vc="0" uspid="2472" ordinal="1" offset="1" sl="31" sc="13" el="31" ec="39" bec="2" bev="0" fileid="94" />
                <SequencePoint vc="0" uspid="2473" ordinal="2" offset="9" sl="32" sc="13" el="32" ec="14" bec="0" bev="0" fileid="94" />
                <SequencePoint vc="0" uspid="2474" ordinal="3" offset="10" sl="33" sc="17" el="33" ec="72" bec="0" bev="0" fileid="94" />
                <SequencePoint vc="0" uspid="2475" ordinal="4" offset="21" sl="36" sc="13" el="36" ec="72" bec="0" bev="0" fileid="94" />
                <SequencePoint vc="0" uspid="2476" ordinal="5" offset="35" sl="37" sc="9" el="37" ec="10" bec="0" bev="0" fileid="94" />
              </SequencePoints>
              <BranchPoints>
                <BranchPoint vc="0" uspid="2477" ordinal="0" offset="7" sl="31" path="0" offsetend="9" fileid="94" />
                <BranchPoint vc="0" uspid="2478" ordinal="1" offset="7" sl="31" path="1" offsetend="21" fileid="94" />
              </BranchPoints>
              <MethodPoint xsi:type="SequencePoint" vc="0" uspid="2471" ordinal="0" offset="0" sl="30" sc="9" el="30" ec="10" bec="0" bev="0" fileid="94" />
            </Method>
            <Method visited="false" cyclomaticComplexity="2" nPathComplexity="2" sequenceCoverage="0" branchCoverage="0" isConstructor="false" isStatic="true" isGetter="false" isSetter="false">
              <Summary numSequencePoints="6" visitedSequencePoints="0" numBranchPoints="3" visitedBranchPoints="0" sequenceCoverage="0" branchCoverage="0" maxCyclomaticComplexity="2" minCyclomaticComplexity="2" visitedClasses="0" numClasses="0" visitedMethods="0" numMethods="1" />
              <MetadataToken>100663563</MetadataToken>
              <Name>Puzzle.Core.Multitenancy.Internal.Configurations.MultiTenancyConfig Puzzle.Core.Multitenancy.Extensions.MultiTenancyConfigExtensions::UseColoredConsoleLogProvider(Puzzle.Core.Multitenancy.Internal.Configurations.MultiTenancyConfig)</Name>
              <FileRef uid="94" />
              <SequencePoints>
                <SequencePoint vc="0" uspid="2479" ordinal="0" offset="0" sl="40" sc="9" el="40" ec="10" bec="0" bev="0" fileid="94" />
                <SequencePoint vc="0" uspid="2480" ordinal="1" offset="1" sl="41" sc="13" el="41" ec="39" bec="2" bev="0" fileid="94" />
                <SequencePoint vc="0" uspid="2481" ordinal="2" offset="9" sl="42" sc="13" el="42" ec="14" bec="0" bev="0" fileid="94" />
                <SequencePoint vc="0" uspid="2482" ordinal="3" offset="10" sl="43" sc="17" el="43" ec="72" bec="0" bev="0" fileid="94" />
                <SequencePoint vc="0" uspid="2483" ordinal="4" offset="21" sl="46" sc="13" el="46" ec="82" bec="0" bev="0" fileid="94" />
                <SequencePoint vc="0" uspid="2484" ordinal="5" offset="35" sl="47" sc="9" el="47" ec="10" bec="0" bev="0" fileid="94" />
              </SequencePoints>
              <BranchPoints>
                <BranchPoint vc="0" uspid="2485" ordinal="0" offset="7" sl="41" path="0" offsetend="9" fileid="94" />
                <BranchPoint vc="0" uspid="2486" ordinal="1" offset="7" sl="41" path="1" offsetend="21" fileid="94" />
              </BranchPoints>
              <MethodPoint xsi:type="SequencePoint" vc="0" uspid="2479" ordinal="0" offset="0" sl="40" sc="9" el="40" ec="10" bec="0" bev="0" fileid="94" />
            </Method>
            <Method visited="false" cyclomaticComplexity="2" nPathComplexity="2" sequenceCoverage="0" branchCoverage="0" isConstructor="false" isStatic="true" isGetter="false" isSetter="false">
              <Summary numSequencePoints="6" visitedSequencePoints="0" numBranchPoints="3" visitedBranchPoints="0" sequenceCoverage="0" branchCoverage="0" maxCyclomaticComplexity="2" minCyclomaticComplexity="2" visitedClasses="0" numClasses="0" visitedMethods="0" numMethods="1" />
              <MetadataToken>100663564</MetadataToken>
              <Name>Puzzle.Core.Multitenancy.Internal.Configurations.MultiTenancyConfig Puzzle.Core.Multitenancy.Extensions.MultiTenancyConfigExtensions::UseLog4NetLogProvider(Puzzle.Core.Multitenancy.Internal.Configurations.MultiTenancyConfig)</Name>
              <FileRef uid="94" />
              <SequencePoints>
                <SequencePoint vc="0" uspid="2487" ordinal="0" offset="0" sl="50" sc="9" el="50" ec="10" bec="0" bev="0" fileid="94" />
                <SequencePoint vc="0" uspid="2488" ordinal="1" offset="1" sl="51" sc="13" el="51" ec="39" bec="2" bev="0" fileid="94" />
                <SequencePoint vc="0" uspid="2489" ordinal="2" offset="9" sl="52" sc="13" el="52" ec="14" bec="0" bev="0" fileid="94" />
                <SequencePoint vc="0" uspid="2490" ordinal="3" offset="10" sl="53" sc="17" el="53" ec="72" bec="0" bev="0" fileid="94" />
                <SequencePoint vc="0" uspid="2491" ordinal="4" offset="21" sl="56" sc="13" el="56" ec="75" bec="0" bev="0" fileid="94" />
                <SequencePoint vc="0" uspid="2492" ordinal="5" offset="35" sl="57" sc="9" el="57" ec="10" bec="0" bev="0" fileid="94" />
              </SequencePoints>
              <BranchPoints>
                <BranchPoint vc="0" uspid="2493" ordinal="0" offset="7" sl="51" path="0" offsetend="9" fileid="94" />
                <BranchPoint vc="0" uspid="2494" ordinal="1" offset="7" sl="51" path="1" offsetend="21" fileid="94" />
              </BranchPoints>
              <MethodPoint xsi:type="SequencePoint" vc="0" uspid="2487" ordinal="0" offset="0" sl="50" sc="9" el="50" ec="10" bec="0" bev="0" fileid="94" />
            </Method>
            <Method visited="false" cyclomaticComplexity="2" nPathComplexity="2" sequenceCoverage="0" branchCoverage="0" isConstructor="false" isStatic="true" isGetter="false" isSetter="false">
              <Summary numSequencePoints="6" visitedSequencePoints="0" numBranchPoints="3" visitedBranchPoints="0" sequenceCoverage="0" branchCoverage="0" maxCyclomaticComplexity="2" minCyclomaticComplexity="2" visitedClasses="0" numClasses="0" visitedMethods="0" numMethods="1" />
              <MetadataToken>100663565</MetadataToken>
              <Name>Puzzle.Core.Multitenancy.Internal.Configurations.MultiTenancyConfig Puzzle.Core.Multitenancy.Extensions.MultiTenancyConfigExtensions::UseEntLibLogProvider(Puzzle.Core.Multitenancy.Internal.Configurations.MultiTenancyConfig)</Name>
              <FileRef uid="94" />
              <SequencePoints>
                <SequencePoint vc="0" uspid="2495" ordinal="0" offset="0" sl="80" sc="9" el="80" ec="10" bec="0" bev="0" fileid="94" />
                <SequencePoint vc="0" uspid="2496" ordinal="1" offset="1" sl="81" sc="13" el="81" ec="39" bec="2" bev="0" fileid="94" />
                <SequencePoint vc="0" uspid="2497" ordinal="2" offset="9" sl="82" sc="13" el="82" ec="14" bec="0" bev="0" fileid="94" />
                <SequencePoint vc="0" uspid="2498" ordinal="3" offset="10" sl="83" sc="17" el="83" ec="72" bec="0" bev="0" fileid="94" />
                <SequencePoint vc="0" uspid="2499" ordinal="4" offset="21" sl="86" sc="13" el="86" ec="74" bec="0" bev="0" fileid="94" />
                <SequencePoint vc="0" uspid="2500" ordinal="5" offset="35" sl="87" sc="9" el="87" ec="10" bec="0" bev="0" fileid="94" />
              </SequencePoints>
              <BranchPoints>
                <BranchPoint vc="0" uspid="2501" ordinal="0" offset="7" sl="81" path="0" offsetend="9" fileid="94" />
                <BranchPoint vc="0" uspid="2502" ordinal="1" offset="7" sl="81" path="1" offsetend="21" fileid="94" />
              </BranchPoints>
              <MethodPoint xsi:type="SequencePoint" vc="0" uspid="2495" ordinal="0" offset="0" sl="80" sc="9" el="80" ec="10" bec="0" bev="0" fileid="94" />
            </Method>
            <Method visited="false" cyclomaticComplexity="2" nPathComplexity="2" sequenceCoverage="0" branchCoverage="0" isConstructor="false" isStatic="true" isGetter="false" isSetter="false">
              <Summary numSequencePoints="6" visitedSequencePoints="0" numBranchPoints="3" visitedBranchPoints="0" sequenceCoverage="0" branchCoverage="0" maxCyclomaticComplexity="2" minCyclomaticComplexity="2" visitedClasses="0" numClasses="0" visitedMethods="0" numMethods="1" />
              <MetadataToken>100663566</MetadataToken>
              <Name>Puzzle.Core.Multitenancy.Internal.Configurations.MultiTenancyConfig Puzzle.Core.Multitenancy.Extensions.MultiTenancyConfigExtensions::UseSerilogLogProvider(Puzzle.Core.Multitenancy.Internal.Configurations.MultiTenancyConfig)</Name>
              <FileRef uid="94" />
              <SequencePoints>
                <SequencePoint vc="0" uspid="2503" ordinal="0" offset="0" sl="90" sc="9" el="90" ec="10" bec="0" bev="0" fileid="94" />
                <SequencePoint vc="0" uspid="2504" ordinal="1" offset="1" sl="91" sc="13" el="91" ec="39" bec="2" bev="0" fileid="94" />
                <SequencePoint vc="0" uspid="2505" ordinal="2" offset="9" sl="92" sc="13" el="92" ec="14" bec="0" bev="0" fileid="94" />
                <SequencePoint vc="0" uspid="2506" ordinal="3" offset="10" sl="93" sc="17" el="93" ec="72" bec="0" bev="0" fileid="94" />
                <SequencePoint vc="0" uspid="2507" ordinal="4" offset="21" sl="96" sc="13" el="96" ec="75" bec="0" bev="0" fileid="94" />
                <SequencePoint vc="0" uspid="2508" ordinal="5" offset="35" sl="97" sc="9" el="97" ec="10" bec="0" bev="0" fileid="94" />
              </SequencePoints>
              <BranchPoints>
                <BranchPoint vc="0" uspid="2509" ordinal="0" offset="7" sl="91" path="0" offsetend="9" fileid="94" />
                <BranchPoint vc="0" uspid="2510" ordinal="1" offset="7" sl="91" path="1" offsetend="21" fileid="94" />
              </BranchPoints>
              <MethodPoint xsi:type="SequencePoint" vc="0" uspid="2503" ordinal="0" offset="0" sl="90" sc="9" el="90" ec="10" bec="0" bev="0" fileid="94" />
            </Method>
            <Method visited="false" cyclomaticComplexity="2" nPathComplexity="2" sequenceCoverage="0" branchCoverage="0" isConstructor="false" isStatic="true" isGetter="false" isSetter="false">
              <Summary numSequencePoints="6" visitedSequencePoints="0" numBranchPoints="3" visitedBranchPoints="0" sequenceCoverage="0" branchCoverage="0" maxCyclomaticComplexity="2" minCyclomaticComplexity="2" visitedClasses="0" numClasses="0" visitedMethods="0" numMethods="1" />
              <MetadataToken>100663567</MetadataToken>
              <Name>Puzzle.Core.Multitenancy.Internal.Configurations.MultiTenancyConfig Puzzle.Core.Multitenancy.Extensions.MultiTenancyConfigExtensions::UseLoupeLogProvider(Puzzle.Core.Multitenancy.Internal.Configurations.MultiTenancyConfig)</Name>
              <FileRef uid="94" />
              <SequencePoints>
                <SequencePoint vc="0" uspid="2511" ordinal="0" offset="0" sl="100" sc="9" el="100" ec="10" bec="0" bev="0" fileid="94" />
                <SequencePoint vc="0" uspid="2512" ordinal="1" offset="1" sl="101" sc="13" el="101" ec="39" bec="2" bev="0" fileid="94" />
                <SequencePoint vc="0" uspid="2513" ordinal="2" offset="9" sl="102" sc="13" el="102" ec="14" bec="0" bev="0" fileid="94" />
                <SequencePoint vc="0" uspid="2514" ordinal="3" offset="10" sl="103" sc="17" el="103" ec="72" bec="0" bev="0" fileid="94" />
                <SequencePoint vc="0" uspid="2515" ordinal="4" offset="21" sl="106" sc="13" el="106" ec="73" bec="0" bev="0" fileid="94" />
                <SequencePoint vc="0" uspid="2516" ordinal="5" offset="35" sl="107" sc="9" el="107" ec="10" bec="0" bev="0" fileid="94" />
              </SequencePoints>
              <BranchPoints>
                <BranchPoint vc="0" uspid="2517" ordinal="0" offset="7" sl="101" path="0" offsetend="9" fileid="94" />
                <BranchPoint vc="0" uspid="2518" ordinal="1" offset="7" sl="101" path="1" offsetend="21" fileid="94" />
              </BranchPoints>
              <MethodPoint xsi:type="SequencePoint" vc="0" uspid="2511" ordinal="0" offset="0" sl="100" sc="9" el="100" ec="10" bec="0" bev="0" fileid="94" />
            </Method>
            <Method visited="false" cyclomaticComplexity="2" nPathComplexity="2" sequenceCoverage="0" branchCoverage="0" isConstructor="false" isStatic="true" isGetter="false" isSetter="false">
              <Summary numSequencePoints="7" visitedSequencePoints="0" numBranchPoints="3" visitedBranchPoints="0" sequenceCoverage="0" branchCoverage="0" maxCyclomaticComplexity="2" minCyclomaticComplexity="2" visitedClasses="0" numClasses="0" visitedMethods="0" numMethods="1" />
              <MetadataToken>100663568</MetadataToken>
              <Name>Puzzle.Core.Multitenancy.Internal.Configurations.MultiTenancyConfig Puzzle.Core.Multitenancy.Extensions.MultiTenancyConfigExtensions::Use(Puzzle.Core.Multitenancy.Internal.Configurations.MultiTenancyConfig,T,System.Action`1&lt;T&gt;)</Name>
              <FileRef uid="94" />
              <SequencePoints>
                <SequencePoint vc="0" uspid="2519" ordinal="0" offset="0" sl="111" sc="9" el="111" ec="10" bec="0" bev="0" fileid="94" />
                <SequencePoint vc="0" uspid="2520" ordinal="1" offset="1" sl="112" sc="13" el="112" ec="39" bec="2" bev="0" fileid="94" />
                <SequencePoint vc="0" uspid="2521" ordinal="2" offset="9" sl="113" sc="13" el="113" ec="14" bec="0" bev="0" fileid="94" />
                <SequencePoint vc="0" uspid="2522" ordinal="3" offset="10" sl="114" sc="17" el="114" ec="72" bec="0" bev="0" fileid="94" />
                <SequencePoint vc="0" uspid="2523" ordinal="4" offset="21" sl="117" sc="13" el="117" ec="32" bec="0" bev="0" fileid="94" />
                <SequencePoint vc="0" uspid="2524" ordinal="5" offset="29" sl="119" sc="13" el="119" ec="34" bec="0" bev="0" fileid="94" />
                <SequencePoint vc="0" uspid="2525" ordinal="6" offset="33" sl="120" sc="9" el="120" ec="10" bec="0" bev="0" fileid="94" />
              </SequencePoints>
              <BranchPoints>
                <BranchPoint vc="0" uspid="2526" ordinal="0" offset="7" sl="112" path="0" offsetend="9" fileid="94" />
                <BranchPoint vc="0" uspid="2527" ordinal="1" offset="7" sl="112" path="1" offsetend="21" fileid="94" />
              </BranchPoints>
              <MethodPoint xsi:type="SequencePoint" vc="0" uspid="2519" ordinal="0" offset="0" sl="111" sc="9" el="111" ec="10" bec="0" bev="0" fileid="94" />
            </Method>
          </Methods>
        </Class>
        <Class>
          <Summary numSequencePoints="1" visitedSequencePoints="0" numBranchPoints="1" visitedBranchPoints="0" sequenceCoverage="0" branchCoverage="0" maxCyclomaticComplexity="1" minCyclomaticComplexity="1" visitedClasses="0" numClasses="1" visitedMethods="0" numMethods="1" />
          <FullName>Puzzle.Core.Multitenancy.Extensions.MultiTenancyConfigExtensions/&lt;&gt;c__0`1</FullName>
          <Methods>
            <Method visited="false" cyclomaticComplexity="1" nPathComplexity="0" sequenceCoverage="0" branchCoverage="0" isConstructor="true" isStatic="true" isGetter="false" isSetter="false">
              <Summary numSequencePoints="0" visitedSequencePoints="0" numBranchPoints="0" visitedBranchPoints="0" sequenceCoverage="0" branchCoverage="0" maxCyclomaticComplexity="1" minCyclomaticComplexity="1" visitedClasses="0" numClasses="0" visitedMethods="0" numMethods="0" />
              <MetadataToken>100663745</MetadataToken>
              <Name>System.Void Puzzle.Core.Multitenancy.Extensions.MultiTenancyConfigExtensions/&lt;&gt;c__0`1::.cctor()</Name>
              <SequencePoints />
              <BranchPoints />
              <MethodPoint vc="0" uspid="2528" ordinal="0" offset="0" />
            </Method>
            <Method visited="false" cyclomaticComplexity="1" nPathComplexity="0" sequenceCoverage="0" branchCoverage="0" isConstructor="true" isStatic="false" isGetter="false" isSetter="false">
              <Summary numSequencePoints="0" visitedSequencePoints="0" numBranchPoints="0" visitedBranchPoints="0" sequenceCoverage="0" branchCoverage="0" maxCyclomaticComplexity="1" minCyclomaticComplexity="1" visitedClasses="0" numClasses="0" visitedMethods="0" numMethods="0" />
              <MetadataToken>100663746</MetadataToken>
              <Name>System.Void Puzzle.Core.Multitenancy.Extensions.MultiTenancyConfigExtensions/&lt;&gt;c__0`1::.ctor()</Name>
              <SequencePoints />
              <BranchPoints />
              <MethodPoint vc="0" uspid="2529" ordinal="0" offset="0" />
            </Method>
            <Method visited="false" cyclomaticComplexity="1" nPathComplexity="0" sequenceCoverage="0" branchCoverage="0" isConstructor="false" isStatic="false" isGetter="false" isSetter="false">
              <Summary numSequencePoints="1" visitedSequencePoints="0" numBranchPoints="1" visitedBranchPoints="0" sequenceCoverage="0" branchCoverage="0" maxCyclomaticComplexity="1" minCyclomaticComplexity="1" visitedClasses="0" numClasses="0" visitedMethods="0" numMethods="1" />
              <MetadataToken>100663747</MetadataToken>
              <Name>System.Void Puzzle.Core.Multitenancy.Extensions.MultiTenancyConfigExtensions/&lt;&gt;c__0`1::&lt;UseLogProvider&gt;b__0_0(TLogProvider)</Name>
              <FileRef uid="94" />
              <SequencePoints>
                <SequencePoint vc="0" uspid="2530" ordinal="0" offset="0" sl="26" sc="53" el="26" ec="89" bec="0" bev="0" fileid="94" />
              </SequencePoints>
              <BranchPoints />
              <MethodPoint xsi:type="SequencePoint" vc="0" uspid="2530" ordinal="0" offset="0" sl="26" sc="53" el="26" ec="89" bec="0" bev="0" fileid="94" />
            </Method>
          </Methods>
        </Class>
        <Class>
          <Summary numSequencePoints="25" visitedSequencePoints="25" numBranchPoints="13" visitedBranchPoints="13" sequenceCoverage="100" branchCoverage="100" maxCyclomaticComplexity="3" minCyclomaticComplexity="3" visitedClasses="1" numClasses="1" visitedMethods="3" numMethods="3" />
          <FullName>Puzzle.Core.Multitenancy.Extensions.MultitenancyHttpContextExtensions</FullName>
          <Methods>
            <Method visited="true" cyclomaticComplexity="3" nPathComplexity="2" sequenceCoverage="100" branchCoverage="100" isConstructor="false" isStatic="true" isGetter="false" isSetter="false">
              <Summary numSequencePoints="6" visitedSequencePoints="6" numBranchPoints="3" visitedBranchPoints="3" sequenceCoverage="100" branchCoverage="100" maxCyclomaticComplexity="3" minCyclomaticComplexity="3" visitedClasses="0" numClasses="0" visitedMethods="1" numMethods="1" />
              <MetadataToken>100663569</MetadataToken>
              <Name>System.Void Puzzle.Core.Multitenancy.Extensions.MultitenancyHttpContextExtensions::SetTenantContext(Microsoft.AspNetCore.Http.HttpContext,Puzzle.Core.Multitenancy.TenantContext`1&lt;TTenant&gt;)</Name>
              <FileRef uid="96" />
              <SequencePoints>
                <SequencePoint vc="46" uspid="2531" ordinal="0" offset="0" sl="15" sc="9" el="15" ec="10" bec="0" bev="0" fileid="96" />
                <SequencePoint vc="46" uspid="2532" ordinal="1" offset="1" sl="16" sc="13" el="16" ec="33" bec="2" bev="2" fileid="96" />
                <SequencePoint vc="2" uspid="2533" ordinal="2" offset="9" sl="17" sc="13" el="17" ec="14" bec="0" bev="0" fileid="96" />
                <SequencePoint vc="2" uspid="2534" ordinal="3" offset="10" sl="18" sc="17" el="18" ec="97" bec="0" bev="0" fileid="96" />
                <SequencePoint vc="44" uspid="2535" ordinal="4" offset="31" sl="21" sc="13" el="21" ec="150" bec="0" bev="0" fileid="96" />
                <SequencePoint vc="42" uspid="2536" ordinal="5" offset="74" sl="22" sc="9" el="22" ec="10" bec="0" bev="0" fileid="96" />
              </SequencePoints>
              <BranchPoints>
                <BranchPoint vc="2" uspid="2537" ordinal="0" offset="7" sl="16" path="0" offsetend="9" fileid="96" />
                <BranchPoint vc="44" uspid="2538" ordinal="1" offset="7" sl="16" path="1" offsetend="31" fileid="96" />
              </BranchPoints>
              <MethodPoint xsi:type="SequencePoint" vc="46" uspid="2531" ordinal="0" offset="0" sl="15" sc="9" el="15" ec="10" bec="0" bev="0" fileid="96" />
            </Method>
            <Method visited="true" cyclomaticComplexity="3" nPathComplexity="4" sequenceCoverage="100" branchCoverage="100" isConstructor="false" isStatic="true" isGetter="false" isSetter="false">
              <Summary numSequencePoints="9" visitedSequencePoints="9" numBranchPoints="5" visitedBranchPoints="5" sequenceCoverage="100" branchCoverage="100" maxCyclomaticComplexity="3" minCyclomaticComplexity="3" visitedClasses="0" numClasses="0" visitedMethods="1" numMethods="1" />
              <MetadataToken>100663570</MetadataToken>
              <Name>Puzzle.Core.Multitenancy.TenantContext`1&lt;TTenant&gt; Puzzle.Core.Multitenancy.Extensions.MultitenancyHttpContextExtensions::GetTenantContext(Microsoft.AspNetCore.Http.HttpContext)</Name>
              <FileRef uid="96" />
              <SequencePoints>
                <SequencePoint vc="80" uspid="2541" ordinal="0" offset="0" sl="25" sc="9" el="25" ec="10" bec="0" bev="0" fileid="96" />
                <SequencePoint vc="80" uspid="2542" ordinal="1" offset="1" sl="26" sc="13" el="26" ec="33" bec="2" bev="2" fileid="96" />
                <SequencePoint vc="2" uspid="2543" ordinal="2" offset="9" sl="27" sc="13" el="27" ec="14" bec="0" bev="0" fileid="96" />
                <SequencePoint vc="2" uspid="2544" ordinal="3" offset="10" sl="28" sc="17" el="28" ec="97" bec="0" bev="0" fileid="96" />
                <SequencePoint vc="78" uspid="2545" ordinal="4" offset="31" sl="31" sc="13" el="31" ec="87" bec="2" bev="2" fileid="96" />
                <SequencePoint vc="74" uspid="2546" ordinal="5" offset="53" sl="32" sc="13" el="32" ec="14" bec="0" bev="0" fileid="96" />
                <SequencePoint vc="74" uspid="2547" ordinal="6" offset="54" sl="33" sc="17" el="33" ec="64" bec="0" bev="0" fileid="96" />
                <SequencePoint vc="4" uspid="2548" ordinal="7" offset="63" sl="36" sc="13" el="36" ec="25" bec="0" bev="0" fileid="96" />
                <SequencePoint vc="78" uspid="2549" ordinal="8" offset="67" sl="37" sc="9" el="37" ec="10" bec="0" bev="0" fileid="96" />
              </SequencePoints>
              <BranchPoints>
                <BranchPoint vc="2" uspid="2550" ordinal="0" offset="7" sl="26" path="0" offsetend="9" fileid="96" />
                <BranchPoint vc="78" uspid="2551" ordinal="1" offset="7" sl="26" path="1" offsetend="31" fileid="96" />
                <BranchPoint vc="74" uspid="2552" ordinal="2" offset="51" sl="31" path="0" offsetend="53" fileid="96" />
                <BranchPoint vc="4" uspid="2553" ordinal="3" offset="51" sl="31" path="1" offsetend="63" fileid="96" />
              </BranchPoints>
              <MethodPoint xsi:type="SequencePoint" vc="80" uspid="2541" ordinal="0" offset="0" sl="25" sc="9" el="25" ec="10" bec="0" bev="0" fileid="96" />
            </Method>
            <Method visited="true" cyclomaticComplexity="3" nPathComplexity="4" sequenceCoverage="100" branchCoverage="100" isConstructor="false" isStatic="true" isGetter="false" isSetter="false">
              <Summary numSequencePoints="10" visitedSequencePoints="10" numBranchPoints="5" visitedBranchPoints="5" sequenceCoverage="100" branchCoverage="100" maxCyclomaticComplexity="3" minCyclomaticComplexity="3" visitedClasses="0" numClasses="0" visitedMethods="1" numMethods="1" />
              <MetadataToken>100663571</MetadataToken>
              <Name>TTenant Puzzle.Core.Multitenancy.Extensions.MultitenancyHttpContextExtensions::GetTenant(Microsoft.AspNetCore.Http.HttpContext)</Name>
              <FileRef uid="96" />
              <SequencePoints>
                <SequencePoint vc="6" uspid="2554" ordinal="0" offset="0" sl="40" sc="9" el="40" ec="10" bec="0" bev="0" fileid="96" />
                <SequencePoint vc="6" uspid="2555" ordinal="1" offset="1" sl="41" sc="13" el="41" ec="33" bec="2" bev="2" fileid="96" />
                <SequencePoint vc="2" uspid="2556" ordinal="2" offset="9" sl="42" sc="13" el="42" ec="14" bec="0" bev="0" fileid="96" />
                <SequencePoint vc="2" uspid="2557" ordinal="3" offset="10" sl="43" sc="17" el="43" ec="97" bec="0" bev="0" fileid="96" />
                <SequencePoint vc="4" uspid="2558" ordinal="4" offset="31" sl="46" sc="13" el="46" ec="87" bec="0" bev="0" fileid="96" />
                <SequencePoint vc="4" uspid="2559" ordinal="5" offset="38" sl="48" sc="13" el="48" ec="39" bec="2" bev="2" fileid="96" />
                <SequencePoint vc="2" uspid="2560" ordinal="6" offset="46" sl="49" sc="13" el="49" ec="14" bec="0" bev="0" fileid="96" />
                <SequencePoint vc="2" uspid="2561" ordinal="7" offset="47" sl="50" sc="17" el="50" ec="45" bec="0" bev="0" fileid="96" />
                <SequencePoint vc="2" uspid="2562" ordinal="8" offset="56" sl="53" sc="13" el="53" ec="28" bec="0" bev="0" fileid="96" />
                <SequencePoint vc="4" uspid="2563" ordinal="9" offset="69" sl="54" sc="9" el="54" ec="10" bec="0" bev="0" fileid="96" />
              </SequencePoints>
              <BranchPoints>
                <BranchPoint vc="2" uspid="2564" ordinal="0" offset="7" sl="41" path="0" offsetend="9" fileid="96" />
                <BranchPoint vc="4" uspid="2565" ordinal="1" offset="7" sl="41" path="1" offsetend="31" fileid="96" />
                <BranchPoint vc="2" uspid="2566" ordinal="2" offset="44" sl="48" path="0" offsetend="46" fileid="96" />
                <BranchPoint vc="2" uspid="2567" ordinal="3" offset="44" sl="48" path="1" offsetend="56" fileid="96" />
              </BranchPoints>
              <MethodPoint xsi:type="SequencePoint" vc="6" uspid="2554" ordinal="0" offset="0" sl="40" sc="9" el="40" ec="10" bec="0" bev="0" fileid="96" />
            </Method>
          </Methods>
        </Class>
        <Class>
          <Summary numSequencePoints="17" visitedSequencePoints="17" numBranchPoints="5" visitedBranchPoints="4" sequenceCoverage="100" branchCoverage="80" maxCyclomaticComplexity="6" minCyclomaticComplexity="6" visitedClasses="1" numClasses="1" visitedMethods="1" numMethods="1" />
          <FullName>Puzzle.Core.Multitenancy.Extensions.MultitenancyServiceCollectionExtensions</FullName>
          <Methods>
            <Method visited="true" cyclomaticComplexity="6" nPathComplexity="4" sequenceCoverage="100" branchCoverage="80" isConstructor="false" isStatic="true" isGetter="false" isSetter="false">
              <Summary numSequencePoints="17" visitedSequencePoints="17" numBranchPoints="5" visitedBranchPoints="4" sequenceCoverage="100" branchCoverage="80" maxCyclomaticComplexity="6" minCyclomaticComplexity="6" visitedClasses="0" numClasses="0" visitedMethods="1" numMethods="1" />
              <MetadataToken>100663572</MetadataToken>
              <Name>Microsoft.Extensions.DependencyInjection.IServiceCollection Puzzle.Core.Multitenancy.Extensions.MultitenancyServiceCollectionExtensions::AddMultitenancy(Microsoft.Extensions.DependencyInjection.IServiceCollection)</Name>
              <FileRef uid="97" />
              <SequencePoints>
                <SequencePoint vc="30" uspid="2568" ordinal="0" offset="0" sl="27" sc="9" el="27" ec="10" bec="0" bev="0" fileid="97" />
                <SequencePoint vc="30" uspid="2569" ordinal="1" offset="1" sl="28" sc="13" el="28" ec="34" bec="2" bev="2" fileid="97" />
                <SequencePoint vc="2" uspid="2570" ordinal="2" offset="9" sl="29" sc="13" el="29" ec="14" bec="0" bev="0" fileid="97" />
                <SequencePoint vc="2" uspid="2571" ordinal="3" offset="10" sl="30" sc="17" el="30" ec="98" bec="0" bev="0" fileid="97" />
                <SequencePoint vc="28" uspid="2572" ordinal="4" offset="31" sl="33" sc="13" el="33" ec="74" bec="0" bev="0" fileid="97" />
                <SequencePoint vc="28" uspid="2573" ordinal="5" offset="38" sl="35" sc="13" el="35" ec="83" bec="0" bev="0" fileid="97" />
                <SequencePoint vc="28" uspid="2574" ordinal="6" offset="45" sl="36" sc="13" el="36" ec="87" bec="0" bev="0" fileid="97" />
                <SequencePoint vc="28" uspid="2575" ordinal="7" offset="52" sl="39" sc="13" el="39" ec="123" bec="0" bev="0" fileid="97" />
                <SequencePoint vc="28" uspid="2576" ordinal="8" offset="90" sl="46" sc="13" el="52" ec="16" bec="0" bev="0" fileid="97" />
                <SequencePoint vc="28" uspid="2577" ordinal="9" offset="128" sl="55" sc="13" el="55" ec="114" bec="0" bev="0" fileid="97" />
                <SequencePoint vc="28" uspid="2578" ordinal="10" offset="166" sl="58" sc="13" el="58" ec="51" bec="0" bev="0" fileid="97" />
                <SequencePoint vc="28" uspid="2579" ordinal="11" offset="177" sl="59" sc="13" el="59" ec="91" bec="2" bev="1" fileid="97" />
                <SequencePoint vc="28" uspid="2580" ordinal="12" offset="197" sl="60" sc="13" el="60" ec="14" bec="0" bev="0" fileid="97" />
                <SequencePoint vc="28" uspid="2581" ordinal="13" offset="198" sl="61" sc="17" el="61" ec="43" bec="0" bev="0" fileid="97" />
                <SequencePoint vc="28" uspid="2582" ordinal="14" offset="205" sl="62" sc="13" el="62" ec="14" bec="0" bev="0" fileid="97" />
                <SequencePoint vc="28" uspid="2583" ordinal="15" offset="206" sl="64" sc="13" el="64" ec="29" bec="0" bev="0" fileid="97" />
                <SequencePoint vc="28" uspid="2584" ordinal="16" offset="210" sl="65" sc="9" el="65" ec="10" bec="0" bev="0" fileid="97" />
              </SequencePoints>
              <BranchPoints>
                <BranchPoint vc="2" uspid="2585" ordinal="0" offset="7" sl="28" path="0" offsetend="9" fileid="97" />
                <BranchPoint vc="28" uspid="2586" ordinal="1" offset="7" sl="28" path="1" offsetend="31" fileid="97" />
                <BranchPoint vc="28" uspid="2593" ordinal="8" offset="195" sl="59" path="0" offsetend="197" fileid="97" />
                <BranchPoint vc="0" uspid="2594" ordinal="9" offset="195" sl="59" path="1" offsetend="206" fileid="97" />
              </BranchPoints>
              <MethodPoint xsi:type="SequencePoint" vc="30" uspid="2568" ordinal="0" offset="0" sl="27" sc="9" el="27" ec="10" bec="0" bev="0" fileid="97" />
            </Method>
          </Methods>
        </Class>
        <Class>
          <Summary numSequencePoints="7" visitedSequencePoints="0" numBranchPoints="11" visitedBranchPoints="0" sequenceCoverage="0" branchCoverage="0" maxCyclomaticComplexity="7" minCyclomaticComplexity="1" visitedClasses="0" numClasses="1" visitedMethods="0" numMethods="3" />
          <FullName>Puzzle.Core.Multitenancy.Extensions.MultitenancyServiceCollectionExtensions/&lt;&gt;c__0`2</FullName>
          <Methods>
            <Method visited="true" cyclomaticComplexity="1" nPathComplexity="0" sequenceCoverage="0" branchCoverage="0" isConstructor="true" isStatic="true" isGetter="false" isSetter="false">
              <Summary numSequencePoints="0" visitedSequencePoints="0" numBranchPoints="0" visitedBranchPoints="0" sequenceCoverage="0" branchCoverage="0" maxCyclomaticComplexity="1" minCyclomaticComplexity="1" visitedClasses="0" numClasses="0" visitedMethods="0" numMethods="0" />
              <MetadataToken>100663748</MetadataToken>
              <Name>System.Void Puzzle.Core.Multitenancy.Extensions.MultitenancyServiceCollectionExtensions/&lt;&gt;c__0`2::.cctor()</Name>
              <SequencePoints />
              <BranchPoints />
              <MethodPoint vc="4" uspid="2595" ordinal="0" offset="0" />
            </Method>
            <Method visited="true" cyclomaticComplexity="1" nPathComplexity="0" sequenceCoverage="0" branchCoverage="0" isConstructor="true" isStatic="false" isGetter="false" isSetter="false">
              <Summary numSequencePoints="0" visitedSequencePoints="0" numBranchPoints="0" visitedBranchPoints="0" sequenceCoverage="0" branchCoverage="0" maxCyclomaticComplexity="1" minCyclomaticComplexity="1" visitedClasses="0" numClasses="0" visitedMethods="0" numMethods="0" />
              <MetadataToken>100663749</MetadataToken>
              <Name>System.Void Puzzle.Core.Multitenancy.Extensions.MultitenancyServiceCollectionExtensions/&lt;&gt;c__0`2::.ctor()</Name>
              <SequencePoints />
              <BranchPoints />
              <MethodPoint vc="4" uspid="2596" ordinal="0" offset="0" />
            </Method>
            <Method visited="false" cyclomaticComplexity="5" nPathComplexity="4" sequenceCoverage="0" branchCoverage="0" isConstructor="false" isStatic="false" isGetter="false" isSetter="false">
              <Summary numSequencePoints="1" visitedSequencePoints="0" numBranchPoints="5" visitedBranchPoints="0" sequenceCoverage="0" branchCoverage="0" maxCyclomaticComplexity="5" minCyclomaticComplexity="5" visitedClasses="0" numClasses="0" visitedMethods="0" numMethods="1" />
              <MetadataToken>100663750</MetadataToken>
              <Name>Puzzle.Core.Multitenancy.TenantContext`1&lt;TTenant&gt; Puzzle.Core.Multitenancy.Extensions.MultitenancyServiceCollectionExtensions/&lt;&gt;c__0`2::&lt;AddMultitenancy&gt;b__0_0(System.IServiceProvider)</Name>
              <FileRef uid="97" />
              <SequencePoints>
                <SequencePoint vc="0" uspid="2597" ordinal="0" offset="0" sl="39" sc="40" el="39" ec="121" bec="4" bev="0" fileid="97" />
              </SequencePoints>
              <BranchPoints>
                <BranchPoint vc="0" uspid="2598" ordinal="0" offset="7" sl="39" path="0" offsetend="9" fileid="97" />
                <BranchPoint vc="0" uspid="2599" ordinal="1" offset="7" sl="39" path="1" offsetend="13" fileid="97" />
                <BranchPoint vc="0" uspid="2600" ordinal="2" offset="19" sl="39" path="0" offsetend="21" fileid="97" />
                <BranchPoint vc="0" uspid="2601" ordinal="3" offset="19" sl="39" path="1" offsetend="25" fileid="97" />
              </BranchPoints>
              <MethodPoint xsi:type="SequencePoint" vc="0" uspid="2597" ordinal="0" offset="0" sl="39" sc="40" el="39" ec="121" bec="4" bev="0" fileid="97" />
            </Method>
            <Method visited="false" cyclomaticComplexity="7" nPathComplexity="4" sequenceCoverage="0" branchCoverage="0" isConstructor="false" isStatic="false" isGetter="false" isSetter="false">
              <Summary numSequencePoints="5" visitedSequencePoints="0" numBranchPoints="5" visitedBranchPoints="0" sequenceCoverage="0" branchCoverage="0" maxCyclomaticComplexity="7" minCyclomaticComplexity="7" visitedClasses="0" numClasses="0" visitedMethods="0" numMethods="1" />
              <MetadataToken>100663751</MetadataToken>
              <Name>TTenant Puzzle.Core.Multitenancy.Extensions.MultitenancyServiceCollectionExtensions/&lt;&gt;c__0`2::&lt;AddMultitenancy&gt;b__0_1(System.IServiceProvider)</Name>
              <FileRef uid="97" />
              <SequencePoints>
                <SequencePoint vc="0" uspid="2602" ordinal="0" offset="0" sl="47" sc="13" el="47" ec="14" bec="0" bev="0" fileid="97" />
                <SequencePoint vc="0" uspid="2603" ordinal="1" offset="1" sl="49" sc="17" el="49" ec="132" bec="4" bev="0" fileid="97" />
                <SequencePoint vc="0" uspid="2604" ordinal="2" offset="32" sl="50" sc="17" el="50" ec="50" bec="0" bev="0" fileid="97" />
                <SequencePoint vc="0" uspid="2605" ordinal="3" offset="53" sl="51" sc="17" el="51" ec="31" bec="0" bev="0" fileid="97" />
                <SequencePoint vc="0" uspid="2606" ordinal="4" offset="57" sl="52" sc="13" el="52" ec="14" bec="0" bev="0" fileid="97" />
              </SequencePoints>
              <BranchPoints>
                <BranchPoint vc="0" uspid="2607" ordinal="0" offset="8" sl="49" path="0" offsetend="10" fileid="97" />
                <BranchPoint vc="0" uspid="2608" ordinal="1" offset="8" sl="49" path="1" offsetend="14" fileid="97" />
                <BranchPoint vc="0" uspid="2609" ordinal="2" offset="20" sl="49" path="0" offsetend="22" fileid="97" />
                <BranchPoint vc="0" uspid="2610" ordinal="3" offset="20" sl="49" path="1" offsetend="26" fileid="97" />
              </BranchPoints>
              <MethodPoint xsi:type="SequencePoint" vc="0" uspid="2602" ordinal="0" offset="0" sl="47" sc="13" el="47" ec="14" bec="0" bev="0" fileid="97" />
            </Method>
            <Method visited="false" cyclomaticComplexity="1" nPathComplexity="0" sequenceCoverage="0" branchCoverage="0" isConstructor="false" isStatic="false" isGetter="false" isSetter="false">
              <Summary numSequencePoints="1" visitedSequencePoints="0" numBranchPoints="1" visitedBranchPoints="0" sequenceCoverage="0" branchCoverage="0" maxCyclomaticComplexity="1" minCyclomaticComplexity="1" visitedClasses="0" numClasses="0" visitedMethods="0" numMethods="1" />
              <MetadataToken>100663752</MetadataToken>
              <Name>Puzzle.Core.Multitenancy.ITenant`1&lt;TTenant&gt; Puzzle.Core.Multitenancy.Extensions.MultitenancyServiceCollectionExtensions/&lt;&gt;c__0`2::&lt;AddMultitenancy&gt;b__0_2(System.IServiceProvider)</Name>
              <FileRef uid="97" />
              <SequencePoints>
                <SequencePoint vc="0" uspid="2613" ordinal="0" offset="0" sl="55" sc="58" el="55" ec="112" bec="0" bev="0" fileid="97" />
              </SequencePoints>
              <BranchPoints />
              <MethodPoint xsi:type="SequencePoint" vc="0" uspid="2613" ordinal="0" offset="0" sl="55" sc="58" el="55" ec="112" bec="0" bev="0" fileid="97" />
            </Method>
          </Methods>
        </Class>
        <Class>
          <Summary numSequencePoints="8" visitedSequencePoints="6" numBranchPoints="3" visitedBranchPoints="2" sequenceCoverage="75" branchCoverage="66.67" maxCyclomaticComplexity="2" minCyclomaticComplexity="2" visitedClasses="1" numClasses="1" visitedMethods="1" numMethods="1" />
          <FullName>Puzzle.Core.Multitenancy.Extensions.OptionsExtensions</FullName>
          <Methods>
            <Method visited="true" cyclomaticComplexity="2" nPathComplexity="2" sequenceCoverage="75" branchCoverage="66.67" isConstructor="false" isStatic="true" isGetter="false" isSetter="false">
              <Summary numSequencePoints="8" visitedSequencePoints="6" numBranchPoints="3" visitedBranchPoints="2" sequenceCoverage="75" branchCoverage="66.67" maxCyclomaticComplexity="2" minCyclomaticComplexity="2" visitedClasses="0" numClasses="0" visitedMethods="1" numMethods="1" />
              <MetadataToken>100663573</MetadataToken>
              <Name>Microsoft.Extensions.DependencyInjection.IServiceCollection Puzzle.Core.Multitenancy.Extensions.OptionsExtensions::AddMultitenancyOptions(Microsoft.Extensions.DependencyInjection.IServiceCollection,Puzzle.Core.Multitenancy.Internal.Configurations.MultiTenancyConfig)</Name>
              <FileRef uid="99" />
              <SequencePoints>
                <SequencePoint vc="28" uspid="2614" ordinal="0" offset="0" sl="20" sc="9" el="20" ec="10" bec="0" bev="0" fileid="99" />
                <SequencePoint vc="28" uspid="2615" ordinal="1" offset="1" sl="21" sc="13" el="21" ec="34" bec="2" bev="1" fileid="99" />
                <SequencePoint vc="0" uspid="2616" ordinal="2" offset="9" sl="22" sc="13" el="22" ec="14" bec="0" bev="0" fileid="99" />
                <SequencePoint vc="0" uspid="2617" ordinal="3" offset="10" sl="23" sc="17" el="23" ec="98" bec="0" bev="0" fileid="99" />
                <SequencePoint vc="28" uspid="2618" ordinal="4" offset="31" sl="27" sc="13" el="27" ec="120" bec="0" bev="0" fileid="99" />
                <SequencePoint vc="28" uspid="2619" ordinal="5" offset="54" sl="34" sc="13" el="34" ec="115" bec="0" bev="0" fileid="99" />
                <SequencePoint vc="28" uspid="2620" ordinal="6" offset="61" sl="36" sc="13" el="36" ec="29" bec="0" bev="0" fileid="99" />
                <SequencePoint vc="28" uspid="2621" ordinal="7" offset="65" sl="37" sc="9" el="37" ec="10" bec="0" bev="0" fileid="99" />
              </SequencePoints>
              <BranchPoints>
                <BranchPoint vc="0" uspid="2622" ordinal="0" offset="7" sl="21" path="0" offsetend="9" fileid="99" />
                <BranchPoint vc="28" uspid="2623" ordinal="1" offset="7" sl="21" path="1" offsetend="31" fileid="99" />
              </BranchPoints>
              <MethodPoint xsi:type="SequencePoint" vc="28" uspid="2614" ordinal="0" offset="0" sl="20" sc="9" el="20" ec="10" bec="0" bev="0" fileid="99" />
            </Method>
          </Methods>
        </Class>
        <Class>
          <Summary numSequencePoints="32" visitedSequencePoints="28" numBranchPoints="16" visitedBranchPoints="14" sequenceCoverage="87.5" branchCoverage="87.5" maxCyclomaticComplexity="9" minCyclomaticComplexity="2" visitedClasses="1" numClasses="1" visitedMethods="4" numMethods="4" />
          <FullName>Puzzle.Core.Multitenancy.Extensions.WebHostBuilderExtensions</FullName>
          <Methods>
            <Method visited="true" cyclomaticComplexity="2" nPathComplexity="2" sequenceCoverage="66.67" branchCoverage="66.67" isConstructor="false" isStatic="true" isGetter="false" isSetter="false">
              <Summary numSequencePoints="6" visitedSequencePoints="4" numBranchPoints="3" visitedBranchPoints="2" sequenceCoverage="66.67" branchCoverage="66.67" maxCyclomaticComplexity="2" minCyclomaticComplexity="2" visitedClasses="0" numClasses="0" visitedMethods="1" numMethods="1" />
              <MetadataToken>100663574</MetadataToken>
              <Name>Microsoft.AspNetCore.Hosting.IWebHostBuilder Puzzle.Core.Multitenancy.Extensions.WebHostBuilderExtensions::UseUnobtrusiveMulitenancyStartup(Microsoft.AspNetCore.Hosting.IWebHostBuilder,Microsoft.Extensions.Configuration.IConfiguration)</Name>
              <FileRef uid="100" />
              <SequencePoints>
                <SequencePoint vc="4" uspid="2624" ordinal="0" offset="0" sl="38" sc="9" el="38" ec="10" bec="0" bev="0" fileid="100" />
                <SequencePoint vc="4" uspid="2625" ordinal="1" offset="1" sl="39" sc="13" el="39" ec="37" bec="2" bev="1" fileid="100" />
                <SequencePoint vc="0" uspid="2626" ordinal="2" offset="9" sl="40" sc="13" el="40" ec="14" bec="0" bev="0" fileid="100" />
                <SequencePoint vc="0" uspid="2627" ordinal="3" offset="10" sl="41" sc="17" el="41" ec="70" bec="0" bev="0" fileid="100" />
                <SequencePoint vc="4" uspid="2628" ordinal="4" offset="21" sl="44" sc="13" el="45" ec="62" bec="0" bev="0" fileid="100" />
                <SequencePoint vc="4" uspid="2629" ordinal="5" offset="41" sl="46" sc="9" el="46" ec="10" bec="0" bev="0" fileid="100" />
              </SequencePoints>
              <BranchPoints>
                <BranchPoint vc="0" uspid="2630" ordinal="0" offset="7" sl="39" path="0" offsetend="9" fileid="100" />
                <BranchPoint vc="4" uspid="2631" ordinal="1" offset="7" sl="39" path="1" offsetend="21" fileid="100" />
              </BranchPoints>
              <MethodPoint xsi:type="SequencePoint" vc="4" uspid="2624" ordinal="0" offset="0" sl="38" sc="9" el="38" ec="10" bec="0" bev="0" fileid="100" />
            </Method>
            <Method visited="true" cyclomaticComplexity="2" nPathComplexity="2" sequenceCoverage="100" branchCoverage="100" isConstructor="false" isStatic="true" isGetter="false" isSetter="false">
              <Summary numSequencePoints="6" visitedSequencePoints="6" numBranchPoints="3" visitedBranchPoints="3" sequenceCoverage="100" branchCoverage="100" maxCyclomaticComplexity="2" minCyclomaticComplexity="2" visitedClasses="0" numClasses="0" visitedMethods="1" numMethods="1" />
              <MetadataToken>100663575</MetadataToken>
              <Name>Microsoft.AspNetCore.Hosting.IWebHostBuilder Puzzle.Core.Multitenancy.Extensions.WebHostBuilderExtensions::UseUnobtrusiveMulitenancyStartup(Microsoft.AspNetCore.Hosting.IWebHostBuilder,Microsoft.Extensions.Configuration.IConfiguration)</Name>
              <FileRef uid="100" />
              <SequencePoints>
                <SequencePoint vc="28" uspid="2632" ordinal="0" offset="0" sl="62" sc="9" el="62" ec="10" bec="0" bev="0" fileid="100" />
                <SequencePoint vc="28" uspid="2633" ordinal="1" offset="1" sl="63" sc="13" el="63" ec="37" bec="2" bev="2" fileid="100" />
                <SequencePoint vc="2" uspid="2634" ordinal="2" offset="9" sl="64" sc="13" el="64" ec="14" bec="0" bev="0" fileid="100" />
                <SequencePoint vc="2" uspid="2635" ordinal="3" offset="10" sl="65" sc="17" el="65" ec="70" bec="0" bev="0" fileid="100" />
                <SequencePoint vc="26" uspid="2636" ordinal="4" offset="21" sl="68" sc="13" el="70" ec="71" bec="0" bev="0" fileid="100" />
                <SequencePoint vc="26" uspid="2637" ordinal="5" offset="41" sl="71" sc="9" el="71" ec="10" bec="0" bev="0" fileid="100" />
              </SequencePoints>
              <BranchPoints>
                <BranchPoint vc="2" uspid="2638" ordinal="0" offset="7" sl="63" path="0" offsetend="9" fileid="100" />
                <BranchPoint vc="26" uspid="2639" ordinal="1" offset="7" sl="63" path="1" offsetend="21" fileid="100" />
              </BranchPoints>
              <MethodPoint xsi:type="SequencePoint" vc="28" uspid="2632" ordinal="0" offset="0" sl="62" sc="9" el="62" ec="10" bec="0" bev="0" fileid="100" />
            </Method>
            <Method visited="true" cyclomaticComplexity="2" nPathComplexity="2" sequenceCoverage="100" branchCoverage="100" isConstructor="false" isStatic="true" isGetter="false" isSetter="false">
              <Summary numSequencePoints="6" visitedSequencePoints="6" numBranchPoints="3" visitedBranchPoints="3" sequenceCoverage="100" branchCoverage="100" maxCyclomaticComplexity="2" minCyclomaticComplexity="2" visitedClasses="0" numClasses="0" visitedMethods="1" numMethods="1" />
              <MetadataToken>100663576</MetadataToken>
              <Name>Microsoft.AspNetCore.Hosting.IWebHostBuilder Puzzle.Core.Multitenancy.Extensions.WebHostBuilderExtensions::UseUnobtrusiveMulitenancyStartupWithDefaultConvention(Microsoft.AspNetCore.Hosting.IWebHostBuilder)</Name>
              <FileRef uid="100" />
              <SequencePoints>
                <SequencePoint vc="4" uspid="2640" ordinal="0" offset="0" sl="81" sc="9" el="81" ec="10" bec="0" bev="0" fileid="100" />
                <SequencePoint vc="4" uspid="2641" ordinal="1" offset="1" sl="82" sc="13" el="82" ec="37" bec="2" bev="2" fileid="100" />
                <SequencePoint vc="2" uspid="2642" ordinal="2" offset="9" sl="83" sc="13" el="83" ec="14" bec="0" bev="0" fileid="100" />
                <SequencePoint vc="2" uspid="2643" ordinal="3" offset="10" sl="84" sc="17" el="84" ec="70" bec="0" bev="0" fileid="100" />
                <SequencePoint vc="2" uspid="2644" ordinal="4" offset="21" sl="87" sc="13" el="88" ec="68" bec="0" bev="0" fileid="100" />
                <SequencePoint vc="2" uspid="2645" ordinal="5" offset="41" sl="89" sc="9" el="89" ec="10" bec="0" bev="0" fileid="100" />
              </SequencePoints>
              <BranchPoints>
                <BranchPoint vc="2" uspid="2646" ordinal="0" offset="7" sl="82" path="0" offsetend="9" fileid="100" />
                <BranchPoint vc="2" uspid="2647" ordinal="1" offset="7" sl="82" path="1" offsetend="21" fileid="100" />
              </BranchPoints>
              <MethodPoint xsi:type="SequencePoint" vc="4" uspid="2640" ordinal="0" offset="0" sl="81" sc="9" el="81" ec="10" bec="0" bev="0" fileid="100" />
            </Method>
            <Method visited="true" cyclomaticComplexity="9" nPathComplexity="8" sequenceCoverage="85.71" branchCoverage="85.71" isConstructor="false" isStatic="true" isGetter="false" isSetter="false">
              <Summary numSequencePoints="14" visitedSequencePoints="12" numBranchPoints="7" visitedBranchPoints="6" sequenceCoverage="85.71" branchCoverage="85.71" maxCyclomaticComplexity="9" minCyclomaticComplexity="9" visitedClasses="0" numClasses="0" visitedMethods="1" numMethods="1" />
              <MetadataToken>100663577</MetadataToken>
              <Name>Microsoft.AspNetCore.Hosting.IWebHostBuilder Puzzle.Core.Multitenancy.Extensions.WebHostBuilderExtensions::UseUnobtrusiveMulitenancyStartup(Microsoft.AspNetCore.Hosting.IWebHostBuilder,System.Type,Microsoft.Extensions.Configuration.IConfiguration)</Name>
              <FileRef uid="100" />
              <SequencePoints>
                <SequencePoint vc="32" uspid="2648" ordinal="0" offset="20" sl="108" sc="9" el="108" ec="10" bec="0" bev="0" fileid="100" />
                <SequencePoint vc="32" uspid="2649" ordinal="1" offset="21" sl="109" sc="13" el="109" ec="72" bec="0" bev="0" fileid="100" />
                <SequencePoint vc="32" uspid="2650" ordinal="2" offset="38" sl="110" sc="13" el="110" ec="116" bec="0" bev="0" fileid="100" />
                <SequencePoint vc="32" uspid="2651" ordinal="3" offset="51" sl="112" sc="13" el="112" ec="51" bec="2" bev="1" fileid="100" />
                <SequencePoint vc="0" uspid="2652" ordinal="4" offset="69" sl="113" sc="13" el="113" ec="14" bec="0" bev="0" fileid="100" />
                <SequencePoint vc="0" uspid="2653" ordinal="5" offset="70" sl="114" sc="17" el="114" ec="77" bec="0" bev="0" fileid="100" />
                <SequencePoint vc="32" uspid="2654" ordinal="6" offset="81" sl="117" sc="13" el="117" ec="100" bec="0" bev="0" fileid="100" />
                <SequencePoint vc="32" uspid="2655" ordinal="7" offset="93" sl="119" sc="13" el="119" ec="60" bec="4" bev="4" fileid="100" />
                <SequencePoint vc="4" uspid="2656" ordinal="8" offset="170" sl="120" sc="13" el="120" ec="14" bec="0" bev="0" fileid="100" />
                <SequencePoint vc="4" uspid="2657" ordinal="9" offset="171" sl="121" sc="17" el="121" ec="59" bec="0" bev="0" fileid="100" />
                <SequencePoint vc="28" uspid="2658" ordinal="10" offset="201" sl="124" sc="13" el="124" ec="14" bec="0" bev="0" fileid="100" />
                <SequencePoint vc="28" uspid="2659" ordinal="11" offset="202" sl="125" sc="17" el="125" ec="96" bec="0" bev="0" fileid="100" />
                <SequencePoint vc="28" uspid="2660" ordinal="12" offset="241" sl="127" sc="17" el="188" ec="18" bec="0" bev="0" fileid="100" />
                <SequencePoint vc="32" uspid="2661" ordinal="13" offset="298" sl="190" sc="9" el="190" ec="10" bec="0" bev="0" fileid="100" />
              </SequencePoints>
              <BranchPoints>
                <BranchPoint vc="0" uspid="2662" ordinal="0" offset="67" sl="112" path="0" offsetend="69" fileid="100" />
                <BranchPoint vc="32" uspid="2663" ordinal="1" offset="67" sl="112" path="1" offsetend="81" fileid="100" />
                <BranchPoint vc="4" uspid="2668" ordinal="6" offset="149" sl="119" path="0" offsetend="151" fileid="100" />
                <BranchPoint vc="28" uspid="2669" ordinal="7" offset="149" sl="119" path="1" offsetend="154" fileid="100" />
                <BranchPoint vc="4" uspid="2670" ordinal="8" offset="168" sl="119" path="0" offsetend="170" fileid="100" />
                <BranchPoint vc="28" uspid="2671" ordinal="9" offset="168" sl="119" path="1" offsetend="186" fileid="100" />
              </BranchPoints>
              <MethodPoint vc="32" uspid="2672" ordinal="0" offset="0" />
            </Method>
          </Methods>
        </Class>
        <Class>
          <Summary numSequencePoints="23" visitedSequencePoints="20" numBranchPoints="3" visitedBranchPoints="2" sequenceCoverage="86.96" branchCoverage="66.67" maxCyclomaticComplexity="4" minCyclomaticComplexity="1" visitedClasses="1" numClasses="1" visitedMethods="2" numMethods="3" />
          <FullName>Puzzle.Core.Multitenancy.Extensions.WebHostBuilderExtensions/&lt;&gt;c__DisplayClass3_0`3</FullName>
          <Methods>
            <Method visited="true" cyclomaticComplexity="1" nPathComplexity="0" sequenceCoverage="0" branchCoverage="0" isConstructor="true" isStatic="false" isGetter="false" isSetter="false">
              <Summary numSequencePoints="0" visitedSequencePoints="0" numBranchPoints="0" visitedBranchPoints="0" sequenceCoverage="0" branchCoverage="0" maxCyclomaticComplexity="1" minCyclomaticComplexity="1" visitedClasses="0" numClasses="0" visitedMethods="0" numMethods="0" />
              <MetadataToken>100663753</MetadataToken>
              <Name>System.Void Puzzle.Core.Multitenancy.Extensions.WebHostBuilderExtensions/&lt;&gt;c__DisplayClass3_0`3::.ctor()</Name>
              <SequencePoints />
              <BranchPoints />
              <MethodPoint vc="32" uspid="2673" ordinal="0" offset="0" />
            </Method>
            <Method visited="true" cyclomaticComplexity="4" nPathComplexity="0" sequenceCoverage="100" branchCoverage="100" isConstructor="false" isStatic="false" isGetter="false" isSetter="false">
              <Summary numSequencePoints="15" visitedSequencePoints="15" numBranchPoints="1" visitedBranchPoints="1" sequenceCoverage="100" branchCoverage="100" maxCyclomaticComplexity="4" minCyclomaticComplexity="4" visitedClasses="0" numClasses="0" visitedMethods="1" numMethods="1" />
              <MetadataToken>100663754</MetadataToken>
              <Name>System.Void Puzzle.Core.Multitenancy.Extensions.WebHostBuilderExtensions/&lt;&gt;c__DisplayClass3_0`3::&lt;UseUnobtrusiveMulitenancyStartup&gt;b__1(Microsoft.AspNetCore.Hosting.WebHostBuilderContext,Microsoft.Extensions.DependencyInjection.IServiceCollection)</Name>
              <FileRef uid="100" />
              <SequencePoints>
                <SequencePoint vc="28" uspid="2674" ordinal="0" offset="0" sl="135" sc="17" el="135" ec="18" bec="0" bev="0" fileid="100" />
                <SequencePoint vc="28" uspid="2675" ordinal="1" offset="1" sl="136" sc="21" el="136" ec="22" bec="0" bev="0" fileid="100" />
                <SequencePoint vc="28" uspid="2676" ordinal="2" offset="2" sl="137" sc="25" el="137" ec="95" bec="0" bev="0" fileid="100" />
                <SequencePoint vc="28" uspid="2677" ordinal="3" offset="9" sl="138" sc="25" el="138" ec="99" bec="0" bev="0" fileid="100" />
                <SequencePoint vc="28" uspid="2678" ordinal="4" offset="16" sl="145" sc="25" el="145" ec="77" bec="0" bev="0" fileid="100" />
                <SequencePoint vc="28" uspid="2679" ordinal="5" offset="29" sl="147" sc="25" el="147" ec="72" bec="0" bev="0" fileid="100" />
                <SequencePoint vc="28" uspid="2680" ordinal="6" offset="36" sl="150" sc="25" el="150" ec="56" bec="0" bev="0" fileid="100" />
                <SequencePoint vc="28" uspid="2681" ordinal="7" offset="43" sl="152" sc="25" el="159" ec="62" bec="0" bev="0" fileid="100" />
                <SequencePoint vc="28" uspid="2682" ordinal="8" offset="91" sl="160" sc="25" el="160" ec="56" bec="0" bev="0" fileid="100" />
                <SequencePoint vc="28" uspid="2683" ordinal="9" offset="100" sl="162" sc="25" el="169" ec="65" bec="0" bev="0" fileid="100" />
                <SequencePoint vc="28" uspid="2684" ordinal="10" offset="148" sl="172" sc="25" el="172" ec="63" bec="0" bev="0" fileid="100" />
                <SequencePoint vc="28" uspid="2685" ordinal="11" offset="157" sl="174" sc="25" el="174" ec="101" bec="0" bev="0" fileid="100" />
                <SequencePoint vc="28" uspid="2686" ordinal="12" offset="189" sl="176" sc="25" el="185" ec="28" bec="0" bev="0" fileid="100" />
                <SequencePoint vc="28" uspid="2687" ordinal="13" offset="227" sl="186" sc="21" el="186" ec="22" bec="0" bev="0" fileid="100" />
                <SequencePoint vc="28" uspid="2688" ordinal="14" offset="228" sl="187" sc="17" el="187" ec="18" bec="0" bev="0" fileid="100" />
              </SequencePoints>
              <BranchPoints />
              <MethodPoint xsi:type="SequencePoint" vc="28" uspid="2674" ordinal="0" offset="0" sl="135" sc="17" el="135" ec="18" bec="0" bev="0" fileid="100" />
            </Method>
            <Method visited="true" cyclomaticComplexity="1" nPathComplexity="0" sequenceCoverage="100" branchCoverage="100" isConstructor="false" isStatic="false" isGetter="false" isSetter="false">
              <Summary numSequencePoints="5" visitedSequencePoints="5" numBranchPoints="1" visitedBranchPoints="1" sequenceCoverage="100" branchCoverage="100" maxCyclomaticComplexity="1" minCyclomaticComplexity="1" visitedClasses="0" numClasses="0" visitedMethods="1" numMethods="1" />
              <MetadataToken>100663755</MetadataToken>
              <Name>System.Object Puzzle.Core.Multitenancy.Extensions.WebHostBuilderExtensions/&lt;&gt;c__DisplayClass3_0`3::&lt;UseUnobtrusiveMulitenancyStartup&gt;b__3(System.IServiceProvider)</Name>
              <FileRef uid="100" />
              <SequencePoints>
                <SequencePoint vc="28" uspid="2695" ordinal="0" offset="0" sl="165" sc="25" el="165" ec="26" bec="0" bev="0" fileid="100" />
                <SequencePoint vc="28" uspid="2696" ordinal="1" offset="1" sl="166" sc="29" el="166" ec="121" bec="0" bev="0" fileid="100" />
                <SequencePoint vc="28" uspid="2697" ordinal="2" offset="8" sl="167" sc="29" el="167" ec="179" bec="0" bev="0" fileid="100" />
                <SequencePoint vc="28" uspid="2698" ordinal="3" offset="27" sl="168" sc="29" el="168" ec="92" bec="0" bev="0" fileid="100" />
                <SequencePoint vc="28" uspid="2699" ordinal="4" offset="36" sl="169" sc="25" el="169" ec="26" bec="0" bev="0" fileid="100" />
              </SequencePoints>
              <BranchPoints />
              <MethodPoint xsi:type="SequencePoint" vc="28" uspid="2695" ordinal="0" offset="0" sl="165" sc="25" el="165" ec="26" bec="0" bev="0" fileid="100" />
            </Method>
            <Method visited="false" cyclomaticComplexity="1" nPathComplexity="0" sequenceCoverage="0" branchCoverage="0" isConstructor="false" isStatic="false" isGetter="false" isSetter="false">
              <Summary numSequencePoints="3" visitedSequencePoints="0" numBranchPoints="1" visitedBranchPoints="0" sequenceCoverage="0" branchCoverage="0" maxCyclomaticComplexity="1" minCyclomaticComplexity="1" visitedClasses="0" numClasses="0" visitedMethods="0" numMethods="1" />
              <MetadataToken>100663756</MetadataToken>
              <Name>Puzzle.Core.Multitenancy.Internal.Configurations.MultiTenancyConfig Puzzle.Core.Multitenancy.Extensions.WebHostBuilderExtensions/&lt;&gt;c__DisplayClass3_0`3::&lt;UseUnobtrusiveMulitenancyStartup&gt;b__4(System.IServiceProvider)</Name>
              <FileRef uid="100" />
              <SequencePoints>
                <SequencePoint vc="0" uspid="2700" ordinal="0" offset="0" sl="177" sc="25" el="177" ec="26" bec="0" bev="0" fileid="100" />
                <SequencePoint vc="0" uspid="2701" ordinal="1" offset="1" sl="184" sc="29" el="184" ec="55" bec="0" bev="0" fileid="100" />
                <SequencePoint vc="0" uspid="2702" ordinal="2" offset="10" sl="185" sc="25" el="185" ec="26" bec="0" bev="0" fileid="100" />
              </SequencePoints>
              <BranchPoints />
              <MethodPoint xsi:type="SequencePoint" vc="0" uspid="2700" ordinal="0" offset="0" sl="177" sc="25" el="177" ec="26" bec="0" bev="0" fileid="100" />
            </Method>
          </Methods>
        </Class>
        <Class>
          <Summary numSequencePoints="5" visitedSequencePoints="5" numBranchPoints="1" visitedBranchPoints="1" sequenceCoverage="100" branchCoverage="100" maxCyclomaticComplexity="1" minCyclomaticComplexity="1" visitedClasses="1" numClasses="1" visitedMethods="1" numMethods="1" />
          <FullName>Puzzle.Core.Multitenancy.Extensions.WebHostBuilderExtensions/&lt;&gt;c__DisplayClass3_1`3</FullName>
          <Methods>
            <Method visited="true" cyclomaticComplexity="1" nPathComplexity="0" sequenceCoverage="0" branchCoverage="0" isConstructor="true" isStatic="false" isGetter="false" isSetter="false">
              <Summary numSequencePoints="0" visitedSequencePoints="0" numBranchPoints="0" visitedBranchPoints="0" sequenceCoverage="0" branchCoverage="0" maxCyclomaticComplexity="1" minCyclomaticComplexity="1" visitedClasses="0" numClasses="0" visitedMethods="0" numMethods="0" />
              <MetadataToken>100663757</MetadataToken>
              <Name>System.Void Puzzle.Core.Multitenancy.Extensions.WebHostBuilderExtensions/&lt;&gt;c__DisplayClass3_1`3::.ctor()</Name>
              <SequencePoints />
              <BranchPoints />
              <MethodPoint vc="28" uspid="2703" ordinal="0" offset="0" />
            </Method>
            <Method visited="true" cyclomaticComplexity="1" nPathComplexity="0" sequenceCoverage="100" branchCoverage="100" isConstructor="false" isStatic="false" isGetter="false" isSetter="false">
              <Summary numSequencePoints="5" visitedSequencePoints="5" numBranchPoints="1" visitedBranchPoints="1" sequenceCoverage="100" branchCoverage="100" maxCyclomaticComplexity="1" minCyclomaticComplexity="1" visitedClasses="0" numClasses="0" visitedMethods="1" numMethods="1" />
              <MetadataToken>100663758</MetadataToken>
              <Name>System.Void Puzzle.Core.Multitenancy.Extensions.WebHostBuilderExtensions/&lt;&gt;c__DisplayClass3_1`3::&lt;UseUnobtrusiveMulitenancyStartup&gt;b__0(Microsoft.AspNetCore.Hosting.WebHostBuilderContext,Microsoft.Extensions.Configuration.IConfigurationBuilder)</Name>
              <FileRef uid="100" />
              <SequencePoints>
                <SequencePoint vc="28" uspid="2704" ordinal="0" offset="0" sl="129" sc="17" el="129" ec="18" bec="0" bev="0" fileid="100" />
                <SequencePoint vc="28" uspid="2705" ordinal="1" offset="1" sl="130" sc="21" el="130" ec="97" bec="0" bev="0" fileid="100" />
                <SequencePoint vc="28" uspid="2706" ordinal="2" offset="29" sl="131" sc="21" el="131" ec="125" bec="0" bev="0" fileid="100" />
                <SequencePoint vc="28" uspid="2707" ordinal="3" offset="57" sl="132" sc="21" el="132" ec="86" bec="0" bev="0" fileid="100" />
                <SequencePoint vc="28" uspid="2708" ordinal="4" offset="80" sl="133" sc="17" el="133" ec="18" bec="0" bev="0" fileid="100" />
              </SequencePoints>
              <BranchPoints />
              <MethodPoint xsi:type="SequencePoint" vc="28" uspid="2704" ordinal="0" offset="0" sl="129" sc="17" el="129" ec="18" bec="0" bev="0" fileid="100" />
            </Method>
          </Methods>
        </Class>
        <Class>
          <Summary numSequencePoints="4" visitedSequencePoints="4" numBranchPoints="1" visitedBranchPoints="1" sequenceCoverage="100" branchCoverage="100" maxCyclomaticComplexity="1" minCyclomaticComplexity="1" visitedClasses="1" numClasses="1" visitedMethods="1" numMethods="1" />
          <FullName>Puzzle.Core.Multitenancy.Extensions.WebHostBuilderExtensions/&lt;&gt;c__3`3</FullName>
          <Methods>
            <Method visited="true" cyclomaticComplexity="1" nPathComplexity="0" sequenceCoverage="0" branchCoverage="0" isConstructor="true" isStatic="true" isGetter="false" isSetter="false">
              <Summary numSequencePoints="0" visitedSequencePoints="0" numBranchPoints="0" visitedBranchPoints="0" sequenceCoverage="0" branchCoverage="0" maxCyclomaticComplexity="1" minCyclomaticComplexity="1" visitedClasses="0" numClasses="0" visitedMethods="0" numMethods="0" />
              <MetadataToken>100663759</MetadataToken>
              <Name>System.Void Puzzle.Core.Multitenancy.Extensions.WebHostBuilderExtensions/&lt;&gt;c__3`3::.cctor()</Name>
              <SequencePoints />
              <BranchPoints />
              <MethodPoint vc="26" uspid="2709" ordinal="0" offset="0" />
            </Method>
            <Method visited="true" cyclomaticComplexity="1" nPathComplexity="0" sequenceCoverage="0" branchCoverage="0" isConstructor="true" isStatic="false" isGetter="false" isSetter="false">
              <Summary numSequencePoints="0" visitedSequencePoints="0" numBranchPoints="0" visitedBranchPoints="0" sequenceCoverage="0" branchCoverage="0" maxCyclomaticComplexity="1" minCyclomaticComplexity="1" visitedClasses="0" numClasses="0" visitedMethods="0" numMethods="0" />
              <MetadataToken>100663760</MetadataToken>
              <Name>System.Void Puzzle.Core.Multitenancy.Extensions.WebHostBuilderExtensions/&lt;&gt;c__3`3::.ctor()</Name>
              <SequencePoints />
              <BranchPoints />
              <MethodPoint vc="26" uspid="2710" ordinal="0" offset="0" />
            </Method>
            <Method visited="true" cyclomaticComplexity="1" nPathComplexity="0" sequenceCoverage="100" branchCoverage="100" isConstructor="false" isStatic="false" isGetter="false" isSetter="false">
              <Summary numSequencePoints="4" visitedSequencePoints="4" numBranchPoints="1" visitedBranchPoints="1" sequenceCoverage="100" branchCoverage="100" maxCyclomaticComplexity="1" minCyclomaticComplexity="1" visitedClasses="0" numClasses="0" visitedMethods="1" numMethods="1" />
              <MetadataToken>100663761</MetadataToken>
              <Name>System.Object Puzzle.Core.Multitenancy.Extensions.WebHostBuilderExtensions/&lt;&gt;c__3`3::&lt;UseUnobtrusiveMulitenancyStartup&gt;b__3_2(System.IServiceProvider)</Name>
              <FileRef uid="100" />
              <SequencePoints>
                <SequencePoint vc="24" uspid="2711" ordinal="0" offset="0" sl="155" sc="25" el="155" ec="26" bec="0" bev="0" fileid="100" />
                <SequencePoint vc="24" uspid="2712" ordinal="1" offset="1" sl="156" sc="29" el="156" ec="166" bec="0" bev="0" fileid="100" />
                <SequencePoint vc="24" uspid="2713" ordinal="2" offset="8" sl="157" sc="29" el="157" ec="122" bec="0" bev="0" fileid="100" />
                <SequencePoint vc="24" uspid="2714" ordinal="3" offset="17" sl="158" sc="25" el="158" ec="26" bec="0" bev="0" fileid="100" />
              </SequencePoints>
              <BranchPoints />
              <MethodPoint xsi:type="SequencePoint" vc="24" uspid="2711" ordinal="0" offset="0" sl="155" sc="25" el="155" ec="26" bec="0" bev="0" fileid="100" />
            </Method>
          </Methods>
        </Class>
        <Class>
          <Summary numSequencePoints="0" visitedSequencePoints="0" numBranchPoints="0" visitedBranchPoints="0" sequenceCoverage="0" branchCoverage="0" maxCyclomaticComplexity="0" minCyclomaticComplexity="0" visitedClasses="0" numClasses="0" visitedMethods="0" numMethods="0" />
          <FullName>Puzzle.Core.Multitenancy.Constants.MultitenancyConstants</FullName>
          <Methods />
        </Class>
      </Classes>
    </Module>
    <Module skippedDueTo="MissingPdb" hash="E2-FD-BB-5A-8A-E3-14-5C-61-8C-AA-71-AE-39-5C-E1-D5-12-6E-B9">
      <ModulePath>C:\Program Files\dotnet\shared\Microsoft.AspNetCore.App\2.1.0-preview1-final\Microsoft.Extensions.Options.dll</ModulePath>
      <ModuleTime>2018-02-16T22:58:36Z</ModuleTime>
      <ModuleName>Microsoft.Extensions.Options</ModuleName>
      <Classes />
    </Module>
    <Module skippedDueTo="MissingPdb" hash="5E-A5-84-8C-E6-10-74-7A-FB-AA-8B-81-5F-6B-B7-E1-CE-A9-45-D4">
      <ModulePath>C:\Program Files\dotnet\shared\Microsoft.AspNetCore.App\2.1.0-preview1-final\Microsoft.Extensions.Caching.Abstractions.dll</ModulePath>
      <ModuleTime>2018-02-16T22:58:36Z</ModuleTime>
      <ModuleName>Microsoft.Extensions.Caching.Abstractions</ModuleName>
      <Classes />
    </Module>
    <Module skippedDueTo="MissingPdb" hash="6D-1E-3C-29-2D-29-B3-0B-82-9F-E6-58-F7-8F-D3-56-6E-39-D6-EF">
      <ModulePath>C:\Program Files\dotnet\shared\Microsoft.AspNetCore.App\2.1.0-preview1-final\Microsoft.AspNetCore.Http.Abstractions.dll</ModulePath>
      <ModuleTime>2018-02-16T22:58:36Z</ModuleTime>
      <ModuleName>Microsoft.AspNetCore.Http.Abstractions</ModuleName>
      <Classes />
    </Module>
    <Module skippedDueTo="MissingPdb" hash="61-1E-DA-FF-20-E7-DF-B6-B5-02-13-98-C9-1F-E4-A8-2C-AC-F5-E9">
      <ModulePath>C:\Users\courio\.nuget\packages\microsoft.aspnetcore.testhost\2.1.0-preview1-final\lib\netstandard2.0\Microsoft.AspNetCore.TestHost.dll</ModulePath>
      <ModuleTime>2018-02-16T22:57:32Z</ModuleTime>
      <ModuleName>Microsoft.AspNetCore.TestHost</ModuleName>
      <Classes />
    </Module>
    <Module skippedDueTo="MissingPdb" hash="E6-71-2B-9E-80-84-12-9C-E6-75-2D-62-DE-77-29-D4-F2-17-77-78">
      <ModulePath>C:\Program Files\dotnet\shared\Microsoft.AspNetCore.App\2.1.0-preview1-final\Microsoft.AspNetCore.Hosting.dll</ModulePath>
      <ModuleTime>2018-02-16T22:58:36Z</ModuleTime>
      <ModuleName>Microsoft.AspNetCore.Hosting</ModuleName>
      <Classes />
    </Module>
    <Module skippedDueTo="MissingPdb" hash="47-33-EB-AE-9D-8E-1A-30-C3-18-05-71-1A-56-8B-2B-A8-82-A0-04">
      <ModulePath>C:\Program Files\dotnet\shared\Microsoft.AspNetCore.App\2.1.0-preview1-final\Microsoft.AspNetCore.Hosting.Server.Abstractions.dll</ModulePath>
      <ModuleTime>2018-02-16T22:58:36Z</ModuleTime>
      <ModuleName>Microsoft.AspNetCore.Hosting.Server.Abstractions</ModuleName>
      <Classes />
    </Module>
    <Module skippedDueTo="MissingPdb" hash="13-6C-BE-D9-30-75-F6-50-6C-9B-44-24-30-30-16-94-A8-0D-D9-EC">
      <ModulePath>C:\Program Files\dotnet\shared\Microsoft.AspNetCore.App\2.1.0-preview1-final\Microsoft.AspNetCore.Http.Features.dll</ModulePath>
      <ModuleTime>2018-02-16T22:58:36Z</ModuleTime>
      <ModuleName>Microsoft.AspNetCore.Http.Features</ModuleName>
      <Classes />
    </Module>
    <Module skippedDueTo="Filter" hash="A8-CB-32-16-AD-50-81-63-9D-60-54-CB-1A-09-32-53-36-C1-89-B0">
      <ModulePath>C:\Program Files\dotnet\shared\Microsoft.NETCore.App\2.1.0-preview1-26216-03\System.Net.WebSockets.dll</ModulePath>
      <ModuleTime>2018-02-16T07:04:00Z</ModuleTime>
      <ModuleName>System.Net.WebSockets</ModuleName>
      <Classes />
    </Module>
    <Module skippedDueTo="MissingPdb" hash="12-74-3C-35-64-A4-AC-99-A4-B0-23-26-64-61-3D-9F-44-60-A2-19">
      <ModulePath>C:\Program Files\dotnet\shared\Microsoft.AspNetCore.App\2.1.0-preview1-final\Microsoft.AspNetCore.Hosting.Abstractions.dll</ModulePath>
      <ModuleTime>2018-02-16T22:58:36Z</ModuleTime>
      <ModuleName>Microsoft.AspNetCore.Hosting.Abstractions</ModuleName>
      <Classes />
    </Module>
    <Module skippedDueTo="MissingPdb" hash="7A-2B-DC-67-4C-E2-6A-EB-1E-42-BE-3A-27-5A-7C-75-FB-4E-5D-2B">
      <ModulePath>C:\Program Files\dotnet\shared\Microsoft.AspNetCore.App\2.1.0-preview1-final\Microsoft.Extensions.DependencyInjection.Abstractions.dll</ModulePath>
      <ModuleTime>2018-02-16T22:58:36Z</ModuleTime>
      <ModuleName>Microsoft.Extensions.DependencyInjection.Abstractions</ModuleName>
      <Classes />
    </Module>
    <Module skippedDueTo="MissingPdb" hash="52-32-D8-F5-7F-09-80-56-BE-D6-EF-39-E9-27-C9-1F-3D-D6-80-11">
      <ModulePath>C:\Users\courio\.nuget\packages\microsoft.codecoverage\1.0.3\lib\netstandard1.0\Microsoft.VisualStudio.CodeCoverage.Shim.dll</ModulePath>
      <ModuleTime>2017-04-26T10:51:36Z</ModuleTime>
      <ModuleName>Microsoft.VisualStudio.CodeCoverage.Shim</ModuleName>
      <Classes />
    </Module>
    <Module skippedDueTo="MissingPdb" hash="C7-72-77-08-51-6F-C9-89-22-93-22-88-B8-FE-5D-B1-9A-07-7D-C4">
      <ModulePath>C:\Users\courio\.nuget\packages\microsoft.dotnet.internalabstractions\1.0.500-preview2-1-003177\lib\netstandard1.3\Microsoft.DotNet.InternalAbstractions.dll</ModulePath>
      <ModuleTime>2016-11-11T00:01:34Z</ModuleTime>
      <ModuleName>Microsoft.DotNet.InternalAbstractions</ModuleName>
      <Classes />
    </Module>
    <Module skippedDueTo="Filter" hash="1F-14-95-86-E7-91-CC-7A-5A-10-C0-17-4E-FD-82-6A-48-4B-99-8D">
      <ModulePath>C:\Program Files\dotnet\shared\Microsoft.NETCore.App\2.1.0-preview1-26216-03\System.Diagnostics.TextWriterTraceListener.dll</ModulePath>
      <ModuleTime>2018-02-16T07:03:58Z</ModuleTime>
      <ModuleName>System.Diagnostics.TextWriterTraceListener</ModuleName>
      <Classes />
    </Module>
    <Module skippedDueTo="Filter" hash="B4-14-D9-08-AD-34-6E-9C-D7-7D-3A-A4-19-F8-78-53-54-AC-67-65">
      <ModulePath>C:\Program Files\dotnet\shared\Microsoft.NETCore.App\2.1.0-preview1-26216-03\System.ComponentModel.EventBasedAsync.dll</ModulePath>
      <ModuleTime>2018-02-16T07:03:58Z</ModuleTime>
      <ModuleName>System.ComponentModel.EventBasedAsync</ModuleName>
      <Classes />
    </Module>
    <Module skippedDueTo="MissingPdb" hash="B5-54-59-D5-0D-AF-80-BA-DD-67-03-4E-8C-5C-25-4E-3E-BF-F0-6D">
      <ModulePath>C:\Users\courio\.nuget\packages\serilog\2.6.0\lib\netstandard1.3\Serilog.dll</ModulePath>
      <ModuleTime>2017-12-03T19:05:46Z</ModuleTime>
      <ModuleName>Serilog</ModuleName>
      <Classes />
    </Module>
    <Module skippedDueTo="MissingPdb" hash="C5-3A-2D-69-74-D5-FE-99-C0-2A-49-59-B8-1E-6F-05-9C-FA-9F-C3">
      <ModulePath>C:\Users\courio\.nuget\packages\serilog.aspnetcore\2.1.1\lib\netstandard2.0\Serilog.AspNetCore.dll</ModulePath>
      <ModuleTime>2018-03-07T05:12:12Z</ModuleTime>
      <ModuleName>Serilog.AspNetCore</ModuleName>
      <Classes />
    </Module>
    <Module skippedDueTo="MissingPdb" hash="43-77-4E-79-18-EE-43-AB-4E-9C-9A-D9-39-BA-A8-79-3C-EC-45-91">
      <ModulePath>C:\Program Files\dotnet\shared\Microsoft.AspNetCore.App\2.1.0-preview1-final\Microsoft.Extensions.Logging.Abstractions.dll</ModulePath>
      <ModuleTime>2018-02-16T22:58:36Z</ModuleTime>
      <ModuleName>Microsoft.Extensions.Logging.Abstractions</ModuleName>
      <Classes />
    </Module>
    <Module skippedDueTo="MissingPdb" hash="9B-F5-A7-97-89-EE-82-44-97-42-A9-02-FA-46-A4-02-B6-72-A3-90">
      <ModulePath>C:\Users\courio\.nuget\packages\serilog.extensions.logging\2.0.0\lib\netstandard2.0\Serilog.Extensions.Logging.dll</ModulePath>
      <ModuleTime>2017-08-18T00:37:34Z</ModuleTime>
      <ModuleName>Serilog.Extensions.Logging</ModuleName>
      <Classes />
    </Module>
    <Module skippedDueTo="MissingPdb" hash="77-F1-A9-15-C8-9F-0C-B1-4B-B6-87-CF-E2-E0-82-B9-ED-57-43-31">
      <ModulePath>C:\Users\courio\.nuget\packages\serilog.formatting.compact\1.0.0\lib\netstandard1.1\Serilog.Formatting.Compact.dll</ModulePath>
      <ModuleTime>2016-07-05T00:28:44Z</ModuleTime>
      <ModuleName>Serilog.Formatting.Compact</ModuleName>
      <Classes />
    </Module>
    <Module skippedDueTo="MissingPdb" hash="0A-71-55-D5-85-0B-BE-89-00-9A-EF-F6-4F-93-60-B0-93-D7-E8-E6">
      <ModulePath>C:\Users\courio\.nuget\packages\serilog.settings.configuration\2.6.1\lib\netstandard1.6\Serilog.Settings.Configuration.dll</ModulePath>
      <ModuleTime>2018-03-15T13:02:12Z</ModuleTime>
      <ModuleName>Serilog.Settings.Configuration</ModuleName>
      <Classes />
    </Module>
    <Module skippedDueTo="MissingPdb" hash="AF-2E-23-0F-98-03-81-D2-24-D5-4E-C5-73-66-A8-09-43-3D-29-61">
      <ModulePath>C:\Users\courio\.nuget\packages\serilog.sinks.coloredconsole\3.0.1\lib\netstandard1.3\Serilog.Sinks.ColoredConsole.dll</ModulePath>
      <ModuleTime>2017-07-05T15:17:28Z</ModuleTime>
      <ModuleName>Serilog.Sinks.ColoredConsole</ModuleName>
      <Classes />
    </Module>
    <Module skippedDueTo="MissingPdb" hash="BD-D3-79-F4-80-1B-F3-0F-4A-E9-F2-CA-94-E3-DE-DE-0B-CA-35-6E">
      <ModulePath>C:\Users\courio\.nuget\packages\serilog.sinks.console\3.1.1\lib\netcoreapp1.1\Serilog.Sinks.Console.dll</ModulePath>
      <ModuleTime>2017-10-22T14:48:40Z</ModuleTime>
      <ModuleName>Serilog.Sinks.Console</ModuleName>
      <Classes />
    </Module>
    <Module skippedDueTo="MissingPdb" hash="5B-B1-D8-E0-73-B7-01-0F-3F-40-48-2E-68-FD-F7-31-98-58-7A-70">
      <ModulePath>C:\Users\courio\.nuget\packages\serilog.sinks.file\4.0.0\lib\netstandard1.3\Serilog.Sinks.File.dll</ModulePath>
      <ModuleTime>2017-10-29T17:30:08Z</ModuleTime>
      <ModuleName>Serilog.Sinks.File</ModuleName>
      <Classes />
    </Module>
    <Module skippedDueTo="MissingPdb" hash="7E-B7-B4-FA-48-3E-78-BE-7E-98-B3-28-4F-93-2D-57-8D-40-D2-79">
      <ModulePath>C:\Users\courio\.nuget\packages\serilog.sinks.literate\3.0.0\lib\netstandard1.3\Serilog.Sinks.Literate.dll</ModulePath>
      <ModuleTime>2017-07-02T21:38:30Z</ModuleTime>
      <ModuleName>Serilog.Sinks.Literate</ModuleName>
      <Classes />
    </Module>
    <Module skippedDueTo="Filter" hash="53-54-24-5E-85-2F-DC-31-01-9F-64-96-C1-B7-CA-E0-56-B4-71-FF">
      <ModulePath>C:\Users\courio\.nuget\packages\system.xml.xpath.xmldocument\4.0.1\lib\netstandard1.3\System.Xml.XPath.XmlDocument.dll</ModulePath>
      <ModuleTime>2016-06-11T21:15:02Z</ModuleTime>
      <ModuleName>System.Xml.XPath.XmlDocument</ModuleName>
      <Classes />
    </Module>
    <Module skippedDueTo="Filter" hash="BF-E5-4F-FE-CF-53-6A-47-B3-9C-83-FA-80-22-8A-DC-19-81-A7-C4">
      <ModulePath>C:\Users\courio\.nuget\packages\xunit.assert\2.3.1\lib\netstandard1.1\xunit.assert.dll</ModulePath>
      <ModuleTime>2017-10-27T03:34:24Z</ModuleTime>
      <ModuleName>xunit.assert</ModuleName>
      <Classes />
    </Module>
    <Module skippedDueTo="Filter" hash="D7-C8-B6-EB-3D-AB-DE-46-D3-09-70-89-24-22-FC-81-DA-7A-D3-E4">
      <ModulePath>C:\Users\courio\.nuget\packages\xunit.extensibility.execution\2.3.1\lib\netstandard1.1\xunit.execution.dotnet.dll</ModulePath>
      <ModuleTime>2017-10-27T03:34:44Z</ModuleTime>
      <ModuleName>xunit.execution.dotnet</ModuleName>
      <Classes />
    </Module>
    <Module skippedDueTo="MissingPdb" hash="C6-DF-D5-C4-15-16-7B-DA-7C-0F-66-04-B7-8C-D6-F8-56-81-A2-56">
      <ModulePath>C:\Program Files\dotnet\shared\Microsoft.AspNetCore.App\2.1.0-preview1-final\Microsoft.AspNetCore.dll</ModulePath>
      <ModuleTime>2018-02-16T22:58:36Z</ModuleTime>
      <ModuleName>Microsoft.AspNetCore</ModuleName>
      <Classes />
    </Module>
    <Module skippedDueTo="MissingPdb" hash="0A-06-B9-0D-2E-DE-81-01-43-C5-F2-1B-0F-68-BC-30-40-6B-0A-45">
      <ModulePath>C:\Program Files\dotnet\shared\Microsoft.AspNetCore.App\2.1.0-preview1-final\Microsoft.AspNetCore.Antiforgery.dll</ModulePath>
      <ModuleTime>2018-02-16T22:58:36Z</ModuleTime>
      <ModuleName>Microsoft.AspNetCore.Antiforgery</ModuleName>
      <Classes />
    </Module>
    <Module skippedDueTo="MissingPdb" hash="55-1C-94-68-BD-EF-E1-CD-4A-5C-90-5C-61-83-7D-7A-64-02-F3-66">
      <ModulePath>C:\Program Files\dotnet\shared\Microsoft.AspNetCore.App\2.1.0-preview1-final\Microsoft.Extensions.ObjectPool.dll</ModulePath>
      <ModuleTime>2018-02-16T22:58:36Z</ModuleTime>
      <ModuleName>Microsoft.Extensions.ObjectPool</ModuleName>
      <Classes />
    </Module>
    <Module skippedDueTo="MissingPdb" hash="64-30-15-EB-66-15-A0-FB-54-15-48-DD-2E-3D-96-FC-E3-AB-80-8F">
      <ModulePath>C:\Program Files\dotnet\shared\Microsoft.AspNetCore.App\2.1.0-preview1-final\Microsoft.Extensions.Primitives.dll</ModulePath>
      <ModuleTime>2018-02-16T22:58:36Z</ModuleTime>
      <ModuleName>Microsoft.Extensions.Primitives</ModuleName>
      <Classes />
    </Module>
    <Module skippedDueTo="MissingPdb" hash="29-34-3A-0C-41-FE-FC-EE-C7-EA-3C-B9-CE-EE-6D-81-ED-B2-5E-6C">
      <ModulePath>C:\Program Files\dotnet\shared\Microsoft.AspNetCore.App\2.1.0-preview1-final\Microsoft.AspNetCore.Authentication.dll</ModulePath>
      <ModuleTime>2018-02-16T22:58:36Z</ModuleTime>
      <ModuleName>Microsoft.AspNetCore.Authentication</ModuleName>
      <Classes />
    </Module>
    <Module skippedDueTo="MissingPdb" hash="DB-6C-C9-A2-1B-A7-F8-84-87-CF-2B-46-CA-0C-AA-60-C6-48-89-B7">
      <ModulePath>C:\Program Files\dotnet\shared\Microsoft.AspNetCore.App\2.1.0-preview1-final\Microsoft.AspNetCore.Authentication.Abstractions.dll</ModulePath>
      <ModuleTime>2018-02-16T22:58:36Z</ModuleTime>
      <ModuleName>Microsoft.AspNetCore.Authentication.Abstractions</ModuleName>
      <Classes />
    </Module>
    <Module skippedDueTo="MissingPdb" hash="23-0F-36-3D-63-23-D7-AE-9E-19-30-26-2A-3F-86-DD-A6-4A-9C-9A">
      <ModulePath>C:\Program Files\dotnet\shared\Microsoft.AspNetCore.App\2.1.0-preview1-final\Microsoft.AspNetCore.Authentication.Cookies.dll</ModulePath>
      <ModuleTime>2018-02-16T22:58:36Z</ModuleTime>
      <ModuleName>Microsoft.AspNetCore.Authentication.Cookies</ModuleName>
      <Classes />
    </Module>
    <Module skippedDueTo="MissingPdb" hash="8D-7C-51-8D-11-58-07-99-6B-A5-04-0E-75-32-3D-60-C1-F2-2B-8C">
      <ModulePath>C:\Program Files\dotnet\shared\Microsoft.AspNetCore.App\2.1.0-preview1-final\Microsoft.AspNetCore.Authentication.Core.dll</ModulePath>
      <ModuleTime>2018-02-16T22:58:36Z</ModuleTime>
      <ModuleName>Microsoft.AspNetCore.Authentication.Core</ModuleName>
      <Classes />
    </Module>
    <Module skippedDueTo="MissingPdb" hash="42-2F-AD-7F-B3-26-A9-8D-C9-82-9B-F6-91-73-A6-1C-1C-0C-0B-50">
      <ModulePath>C:\Program Files\dotnet\shared\Microsoft.AspNetCore.App\2.1.0-preview1-final\Microsoft.AspNetCore.Authentication.Facebook.dll</ModulePath>
      <ModuleTime>2018-02-16T22:58:36Z</ModuleTime>
      <ModuleName>Microsoft.AspNetCore.Authentication.Facebook</ModuleName>
      <Classes />
    </Module>
    <Module skippedDueTo="MissingPdb" hash="A9-D1-84-E3-70-DC-F6-63-01-C2-03-EF-19-82-8E-6F-89-FE-52-F0">
      <ModulePath>C:\Program Files\dotnet\shared\Microsoft.AspNetCore.App\2.1.0-preview1-final\Microsoft.AspNetCore.Authentication.OAuth.dll</ModulePath>
      <ModuleTime>2018-02-16T22:58:36Z</ModuleTime>
      <ModuleName>Microsoft.AspNetCore.Authentication.OAuth</ModuleName>
      <Classes />
    </Module>
    <Module skippedDueTo="MissingPdb" hash="D8-C1-8F-19-C8-98-9E-80-DC-5F-51-4A-C7-2C-1D-F0-B7-1F-C4-7B">
      <ModulePath>C:\Program Files\dotnet\shared\Microsoft.AspNetCore.App\2.1.0-preview1-final\Microsoft.AspNetCore.Authentication.Google.dll</ModulePath>
      <ModuleTime>2018-02-16T22:58:36Z</ModuleTime>
      <ModuleName>Microsoft.AspNetCore.Authentication.Google</ModuleName>
      <Classes />
    </Module>
    <Module skippedDueTo="MissingPdb" hash="9C-53-E9-37-12-19-7C-7E-6E-1A-ED-F7-5C-22-0E-E2-6D-C4-B1-52">
      <ModulePath>C:\Program Files\dotnet\shared\Microsoft.AspNetCore.App\2.1.0-preview1-final\Microsoft.AspNetCore.Authentication.JwtBearer.dll</ModulePath>
      <ModuleTime>2018-02-16T22:58:36Z</ModuleTime>
      <ModuleName>Microsoft.AspNetCore.Authentication.JwtBearer</ModuleName>
      <Classes />
    </Module>
    <Module skippedDueTo="MissingPdb" hash="83-39-19-0B-D3-3A-53-31-F3-39-78-5C-E7-EB-B3-C6-9E-F7-9F-89">
      <ModulePath>C:\Program Files\dotnet\shared\Microsoft.AspNetCore.App\2.1.0-preview1-final\Microsoft.IdentityModel.Protocols.OpenIdConnect.dll</ModulePath>
      <ModuleTime>2018-02-16T22:58:36Z</ModuleTime>
      <ModuleName>Microsoft.IdentityModel.Protocols.OpenIdConnect</ModuleName>
      <Classes />
    </Module>
    <Module skippedDueTo="MissingPdb" hash="E2-05-15-8E-E0-38-C1-E6-54-12-B5-0A-6C-A9-08-DB-B1-9B-72-BB">
      <ModulePath>C:\Program Files\dotnet\shared\Microsoft.AspNetCore.App\2.1.0-preview1-final\Microsoft.AspNetCore.Authentication.MicrosoftAccount.dll</ModulePath>
      <ModuleTime>2018-02-16T22:58:36Z</ModuleTime>
      <ModuleName>Microsoft.AspNetCore.Authentication.MicrosoftAccount</ModuleName>
      <Classes />
    </Module>
    <Module skippedDueTo="MissingPdb" hash="34-25-87-97-55-BA-C2-9F-F2-EE-B9-CF-A4-76-41-10-D1-94-C8-4A">
      <ModulePath>C:\Program Files\dotnet\shared\Microsoft.AspNetCore.App\2.1.0-preview1-final\Microsoft.AspNetCore.Authentication.OpenIdConnect.dll</ModulePath>
      <ModuleTime>2018-02-16T22:58:36Z</ModuleTime>
      <ModuleName>Microsoft.AspNetCore.Authentication.OpenIdConnect</ModuleName>
      <Classes />
    </Module>
    <Module skippedDueTo="MissingPdb" hash="E3-F4-21-52-A8-ED-AB-A3-A5-82-B3-45-A4-7B-10-2A-2C-04-EE-62">
      <ModulePath>C:\Program Files\dotnet\shared\Microsoft.AspNetCore.App\2.1.0-preview1-final\Microsoft.IdentityModel.Protocols.dll</ModulePath>
      <ModuleTime>2018-02-16T22:58:36Z</ModuleTime>
      <ModuleName>Microsoft.IdentityModel.Protocols</ModuleName>
      <Classes />
    </Module>
    <Module skippedDueTo="MissingPdb" hash="01-0E-62-AF-BD-8D-AE-2F-6C-AB-75-7A-A8-4A-0D-CE-48-44-22-F5">
      <ModulePath>C:\Program Files\dotnet\shared\Microsoft.AspNetCore.App\2.1.0-preview1-final\Microsoft.AspNetCore.Authentication.Twitter.dll</ModulePath>
      <ModuleTime>2018-02-16T22:58:36Z</ModuleTime>
      <ModuleName>Microsoft.AspNetCore.Authentication.Twitter</ModuleName>
      <Classes />
    </Module>
    <Module skippedDueTo="MissingPdb" hash="55-A6-3B-39-89-4B-EF-7F-11-FF-5F-E5-DA-E8-56-C3-7A-D4-B7-37">
      <ModulePath>C:\Program Files\dotnet\shared\Microsoft.AspNetCore.App\2.1.0-preview1-final\Microsoft.AspNetCore.Authorization.dll</ModulePath>
      <ModuleTime>2018-02-16T22:58:36Z</ModuleTime>
      <ModuleName>Microsoft.AspNetCore.Authorization</ModuleName>
      <Classes />
    </Module>
    <Module skippedDueTo="MissingPdb" hash="AF-27-AF-A1-C3-EF-E3-B1-CC-60-FC-A1-04-29-72-E6-2E-39-0F-F8">
      <ModulePath>C:\Program Files\dotnet\shared\Microsoft.AspNetCore.App\2.1.0-preview1-final\Microsoft.AspNetCore.Authorization.Policy.dll</ModulePath>
      <ModuleTime>2018-02-16T22:58:36Z</ModuleTime>
      <ModuleName>Microsoft.AspNetCore.Authorization.Policy</ModuleName>
      <Classes />
    </Module>
    <Module skippedDueTo="MissingPdb" hash="71-72-38-31-CF-EC-2E-96-7D-86-2D-C5-5F-49-2E-15-57-58-77-11">
      <ModulePath>C:\Program Files\dotnet\shared\Microsoft.AspNetCore.App\2.1.0-preview1-final\Microsoft.AspNetCore.AzureAppServicesIntegration.dll</ModulePath>
      <ModuleTime>2018-02-16T22:58:36Z</ModuleTime>
      <ModuleName>Microsoft.AspNetCore.AzureAppServicesIntegration</ModuleName>
      <Classes />
    </Module>
    <Module skippedDueTo="MissingPdb" hash="F4-28-15-FF-AE-B7-DB-17-D9-BD-45-A7-94-74-BA-E1-89-3E-CF-50">
      <ModulePath>C:\Program Files\dotnet\shared\Microsoft.AspNetCore.App\2.1.0-preview1-final\Microsoft.AspNetCore.CookiePolicy.dll</ModulePath>
      <ModuleTime>2018-02-16T22:58:36Z</ModuleTime>
      <ModuleName>Microsoft.AspNetCore.CookiePolicy</ModuleName>
      <Classes />
    </Module>
    <Module skippedDueTo="MissingPdb" hash="DC-07-BE-BB-44-F1-91-7A-F8-98-92-94-11-15-0F-D1-94-C9-12-BD">
      <ModulePath>C:\Program Files\dotnet\shared\Microsoft.AspNetCore.App\2.1.0-preview1-final\Microsoft.AspNetCore.Cors.dll</ModulePath>
      <ModuleTime>2018-02-16T22:58:36Z</ModuleTime>
      <ModuleName>Microsoft.AspNetCore.Cors</ModuleName>
      <Classes />
    </Module>
    <Module skippedDueTo="MissingPdb" hash="96-13-C7-7B-D4-4A-90-87-5A-80-95-B3-54-93-C0-AA-08-55-A1-66">
      <ModulePath>C:\Program Files\dotnet\shared\Microsoft.AspNetCore.App\2.1.0-preview1-final\Microsoft.AspNetCore.Cryptography.Internal.dll</ModulePath>
      <ModuleTime>2018-02-16T22:58:36Z</ModuleTime>
      <ModuleName>Microsoft.AspNetCore.Cryptography.Internal</ModuleName>
      <Classes />
    </Module>
    <Module skippedDueTo="MissingPdb" hash="61-78-D2-F6-D5-32-0E-39-0D-BF-D1-64-97-92-B0-96-40-A5-B2-71">
      <ModulePath>C:\Program Files\dotnet\shared\Microsoft.AspNetCore.App\2.1.0-preview1-final\Microsoft.AspNetCore.Cryptography.KeyDerivation.dll</ModulePath>
      <ModuleTime>2018-02-16T22:58:36Z</ModuleTime>
      <ModuleName>Microsoft.AspNetCore.Cryptography.KeyDerivation</ModuleName>
      <Classes />
    </Module>
    <Module skippedDueTo="MissingPdb" hash="3C-4C-1E-27-01-9C-A1-86-E3-B6-F2-6F-43-35-CA-DD-78-87-96-1C">
      <ModulePath>C:\Program Files\dotnet\shared\Microsoft.AspNetCore.App\2.1.0-preview1-final\Microsoft.AspNetCore.DataProtection.dll</ModulePath>
      <ModuleTime>2018-02-16T22:58:36Z</ModuleTime>
      <ModuleName>Microsoft.AspNetCore.DataProtection</ModuleName>
      <Classes />
    </Module>
    <Module skippedDueTo="MissingPdb" hash="AF-A9-5A-EA-33-40-BB-81-07-F8-45-60-C1-FA-1A-7F-F6-70-E5-20">
      <ModulePath>C:\Program Files\dotnet\shared\Microsoft.AspNetCore.App\2.1.0-preview1-final\Microsoft.AspNetCore.DataProtection.Abstractions.dll</ModulePath>
      <ModuleTime>2018-02-16T22:58:36Z</ModuleTime>
      <ModuleName>Microsoft.AspNetCore.DataProtection.Abstractions</ModuleName>
      <Classes />
    </Module>
    <Module skippedDueTo="MissingPdb" hash="2C-8A-DD-81-6A-9A-81-1D-8B-98-8C-7A-E5-41-B7-05-A2-9E-99-D0">
      <ModulePath>C:\Program Files\dotnet\shared\Microsoft.AspNetCore.App\2.1.0-preview1-final\Microsoft.AspNetCore.DataProtection.Extensions.dll</ModulePath>
      <ModuleTime>2018-02-16T22:58:36Z</ModuleTime>
      <ModuleName>Microsoft.AspNetCore.DataProtection.Extensions</ModuleName>
      <Classes />
    </Module>
    <Module skippedDueTo="MissingPdb" hash="D0-C2-BD-A9-B3-C2-71-AC-C6-E7-5B-F2-F7-CB-89-C0-94-92-47-BD">
      <ModulePath>C:\Program Files\dotnet\shared\Microsoft.AspNetCore.App\2.1.0-preview1-final\Microsoft.AspNetCore.Diagnostics.dll</ModulePath>
      <ModuleTime>2018-02-16T22:58:36Z</ModuleTime>
      <ModuleName>Microsoft.AspNetCore.Diagnostics</ModuleName>
      <Classes />
    </Module>
    <Module skippedDueTo="MissingPdb" hash="59-6D-0B-F0-65-84-FA-29-62-C1-12-A1-85-45-DE-93-8E-68-7E-59">
      <ModulePath>C:\Program Files\dotnet\shared\Microsoft.AspNetCore.App\2.1.0-preview1-final\Microsoft.AspNetCore.Diagnostics.Abstractions.dll</ModulePath>
      <ModuleTime>2018-02-16T22:58:36Z</ModuleTime>
      <ModuleName>Microsoft.AspNetCore.Diagnostics.Abstractions</ModuleName>
      <Classes />
    </Module>
    <Module skippedDueTo="MissingPdb" hash="27-18-99-EA-46-9F-11-94-F8-4B-D9-D1-8A-6B-3A-75-92-51-FE-3E">
      <ModulePath>C:\Program Files\dotnet\shared\Microsoft.AspNetCore.App\2.1.0-preview1-final\Microsoft.AspNetCore.Diagnostics.EntityFrameworkCore.dll</ModulePath>
      <ModuleTime>2018-02-16T22:58:36Z</ModuleTime>
      <ModuleName>Microsoft.AspNetCore.Diagnostics.EntityFrameworkCore</ModuleName>
      <Classes />
    </Module>
    <Module skippedDueTo="MissingPdb" hash="FE-9C-AA-18-F7-3E-09-BA-76-6C-C1-AB-D5-89-3B-BA-6E-92-C9-7C">
      <ModulePath>C:\Program Files\dotnet\shared\Microsoft.AspNetCore.App\2.1.0-preview1-final\Microsoft.EntityFrameworkCore.dll</ModulePath>
      <ModuleTime>2018-02-16T22:58:36Z</ModuleTime>
      <ModuleName>Microsoft.EntityFrameworkCore</ModuleName>
      <Classes />
    </Module>
    <Module skippedDueTo="MissingPdb" hash="25-1C-79-F3-5B-54-71-F5-B0-7B-33-65-3A-F1-F5-2F-F1-3F-56-65">
      <ModulePath>C:\Program Files\dotnet\shared\Microsoft.AspNetCore.App\2.1.0-preview1-final\Microsoft.Extensions.Configuration.Abstractions.dll</ModulePath>
      <ModuleTime>2018-02-16T22:58:36Z</ModuleTime>
      <ModuleName>Microsoft.Extensions.Configuration.Abstractions</ModuleName>
      <Classes />
    </Module>
    <Module skippedDueTo="MissingPdb" hash="E5-90-D8-60-B9-50-C4-5F-1A-7A-56-58-2E-1A-41-BE-6B-9C-9B-DE">
      <ModulePath>C:\Program Files\dotnet\shared\Microsoft.AspNetCore.App\2.1.0-preview1-final\Microsoft.Extensions.Hosting.Abstractions.dll</ModulePath>
      <ModuleTime>2018-02-16T22:58:36Z</ModuleTime>
      <ModuleName>Microsoft.Extensions.Hosting.Abstractions</ModuleName>
      <Classes />
    </Module>
    <Module skippedDueTo="MissingPdb" hash="BD-2C-48-FA-8F-13-32-B6-F4-93-E3-51-E0-83-AB-A6-91-8D-93-F1">
      <ModulePath>C:\Program Files\dotnet\shared\Microsoft.AspNetCore.App\2.1.0-preview1-final\Microsoft.Extensions.FileProviders.Abstractions.dll</ModulePath>
      <ModuleTime>2018-02-16T22:58:36Z</ModuleTime>
      <ModuleName>Microsoft.Extensions.FileProviders.Abstractions</ModuleName>
      <Classes />
    </Module>
    <Module skippedDueTo="MissingPdb" hash="79-47-A5-D3-7F-81-FD-7A-EA-F5-B6-5F-49-05-BD-60-33-9D-04-72">
      <ModulePath>C:\Program Files\dotnet\shared\Microsoft.AspNetCore.App\2.1.0-preview1-final\Microsoft.AspNetCore.Html.Abstractions.dll</ModulePath>
      <ModuleTime>2018-02-16T22:58:36Z</ModuleTime>
      <ModuleName>Microsoft.AspNetCore.Html.Abstractions</ModuleName>
      <Classes />
    </Module>
    <Module skippedDueTo="MissingPdb" hash="3E-03-A1-5A-6A-44-7D-13-77-91-84-9C-1C-D0-5B-F1-E3-AB-81-71">
      <ModulePath>C:\Program Files\dotnet\shared\Microsoft.AspNetCore.App\2.1.0-preview1-final\Microsoft.AspNetCore.Http.dll</ModulePath>
      <ModuleTime>2018-02-16T22:58:36Z</ModuleTime>
      <ModuleName>Microsoft.AspNetCore.Http</ModuleName>
      <Classes />
    </Module>
    <Module skippedDueTo="MissingPdb" hash="B8-3C-13-04-F5-E7-F7-5C-98-3E-1C-F3-9D-D8-6F-90-A7-AF-EF-48">
      <ModulePath>C:\Program Files\dotnet\shared\Microsoft.AspNetCore.App\2.1.0-preview1-final\Microsoft.AspNetCore.WebUtilities.dll</ModulePath>
      <ModuleTime>2018-02-16T22:58:36Z</ModuleTime>
      <ModuleName>Microsoft.AspNetCore.WebUtilities</ModuleName>
      <Classes />
    </Module>
    <Module skippedDueTo="MissingPdb" hash="6B-9A-83-A4-DB-6B-47-0A-BB-E1-0B-48-44-B1-30-CD-1C-9D-DA-CF">
      <ModulePath>C:\Program Files\dotnet\shared\Microsoft.AspNetCore.App\2.1.0-preview1-final\Microsoft.AspNetCore.Http.Extensions.dll</ModulePath>
      <ModuleTime>2018-02-16T22:58:36Z</ModuleTime>
      <ModuleName>Microsoft.AspNetCore.Http.Extensions</ModuleName>
      <Classes />
    </Module>
    <Module skippedDueTo="MissingPdb" hash="8B-94-05-C3-A6-38-DA-45-13-84-2B-35-82-22-7B-A2-CC-08-01-B7">
      <ModulePath>C:\Program Files\dotnet\shared\Microsoft.AspNetCore.App\2.1.0-preview1-final\Microsoft.AspNetCore.HttpOverrides.dll</ModulePath>
      <ModuleTime>2018-02-16T22:58:36Z</ModuleTime>
      <ModuleName>Microsoft.AspNetCore.HttpOverrides</ModuleName>
      <Classes />
    </Module>
    <Module skippedDueTo="MissingPdb" hash="38-E1-58-8C-8C-7E-3C-D0-30-E0-C7-EE-60-07-8A-D8-A3-82-44-26">
      <ModulePath>C:\Program Files\dotnet\shared\Microsoft.AspNetCore.App\2.1.0-preview1-final\Microsoft.AspNetCore.HttpsPolicy.dll</ModulePath>
      <ModuleTime>2018-02-16T22:58:36Z</ModuleTime>
      <ModuleName>Microsoft.AspNetCore.HttpsPolicy</ModuleName>
      <Classes />
    </Module>
    <Module skippedDueTo="MissingPdb" hash="85-D8-A1-DB-AF-E6-0A-5F-B7-78-C5-9C-FF-D2-D6-ED-D1-EC-D1-F8">
      <ModulePath>C:\Program Files\dotnet\shared\Microsoft.AspNetCore.App\2.1.0-preview1-final\Microsoft.AspNetCore.Identity.dll</ModulePath>
      <ModuleTime>2018-02-16T22:58:36Z</ModuleTime>
      <ModuleName>Microsoft.AspNetCore.Identity</ModuleName>
      <Classes />
    </Module>
    <Module skippedDueTo="MissingPdb" hash="AE-F3-7F-0E-0B-F0-8F-02-18-DF-94-12-E0-50-01-46-B4-96-DF-A7">
      <ModulePath>C:\Program Files\dotnet\shared\Microsoft.AspNetCore.App\2.1.0-preview1-final\Microsoft.Extensions.Identity.Core.dll</ModulePath>
      <ModuleTime>2018-02-16T22:58:36Z</ModuleTime>
      <ModuleName>Microsoft.Extensions.Identity.Core</ModuleName>
      <Classes />
    </Module>
    <Module skippedDueTo="MissingPdb" hash="4B-F1-82-78-62-53-ED-3F-09-75-2B-1A-3C-E1-DB-59-00-E6-81-2A">
      <ModulePath>C:\Program Files\dotnet\shared\Microsoft.AspNetCore.App\2.1.0-preview1-final\Microsoft.AspNetCore.Identity.EntityFrameworkCore.dll</ModulePath>
      <ModuleTime>2018-02-16T22:58:36Z</ModuleTime>
      <ModuleName>Microsoft.AspNetCore.Identity.EntityFrameworkCore</ModuleName>
      <Classes />
    </Module>
    <Module skippedDueTo="MissingPdb" hash="D2-CE-07-F9-50-8D-5E-93-05-D2-AC-BE-C5-84-8A-65-42-8E-8B-34">
      <ModulePath>C:\Program Files\dotnet\shared\Microsoft.AspNetCore.App\2.1.0-preview1-final\Microsoft.Extensions.Identity.Stores.dll</ModulePath>
      <ModuleTime>2018-02-16T22:58:36Z</ModuleTime>
      <ModuleName>Microsoft.Extensions.Identity.Stores</ModuleName>
      <Classes />
    </Module>
    <Module skippedDueTo="MissingPdb" hash="C7-0E-7E-56-A6-56-FE-FE-37-F9-EB-D6-C9-45-43-F8-DF-2B-60-C2">
      <ModulePath>C:\Program Files\dotnet\shared\Microsoft.AspNetCore.App\2.1.0-preview1-final\Microsoft.AspNetCore.Identity.UI.PrecompiledViews.dll</ModulePath>
      <ModuleTime>2018-02-16T22:58:36Z</ModuleTime>
      <ModuleName>Microsoft.AspNetCore.Identity.UI.PrecompiledViews</ModuleName>
      <Classes />
    </Module>
    <Module skippedDueTo="MissingPdb" hash="A2-94-31-3E-00-6C-E7-84-26-B8-53-AD-CD-12-A5-4C-43-D1-9E-51">
      <ModulePath>C:\Program Files\dotnet\shared\Microsoft.AspNetCore.App\2.1.0-preview1-final\Microsoft.AspNetCore.Mvc.RazorPages.dll</ModulePath>
      <ModuleTime>2018-02-16T22:58:36Z</ModuleTime>
      <ModuleName>Microsoft.AspNetCore.Mvc.RazorPages</ModuleName>
      <Classes />
    </Module>
    <Module skippedDueTo="MissingPdb" hash="3A-66-91-96-0F-55-5B-10-84-71-AB-F7-C7-7C-AE-7D-7A-6D-50-D7">
      <ModulePath>C:\Program Files\dotnet\shared\Microsoft.AspNetCore.App\2.1.0-preview1-final\Microsoft.AspNetCore.Mvc.Razor.dll</ModulePath>
      <ModuleTime>2018-02-16T22:58:36Z</ModuleTime>
      <ModuleName>Microsoft.AspNetCore.Mvc.Razor</ModuleName>
      <Classes />
    </Module>
    <Module skippedDueTo="MissingPdb" hash="92-11-DF-EA-1C-96-C1-16-B7-5E-60-E5-4C-69-46-B6-D4-9D-2D-66">
      <ModulePath>C:\Program Files\dotnet\shared\Microsoft.AspNetCore.App\2.1.0-preview1-final\Microsoft.AspNetCore.Razor.Runtime.dll</ModulePath>
      <ModuleTime>2018-02-16T22:58:36Z</ModuleTime>
      <ModuleName>Microsoft.AspNetCore.Razor.Runtime</ModuleName>
      <Classes />
    </Module>
    <Module skippedDueTo="MissingPdb" hash="63-4D-0D-8D-0E-B9-0A-0C-8D-5D-94-65-87-17-D6-30-E9-31-32-07">
      <ModulePath>C:\Program Files\dotnet\shared\Microsoft.AspNetCore.App\2.1.0-preview1-final\Microsoft.AspNetCore.Razor.dll</ModulePath>
      <ModuleTime>2018-02-16T22:58:36Z</ModuleTime>
      <ModuleName>Microsoft.AspNetCore.Razor</ModuleName>
      <Classes />
    </Module>
    <Module skippedDueTo="MissingPdb" hash="AE-FA-63-68-E7-06-C4-83-62-84-3D-4D-A0-15-5C-5F-B9-DD-85-84">
      <ModulePath>C:\Program Files\dotnet\shared\Microsoft.AspNetCore.App\2.1.0-preview1-final\Microsoft.AspNetCore.Mvc.ViewFeatures.dll</ModulePath>
      <ModuleTime>2018-02-16T22:58:36Z</ModuleTime>
      <ModuleName>Microsoft.AspNetCore.Mvc.ViewFeatures</ModuleName>
      <Classes />
    </Module>
    <Module skippedDueTo="MissingPdb" hash="BB-A8-4C-E3-0F-95-DF-B1-FC-88-DB-88-92-67-4D-7D-4B-4F-0C-EE">
      <ModulePath>C:\Program Files\dotnet\shared\Microsoft.AspNetCore.App\2.1.0-preview1-final\Microsoft.AspNetCore.Identity.UI.dll</ModulePath>
      <ModuleTime>2018-02-16T22:58:36Z</ModuleTime>
      <ModuleName>Microsoft.AspNetCore.Identity.UI</ModuleName>
      <Classes />
    </Module>
    <Module skippedDueTo="MissingPdb" hash="E9-69-E8-F3-FF-AD-39-8A-63-06-6D-7F-0A-8E-35-26-2B-3B-2C-17">
      <ModulePath>C:\Program Files\dotnet\shared\Microsoft.AspNetCore.App\2.1.0-preview1-final\Microsoft.AspNetCore.StaticFiles.dll</ModulePath>
      <ModuleTime>2018-02-16T22:58:36Z</ModuleTime>
      <ModuleName>Microsoft.AspNetCore.StaticFiles</ModuleName>
      <Classes />
    </Module>
    <Module skippedDueTo="MissingPdb" hash="A6-A6-3C-8E-8A-F4-0E-45-06-FC-82-95-54-41-E6-77-B9-38-84-A1">
      <ModulePath>C:\Program Files\dotnet\shared\Microsoft.AspNetCore.App\2.1.0-preview1-final\Microsoft.AspNetCore.Mvc.Core.dll</ModulePath>
      <ModuleTime>2018-02-16T22:58:36Z</ModuleTime>
      <ModuleName>Microsoft.AspNetCore.Mvc.Core</ModuleName>
      <Classes />
    </Module>
    <Module skippedDueTo="MissingPdb" hash="25-AE-40-E6-3F-D1-55-E2-EC-D3-59-76-DE-2A-94-02-03-03-A2-83">
      <ModulePath>C:\Program Files\dotnet\shared\Microsoft.AspNetCore.App\2.1.0-preview1-final\Microsoft.AspNetCore.Mvc.Abstractions.dll</ModulePath>
      <ModuleTime>2018-02-16T22:58:36Z</ModuleTime>
      <ModuleName>Microsoft.AspNetCore.Mvc.Abstractions</ModuleName>
      <Classes />
    </Module>
    <Module skippedDueTo="MissingPdb" hash="D3-18-8E-AA-38-39-17-1E-90-0D-FA-58-3D-C4-0C-C5-01-EB-81-EE">
      <ModulePath>C:\Program Files\dotnet\shared\Microsoft.AspNetCore.App\2.1.0-preview1-final\Microsoft.AspNetCore.JsonPatch.dll</ModulePath>
      <ModuleTime>2018-02-16T22:58:36Z</ModuleTime>
      <ModuleName>Microsoft.AspNetCore.JsonPatch</ModuleName>
      <Classes />
    </Module>
    <Module skippedDueTo="MissingPdb" hash="88-A5-36-EA-0C-D3-6A-94-D8-2E-A7-F7-7B-E8-D4-85-08-9D-E0-E9">
      <ModulePath>C:\Program Files\dotnet\shared\Microsoft.AspNetCore.App\2.1.0-preview1-final\Microsoft.AspNetCore.Localization.dll</ModulePath>
      <ModuleTime>2018-02-16T22:58:36Z</ModuleTime>
      <ModuleName>Microsoft.AspNetCore.Localization</ModuleName>
      <Classes />
    </Module>
    <Module skippedDueTo="MissingPdb" hash="63-F7-BB-D9-46-36-39-35-0D-44-0C-F9-41-FE-5C-4E-BE-B5-8C-19">
      <ModulePath>C:\Program Files\dotnet\shared\Microsoft.AspNetCore.App\2.1.0-preview1-final\Microsoft.AspNetCore.Localization.Routing.dll</ModulePath>
      <ModuleTime>2018-02-16T22:58:36Z</ModuleTime>
      <ModuleName>Microsoft.AspNetCore.Localization.Routing</ModuleName>
      <Classes />
    </Module>
    <Module skippedDueTo="MissingPdb" hash="93-22-3D-0B-15-7F-B3-C0-46-BE-AF-4B-59-87-3D-86-F6-46-65-DD">
      <ModulePath>C:\Program Files\dotnet\shared\Microsoft.AspNetCore.App\2.1.0-preview1-final\Microsoft.AspNetCore.MiddlewareAnalysis.dll</ModulePath>
      <ModuleTime>2018-02-16T22:58:36Z</ModuleTime>
      <ModuleName>Microsoft.AspNetCore.MiddlewareAnalysis</ModuleName>
      <Classes />
    </Module>
    <Module skippedDueTo="MissingPdb" hash="16-38-44-97-4A-1D-90-CE-A8-53-D4-55-66-E0-D3-A6-7D-BF-EC-C4">
      <ModulePath>C:\Program Files\dotnet\shared\Microsoft.AspNetCore.App\2.1.0-preview1-final\Microsoft.AspNetCore.Mvc.dll</ModulePath>
      <ModuleTime>2018-02-16T22:58:36Z</ModuleTime>
      <ModuleName>Microsoft.AspNetCore.Mvc</ModuleName>
      <Classes />
    </Module>
    <Module skippedDueTo="MissingPdb" hash="C9-21-75-CB-31-1B-6D-07-42-8E-A0-01-DE-98-35-07-C3-3D-60-68">
      <ModulePath>C:\Program Files\dotnet\shared\Microsoft.AspNetCore.App\2.1.0-preview1-final\Microsoft.AspNetCore.Mvc.ApiExplorer.dll</ModulePath>
      <ModuleTime>2018-02-16T22:58:36Z</ModuleTime>
      <ModuleName>Microsoft.AspNetCore.Mvc.ApiExplorer</ModuleName>
      <Classes />
    </Module>
    <Module skippedDueTo="MissingPdb" hash="EA-D3-6A-C9-B0-18-64-87-30-85-0A-C8-72-BE-3A-C1-05-35-DF-66">
      <ModulePath>C:\Program Files\dotnet\shared\Microsoft.AspNetCore.App\2.1.0-preview1-final\Microsoft.AspNetCore.Routing.Abstractions.dll</ModulePath>
      <ModuleTime>2018-02-16T22:58:36Z</ModuleTime>
      <ModuleName>Microsoft.AspNetCore.Routing.Abstractions</ModuleName>
      <Classes />
    </Module>
    <Module skippedDueTo="Filter" hash="19-73-EF-1A-3D-18-EF-72-DE-3A-F4-3C-79-26-FD-F3-BF-4E-97-E0">
      <ModulePath>C:\Program Files\dotnet\shared\Microsoft.NETCore.App\2.1.0-preview1-26216-03\System.Threading.Tasks.Extensions.dll</ModulePath>
      <ModuleTime>2018-02-16T07:04:02Z</ModuleTime>
      <ModuleName>System.Threading.Tasks.Extensions</ModuleName>
      <Classes />
    </Module>
    <Module skippedDueTo="MissingPdb" hash="74-A7-0A-7E-2F-7A-C3-76-60-F8-45-DD-35-69-60-C4-4E-7B-CF-B0">
      <ModulePath>C:\Program Files\dotnet\shared\Microsoft.AspNetCore.App\2.1.0-preview1-final\Microsoft.AspNetCore.Routing.dll</ModulePath>
      <ModuleTime>2018-02-16T22:58:36Z</ModuleTime>
      <ModuleName>Microsoft.AspNetCore.Routing</ModuleName>
      <Classes />
    </Module>
    <Module skippedDueTo="MissingPdb" hash="EC-42-4A-0A-83-09-D1-B1-C7-81-5F-C1-B7-2A-3D-14-AC-74-68-C1">
      <ModulePath>C:\Program Files\dotnet\shared\Microsoft.AspNetCore.App\2.1.0-preview1-final\Microsoft.Extensions.DependencyModel.dll</ModulePath>
      <ModuleTime>2018-02-16T22:58:36Z</ModuleTime>
      <ModuleName>Microsoft.Extensions.DependencyModel</ModuleName>
      <Classes />
    </Module>
    <Module skippedDueTo="MissingPdb" hash="39-05-AF-01-6B-57-EC-06-26-03-9C-12-36-17-52-F8-62-C2-3D-E9">
      <ModulePath>C:\Program Files\dotnet\shared\Microsoft.AspNetCore.App\2.1.0-preview1-final\Microsoft.AspNetCore.Mvc.Cors.dll</ModulePath>
      <ModuleTime>2018-02-16T22:58:36Z</ModuleTime>
      <ModuleName>Microsoft.AspNetCore.Mvc.Cors</ModuleName>
      <Classes />
    </Module>
    <Module skippedDueTo="MissingPdb" hash="05-78-2D-A2-3D-B2-15-5A-15-D9-3D-C4-37-C9-EC-45-9D-8E-CE-70">
      <ModulePath>C:\Program Files\dotnet\shared\Microsoft.AspNetCore.App\2.1.0-preview1-final\Microsoft.AspNetCore.Mvc.DataAnnotations.dll</ModulePath>
      <ModuleTime>2018-02-16T22:58:36Z</ModuleTime>
      <ModuleName>Microsoft.AspNetCore.Mvc.DataAnnotations</ModuleName>
      <Classes />
    </Module>
    <Module skippedDueTo="Filter" hash="80-E9-71-41-D8-3D-88-7D-C0-E1-D3-82-66-B1-3E-AF-E1-74-26-5D">
      <ModulePath>C:\Program Files\dotnet\shared\Microsoft.NETCore.App\2.1.0-preview1-26216-03\System.ComponentModel.Annotations.dll</ModulePath>
      <ModuleTime>2018-02-16T07:03:58Z</ModuleTime>
      <ModuleName>System.ComponentModel.Annotations</ModuleName>
      <Classes />
    </Module>
    <Module skippedDueTo="MissingPdb" hash="7B-4F-0F-82-CB-C4-99-B8-69-46-14-ED-0A-AF-56-33-8D-1F-3A-D3">
      <ModulePath>C:\Program Files\dotnet\shared\Microsoft.AspNetCore.App\2.1.0-preview1-final\Microsoft.AspNetCore.Mvc.Formatters.Json.dll</ModulePath>
      <ModuleTime>2018-02-16T22:58:36Z</ModuleTime>
      <ModuleName>Microsoft.AspNetCore.Mvc.Formatters.Json</ModuleName>
      <Classes />
    </Module>
    <Module skippedDueTo="MissingPdb" hash="8A-E4-43-82-A4-8E-22-9A-5D-2D-11-E6-80-A8-25-09-57-CA-39-28">
      <ModulePath>C:\Program Files\dotnet\shared\Microsoft.AspNetCore.App\2.1.0-preview1-final\Microsoft.AspNetCore.Mvc.Formatters.Xml.dll</ModulePath>
      <ModuleTime>2018-02-16T22:58:36Z</ModuleTime>
      <ModuleName>Microsoft.AspNetCore.Mvc.Formatters.Xml</ModuleName>
      <Classes />
    </Module>
    <Module skippedDueTo="MissingPdb" hash="5B-05-13-D5-64-E1-A1-78-83-0C-2F-4B-FC-5C-33-A3-65-C8-BE-73">
      <ModulePath>C:\Program Files\dotnet\shared\Microsoft.AspNetCore.App\2.1.0-preview1-final\Microsoft.AspNetCore.Mvc.Localization.dll</ModulePath>
      <ModuleTime>2018-02-16T22:58:36Z</ModuleTime>
      <ModuleName>Microsoft.AspNetCore.Mvc.Localization</ModuleName>
      <Classes />
    </Module>
    <Module skippedDueTo="Filter" hash="96-B7-20-E6-65-2E-B5-E6-73-A8-9F-CC-81-18-6E-35-CE-A5-1D-50">
      <ModulePath>C:\Program Files\dotnet\shared\Microsoft.AspNetCore.App\2.1.0-preview1-final\System.Text.Encodings.Web.dll</ModulePath>
      <ModuleTime>2018-02-16T22:58:40Z</ModuleTime>
      <ModuleName>System.Text.Encodings.Web</ModuleName>
      <Classes />
    </Module>
    <Module skippedDueTo="MissingPdb" hash="38-BC-CB-17-0F-AC-E3-B7-65-9E-CB-7F-FC-94-AD-34-FA-2D-DB-1D">
      <ModulePath>C:\Program Files\dotnet\shared\Microsoft.AspNetCore.App\2.1.0-preview1-final\Microsoft.CodeAnalysis.CSharp.dll</ModulePath>
      <ModuleTime>2018-02-16T22:58:38Z</ModuleTime>
      <ModuleName>Microsoft.CodeAnalysis.CSharp</ModuleName>
      <Classes />
    </Module>
    <Module skippedDueTo="MissingPdb" hash="DB-CD-90-6C-BA-04-ED-7B-73-6D-1B-07-E0-43-7D-97-BC-A8-6F-42">
      <ModulePath>C:\Program Files\dotnet\shared\Microsoft.AspNetCore.App\2.1.0-preview1-final\Microsoft.CodeAnalysis.dll</ModulePath>
      <ModuleTime>2018-02-16T22:58:36Z</ModuleTime>
      <ModuleName>Microsoft.CodeAnalysis</ModuleName>
      <Classes />
    </Module>
    <Module skippedDueTo="MissingPdb" hash="FB-CB-2B-96-F0-0C-6A-E8-20-B6-3F-33-C4-A5-C2-B1-C1-F2-80-75">
      <ModulePath>C:\Program Files\dotnet\shared\Microsoft.AspNetCore.App\2.1.0-preview1-final\Microsoft.AspNetCore.Razor.Language.dll</ModulePath>
      <ModuleTime>2018-02-16T22:58:36Z</ModuleTime>
      <ModuleName>Microsoft.AspNetCore.Razor.Language</ModuleName>
      <Classes />
    </Module>
    <Module skippedDueTo="MissingPdb" hash="00-E9-DF-51-4B-FA-08-12-B3-4D-9D-0F-13-45-8E-DD-30-44-0E-98">
      <ModulePath>C:\Program Files\dotnet\shared\Microsoft.AspNetCore.App\2.1.0-preview1-final\Microsoft.CodeAnalysis.Razor.dll</ModulePath>
      <ModuleTime>2018-02-16T22:58:36Z</ModuleTime>
      <ModuleName>Microsoft.CodeAnalysis.Razor</ModuleName>
      <Classes />
    </Module>
    <Module skippedDueTo="MissingPdb" hash="8F-CB-AF-B8-5F-50-89-73-4D-0E-5F-C5-4E-EA-4F-66-F7-19-61-AB">
      <ModulePath>C:\Program Files\dotnet\shared\Microsoft.AspNetCore.App\2.1.0-preview1-final\Microsoft.AspNetCore.Mvc.Razor.Extensions.dll</ModulePath>
      <ModuleTime>2018-02-16T22:58:36Z</ModuleTime>
      <ModuleName>Microsoft.AspNetCore.Mvc.Razor.Extensions</ModuleName>
      <Classes />
    </Module>
    <Module skippedDueTo="MissingPdb" hash="BF-5E-C5-1E-A6-DD-DC-22-8C-C9-FA-C4-60-B5-52-EE-8A-2E-C2-06">
      <ModulePath>C:\Program Files\dotnet\shared\Microsoft.AspNetCore.App\2.1.0-preview1-final\Microsoft.AspNetCore.Mvc.TagHelpers.dll</ModulePath>
      <ModuleTime>2018-02-16T22:58:36Z</ModuleTime>
      <ModuleName>Microsoft.AspNetCore.Mvc.TagHelpers</ModuleName>
      <Classes />
    </Module>
    <Module skippedDueTo="MissingPdb" hash="3E-51-9C-D5-24-B4-B4-95-AF-7C-74-67-0B-97-23-88-B8-37-CB-E6">
      <ModulePath>C:\Program Files\dotnet\shared\Microsoft.AspNetCore.App\2.1.0-preview1-final\Microsoft.Extensions.FileSystemGlobbing.dll</ModulePath>
      <ModuleTime>2018-02-16T22:58:36Z</ModuleTime>
      <ModuleName>Microsoft.Extensions.FileSystemGlobbing</ModuleName>
      <Classes />
    </Module>
    <Module skippedDueTo="MissingPdb" hash="C9-6E-F5-2B-31-81-31-88-EE-CC-C2-57-D5-F5-F2-F0-B3-74-E2-C5">
      <ModulePath>C:\Program Files\dotnet\shared\Microsoft.AspNetCore.App\2.1.0-preview1-final\Microsoft.AspNetCore.NodeServices.dll</ModulePath>
      <ModuleTime>2018-02-16T22:58:36Z</ModuleTime>
      <ModuleName>Microsoft.AspNetCore.NodeServices</ModuleName>
      <Classes />
    </Module>
    <Module skippedDueTo="MissingPdb" hash="FD-9C-A9-D0-50-06-D7-B3-51-3A-DB-FC-19-89-13-80-9E-23-DC-2B">
      <ModulePath>C:\Program Files\dotnet\shared\Microsoft.AspNetCore.App\2.1.0-preview1-final\Microsoft.AspNetCore.Owin.dll</ModulePath>
      <ModuleTime>2018-02-16T22:58:36Z</ModuleTime>
      <ModuleName>Microsoft.AspNetCore.Owin</ModuleName>
      <Classes />
    </Module>
    <Module skippedDueTo="MissingPdb" hash="E0-5F-C6-F8-A2-AB-E2-4E-4C-CE-75-37-6B-24-38-F7-A8-91-1F-2B">
      <ModulePath>C:\Program Files\dotnet\shared\Microsoft.AspNetCore.App\2.1.0-preview1-final\Microsoft.AspNetCore.Protocols.Abstractions.dll</ModulePath>
      <ModuleTime>2018-02-16T22:58:36Z</ModuleTime>
      <ModuleName>Microsoft.AspNetCore.Protocols.Abstractions</ModuleName>
      <Classes />
    </Module>
    <Module skippedDueTo="Filter" hash="06-72-3B-25-12-4C-78-E1-FB-70-FF-92-96-62-BE-31-82-58-EF-11">
      <ModulePath>C:\Program Files\dotnet\shared\Microsoft.AspNetCore.App\2.1.0-preview1-final\System.IO.Pipelines.dll</ModulePath>
      <ModuleTime>2018-02-16T22:58:40Z</ModuleTime>
      <ModuleName>System.IO.Pipelines</ModuleName>
      <Classes />
    </Module>
    <Module skippedDueTo="MissingPdb" hash="0D-BE-5D-27-FE-95-6B-98-53-C6-8A-F3-44-68-19-4A-F8-FB-5A-C5">
      <ModulePath>C:\Program Files\dotnet\shared\Microsoft.AspNetCore.App\2.1.0-preview1-final\Microsoft.AspNetCore.ResponseCaching.dll</ModulePath>
      <ModuleTime>2018-02-16T22:58:36Z</ModuleTime>
      <ModuleName>Microsoft.AspNetCore.ResponseCaching</ModuleName>
      <Classes />
    </Module>
    <Module skippedDueTo="MissingPdb" hash="C1-91-CC-81-2F-8E-34-A7-EF-7A-9F-75-0C-8A-A5-B3-BE-D7-6D-D7">
      <ModulePath>C:\Program Files\dotnet\shared\Microsoft.AspNetCore.App\2.1.0-preview1-final\Microsoft.AspNetCore.ResponseCaching.Abstractions.dll</ModulePath>
      <ModuleTime>2018-02-16T22:58:36Z</ModuleTime>
      <ModuleName>Microsoft.AspNetCore.ResponseCaching.Abstractions</ModuleName>
      <Classes />
    </Module>
    <Module skippedDueTo="MissingPdb" hash="F6-BF-63-0F-CB-34-D9-19-73-D9-5A-82-B0-CE-BB-62-21-C6-10-36">
      <ModulePath>C:\Program Files\dotnet\shared\Microsoft.AspNetCore.App\2.1.0-preview1-final\Microsoft.AspNetCore.ResponseCompression.dll</ModulePath>
      <ModuleTime>2018-02-16T22:58:36Z</ModuleTime>
      <ModuleName>Microsoft.AspNetCore.ResponseCompression</ModuleName>
      <Classes />
    </Module>
    <Module skippedDueTo="MissingPdb" hash="2E-AA-F5-1A-18-95-20-63-73-1C-6F-27-ED-06-74-F8-B3-5B-7D-2C">
      <ModulePath>C:\Program Files\dotnet\shared\Microsoft.AspNetCore.App\2.1.0-preview1-final\Microsoft.AspNetCore.Rewrite.dll</ModulePath>
      <ModuleTime>2018-02-16T22:58:36Z</ModuleTime>
      <ModuleName>Microsoft.AspNetCore.Rewrite</ModuleName>
      <Classes />
    </Module>
    <Module skippedDueTo="MissingPdb" hash="59-87-06-44-C5-B4-00-E8-7D-12-29-46-87-7F-B7-C4-4E-20-82-7E">
      <ModulePath>C:\Program Files\dotnet\shared\Microsoft.AspNetCore.App\2.1.0-preview1-final\Microsoft.AspNetCore.Server.HttpSys.dll</ModulePath>
      <ModuleTime>2018-02-16T22:58:36Z</ModuleTime>
      <ModuleName>Microsoft.AspNetCore.Server.HttpSys</ModuleName>
      <Classes />
    </Module>
    <Module skippedDueTo="MissingPdb" hash="95-76-8C-D6-0C-F5-2F-3F-68-AB-F1-84-52-21-0B-17-ED-33-87-98">
      <ModulePath>C:\Program Files\dotnet\shared\Microsoft.AspNetCore.App\2.1.0-preview1-final\Microsoft.AspNetCore.Server.IISIntegration.dll</ModulePath>
      <ModuleTime>2018-02-16T22:58:36Z</ModuleTime>
      <ModuleName>Microsoft.AspNetCore.Server.IISIntegration</ModuleName>
      <Classes />
    </Module>
    <Module skippedDueTo="Filter" hash="D9-7C-7F-A7-FA-B0-C3-59-5B-F6-4E-B7-B7-C2-07-6A-DE-16-AC-F4">
      <ModulePath>C:\Program Files\dotnet\shared\Microsoft.AspNetCore.App\2.1.0-preview1-final\System.Buffers.Primitives.dll</ModulePath>
      <ModuleTime>2018-02-16T22:58:40Z</ModuleTime>
      <ModuleName>System.Buffers.Primitives</ModuleName>
      <Classes />
    </Module>
    <Module skippedDueTo="MissingPdb" hash="2F-AB-D2-65-76-C4-93-D9-47-4C-B9-8B-3F-3A-53-EE-84-7C-74-91">
      <ModulePath>C:\Program Files\dotnet\shared\Microsoft.AspNetCore.App\2.1.0-preview1-final\Microsoft.AspNetCore.Server.Kestrel.dll</ModulePath>
      <ModuleTime>2018-02-16T22:58:36Z</ModuleTime>
      <ModuleName>Microsoft.AspNetCore.Server.Kestrel</ModuleName>
      <Classes />
    </Module>
    <Module skippedDueTo="MissingPdb" hash="76-2E-63-8F-60-D2-25-AF-16-76-61-73-50-46-C6-3A-CD-EA-B1-82">
      <ModulePath>C:\Program Files\dotnet\shared\Microsoft.AspNetCore.App\2.1.0-preview1-final\Microsoft.AspNetCore.Server.Kestrel.Core.dll</ModulePath>
      <ModuleTime>2018-02-16T22:58:36Z</ModuleTime>
      <ModuleName>Microsoft.AspNetCore.Server.Kestrel.Core</ModuleName>
      <Classes />
    </Module>
    <Module skippedDueTo="MissingPdb" hash="90-7F-CE-F6-2C-BF-DF-25-33-F3-59-D9-59-DD-D8-23-41-F8-D3-18">
      <ModulePath>C:\Program Files\dotnet\shared\Microsoft.AspNetCore.App\2.1.0-preview1-final\Microsoft.AspNetCore.Server.Kestrel.Transport.Abstractions.dll</ModulePath>
      <ModuleTime>2018-02-16T22:58:36Z</ModuleTime>
      <ModuleName>Microsoft.AspNetCore.Server.Kestrel.Transport.Abstractions</ModuleName>
      <Classes />
    </Module>
    <Module skippedDueTo="MissingPdb" hash="54-27-35-17-5C-8F-42-15-5B-9D-4E-6F-DB-25-9F-E8-4E-57-54-62">
      <ModulePath>C:\Program Files\dotnet\shared\Microsoft.AspNetCore.App\2.1.0-preview1-final\Microsoft.AspNetCore.Server.Kestrel.Https.dll</ModulePath>
      <ModuleTime>2018-02-16T22:58:36Z</ModuleTime>
      <ModuleName>Microsoft.AspNetCore.Server.Kestrel.Https</ModuleName>
      <Classes />
    </Module>
    <Module skippedDueTo="MissingPdb" hash="49-06-45-1C-29-95-09-DD-59-39-91-2E-85-EA-93-9C-AA-8A-1A-17">
      <ModulePath>C:\Program Files\dotnet\shared\Microsoft.AspNetCore.App\2.1.0-preview1-final\Microsoft.AspNetCore.Server.Kestrel.Transport.Libuv.dll</ModulePath>
      <ModuleTime>2018-02-16T22:58:36Z</ModuleTime>
      <ModuleName>Microsoft.AspNetCore.Server.Kestrel.Transport.Libuv</ModuleName>
      <Classes />
    </Module>
    <Module skippedDueTo="MissingPdb" hash="DF-DF-2C-13-A9-D3-01-47-C8-32-16-A9-0E-03-E0-EC-2E-55-C4-6B">
      <ModulePath>C:\Program Files\dotnet\shared\Microsoft.AspNetCore.App\2.1.0-preview1-final\Microsoft.AspNetCore.Server.Kestrel.Transport.Sockets.dll</ModulePath>
      <ModuleTime>2018-02-16T22:58:36Z</ModuleTime>
      <ModuleName>Microsoft.AspNetCore.Server.Kestrel.Transport.Sockets</ModuleName>
      <Classes />
    </Module>
    <Module skippedDueTo="MissingPdb" hash="20-E3-6C-13-85-4A-AB-C6-0B-83-06-22-03-5B-B3-1C-EB-2B-1B-12">
      <ModulePath>C:\Program Files\dotnet\shared\Microsoft.AspNetCore.App\2.1.0-preview1-final\Microsoft.AspNetCore.Session.dll</ModulePath>
      <ModuleTime>2018-02-16T22:58:36Z</ModuleTime>
      <ModuleName>Microsoft.AspNetCore.Session</ModuleName>
      <Classes />
    </Module>
    <Module skippedDueTo="MissingPdb" hash="63-53-CC-D4-88-F3-06-F5-60-E6-BB-97-FD-00-F6-81-00-51-1E-E7">
      <ModulePath>C:\Program Files\dotnet\shared\Microsoft.AspNetCore.App\2.1.0-preview1-final\Microsoft.AspNetCore.SignalR.dll</ModulePath>
      <ModuleTime>2018-02-16T22:58:36Z</ModuleTime>
      <ModuleName>Microsoft.AspNetCore.SignalR</ModuleName>
      <Classes />
    </Module>
    <Module skippedDueTo="MissingPdb" hash="F0-04-29-53-C3-4E-3C-FD-67-C1-30-67-75-3B-4B-8F-EC-D1-23-BF">
      <ModulePath>C:\Program Files\dotnet\shared\Microsoft.AspNetCore.App\2.1.0-preview1-final\Microsoft.AspNetCore.SignalR.Core.dll</ModulePath>
      <ModuleTime>2018-02-16T22:58:36Z</ModuleTime>
      <ModuleName>Microsoft.AspNetCore.SignalR.Core</ModuleName>
      <Classes />
    </Module>
    <Module skippedDueTo="MissingPdb" hash="CB-DE-18-3E-6E-14-30-EB-F7-5A-17-BC-CB-FE-C5-1E-6A-F3-BF-7D">
      <ModulePath>C:\Program Files\dotnet\shared\Microsoft.AspNetCore.App\2.1.0-preview1-final\Microsoft.AspNetCore.SignalR.Common.dll</ModulePath>
      <ModuleTime>2018-02-16T22:58:36Z</ModuleTime>
      <ModuleName>Microsoft.AspNetCore.SignalR.Common</ModuleName>
      <Classes />
    </Module>
    <Module skippedDueTo="MissingPdb" hash="BC-55-9A-29-AD-D1-B0-CA-CF-04-45-87-AD-95-E0-AC-A3-DA-BE-A0">
      <ModulePath>C:\Program Files\dotnet\shared\Microsoft.AspNetCore.App\2.1.0-preview1-final\Microsoft.AspNetCore.Sockets.dll</ModulePath>
      <ModuleTime>2018-02-16T22:58:36Z</ModuleTime>
      <ModuleName>Microsoft.AspNetCore.Sockets</ModuleName>
      <Classes />
    </Module>
    <Module skippedDueTo="MissingPdb" hash="D8-6C-DA-08-9F-98-1A-AA-3B-1F-3B-BC-FD-FB-F6-68-87-9A-50-10">
      <ModulePath>C:\Program Files\dotnet\shared\Microsoft.AspNetCore.App\2.1.0-preview1-final\Microsoft.AspNetCore.Sockets.Abstractions.dll</ModulePath>
      <ModuleTime>2018-02-16T22:58:36Z</ModuleTime>
      <ModuleName>Microsoft.AspNetCore.Sockets.Abstractions</ModuleName>
      <Classes />
    </Module>
    <Module skippedDueTo="Filter" hash="F1-8B-58-B0-12-56-A8-63-5F-2D-B1-B4-DC-C6-1F-2C-2F-76-EE-99">
      <ModulePath>C:\Program Files\dotnet\shared\Microsoft.AspNetCore.App\2.1.0-preview1-final\System.Threading.Channels.dll</ModulePath>
      <ModuleTime>2018-02-16T22:58:40Z</ModuleTime>
      <ModuleName>System.Threading.Channels</ModuleName>
      <Classes />
    </Module>
    <Module skippedDueTo="MissingPdb" hash="06-5D-7C-5F-6F-C4-50-7C-FA-10-40-63-4C-09-29-0D-1B-11-7B-24">
      <ModulePath>C:\Program Files\dotnet\shared\Microsoft.AspNetCore.App\2.1.0-preview1-final\Microsoft.AspNetCore.Sockets.Common.Http.dll</ModulePath>
      <ModuleTime>2018-02-16T22:58:36Z</ModuleTime>
      <ModuleName>Microsoft.AspNetCore.Sockets.Common.Http</ModuleName>
      <Classes />
    </Module>
    <Module skippedDueTo="MissingPdb" hash="B8-93-79-ED-FB-FB-83-27-D0-2C-87-7E-46-3B-24-D1-0B-C2-1B-31">
      <ModulePath>C:\Program Files\dotnet\shared\Microsoft.AspNetCore.App\2.1.0-preview1-final\Microsoft.AspNetCore.Sockets.Http.dll</ModulePath>
      <ModuleTime>2018-02-16T22:58:36Z</ModuleTime>
      <ModuleName>Microsoft.AspNetCore.Sockets.Http</ModuleName>
      <Classes />
    </Module>
    <Module skippedDueTo="MissingPdb" hash="2A-AE-44-96-0A-ED-A2-55-0F-0C-E4-45-A9-16-18-5C-14-D9-F4-60">
      <ModulePath>C:\Program Files\dotnet\shared\Microsoft.AspNetCore.App\2.1.0-preview1-final\Microsoft.AspNetCore.SpaServices.dll</ModulePath>
      <ModuleTime>2018-02-16T22:58:36Z</ModuleTime>
      <ModuleName>Microsoft.AspNetCore.SpaServices</ModuleName>
      <Classes />
    </Module>
    <Module skippedDueTo="MissingPdb" hash="E7-D4-CE-A2-F2-6E-59-9B-E3-68-59-65-40-21-64-C2-36-CF-2C-9A">
      <ModulePath>C:\Program Files\dotnet\shared\Microsoft.AspNetCore.App\2.1.0-preview1-final\Microsoft.AspNetCore.SpaServices.Extensions.dll</ModulePath>
      <ModuleTime>2018-02-16T22:58:36Z</ModuleTime>
      <ModuleName>Microsoft.AspNetCore.SpaServices.Extensions</ModuleName>
      <Classes />
    </Module>
    <Module skippedDueTo="MissingPdb" hash="A1-06-DF-B1-8D-37-D7-DE-4B-32-DC-16-D3-29-19-C9-35-B6-2E-14">
      <ModulePath>C:\Program Files\dotnet\shared\Microsoft.AspNetCore.App\2.1.0-preview1-final\Microsoft.Net.Http.Headers.dll</ModulePath>
      <ModuleTime>2018-02-16T22:58:36Z</ModuleTime>
      <ModuleName>Microsoft.Net.Http.Headers</ModuleName>
      <Classes />
    </Module>
    <Module skippedDueTo="MissingPdb" hash="67-39-99-D0-F1-B8-CE-85-B5-3A-8A-FC-5C-B4-F3-B7-96-D9-3C-6C">
      <ModulePath>C:\Program Files\dotnet\shared\Microsoft.AspNetCore.App\2.1.0-preview1-final\Microsoft.AspNetCore.WebSockets.dll</ModulePath>
      <ModuleTime>2018-02-16T22:58:36Z</ModuleTime>
      <ModuleName>Microsoft.AspNetCore.WebSockets</ModuleName>
      <Classes />
    </Module>
    <Module skippedDueTo="MissingPdb" hash="CA-7E-57-B6-76-9A-1D-26-F9-79-5C-CA-2A-45-0E-60-B9-32-FB-A6">
      <ModulePath>C:\Program Files\dotnet\shared\Microsoft.AspNetCore.App\2.1.0-preview1-final\Microsoft.DotNet.PlatformAbstractions.dll</ModulePath>
      <ModuleTime>2018-02-16T22:58:36Z</ModuleTime>
      <ModuleName>Microsoft.DotNet.PlatformAbstractions</ModuleName>
      <Classes />
    </Module>
    <Module skippedDueTo="Filter" hash="51-71-EE-07-AA-1D-0B-00-29-41-95-D3-4A-ED-B4-72-38-3B-8C-E9">
      <ModulePath>C:\Program Files\dotnet\shared\Microsoft.AspNetCore.App\2.1.0-preview1-final\System.Interactive.Async.dll</ModulePath>
      <ModuleTime>2018-02-16T22:54:12Z</ModuleTime>
      <ModuleName>System.Interactive.Async</ModuleName>
      <Classes />
    </Module>
    <Module skippedDueTo="MissingPdb" hash="22-49-B0-90-FF-DB-C5-BF-FF-3D-42-07-D2-98-B0-9A-EA-A1-97-33">
      <ModulePath>C:\Program Files\dotnet\shared\Microsoft.AspNetCore.App\2.1.0-preview1-final\Remotion.Linq.dll</ModulePath>
      <ModuleTime>2018-02-16T22:54:12Z</ModuleTime>
      <ModuleName>Remotion.Linq</ModuleName>
      <Classes />
    </Module>
    <Module skippedDueTo="MissingPdb" hash="61-CD-CA-52-63-29-0C-23-24-FE-60-FC-F1-BA-E1-D9-49-7F-3F-F8">
      <ModulePath>C:\Program Files\dotnet\shared\Microsoft.AspNetCore.App\2.1.0-preview1-final\Microsoft.EntityFrameworkCore.Attributes.dll</ModulePath>
      <ModuleTime>2018-02-16T22:58:36Z</ModuleTime>
      <ModuleName>Microsoft.EntityFrameworkCore.Attributes</ModuleName>
      <Classes />
    </Module>
    <Module skippedDueTo="MissingPdb" hash="5E-F5-AC-38-AE-91-F6-77-3E-92-3A-4C-04-B8-38-0E-8B-CF-EF-64">
      <ModulePath>C:\Program Files\dotnet\shared\Microsoft.AspNetCore.App\2.1.0-preview1-final\Microsoft.EntityFrameworkCore.Design.dll</ModulePath>
      <ModuleTime>2018-02-16T22:58:36Z</ModuleTime>
      <ModuleName>Microsoft.EntityFrameworkCore.Design</ModuleName>
      <Classes />
    </Module>
    <Module skippedDueTo="MissingPdb" hash="E7-BC-59-F1-DB-8F-A7-BD-9F-5E-37-DD-63-1E-A4-75-29-62-8F-2C">
      <ModulePath>C:\Program Files\dotnet\shared\Microsoft.AspNetCore.App\2.1.0-preview1-final\Microsoft.EntityFrameworkCore.Relational.dll</ModulePath>
      <ModuleTime>2018-02-16T22:58:36Z</ModuleTime>
      <ModuleName>Microsoft.EntityFrameworkCore.Relational</ModuleName>
      <Classes />
    </Module>
    <Module skippedDueTo="MissingPdb" hash="13-93-4C-51-C1-94-92-9B-98-89-1F-F2-41-60-1D-74-82-EC-3E-F1">
      <ModulePath>C:\Program Files\dotnet\shared\Microsoft.AspNetCore.App\2.1.0-preview1-final\Microsoft.EntityFrameworkCore.InMemory.dll</ModulePath>
      <ModuleTime>2018-02-16T22:58:36Z</ModuleTime>
      <ModuleName>Microsoft.EntityFrameworkCore.InMemory</ModuleName>
      <Classes />
    </Module>
    <Module skippedDueTo="Filter" hash="B5-3B-A0-68-F0-FE-DF-61-46-09-37-6D-99-5C-0C-B5-FE-E6-75-F8">
      <ModulePath>C:\Program Files\dotnet\shared\Microsoft.NETCore.App\2.1.0-preview1-26216-03\System.Transactions.Local.dll</ModulePath>
      <ModuleTime>2018-02-16T07:04:04Z</ModuleTime>
      <ModuleName>System.Transactions.Local</ModuleName>
      <Classes />
    </Module>
    <Module skippedDueTo="Filter" hash="9E-3F-57-50-78-96-6F-E0-8F-04-6D-27-3E-F2-F6-93-7B-CA-5C-CC">
      <ModulePath>C:\Program Files\dotnet\shared\Microsoft.NETCore.App\2.1.0-preview1-26216-03\System.Data.Common.dll</ModulePath>
      <ModuleTime>2018-02-16T07:03:58Z</ModuleTime>
      <ModuleName>System.Data.Common</ModuleName>
      <Classes />
    </Module>
    <Module skippedDueTo="MissingPdb" hash="EE-89-DD-EB-64-0C-E0-AB-C1-57-8F-BF-34-DF-38-30-DB-9B-A2-B7">
      <ModulePath>C:\Program Files\dotnet\shared\Microsoft.AspNetCore.App\2.1.0-preview1-final\Microsoft.EntityFrameworkCore.SqlServer.dll</ModulePath>
      <ModuleTime>2018-02-16T22:58:36Z</ModuleTime>
      <ModuleName>Microsoft.EntityFrameworkCore.SqlServer</ModuleName>
      <Classes />
    </Module>
    <Module skippedDueTo="MissingPdb" hash="09-D0-89-29-00-C8-09-49-1B-99-95-62-8A-27-FD-13-95-49-E1-DC">
      <ModulePath>C:\Program Files\dotnet\shared\Microsoft.AspNetCore.App\2.1.0-preview1-final\Microsoft.Extensions.Caching.Memory.dll</ModulePath>
      <ModuleTime>2018-02-16T22:58:36Z</ModuleTime>
      <ModuleName>Microsoft.Extensions.Caching.Memory</ModuleName>
      <Classes />
    </Module>
    <Module skippedDueTo="MissingPdb" hash="35-1F-0A-E3-FE-A2-B6-2C-60-59-CD-29-C3-B0-25-1D-E7-E2-7C-34">
      <ModulePath>C:\Program Files\dotnet\shared\Microsoft.AspNetCore.App\2.1.0-preview1-final\Microsoft.Extensions.Caching.SqlServer.dll</ModulePath>
      <ModuleTime>2018-02-16T22:58:36Z</ModuleTime>
      <ModuleName>Microsoft.Extensions.Caching.SqlServer</ModuleName>
      <Classes />
    </Module>
    <Module skippedDueTo="Filter" hash="F7-C8-05-F2-1C-C3-60-F2-5A-DA-A6-2C-17-00-D9-92-6C-B2-A8-C1">
      <ModulePath>C:\Program Files\dotnet\shared\Microsoft.AspNetCore.App\2.1.0-preview1-final\System.Data.SqlClient.dll</ModulePath>
      <ModuleTime>2018-02-16T22:58:40Z</ModuleTime>
      <ModuleName>System.Data.SqlClient</ModuleName>
      <Classes />
    </Module>
    <Module skippedDueTo="MissingPdb" hash="B7-5B-FB-82-59-BF-66-49-06-2D-8B-93-1C-6A-56-69-56-B1-CC-D4">
      <ModulePath>C:\Program Files\dotnet\shared\Microsoft.AspNetCore.App\2.1.0-preview1-final\Microsoft.Extensions.Configuration.dll</ModulePath>
      <ModuleTime>2018-02-16T22:58:36Z</ModuleTime>
      <ModuleName>Microsoft.Extensions.Configuration</ModuleName>
      <Classes />
    </Module>
    <Module skippedDueTo="MissingPdb" hash="DA-D9-69-3A-58-BA-15-38-73-F2-EA-5F-0C-64-F6-56-6A-3C-E9-D5">
      <ModulePath>C:\Program Files\dotnet\shared\Microsoft.AspNetCore.App\2.1.0-preview1-final\Microsoft.Extensions.Configuration.Binder.dll</ModulePath>
      <ModuleTime>2018-02-16T22:58:36Z</ModuleTime>
      <ModuleName>Microsoft.Extensions.Configuration.Binder</ModuleName>
      <Classes />
    </Module>
    <Module skippedDueTo="MissingPdb" hash="39-76-37-71-C9-58-F5-8B-C4-10-68-3C-05-3B-55-98-12-D0-97-98">
      <ModulePath>C:\Program Files\dotnet\shared\Microsoft.AspNetCore.App\2.1.0-preview1-final\Microsoft.Extensions.Configuration.CommandLine.dll</ModulePath>
      <ModuleTime>2018-02-16T22:58:36Z</ModuleTime>
      <ModuleName>Microsoft.Extensions.Configuration.CommandLine</ModuleName>
      <Classes />
    </Module>
    <Module skippedDueTo="MissingPdb" hash="66-59-73-56-E6-40-2E-2D-79-2E-F0-78-70-A6-0F-D6-55-05-21-44">
      <ModulePath>C:\Program Files\dotnet\shared\Microsoft.AspNetCore.App\2.1.0-preview1-final\Microsoft.Extensions.Configuration.EnvironmentVariables.dll</ModulePath>
      <ModuleTime>2018-02-16T22:58:36Z</ModuleTime>
      <ModuleName>Microsoft.Extensions.Configuration.EnvironmentVariables</ModuleName>
      <Classes />
    </Module>
    <Module skippedDueTo="MissingPdb" hash="3A-81-48-2B-33-6D-14-36-47-15-B8-F4-7F-84-A2-56-28-6C-AB-2C">
      <ModulePath>C:\Program Files\dotnet\shared\Microsoft.AspNetCore.App\2.1.0-preview1-final\Microsoft.Extensions.Configuration.FileExtensions.dll</ModulePath>
      <ModuleTime>2018-02-16T22:58:36Z</ModuleTime>
      <ModuleName>Microsoft.Extensions.Configuration.FileExtensions</ModuleName>
      <Classes />
    </Module>
    <Module skippedDueTo="MissingPdb" hash="30-C4-45-68-AA-DA-6B-A1-2A-95-56-24-3F-3B-79-9A-1A-86-EB-AA">
      <ModulePath>C:\Program Files\dotnet\shared\Microsoft.AspNetCore.App\2.1.0-preview1-final\Microsoft.Extensions.Configuration.Ini.dll</ModulePath>
      <ModuleTime>2018-02-16T22:58:36Z</ModuleTime>
      <ModuleName>Microsoft.Extensions.Configuration.Ini</ModuleName>
      <Classes />
    </Module>
    <Module skippedDueTo="MissingPdb" hash="D3-F2-BF-00-C5-E2-54-8B-94-77-3E-94-44-61-9B-A2-67-4B-78-8E">
      <ModulePath>C:\Program Files\dotnet\shared\Microsoft.AspNetCore.App\2.1.0-preview1-final\Microsoft.Extensions.Configuration.Json.dll</ModulePath>
      <ModuleTime>2018-02-16T22:58:36Z</ModuleTime>
      <ModuleName>Microsoft.Extensions.Configuration.Json</ModuleName>
      <Classes />
    </Module>
    <Module skippedDueTo="MissingPdb" hash="7C-ED-CF-3C-A5-11-58-2A-26-E0-69-B0-72-D6-B7-5A-CB-E6-1A-00">
      <ModulePath>C:\Program Files\dotnet\shared\Microsoft.AspNetCore.App\2.1.0-preview1-final\Microsoft.Extensions.Configuration.UserSecrets.dll</ModulePath>
      <ModuleTime>2018-02-16T22:58:36Z</ModuleTime>
      <ModuleName>Microsoft.Extensions.Configuration.UserSecrets</ModuleName>
      <Classes />
    </Module>
    <Module skippedDueTo="MissingPdb" hash="19-6F-C7-54-05-8F-7E-E2-40-6E-E8-CC-F9-86-ED-2C-1B-D8-62-E0">
      <ModulePath>C:\Program Files\dotnet\shared\Microsoft.AspNetCore.App\2.1.0-preview1-final\Microsoft.Extensions.Configuration.Xml.dll</ModulePath>
      <ModuleTime>2018-02-16T22:58:36Z</ModuleTime>
      <ModuleName>Microsoft.Extensions.Configuration.Xml</ModuleName>
      <Classes />
    </Module>
    <Module skippedDueTo="MissingPdb" hash="BE-08-44-08-89-B9-0E-0D-04-CE-7D-59-9F-0F-46-C7-66-09-F7-1A">
      <ModulePath>C:\Program Files\dotnet\shared\Microsoft.AspNetCore.App\2.1.0-preview1-final\Microsoft.Extensions.DependencyInjection.dll</ModulePath>
      <ModuleTime>2018-02-16T22:58:36Z</ModuleTime>
      <ModuleName>Microsoft.Extensions.DependencyInjection</ModuleName>
      <Classes />
    </Module>
    <Module skippedDueTo="MissingPdb" hash="F2-41-1A-A5-77-90-E7-13-4D-F3-9C-2E-D7-3B-DA-26-92-26-1C-AC">
      <ModulePath>C:\Program Files\dotnet\shared\Microsoft.AspNetCore.App\2.1.0-preview1-final\Microsoft.Extensions.DiagnosticAdapter.dll</ModulePath>
      <ModuleTime>2018-02-16T22:58:36Z</ModuleTime>
      <ModuleName>Microsoft.Extensions.DiagnosticAdapter</ModuleName>
      <Classes />
    </Module>
    <Module skippedDueTo="MissingPdb" hash="D9-92-3B-DA-5E-41-A1-B7-E7-B2-F4-76-AC-F2-0D-C2-FB-0B-B7-A0">
      <ModulePath>C:\Program Files\dotnet\shared\Microsoft.AspNetCore.App\2.1.0-preview1-final\Microsoft.Extensions.FileProviders.Composite.dll</ModulePath>
      <ModuleTime>2018-02-16T22:58:36Z</ModuleTime>
      <ModuleName>Microsoft.Extensions.FileProviders.Composite</ModuleName>
      <Classes />
    </Module>
    <Module skippedDueTo="MissingPdb" hash="1F-07-07-B6-73-21-C2-D8-9D-F4-D3-69-31-8D-14-77-54-61-06-F2">
      <ModulePath>C:\Program Files\dotnet\shared\Microsoft.AspNetCore.App\2.1.0-preview1-final\Microsoft.Extensions.FileProviders.Embedded.dll</ModulePath>
      <ModuleTime>2018-02-16T22:58:36Z</ModuleTime>
      <ModuleName>Microsoft.Extensions.FileProviders.Embedded</ModuleName>
      <Classes />
    </Module>
    <Module skippedDueTo="MissingPdb" hash="EA-5E-1C-D9-C8-D5-97-9F-31-55-CB-53-29-87-C8-39-A3-9E-84-11">
      <ModulePath>C:\Program Files\dotnet\shared\Microsoft.AspNetCore.App\2.1.0-preview1-final\Microsoft.Extensions.FileProviders.Physical.dll</ModulePath>
      <ModuleTime>2018-02-16T22:58:36Z</ModuleTime>
      <ModuleName>Microsoft.Extensions.FileProviders.Physical</ModuleName>
      <Classes />
    </Module>
    <Module skippedDueTo="MissingPdb" hash="83-A9-93-2F-6B-01-0C-C4-A5-DD-04-6D-F3-B1-F2-01-46-D7-89-3D">
      <ModulePath>C:\Program Files\dotnet\shared\Microsoft.AspNetCore.App\2.1.0-preview1-final\Microsoft.Extensions.Hosting.dll</ModulePath>
      <ModuleTime>2018-02-16T22:58:36Z</ModuleTime>
      <ModuleName>Microsoft.Extensions.Hosting</ModuleName>
      <Classes />
    </Module>
    <Module skippedDueTo="MissingPdb" hash="B6-CF-91-26-63-8F-9F-02-27-44-C3-71-F5-27-56-16-48-0D-55-FB">
      <ModulePath>C:\Program Files\dotnet\shared\Microsoft.AspNetCore.App\2.1.0-preview1-final\Microsoft.Extensions.Http.dll</ModulePath>
      <ModuleTime>2018-02-16T22:58:36Z</ModuleTime>
      <ModuleName>Microsoft.Extensions.Http</ModuleName>
      <Classes />
    </Module>
    <Module skippedDueTo="MissingPdb" hash="45-03-B6-E0-3D-7B-48-73-33-0F-E3-8E-51-4F-6E-34-37-44-F7-1B">
      <ModulePath>C:\Program Files\dotnet\shared\Microsoft.AspNetCore.App\2.1.0-preview1-final\Microsoft.Extensions.Localization.dll</ModulePath>
      <ModuleTime>2018-02-16T22:58:36Z</ModuleTime>
      <ModuleName>Microsoft.Extensions.Localization</ModuleName>
      <Classes />
    </Module>
    <Module skippedDueTo="MissingPdb" hash="2A-68-1D-71-F8-4C-0F-3D-B7-A2-22-8A-7D-25-F5-28-74-22-15-16">
      <ModulePath>C:\Program Files\dotnet\shared\Microsoft.AspNetCore.App\2.1.0-preview1-final\Microsoft.Extensions.Localization.Abstractions.dll</ModulePath>
      <ModuleTime>2018-02-16T22:58:36Z</ModuleTime>
      <ModuleName>Microsoft.Extensions.Localization.Abstractions</ModuleName>
      <Classes />
    </Module>
    <Module skippedDueTo="MissingPdb" hash="3C-25-14-3D-D0-A2-D5-9F-46-D6-D0-56-83-17-7C-8A-F6-AC-C0-69">
      <ModulePath>C:\Program Files\dotnet\shared\Microsoft.AspNetCore.App\2.1.0-preview1-final\Microsoft.Extensions.Logging.dll</ModulePath>
      <ModuleTime>2018-02-16T22:58:36Z</ModuleTime>
      <ModuleName>Microsoft.Extensions.Logging</ModuleName>
      <Classes />
    </Module>
    <Module skippedDueTo="MissingPdb" hash="D1-90-16-DA-5B-DC-95-82-73-2B-C1-04-0F-A9-20-3D-6C-3C-57-D4">
      <ModulePath>C:\Program Files\dotnet\shared\Microsoft.AspNetCore.App\2.1.0-preview1-final\Microsoft.Extensions.Logging.AzureAppServices.dll</ModulePath>
      <ModuleTime>2018-02-16T22:58:36Z</ModuleTime>
      <ModuleName>Microsoft.Extensions.Logging.AzureAppServices</ModuleName>
      <Classes />
    </Module>
    <Module skippedDueTo="MissingPdb" hash="26-1B-18-6C-B9-91-8C-07-86-51-30-B8-58-2C-A5-D1-75-2F-68-01">
      <ModulePath>C:\Program Files\dotnet\shared\Microsoft.AspNetCore.App\2.1.0-preview1-final\Microsoft.Extensions.Logging.Configuration.dll</ModulePath>
      <ModuleTime>2018-02-16T22:58:36Z</ModuleTime>
      <ModuleName>Microsoft.Extensions.Logging.Configuration</ModuleName>
      <Classes />
    </Module>
    <Module skippedDueTo="MissingPdb" hash="71-E7-B1-17-5C-D3-C1-42-62-23-8A-CB-56-FC-01-36-C0-F2-4B-E1">
      <ModulePath>C:\Program Files\dotnet\shared\Microsoft.AspNetCore.App\2.1.0-preview1-final\Microsoft.Extensions.Options.ConfigurationExtensions.dll</ModulePath>
      <ModuleTime>2018-02-16T22:58:36Z</ModuleTime>
      <ModuleName>Microsoft.Extensions.Options.ConfigurationExtensions</ModuleName>
      <Classes />
    </Module>
    <Module skippedDueTo="MissingPdb" hash="A6-C7-3C-62-DA-5A-AD-E4-52-12-C7-5E-53-BB-76-AF-24-85-D9-87">
      <ModulePath>C:\Program Files\dotnet\shared\Microsoft.AspNetCore.App\2.1.0-preview1-final\Microsoft.Extensions.Logging.Console.dll</ModulePath>
      <ModuleTime>2018-02-16T22:58:36Z</ModuleTime>
      <ModuleName>Microsoft.Extensions.Logging.Console</ModuleName>
      <Classes />
    </Module>
    <Module skippedDueTo="MissingPdb" hash="4C-99-10-34-02-46-DA-3D-F0-4F-E8-B0-E3-9D-F8-48-6C-29-25-9A">
      <ModulePath>C:\Program Files\dotnet\shared\Microsoft.AspNetCore.App\2.1.0-preview1-final\Microsoft.Extensions.Logging.Debug.dll</ModulePath>
      <ModuleTime>2018-02-16T22:58:36Z</ModuleTime>
      <ModuleName>Microsoft.Extensions.Logging.Debug</ModuleName>
      <Classes />
    </Module>
    <Module skippedDueTo="MissingPdb" hash="64-23-F2-90-3E-DE-D2-78-71-47-DA-25-CB-14-4F-1F-A0-58-DF-F2">
      <ModulePath>C:\Program Files\dotnet\shared\Microsoft.AspNetCore.App\2.1.0-preview1-final\Microsoft.Extensions.Logging.EventSource.dll</ModulePath>
      <ModuleTime>2018-02-16T22:58:36Z</ModuleTime>
      <ModuleName>Microsoft.Extensions.Logging.EventSource</ModuleName>
      <Classes />
    </Module>
    <Module skippedDueTo="MissingPdb" hash="A9-B6-4A-7D-CD-0E-93-33-96-D9-58-66-0D-B9-AC-BC-7C-1D-47-4D">
      <ModulePath>C:\Program Files\dotnet\shared\Microsoft.AspNetCore.App\2.1.0-preview1-final\Microsoft.Extensions.Logging.TraceSource.dll</ModulePath>
      <ModuleTime>2018-02-16T22:58:36Z</ModuleTime>
      <ModuleName>Microsoft.Extensions.Logging.TraceSource</ModuleName>
      <Classes />
    </Module>
    <Module skippedDueTo="MissingPdb" hash="79-38-EA-C4-6E-62-24-4A-AA-A1-DB-CD-14-F0-52-CB-C2-F0-0A-F6">
      <ModulePath>C:\Program Files\dotnet\shared\Microsoft.AspNetCore.App\2.1.0-preview1-final\Microsoft.Extensions.WebEncoders.dll</ModulePath>
      <ModuleTime>2018-02-16T22:58:36Z</ModuleTime>
      <ModuleName>Microsoft.Extensions.WebEncoders</ModuleName>
      <Classes />
    </Module>
    <Module skippedDueTo="MissingPdb" hash="AE-FD-F0-EA-9B-CE-0D-63-DD-84-DE-D6-B1-05-C8-17-6B-7A-93-75">
      <ModulePath>C:\Program Files\dotnet\shared\Microsoft.AspNetCore.App\2.1.0-preview1-final\Microsoft.IdentityModel.Logging.dll</ModulePath>
      <ModuleTime>2018-02-16T22:58:36Z</ModuleTime>
      <ModuleName>Microsoft.IdentityModel.Logging</ModuleName>
      <Classes />
    </Module>
    <Module skippedDueTo="MissingPdb" hash="E1-22-14-00-B8-78-98-EE-7A-44-B2-98-60-1F-CB-03-E3-38-A6-6B">
      <ModulePath>C:\Program Files\dotnet\shared\Microsoft.AspNetCore.App\2.1.0-preview1-final\Microsoft.IdentityModel.Tokens.dll</ModulePath>
      <ModuleTime>2018-02-16T22:58:36Z</ModuleTime>
      <ModuleName>Microsoft.IdentityModel.Tokens</ModuleName>
      <Classes />
    </Module>
    <Module skippedDueTo="Filter" hash="7D-EB-35-4A-B4-6A-73-2A-3C-89-7B-6D-CD-61-D8-AD-F5-AF-D9-9C">
      <ModulePath>C:\Program Files\dotnet\shared\Microsoft.NETCore.App\2.1.0-preview1-26216-03\System.Runtime.Serialization.Xml.dll</ModulePath>
      <ModuleTime>2018-02-16T07:04:02Z</ModuleTime>
      <ModuleName>System.Runtime.Serialization.Xml</ModuleName>
      <Classes />
    </Module>
    <Module skippedDueTo="Filter" hash="D4-55-57-6B-15-58-E6-1E-CF-26-54-FE-DF-B5-BE-AF-05-92-B4-C3">
      <ModulePath>C:\Program Files\dotnet\shared\Microsoft.NETCore.App\2.1.0-preview1-26216-03\System.Private.DataContractSerialization.dll</ModulePath>
      <ModuleTime>2018-02-16T07:04:00Z</ModuleTime>
      <ModuleName>System.Private.DataContractSerialization</ModuleName>
      <Classes />
    </Module>
    <Module skippedDueTo="MissingPdb" hash="3D-E1-73-F7-7E-99-82-E2-D1-97-14-01-34-6C-10-04-73-13-AE-3D">
      <ModulePath>C:\Program Files\dotnet\shared\Microsoft.AspNetCore.App\2.1.0-preview1-final\Newtonsoft.Json.Bson.dll</ModulePath>
      <ModuleTime>2018-02-16T22:54:12Z</ModuleTime>
      <ModuleName>Newtonsoft.Json.Bson</ModuleName>
      <Classes />
    </Module>
    <Module skippedDueTo="Filter" hash="43-C1-67-4A-38-CE-43-D7-10-2E-60-C0-45-04-4B-C9-73-A9-5C-AC">
      <ModulePath>C:\Program Files\dotnet\shared\Microsoft.AspNetCore.App\2.1.0-preview1-final\System.IdentityModel.Tokens.Jwt.dll</ModulePath>
      <ModuleTime>2018-02-16T22:58:40Z</ModuleTime>
      <ModuleName>System.IdentityModel.Tokens.Jwt</ModuleName>
      <Classes />
    </Module>
    <Module skippedDueTo="Filter" hash="F5-F9-B4-39-B3-C7-A3-BB-32-9B-93-69-F5-6C-6F-A8-87-DA-1F-73">
      <ModulePath>C:\Program Files\dotnet\shared\Microsoft.AspNetCore.App\2.1.0-preview1-final\System.Net.WebSockets.WebSocketProtocol.dll</ModulePath>
      <ModuleTime>2018-02-16T22:58:40Z</ModuleTime>
      <ModuleName>System.Net.WebSockets.WebSocketProtocol</ModuleName>
      <Classes />
    </Module>
    <Module skippedDueTo="Filter" hash="94-8C-FD-81-04-A1-7A-4A-87-DC-C8-FD-B4-A0-F6-14-9F-DD-B3-E4">
      <ModulePath>C:\Program Files\dotnet\shared\Microsoft.AspNetCore.App\2.1.0-preview1-final\System.Runtime.CompilerServices.Unsafe.dll</ModulePath>
      <ModuleTime>2018-02-16T22:58:40Z</ModuleTime>
      <ModuleName>System.Runtime.CompilerServices.Unsafe</ModuleName>
      <Classes />
    </Module>
    <Module skippedDueTo="Filter" hash="0C-79-0A-71-83-A7-2E-B8-F4-4A-5E-26-FD-D1-5A-C3-A8-23-18-DF">
      <ModulePath>C:\Program Files\dotnet\shared\Microsoft.AspNetCore.App\2.1.0-preview1-final\System.Security.Cryptography.Xml.dll</ModulePath>
      <ModuleTime>2018-02-16T22:58:40Z</ModuleTime>
      <ModuleName>System.Security.Cryptography.Xml</ModuleName>
      <Classes />
    </Module>
    <Module skippedDueTo="Filter" hash="8D-A3-BC-EB-94-95-4D-AB-2E-2E-32-15-3F-16-C5-FE-39-D7-60-00">
      <ModulePath>C:\Program Files\dotnet\shared\Microsoft.AspNetCore.App\2.1.0-preview1-final\System.Security.Permissions.dll</ModulePath>
      <ModuleTime>2018-02-16T22:58:40Z</ModuleTime>
      <ModuleName>System.Security.Permissions</ModuleName>
      <Classes />
    </Module>
    <Module skippedDueTo="Filter" hash="9E-40-99-FA-80-F2-53-94-B0-36-03-48-8B-88-FD-90-60-9A-3B-00">
      <ModulePath>C:\Program Files\dotnet\shared\Microsoft.AspNetCore.App\2.1.0-preview1-final\System.Text.Encoding.CodePages.dll</ModulePath>
      <ModuleTime>2018-02-16T22:58:40Z</ModuleTime>
      <ModuleName>System.Text.Encoding.CodePages</ModuleName>
      <Classes />
    </Module>
    <Module skippedDueTo="Filter" hash="EA-49-E8-13-62-86-0A-2B-D3-F0-03-17-26-E1-FA-58-C3-D2-D3-84">
      <ModulePath>C:\Program Files\dotnet\shared\Microsoft.AspNetCore.App\2.1.0-preview1-final\System.Text.Encodings.Web.Utf8.dll</ModulePath>
      <ModuleTime>2018-02-16T22:58:40Z</ModuleTime>
      <ModuleName>System.Text.Encodings.Web.Utf8</ModuleName>
      <Classes />
    </Module>
    <Module skippedDueTo="Filter" hash="85-03-8B-3A-3A-62-97-A3-DA-97-DE-60-39-87-87-E1-10-7F-2C-A7">
      <ModulePath>C:\Program Files\dotnet\shared\Microsoft.AspNetCore.App\2.1.0-preview1-final\System.Text.Primitives.dll</ModulePath>
      <ModuleTime>2018-02-16T22:58:40Z</ModuleTime>
      <ModuleName>System.Text.Primitives</ModuleName>
      <Classes />
    </Module>
    <Module skippedDueTo="MissingPdb" hash="11-54-72-39-8B-C1-91-2B-2B-9D-61-CF-6B-2A-18-3A-B9-90-86-58">
      <ModulePath>C:\Program Files\dotnet\shared\Microsoft.NETCore.App\2.1.0-preview1-26216-03\Microsoft.CSharp.dll</ModulePath>
      <ModuleTime>2018-02-16T07:03:56Z</ModuleTime>
      <ModuleName>Microsoft.CSharp</ModuleName>
      <Classes />
    </Module>
    <Module skippedDueTo="Filter" hash="C5-B0-E2-C9-48-86-82-83-F8-DF-9F-10-EA-61-FA-0F-71-E0-FC-20">
      <ModulePath>C:\Program Files\dotnet\shared\Microsoft.NETCore.App\2.1.0-preview1-26216-03\Microsoft.VisualBasic.dll</ModulePath>
      <ModuleTime>2018-02-16T07:03:56Z</ModuleTime>
      <ModuleName>Microsoft.VisualBasic</ModuleName>
      <Classes />
    </Module>
    <Module skippedDueTo="MissingPdb" hash="4B-CD-E6-D9-66-5C-D4-A4-29-81-C2-93-4D-84-84-9E-4F-8A-66-0D">
      <ModulePath>C:\Program Files\dotnet\shared\Microsoft.NETCore.App\2.1.0-preview1-26216-03\Microsoft.Win32.Registry.dll</ModulePath>
      <ModuleTime>2018-02-16T07:03:56Z</ModuleTime>
      <ModuleName>Microsoft.Win32.Registry</ModuleName>
      <Classes />
    </Module>
    <Module skippedDueTo="MissingPdb" hash="63-04-E0-83-92-19-BC-08-E5-44-54-82-59-A2-10-50-E2-1A-C8-7D">
      <ModulePath>C:\Program Files\dotnet\shared\Microsoft.NETCore.App\2.1.0-preview1-26216-03\SOS.NETCore.dll</ModulePath>
      <ModuleTime>2018-02-16T07:04:04Z</ModuleTime>
      <ModuleName>SOS.NETCore</ModuleName>
      <Classes />
    </Module>
    <Module skippedDueTo="Filter" hash="84-2A-EA-6B-6E-B1-CB-EE-A6-49-94-5B-B3-A3-94-FA-4B-69-88-1C">
      <ModulePath>C:\Program Files\dotnet\shared\Microsoft.NETCore.App\2.1.0-preview1-26216-03\System.ComponentModel.DataAnnotations.dll</ModulePath>
      <ModuleTime>2018-02-16T07:03:58Z</ModuleTime>
      <ModuleName>System.ComponentModel.DataAnnotations</ModuleName>
      <Classes />
    </Module>
    <Module skippedDueTo="Filter" hash="4D-14-AA-2B-34-E5-C7-85-28-72-A5-07-59-57-A1-1C-F0-15-2D-85">
      <ModulePath>C:\Program Files\dotnet\shared\Microsoft.NETCore.App\2.1.0-preview1-26216-03\System.Configuration.dll</ModulePath>
      <ModuleTime>2018-02-16T07:03:58Z</ModuleTime>
      <ModuleName>System.Configuration</ModuleName>
      <Classes />
    </Module>
    <Module skippedDueTo="Filter" hash="BC-E0-30-EA-DE-FB-73-0D-31-D7-FE-46-B2-37-11-75-59-74-8F-82">
      <ModulePath>C:\Program Files\dotnet\shared\Microsoft.NETCore.App\2.1.0-preview1-26216-03\System.Core.dll</ModulePath>
      <ModuleTime>2018-02-16T07:03:58Z</ModuleTime>
      <ModuleName>System.Core</ModuleName>
      <Classes />
    </Module>
    <Module skippedDueTo="Filter" hash="31-0D-D1-1C-B5-5E-DD-CF-FD-6A-B2-35-0C-51-6E-8A-AD-69-53-73">
      <ModulePath>C:\Program Files\dotnet\shared\Microsoft.NETCore.App\2.1.0-preview1-26216-03\System.Data.dll</ModulePath>
      <ModuleTime>2018-02-16T07:03:58Z</ModuleTime>
      <ModuleName>System.Data</ModuleName>
      <Classes />
    </Module>
    <Module skippedDueTo="Filter" hash="8F-1A-CD-3D-1F-ED-FC-32-4E-5A-AF-07-DA-B4-2F-35-5A-A9-A1-30">
      <ModulePath>C:\Program Files\dotnet\shared\Microsoft.NETCore.App\2.1.0-preview1-26216-03\System.Diagnostics.Contracts.dll</ModulePath>
      <ModuleTime>2018-02-16T07:03:58Z</ModuleTime>
      <ModuleName>System.Diagnostics.Contracts</ModuleName>
      <Classes />
    </Module>
    <Module skippedDueTo="Filter" hash="18-58-65-CC-F9-F6-6B-37-54-6F-55-04-E8-92-38-D5-16-E7-0A-72">
      <ModulePath>C:\Program Files\dotnet\shared\Microsoft.NETCore.App\2.1.0-preview1-26216-03\System.Diagnostics.StackTrace.dll</ModulePath>
      <ModuleTime>2018-02-16T07:03:58Z</ModuleTime>
      <ModuleName>System.Diagnostics.StackTrace</ModuleName>
      <Classes />
    </Module>
    <Module skippedDueTo="Filter" hash="72-8F-E4-9E-73-86-2E-EA-83-BC-B9-9B-72-0F-B3-62-3F-06-9C-EC">
      <ModulePath>C:\Program Files\dotnet\shared\Microsoft.NETCore.App\2.1.0-preview1-26216-03\System.Drawing.dll</ModulePath>
      <ModuleTime>2018-02-16T07:03:58Z</ModuleTime>
      <ModuleName>System.Drawing</ModuleName>
      <Classes />
    </Module>
    <Module skippedDueTo="Filter" hash="96-A0-5F-A4-54-68-54-AA-70-35-BC-3B-11-25-09-76-34-22-25-3A">
      <ModulePath>C:\Program Files\dotnet\shared\Microsoft.NETCore.App\2.1.0-preview1-26216-03\System.Globalization.Calendars.dll</ModulePath>
      <ModuleTime>2018-02-16T07:03:58Z</ModuleTime>
      <ModuleName>System.Globalization.Calendars</ModuleName>
      <Classes />
    </Module>
    <Module skippedDueTo="Filter" hash="3E-7B-B8-74-25-60-77-B8-8D-CD-59-C1-13-08-7A-4E-48-26-61-B1">
      <ModulePath>C:\Program Files\dotnet\shared\Microsoft.NETCore.App\2.1.0-preview1-26216-03\System.Globalization.Extensions.dll</ModulePath>
      <ModuleTime>2018-02-16T07:03:58Z</ModuleTime>
      <ModuleName>System.Globalization.Extensions</ModuleName>
      <Classes />
    </Module>
    <Module skippedDueTo="Filter" hash="CB-3F-96-05-83-7A-4E-AA-64-BD-A3-17-83-66-E1-80-CE-6F-91-A0">
      <ModulePath>C:\Program Files\dotnet\shared\Microsoft.NETCore.App\2.1.0-preview1-26216-03\System.IO.Compression.Brotli.dll</ModulePath>
      <ModuleTime>2018-02-16T07:03:58Z</ModuleTime>
      <ModuleName>System.IO.Compression.Brotli</ModuleName>
      <Classes />
    </Module>
    <Module skippedDueTo="Filter" hash="40-5A-83-3A-02-E0-9F-FA-72-CB-A4-32-84-D6-6A-F5-25-91-0C-76">
      <ModulePath>C:\Program Files\dotnet\shared\Microsoft.NETCore.App\2.1.0-preview1-26216-03\System.IO.Compression.FileSystem.dll</ModulePath>
      <ModuleTime>2018-02-16T07:03:58Z</ModuleTime>
      <ModuleName>System.IO.Compression.FileSystem</ModuleName>
      <Classes />
    </Module>
    <Module skippedDueTo="Filter" hash="DB-68-38-DF-88-22-16-51-65-BD-5E-AC-F6-3F-27-95-2C-A2-A3-D3">
      <ModulePath>C:\Program Files\dotnet\shared\Microsoft.NETCore.App\2.1.0-preview1-26216-03\System.IO.Compression.ZipFile.dll</ModulePath>
      <ModuleTime>2018-02-16T07:03:58Z</ModuleTime>
      <ModuleName>System.IO.Compression.ZipFile</ModuleName>
      <Classes />
    </Module>
    <Module skippedDueTo="Filter" hash="E9-88-A6-45-90-C3-7B-12-9C-1A-DB-8C-7F-3F-F8-59-93-C4-FA-23">
      <ModulePath>C:\Program Files\dotnet\shared\Microsoft.NETCore.App\2.1.0-preview1-26216-03\System.IO.FileSystem.AccessControl.dll</ModulePath>
      <ModuleTime>2018-02-16T07:03:58Z</ModuleTime>
      <ModuleName>System.IO.FileSystem.AccessControl</ModuleName>
      <Classes />
    </Module>
    <Module skippedDueTo="Filter" hash="20-78-5F-80-38-39-34-FA-14-D2-B9-00-98-D2-8E-4C-DC-70-47-21">
      <ModulePath>C:\Program Files\dotnet\shared\Microsoft.NETCore.App\2.1.0-preview1-26216-03\System.IO.FileSystem.DriveInfo.dll</ModulePath>
      <ModuleTime>2018-02-16T07:03:58Z</ModuleTime>
      <ModuleName>System.IO.FileSystem.DriveInfo</ModuleName>
      <Classes />
    </Module>
    <Module skippedDueTo="Filter" hash="3C-33-2A-93-CE-21-FB-5B-A6-0B-C5-F8-9D-D8-08-BA-D9-8A-ED-5E">
      <ModulePath>C:\Program Files\dotnet\shared\Microsoft.NETCore.App\2.1.0-preview1-26216-03\System.IO.FileSystem.Watcher.dll</ModulePath>
      <ModuleTime>2018-02-16T07:03:58Z</ModuleTime>
      <ModuleName>System.IO.FileSystem.Watcher</ModuleName>
      <Classes />
    </Module>
    <Module skippedDueTo="Filter" hash="B3-DC-66-0A-7C-DE-72-57-7B-44-CE-CC-53-BB-50-DF-79-8F-10-57">
      <ModulePath>C:\Program Files\dotnet\shared\Microsoft.NETCore.App\2.1.0-preview1-26216-03\System.IO.IsolatedStorage.dll</ModulePath>
      <ModuleTime>2018-02-16T07:03:58Z</ModuleTime>
      <ModuleName>System.IO.IsolatedStorage</ModuleName>
      <Classes />
    </Module>
    <Module skippedDueTo="Filter" hash="5B-61-C8-6C-B7-33-B4-0E-B8-B1-4D-ED-6F-1C-8F-16-33-EA-39-DD">
      <ModulePath>C:\Program Files\dotnet\shared\Microsoft.NETCore.App\2.1.0-preview1-26216-03\System.IO.UnmanagedMemoryStream.dll</ModulePath>
      <ModuleTime>2018-02-16T07:03:58Z</ModuleTime>
      <ModuleName>System.IO.UnmanagedMemoryStream</ModuleName>
      <Classes />
    </Module>
    <Module skippedDueTo="Filter" hash="55-BA-AF-A7-07-2D-48-62-91-5C-B3-46-43-D0-9A-3A-11-56-39-AA">
      <ModulePath>C:\Program Files\dotnet\shared\Microsoft.NETCore.App\2.1.0-preview1-26216-03\System.Linq.Parallel.dll</ModulePath>
      <ModuleTime>2018-02-16T07:04:00Z</ModuleTime>
      <ModuleName>System.Linq.Parallel</ModuleName>
      <Classes />
    </Module>
    <Module skippedDueTo="Filter" hash="E2-24-A6-AE-71-86-8B-94-1F-50-C8-43-D9-76-96-AD-F2-A4-6A-D4">
      <ModulePath>C:\Program Files\dotnet\shared\Microsoft.NETCore.App\2.1.0-preview1-26216-03\System.Linq.Queryable.dll</ModulePath>
      <ModuleTime>2018-02-16T07:04:00Z</ModuleTime>
      <ModuleName>System.Linq.Queryable</ModuleName>
      <Classes />
    </Module>
    <Module skippedDueTo="Filter" hash="3E-C0-1B-7B-5D-6B-EB-EA-D8-7E-81-2E-A9-74-BA-C0-CA-B5-A1-4F">
      <ModulePath>C:\Program Files\dotnet\shared\Microsoft.NETCore.App\2.1.0-preview1-26216-03\System.Net.Security.dll</ModulePath>
      <ModuleTime>2018-02-16T07:04:00Z</ModuleTime>
      <ModuleName>System.Net.Security</ModuleName>
      <Classes />
    </Module>
    <Module skippedDueTo="Filter" hash="23-54-A0-A8-24-97-54-E6-97-79-3F-3B-6C-2B-D0-7A-F3-DF-FE-47">
      <ModulePath>C:\Program Files\dotnet\shared\Microsoft.NETCore.App\2.1.0-preview1-26216-03\System.Net.HttpListener.dll</ModulePath>
      <ModuleTime>2018-02-16T07:04:00Z</ModuleTime>
      <ModuleName>System.Net.HttpListener</ModuleName>
      <Classes />
    </Module>
    <Module skippedDueTo="Filter" hash="42-FA-BF-6D-95-23-53-BB-0F-37-FA-9C-9C-4A-9F-29-95-42-BF-F8">
      <ModulePath>C:\Program Files\dotnet\shared\Microsoft.NETCore.App\2.1.0-preview1-26216-03\System.Net.Mail.dll</ModulePath>
      <ModuleTime>2018-02-16T07:04:00Z</ModuleTime>
      <ModuleName>System.Net.Mail</ModuleName>
      <Classes />
    </Module>
    <Module skippedDueTo="Filter" hash="42-90-7A-40-49-57-72-FC-18-D6-9B-3A-8B-A6-A1-A9-13-47-9E-54">
      <ModulePath>C:\Program Files\dotnet\shared\Microsoft.NETCore.App\2.1.0-preview1-26216-03\System.Net.NetworkInformation.dll</ModulePath>
      <ModuleTime>2018-02-16T07:04:00Z</ModuleTime>
      <ModuleName>System.Net.NetworkInformation</ModuleName>
      <Classes />
    </Module>
    <Module skippedDueTo="Filter" hash="C3-A0-3E-24-29-BA-98-DA-29-83-A3-7D-CA-3C-A8-05-91-D0-C5-5E">
      <ModulePath>C:\Program Files\dotnet\shared\Microsoft.NETCore.App\2.1.0-preview1-26216-03\System.Net.Ping.dll</ModulePath>
      <ModuleTime>2018-02-16T07:04:00Z</ModuleTime>
      <ModuleName>System.Net.Ping</ModuleName>
      <Classes />
    </Module>
    <Module skippedDueTo="Filter" hash="49-0D-79-5F-9C-8A-40-07-50-0B-3C-83-E2-D3-EB-D2-22-CA-7E-75">
      <ModulePath>C:\Program Files\dotnet\shared\Microsoft.NETCore.App\2.1.0-preview1-26216-03\System.Net.Requests.dll</ModulePath>
      <ModuleTime>2018-02-16T07:04:00Z</ModuleTime>
      <ModuleName>System.Net.Requests</ModuleName>
      <Classes />
    </Module>
    <Module skippedDueTo="Filter" hash="3E-C8-21-E5-61-16-47-C9-37-4D-17-0E-73-DD-49-C3-39-7B-24-DE">
      <ModulePath>C:\Program Files\dotnet\shared\Microsoft.NETCore.App\2.1.0-preview1-26216-03\System.Net.ServicePoint.dll</ModulePath>
      <ModuleTime>2018-02-16T07:04:00Z</ModuleTime>
      <ModuleName>System.Net.ServicePoint</ModuleName>
      <Classes />
    </Module>
    <Module skippedDueTo="Filter" hash="9B-6A-76-02-DA-52-04-90-76-5D-B8-42-1C-85-46-92-A9-2A-8D-EB">
      <ModulePath>C:\Program Files\dotnet\shared\Microsoft.NETCore.App\2.1.0-preview1-26216-03\System.Net.WebClient.dll</ModulePath>
      <ModuleTime>2018-02-16T07:04:00Z</ModuleTime>
      <ModuleName>System.Net.WebClient</ModuleName>
      <Classes />
    </Module>
    <Module skippedDueTo="Filter" hash="4A-34-26-7D-21-8A-65-28-12-AA-35-F9-86-3F-AC-FB-9E-F8-FB-51">
      <ModulePath>C:\Program Files\dotnet\shared\Microsoft.NETCore.App\2.1.0-preview1-26216-03\System.Net.WebHeaderCollection.dll</ModulePath>
      <ModuleTime>2018-02-16T07:04:00Z</ModuleTime>
      <ModuleName>System.Net.WebHeaderCollection</ModuleName>
      <Classes />
    </Module>
    <Module skippedDueTo="Filter" hash="D6-49-E0-20-BE-43-31-EA-96-ED-AF-9A-9B-43-5D-5D-13-54-98-86">
      <ModulePath>C:\Program Files\dotnet\shared\Microsoft.NETCore.App\2.1.0-preview1-26216-03\System.Net.WebProxy.dll</ModulePath>
      <ModuleTime>2018-02-16T07:04:00Z</ModuleTime>
      <ModuleName>System.Net.WebProxy</ModuleName>
      <Classes />
    </Module>
    <Module skippedDueTo="Filter" hash="F4-A4-4A-D1-C4-B7-82-BB-9A-81-6B-1E-D6-D7-1F-FD-58-80-3B-7F">
      <ModulePath>C:\Program Files\dotnet\shared\Microsoft.NETCore.App\2.1.0-preview1-26216-03\System.Net.WebSockets.Client.dll</ModulePath>
      <ModuleTime>2018-02-16T07:04:00Z</ModuleTime>
      <ModuleName>System.Net.WebSockets.Client</ModuleName>
      <Classes />
    </Module>
    <Module skippedDueTo="Filter" hash="56-16-0E-51-42-26-BD-EE-F1-DA-51-50-B1-7E-AA-6E-C3-E9-7E-13">
      <ModulePath>C:\Program Files\dotnet\shared\Microsoft.NETCore.App\2.1.0-preview1-26216-03\System.Net.dll</ModulePath>
      <ModuleTime>2018-02-16T07:04:00Z</ModuleTime>
      <ModuleName>System.Net</ModuleName>
      <Classes />
    </Module>
    <Module skippedDueTo="Filter" hash="8F-DA-55-74-E6-D5-87-A3-31-EB-AC-FF-2C-6E-B4-EC-FE-BA-8E-0C">
      <ModulePath>C:\Program Files\dotnet\shared\Microsoft.NETCore.App\2.1.0-preview1-26216-03\System.Numerics.Vectors.dll</ModulePath>
      <ModuleTime>2018-02-16T07:04:00Z</ModuleTime>
      <ModuleName>System.Numerics.Vectors</ModuleName>
      <Classes />
    </Module>
    <Module skippedDueTo="Filter" hash="B7-A2-18-CB-C2-A2-B6-40-36-06-F0-DB-3B-12-E0-02-28-E3-48-22">
      <ModulePath>C:\Program Files\dotnet\shared\Microsoft.NETCore.App\2.1.0-preview1-26216-03\System.Numerics.dll</ModulePath>
      <ModuleTime>2018-02-16T07:04:00Z</ModuleTime>
      <ModuleName>System.Numerics</ModuleName>
      <Classes />
    </Module>
    <Module skippedDueTo="Filter" hash="82-8C-AE-5D-D2-AC-32-DC-DD-72-D4-D3-AD-EB-7C-DA-4A-82-D3-23">
      <ModulePath>C:\Program Files\dotnet\shared\Microsoft.NETCore.App\2.1.0-preview1-26216-03\System.Reflection.DispatchProxy.dll</ModulePath>
      <ModuleTime>2018-02-16T07:04:02Z</ModuleTime>
      <ModuleName>System.Reflection.DispatchProxy</ModuleName>
      <Classes />
    </Module>
    <Module skippedDueTo="Filter" hash="B9-4A-1C-43-DD-95-F5-2A-34-DD-F0-A4-53-5E-05-64-83-30-5D-3F">
      <ModulePath>C:\Program Files\dotnet\shared\Microsoft.NETCore.App\2.1.0-preview1-26216-03\System.Reflection.Emit.dll</ModulePath>
      <ModuleTime>2018-02-16T07:04:02Z</ModuleTime>
      <ModuleName>System.Reflection.Emit</ModuleName>
      <Classes />
    </Module>
    <Module skippedDueTo="Filter" hash="32-8D-D2-D6-DA-3C-89-41-6B-B1-5C-F0-C7-AA-75-19-49-D3-5A-F8">
      <ModulePath>C:\Program Files\dotnet\shared\Microsoft.NETCore.App\2.1.0-preview1-26216-03\System.Resources.Reader.dll</ModulePath>
      <ModuleTime>2018-02-16T07:04:02Z</ModuleTime>
      <ModuleName>System.Resources.Reader</ModuleName>
      <Classes />
    </Module>
    <Module skippedDueTo="Filter" hash="0C-48-94-53-72-9D-2F-13-E1-A2-BD-90-FF-3E-9E-64-F2-55-AE-D2">
      <ModulePath>C:\Program Files\dotnet\shared\Microsoft.NETCore.App\2.1.0-preview1-26216-03\System.Resources.Writer.dll</ModulePath>
      <ModuleTime>2018-02-16T07:04:02Z</ModuleTime>
      <ModuleName>System.Resources.Writer</ModuleName>
      <Classes />
    </Module>
    <Module skippedDueTo="Filter" hash="65-CB-DF-FA-70-4E-A0-45-3A-97-DC-6F-0D-E7-11-54-84-96-43-06">
      <ModulePath>C:\Program Files\dotnet\shared\Microsoft.NETCore.App\2.1.0-preview1-26216-03\System.Runtime.CompilerServices.VisualC.dll</ModulePath>
      <ModuleTime>2018-02-16T07:04:02Z</ModuleTime>
      <ModuleName>System.Runtime.CompilerServices.VisualC</ModuleName>
      <Classes />
    </Module>
    <Module skippedDueTo="Filter" hash="BD-39-56-43-79-5E-05-33-C6-CA-1A-40-45-B9-E5-42-26-EE-92-AA">
      <ModulePath>C:\Program Files\dotnet\shared\Microsoft.NETCore.App\2.1.0-preview1-26216-03\System.Runtime.InteropServices.WindowsRuntime.dll</ModulePath>
      <ModuleTime>2018-02-16T07:04:02Z</ModuleTime>
      <ModuleName>System.Runtime.InteropServices.WindowsRuntime</ModuleName>
      <Classes />
    </Module>
    <Module skippedDueTo="Filter" hash="05-CF-80-AD-28-A9-AF-8E-96-4B-B6-12-2F-4B-6B-2A-CB-FB-79-2C">
      <ModulePath>C:\Program Files\dotnet\shared\Microsoft.NETCore.App\2.1.0-preview1-26216-03\System.Runtime.Intrinsics.dll</ModulePath>
      <ModuleTime>2018-02-16T07:04:02Z</ModuleTime>
      <ModuleName>System.Runtime.Intrinsics</ModuleName>
      <Classes />
    </Module>
    <Module skippedDueTo="Filter" hash="74-57-50-7B-B1-12-A4-FF-12-42-FF-DC-05-3C-D4-42-51-8C-65-03">
      <ModulePath>C:\Program Files\dotnet\shared\Microsoft.NETCore.App\2.1.0-preview1-26216-03\System.Runtime.Serialization.Json.dll</ModulePath>
      <ModuleTime>2018-02-16T07:04:02Z</ModuleTime>
      <ModuleName>System.Runtime.Serialization.Json</ModuleName>
      <Classes />
    </Module>
    <Module skippedDueTo="Filter" hash="87-36-E9-C1-5C-BB-54-3E-30-21-86-F2-B1-94-B6-3D-FE-78-AB-0A">
      <ModulePath>C:\Program Files\dotnet\shared\Microsoft.NETCore.App\2.1.0-preview1-26216-03\System.Runtime.Serialization.dll</ModulePath>
      <ModuleTime>2018-02-16T07:04:02Z</ModuleTime>
      <ModuleName>System.Runtime.Serialization</ModuleName>
      <Classes />
    </Module>
    <Module skippedDueTo="Filter" hash="D3-A2-CF-1F-20-D9-EA-4E-A9-56-84-30-80-8A-C3-1B-B6-7D-97-9A">
      <ModulePath>C:\Program Files\dotnet\shared\Microsoft.NETCore.App\2.1.0-preview1-26216-03\System.Security.Cryptography.Encoding.dll</ModulePath>
      <ModuleTime>2018-02-16T07:04:02Z</ModuleTime>
      <ModuleName>System.Security.Cryptography.Encoding</ModuleName>
      <Classes />
    </Module>
    <Module skippedDueTo="Filter" hash="EF-E2-24-55-6B-EF-29-96-D2-4E-A8-4B-89-0D-41-01-66-02-18-12">
      <ModulePath>C:\Program Files\dotnet\shared\Microsoft.NETCore.App\2.1.0-preview1-26216-03\System.Security.Cryptography.Cng.dll</ModulePath>
      <ModuleTime>2018-02-16T07:04:02Z</ModuleTime>
      <ModuleName>System.Security.Cryptography.Cng</ModuleName>
      <Classes />
    </Module>
    <Module skippedDueTo="Filter" hash="51-C7-0E-0A-CF-CF-A0-D2-2C-32-12-D5-AD-F9-CB-CA-72-C2-83-06">
      <ModulePath>C:\Program Files\dotnet\shared\Microsoft.NETCore.App\2.1.0-preview1-26216-03\System.Security.Cryptography.Csp.dll</ModulePath>
      <ModuleTime>2018-02-16T07:04:02Z</ModuleTime>
      <ModuleName>System.Security.Cryptography.Csp</ModuleName>
      <Classes />
    </Module>
    <Module skippedDueTo="Filter" hash="55-8F-D4-6D-0D-D8-C2-3D-D1-A2-27-66-CE-A0-87-C3-1A-E5-23-6D">
      <ModulePath>C:\Program Files\dotnet\shared\Microsoft.NETCore.App\2.1.0-preview1-26216-03\System.Security.Cryptography.OpenSsl.dll</ModulePath>
      <ModuleTime>2018-02-16T07:04:02Z</ModuleTime>
      <ModuleName>System.Security.Cryptography.OpenSsl</ModuleName>
      <Classes />
    </Module>
    <Module skippedDueTo="Filter" hash="F6-F3-A9-5F-05-E7-4A-DF-DE-99-45-04-85-F1-15-66-D9-4D-6D-8D">
      <ModulePath>C:\Program Files\dotnet\shared\Microsoft.NETCore.App\2.1.0-preview1-26216-03\System.Security.SecureString.dll</ModulePath>
      <ModuleTime>2018-02-16T07:04:02Z</ModuleTime>
      <ModuleName>System.Security.SecureString</ModuleName>
      <Classes />
    </Module>
    <Module skippedDueTo="Filter" hash="78-BE-1E-A7-41-AF-E7-6F-5E-CA-B8-A8-34-2B-E8-BF-DC-74-AE-F2">
      <ModulePath>C:\Program Files\dotnet\shared\Microsoft.NETCore.App\2.1.0-preview1-26216-03\System.Security.dll</ModulePath>
      <ModuleTime>2018-02-16T07:04:02Z</ModuleTime>
      <ModuleName>System.Security</ModuleName>
      <Classes />
    </Module>
    <Module skippedDueTo="Filter" hash="52-92-52-33-BE-28-26-75-90-BF-3D-55-32-59-35-C4-BD-04-73-63">
      <ModulePath>C:\Program Files\dotnet\shared\Microsoft.NETCore.App\2.1.0-preview1-26216-03\System.ServiceModel.Web.dll</ModulePath>
      <ModuleTime>2018-02-16T07:04:02Z</ModuleTime>
      <ModuleName>System.ServiceModel.Web</ModuleName>
      <Classes />
    </Module>
    <Module skippedDueTo="Filter" hash="3B-D5-6A-B9-6C-E7-3F-F0-EE-31-76-63-31-6F-8A-5E-85-1A-0F-FD">
      <ModulePath>C:\Program Files\dotnet\shared\Microsoft.NETCore.App\2.1.0-preview1-26216-03\System.ServiceProcess.dll</ModulePath>
      <ModuleTime>2018-02-16T07:04:02Z</ModuleTime>
      <ModuleName>System.ServiceProcess</ModuleName>
      <Classes />
    </Module>
    <Module skippedDueTo="Filter" hash="75-96-9C-E1-54-B1-01-F5-74-CC-59-8D-89-72-04-4C-8D-33-9D-BD">
      <ModulePath>C:\Program Files\dotnet\shared\Microsoft.NETCore.App\2.1.0-preview1-26216-03\System.Transactions.dll</ModulePath>
      <ModuleTime>2018-02-16T07:04:04Z</ModuleTime>
      <ModuleName>System.Transactions</ModuleName>
      <Classes />
    </Module>
    <Module skippedDueTo="Filter" hash="56-56-6A-C2-D4-30-C1-EE-D5-F1-8E-5A-BF-72-37-20-51-E0-F5-9F">
      <ModulePath>C:\Program Files\dotnet\shared\Microsoft.NETCore.App\2.1.0-preview1-26216-03\System.Web.HttpUtility.dll</ModulePath>
      <ModuleTime>2018-02-16T07:04:04Z</ModuleTime>
      <ModuleName>System.Web.HttpUtility</ModuleName>
      <Classes />
    </Module>
    <Module skippedDueTo="Filter" hash="A7-66-AF-C0-35-49-B8-B4-67-F0-52-99-8A-9E-C7-F7-F2-1F-A4-99">
      <ModulePath>C:\Program Files\dotnet\shared\Microsoft.NETCore.App\2.1.0-preview1-26216-03\System.Web.dll</ModulePath>
      <ModuleTime>2018-02-16T07:04:04Z</ModuleTime>
      <ModuleName>System.Web</ModuleName>
      <Classes />
    </Module>
    <Module skippedDueTo="Filter" hash="12-DF-D1-88-FC-E1-EE-BC-73-63-36-DD-28-B3-BC-FD-42-47-90-0A">
      <ModulePath>C:\Program Files\dotnet\shared\Microsoft.NETCore.App\2.1.0-preview1-26216-03\System.Windows.dll</ModulePath>
      <ModuleTime>2018-02-16T07:04:04Z</ModuleTime>
      <ModuleName>System.Windows</ModuleName>
      <Classes />
    </Module>
    <Module skippedDueTo="Filter" hash="B2-05-B7-8C-CE-20-EC-E4-2C-87-EF-A2-52-45-FF-9F-28-31-B1-04">
      <ModulePath>C:\Program Files\dotnet\shared\Microsoft.NETCore.App\2.1.0-preview1-26216-03\System.Xml.Linq.dll</ModulePath>
      <ModuleTime>2018-02-16T07:04:04Z</ModuleTime>
      <ModuleName>System.Xml.Linq</ModuleName>
      <Classes />
    </Module>
    <Module skippedDueTo="Filter" hash="26-9F-B4-0A-36-DC-9B-3B-F5-AE-D0-13-F3-B6-77-18-03-DD-7B-04">
      <ModulePath>C:\Program Files\dotnet\shared\Microsoft.NETCore.App\2.1.0-preview1-26216-03\System.Xml.Serialization.dll</ModulePath>
      <ModuleTime>2018-02-16T07:04:04Z</ModuleTime>
      <ModuleName>System.Xml.Serialization</ModuleName>
      <Classes />
    </Module>
    <Module skippedDueTo="Filter" hash="FC-B2-B6-D2-5E-10-2A-F1-72-B1-D7-DB-2B-D2-C1-76-76-7C-07-BA">
      <ModulePath>C:\Program Files\dotnet\shared\Microsoft.NETCore.App\2.1.0-preview1-26216-03\System.Xml.XPath.XDocument.dll</ModulePath>
      <ModuleTime>2018-02-16T07:04:04Z</ModuleTime>
      <ModuleName>System.Xml.XPath.XDocument</ModuleName>
      <Classes />
    </Module>
    <Module skippedDueTo="Filter" hash="4C-22-F2-A0-7E-A1-50-54-00-75-EA-DB-76-A0-A6-D8-4A-38-C1-A0">
      <ModulePath>C:\Program Files\dotnet\shared\Microsoft.NETCore.App\2.1.0-preview1-26216-03\System.Xml.XmlSerializer.dll</ModulePath>
      <ModuleTime>2018-02-16T07:04:04Z</ModuleTime>
      <ModuleName>System.Xml.XmlSerializer</ModuleName>
      <Classes />
    </Module>
    <Module skippedDueTo="Filter" hash="FE-2E-84-27-4D-31-08-EE-0C-65-18-7C-7E-03-DF-13-AF-14-19-09">
      <ModulePath>C:\Program Files\dotnet\shared\Microsoft.NETCore.App\2.1.0-preview1-26216-03\System.dll</ModulePath>
      <ModuleTime>2018-02-16T07:04:04Z</ModuleTime>
      <ModuleName>System</ModuleName>
      <Classes />
    </Module>
    <Module skippedDueTo="MissingPdb" hash="DB-1C-D2-37-F2-81-74-9D-A8-8A-9B-37-80-F5-B2-A1-06-AF-6B-52">
      <ModulePath>C:\Program Files\dotnet\shared\Microsoft.NETCore.App\2.1.0-preview1-26216-03\WindowsBase.dll</ModulePath>
      <ModuleTime>2018-02-16T07:04:04Z</ModuleTime>
      <ModuleName>WindowsBase</ModuleName>
      <Classes />
    </Module>
    <Module skippedDueTo="Filter" hash="6F-08-22-57-F4-B0-60-DB-BB-40-C7-8B-E4-D0-95-74-3F-5E-5C-41">
      <ModulePath>H:\PersonalProjects\UnobtrusiveMultitenancy\test\PuzzleCMS.UnitsTests\bin\DEBUG\netcoreapp2.1\xunit.runner.reporters.netcoreapp10.dll</ModulePath>
      <ModuleTime>2017-10-27T03:35:08Z</ModuleTime>
      <ModuleName>xunit.runner.reporters.netcoreapp10</ModuleName>
      <Classes />
    </Module>
  </Modules>
</CoverageSession>